<!doctype html public "-//w3c//dtd html 4.0 transitional//en">
<html><head>
<title>Static Call Graph - [.\Objects\SMART_S9.axf]</title></head>
<body><HR>
<H1>Static Call Graph for image .\Objects\SMART_S9.axf</H1><HR>
<BR><P>#&#060CALLGRAPH&#062# ARM Linker, 5060960: Last Updated: Sat Feb 24 20:54:33 2024
<BR><P>
<H3>Maximum Stack Usage =        408 bytes + Unknown(Functions without stacksize, Cycles, Untraceable Function Pointers)</H3><H3>
Call chain for Maximum Stack Depth:</H3>
Hardware_Init &rArr; sys_init_app &rArr; module_init &rArr; tinyfs_init &rArr; nodes_info_load &rArr; nvm_page_empty &rArr; tinyfs_nvm_read_with_cache
<P>
<H3>
Functions with no stack information
</H3><UL>
 <LI><a href="#[e7]">adv_data_pack</a>
 <LI><a href="#[e9]">ancc_cmp_evt_send</a>
 <LI><a href="#[ef]">ancc_enable_rsp_send</a>
 <LI><a href="#[1cb]">anpc_prf_itf_get</a>
 <LI><a href="#[1cc]">anps_prf_itf_get</a>
 <LI><a href="#[f3]">app_hid_send_keyboard_report</a>
 <LI><a href="#[89]">app_init</a>
 <LI><a href="#[126]">bas_batt_lvl_update</a>
 <LI><a href="#[1be]">basc_prf_itf_get</a>
 <LI><a href="#[129]">bass_exe_operation</a>
 <LI><a href="#[12c]">bass_get_att_handle</a>
 <LI><a href="#[12d]">bass_get_att_idx</a>
 <LI><a href="#[4f]">bass_prf_itf_get</a>
 <LI><a href="#[168]">bass_prf_itf_set</a>
 <LI><a href="#[132]">bass_task_init</a>
 <LI><a href="#[1d6]">bcsc_prf_itf_get</a>
 <LI><a href="#[1d5]">bcss_prf_itf_get</a>
 <LI><a href="#[133]">bd_addr_cmp</a>
 <LI><a href="#[135]">ble_init</a>
 <LI><a href="#[13c]">ble_isr</a>
 <LI><a href="#[140]">ble_radio_reg_config</a>
 <LI><a href="#[13f]">ble_reg_restore</a>
 <LI><a href="#[146]">ble_reg_store</a>
 <LI><a href="#[141]">ble_sched</a>
 <LI><a href="#[5d]">ble_sleep</a>
 <LI><a href="#[147]">ble_storage_alloc_peer_id</a>
 <LI><a href="#[149]">ble_storage_bonding_info_search_req</a>
 <LI><a href="#[11f]">ble_storage_gapm_addr_solved_ind_handler</a>
 <LI><a href="#[11b]">ble_storage_gapm_resolv_addr_cmp</a>
 <LI><a href="#[35d]">ble_storage_max_num_init</a>
 <LI><a href="#[14b]">ble_storage_read_bonding_info</a>
 <LI><a href="#[14c]">ble_storage_read_peer_client_info</a>
 <LI><a href="#[14d]">ble_storage_read_peer_server_info</a>
 <LI><a href="#[14e]">ble_storage_valid_peer_init</a>
 <LI><a href="#[150]">ble_storage_write_bonding_info</a>
 <LI><a href="#[1b3]">blpc_prf_itf_get</a>
 <LI><a href="#[1b2]">blps_prf_itf_get</a>
 <LI><a href="#[13b]">builtin_task_init</a>
 <LI><a href="#[155]">builtin_timer_create</a>
 <LI><a href="#[330]">builtin_timer_env_register</a>
 <LI><a href="#[154]">builtin_timer_handler</a>
 <LI><a href="#[158]">builtin_timer_start</a>
 <LI><a href="#[1de]">cgmc_prf_itf_get</a>
 <LI><a href="#[1dd]">cgms_prf_itf_get</a>
 <LI><a href="#[15b]">con_rssi_thld_init</a>
 <LI><a href="#[1c7]">cppc_prf_itf_get</a>
 <LI><a href="#[1c8]">cpps_prf_itf_get</a>
 <LI><a href="#[1c5]">cscpc_prf_itf_get</a>
 <LI><a href="#[1c6]">cscps_prf_itf_get</a>
 <LI><a href="#[15d]">dev_manager_add_service</a>
 <LI><a href="#[15e]">dev_manager_add_service_with_start_handle</a>
 <LI><a href="#[160]">dev_manager_create_legacy_adv_object</a>
 <LI><a href="#[120]">dev_manager_gapm_activity_created_ind_handler</a>
 <LI><a href="#[121]">dev_manager_gapm_activity_stopped_ind_handler</a>
 <LI><a href="#[117]">dev_manager_gapm_create_activity_cmp</a>
 <LI><a href="#[11a]">dev_manager_gapm_delete_activity_cmp</a>
 <LI><a href="#[122]">dev_manager_gapm_ext_adv_report_ind_handler</a>
 <LI><a href="#[11e]">dev_manager_gapm_profile_added_ind_handler</a>
 <LI><a href="#[161]">dev_manager_gapm_profile_task_add_cmd_send</a>
 <LI><a href="#[114]">dev_manager_gapm_reset_cmp</a>
 <LI><a href="#[123]">dev_manager_gapm_scan_request_ind_handler</a>
 <LI><a href="#[11c]">dev_manager_gapm_set_adv_data_cmp</a>
 <LI><a href="#[116]">dev_manager_gapm_set_dev_config_cmp</a>
 <LI><a href="#[11d]">dev_manager_gapm_set_scan_rsp_data_cmp</a>
 <LI><a href="#[118]">dev_manager_gapm_start_activity_cmp</a>
 <LI><a href="#[119]">dev_manager_gapm_stop_activity_cmp</a>
 <LI><a href="#[124]">dev_manager_gattm_add_svc_rsp_handler</a>
 <LI><a href="#[164]">dev_manager_get_identity_bdaddr</a>
 <LI><a href="#[165]">dev_manager_init</a>
 <LI><a href="#[167]">dev_manager_prf_bass_server_add</a>
 <LI><a href="#[169]">dev_manager_prf_hid_server_add</a>
 <LI><a href="#[16b]">dev_manager_set_mac_addr</a>
 <LI><a href="#[16c]">dev_manager_stack_init</a>
 <LI><a href="#[16d]">dev_manager_start_adv</a>
 <LI><a href="#[1b1]">disc_prf_itf_get</a>
 <LI><a href="#[194]">diss_handle_to_value</a>
 <LI><a href="#[1d2]">envc_prf_itf_get</a>
 <LI><a href="#[1d1]">envs_prf_itf_get</a>
 <LI><a href="#[1b8]">findl_prf_itf_get</a>
 <LI><a href="#[1b9]">findt_prf_itf_get</a>
 <LI><a href="#[16f]">func_post</a>
 <LI><a href="#[170]">fw_digest_check</a>
 <LI><a href="#[175]">gap_manager_disconnect</a>
 <LI><a href="#[100]">gap_manager_gapc_bond_ind_handler</a>
 <LI><a href="#[ff]">gap_manager_gapc_bond_req_ind_handler</a>
 <LI><a href="#[fc]">gap_manager_gapc_cmp_evt_handler</a>
 <LI><a href="#[fd]">gap_manager_gapc_conn_req_ind_handler</a>
 <LI><a href="#[fe]">gap_manager_gapc_disconnect_ind_handler</a>
 <LI><a href="#[102]">gap_manager_gapc_encrypt_ind_handler</a>
 <LI><a href="#[101]">gap_manager_gapc_encrypt_req_ind_handler</a>
 <LI><a href="#[106]">gap_manager_gapc_get_dev_info_req_ind_handler</a>
 <LI><a href="#[107]">gap_manager_gapc_get_rssi_ind_handler</a>
 <LI><a href="#[fb]">gap_manager_gapc_le_phy_ind_handler</a>
 <LI><a href="#[104]">gap_manager_gapc_param_update_req_ind_handler</a>
 <LI><a href="#[105]">gap_manager_gapc_param_updated_ind_handler</a>
 <LI><a href="#[103]">gap_manager_gapc_security_ind_handler</a>
 <LI><a href="#[17d]">gap_manager_get_peer_addr</a>
 <LI><a href="#[17f]">gap_manager_init</a>
 <LI><a href="#[181]">gap_manager_passkey_input</a>
 <LI><a href="#[182]">gap_manager_set_pkt_size</a>
 <LI><a href="#[178]">gap_manager_slave_pair_response_send</a>
 <LI><a href="#[183]">gap_manager_tk_set</a>
 <LI><a href="#[113]">gatt_manager_gattc_att_info_req_ind_handler</a>
 <LI><a href="#[108]">gatt_manager_gattc_cmp_evt_handler</a>
 <LI><a href="#[10d]">gatt_manager_gattc_disc_char_desc_ind_handler</a>
 <LI><a href="#[10c]">gatt_manager_gattc_disc_char_ind_handler</a>
 <LI><a href="#[10b]">gatt_manager_gattc_disc_svc_incl_ind_handler</a>
 <LI><a href="#[10a]">gatt_manager_gattc_disc_svc_ind_handler</a>
 <LI><a href="#[10f]">gatt_manager_gattc_event_ind_handler</a>
 <LI><a href="#[110]">gatt_manager_gattc_event_req_ind_handler</a>
 <LI><a href="#[109]">gatt_manager_gattc_mtu_exchanged_ind_handler</a>
 <LI><a href="#[10e]">gatt_manager_gattc_read_ind_handler</a>
 <LI><a href="#[111]">gatt_manager_gattc_read_req_ind_handler</a>
 <LI><a href="#[112]">gatt_manager_gattc_write_req_ind_handler</a>
 <LI><a href="#[1fe]">gatt_manager_get_svc_att_handle</a>
 <LI><a href="#[188]">gatt_manager_init</a>
 <LI><a href="#[18a]">gatt_manager_server_read_req_reply</a>
 <LI><a href="#[18b]">gatt_manager_server_send_notification</a>
 <LI><a href="#[18d]">gatt_manager_svc_register</a>
 <LI><a href="#[1c1]">glpc_prf_itf_get</a>
 <LI><a href="#[1c2]">glps_prf_itf_get</a>
 <LI><a href="#[19c]">hid_ntf_cfg_init</a>
 <LI><a href="#[1bf]">hogpbh_prf_itf_get</a>
 <LI><a href="#[19e]">hogpd_get_att_handle</a>
 <LI><a href="#[18f]">hogpd_get_att_idx</a>
 <LI><a href="#[19b]">hogpd_ntf_cfg_ind_send</a>
 <LI><a href="#[1a1]">hogpd_ntf_send</a>
 <LI><a href="#[51]">hogpd_prf_itf_get</a>
 <LI><a href="#[16a]">hogpd_prf_itf_set</a>
 <LI><a href="#[1a0]">hogpd_task_init</a>
 <LI><a href="#[1c0]">hogprh_prf_itf_get</a>
 <LI><a href="#[1b7]">hrpc_prf_itf_get</a>
 <LI><a href="#[1b6]">hrps_prf_itf_get</a>
 <LI><a href="#[1b0]">htpc_prf_itf_get</a>
 <LI><a href="#[1af]">htpt_prf_itf_get</a>
 <LI><a href="#[138]">ip_rf_init</a>
 <LI><a href="#[1d0]">ipsc_prf_itf_get</a>
 <LI><a href="#[1cf]">ipss_prf_itf_get</a>
 <LI><a href="#[1c9]">lanc_prf_itf_get</a>
 <LI><a href="#[1ca]">lans_prf_itf_get</a>
 <LI><a href="#[1a5]">mac_sleep_check</a>
 <LI><a href="#[4e]">nvds_del</a>
 <LI><a href="#[4c]">nvds_get</a>
 <LI><a href="#[137]">nvds_init</a>
 <LI><a href="#[4d]">nvds_put</a>
 <LI><a href="#[14f]">nvds_tag_exist</a>
 <LI><a href="#[f7]">nvds_write_through</a>
 <LI><a href="#[1cd]">paspc_prf_itf_get</a>
 <LI><a href="#[1ce]">pasps_prf_itf_get</a>
 <LI><a href="#[1dc]">plxc_prf_itf_get</a>
 <LI><a href="#[1db]">plxs_prf_itf_get</a>
 <LI><a href="#[50]">prf_bass_handler</a>
 <LI><a href="#[206]">prf_bass_server_callback_init</a>
 <LI><a href="#[35c]">prf_fn_init</a>
 <LI><a href="#[205]">prf_hid_server_callback_init</a>
 <LI><a href="#[52]">prf_hogpd_handler</a>
 <LI><a href="#[62]">prf_itf_get</a>
 <LI><a href="#[125]">prf_ls_sig_mesh_handler</a>
 <LI><a href="#[19a]">program_segment_to_flash</a>
 <LI><a href="#[1ba]">proxm_prf_itf_get</a>
 <LI><a href="#[1bb]">proxr_prf_itf_get</a>
 <LI><a href="#[1c3]">rscpc_prf_itf_get</a>
 <LI><a href="#[1c4]">rscps_prf_itf_get</a>
 <LI><a href="#[1bd]">scppc_prf_itf_get</a>
 <LI><a href="#[1bc]">scpps_prf_itf_get</a>
 <LI><a href="#[35b]">statck_buffer_init</a>
 <LI><a href="#[1b5]">tipc_prf_itf_get</a>
 <LI><a href="#[1b4]">tips_prf_itf_get</a>
 <LI><a href="#[1d8]">udsc_prf_itf_get</a>
 <LI><a href="#[1d7]">udss_prf_itf_get</a>
 <LI><a href="#[1da]">wptc_prf_itf_get</a>
 <LI><a href="#[1d9]">wpts_prf_itf_get</a>
 <LI><a href="#[1d4]">wscc_prf_itf_get</a>
 <LI><a href="#[1d3]">wscs_prf_itf_get</a>
 <LI><a href="#[b3]">builtin_func_invoke_handler</a>
 <LI><a href="#[b2]">builtin_dynamic_msg_handler</a>
 <LI><a href="#[a7]">app_msg_handler</a>
 <LI><a href="#[53]">bond_cfm_ltk_fill</a>
 <LI><a href="#[177]">pair_done_evt</a>
 <LI><a href="#[58]">bond_cfm_tk_fill</a>
 <LI><a href="#[179]">gapc_bond_cfm_send</a>
 <LI><a href="#[56]">bond_search_callback</a>
 <LI><a href="#[54]">bond_cfm_irk_fill</a>
 <LI><a href="#[55]">bond_cfm_csrk_fill</a>
 <LI><a href="#[57]">bond_cfm_pair_feat_fill</a>
 <LI><a href="#[17c]">passkey_set</a>
 <LI><a href="#[5a]">svc_read_req_callback</a>
 <LI><a href="#[186]">gattc_manager_uuidlen_internal_to_user</a>
 <LI><a href="#[5b]">svc_write_req_callback</a>
 <LI><a href="#[18c]">gattc_event_cmd_send</a>
 <LI><a href="#[187]">gatt_svc_list_walk_through.isra.0</a>
 <LI><a href="#[14a]">rpa_resolve_start</a>
 <LI><a href="#[59]">adv_actv_start_param</a>
 <LI><a href="#[15f]">dev_manager_create_adv_object</a>
 <LI><a href="#[184]">gapm_activity_start_cmd_send</a>
 <LI><a href="#[162]">gapm_adv_activity_start_cmd_send</a>
 <LI><a href="#[193]">gattc_read_req_ind_handler</a>
 <LI><a href="#[16e]">fotas_gattc_send_evt_cmd.constprop.0</a>
 <LI><a href="#[197]">gattc_write_req_ind_handler</a>
 <LI><a href="#[195]">gattc_read_req_ind_handler</a>
 <LI><a href="#[bc]">gattc_att_info_req_ind_handler</a>
 <LI><a href="#[be]">gattc_read_req_ind_handler</a>
 <LI><a href="#[bd]">gattc_write_req_ind_handler</a>
 <LI><a href="#[bb]">hogpd_proto_mode_cfm_handler</a>
 <LI><a href="#[ba]">hogpd_report_cfm_handler</a>
 <LI><a href="#[b8]">hogpd_enable_req_handler</a>
 <LI><a href="#[b9]">hogpd_report_upd_req_handler</a>
 <LI><a href="#[bf]">gattc_cmp_evt_handler</a>
 <LI><a href="#[b6]">hogpd_create</a>
 <LI><a href="#[b7]">hogpd_cleanup</a>
 <LI><a href="#[b5]">hogpd_destroy</a>
 <LI><a href="#[b4]">hogpd_init</a>
 <LI><a href="#[b1]">gattc_cmp_evt_handler</a>
 <LI><a href="#[b0]">gattc_read_req_ind_handler</a>
 <LI><a href="#[ae]">gattc_att_info_req_ind_handler</a>
 <LI><a href="#[af]">gattc_write_req_ind_handler</a>
 <LI><a href="#[ad]">bass_batt_level_upd_req_handler</a>
 <LI><a href="#[ac]">bass_enable_req_handler</a>
 <LI><a href="#[aa]">bass_create</a>
 <LI><a href="#[ab]">bass_cleanup</a>
 <LI><a href="#[a9]">bass_destroy</a>
 <LI><a href="#[a8]">bass_init</a>
 <LI><a href="#[12b]">bass_notify_batt_lvl</a>
 <LI><a href="#[190]">gattc_cmp_evt_handler</a>
</UL>
</UL>
<P>
<H3>
Mutually Recursive functions
</H3> <LI><a href="#[289]">arm_cm_delay_asm</a>&nbsp;&nbsp;&nbsp;&rArr;&nbsp;&nbsp;&nbsp;<a href="#[289]">arm_cm_delay_asm</a><BR>
 <LI><a href="#[36d]">traverse_tree</a>&nbsp;&nbsp;&nbsp;&rArr;&nbsp;&nbsp;&nbsp;<a href="#[36d]">traverse_tree</a><BR>
 <LI><a href="#[2d9]">node_parent_fix</a>&nbsp;&nbsp;&nbsp;&rArr;&nbsp;&nbsp;&nbsp;<a href="#[2d9]">node_parent_fix</a><BR>
 <LI><a href="#[2d7]">dir_tree_link</a>&nbsp;&nbsp;&nbsp;&rArr;&nbsp;&nbsp;&nbsp;<a href="#[2d7]">dir_tree_link</a><BR>
 <LI><a href="#[6]">Default_Handler</a>&nbsp;&nbsp;&nbsp;&rArr;&nbsp;&nbsp;&nbsp;<a href="#[6]">Default_Handler</a><BR>
</UL>
<P>
<H3>
Function Pointers
</H3><UL>
 <LI><a href="#[6d]">ADC_Handler</a> from ls_msp_adc.o(i.ADC_Handler) referenced from ls_msp_adc.o(i.HAL_ADC_MSP_Init)
 <LI><a href="#[73]">ADTIM1_Handler</a> from ls_msp_timer.o(i.ADTIM1_Handler) referenced from ls_msp_timer.o(i.HAL_TIM_MSP_Init)
 <LI><a href="#[4b]">BLE_Handler</a> from platform.o(.xip_banned.BLE_Handler) referenced from libfw.o(.text.ble_init)
 <LI><a href="#[4a]">BLE_WKUP_Handler</a> from sleep.o(i.BLE_WKUP_Handler) referenced from libfw.o(.text.ble_init)
 <LI><a href="#[6f]">BSTIM1_Handler</a> from ls_msp_timer.o(i.BSTIM1_Handler) referenced from ls_msp_timer.o(i.HAL_TIM_MSP_Init)
 <LI><a href="#[10]">Bsp_Adc_Capture_Handler</a> from bsp_adc.o(i.Bsp_Adc_Capture_Handler) referenced from bsp_adc.o(.data)
 <LI><a href="#[f]">Bsp_Adc_Init</a> from bsp_adc.o(i.Bsp_Adc_Init) referenced from bsp_adc.o(.data)
 <LI><a href="#[13]">Bsp_BlueTooth_Init</a> from bsp_bluetooth.o(i.Bsp_BlueTooth_Init) referenced from bsp_bluetooth.o(.data)
 <LI><a href="#[15]">Bsp_BlueTooth_Send_Notification</a> from bsp_bluetooth.o(i.Bsp_BlueTooth_Send_Notification) referenced from bsp_bluetooth.o(.data)
 <LI><a href="#[14]">Bsp_BlueTooth_Start_adv</a> from bsp_bluetooth.o(i.Bsp_BlueTooth_Start_adv) referenced from bsp_bluetooth.o(.data)
 <LI><a href="#[64]">Bsp_BlueTooth_dev_manager_CallBack</a> from bsp_bluetooth.o(i.Bsp_BlueTooth_dev_manager_CallBack) referenced from bsp_bluetooth.o(i.Bsp_BlueTooth_Init)
 <LI><a href="#[65]">Bsp_BlueTooth_gap_manager_CallBack</a> from bsp_bluetooth.o(i.Bsp_BlueTooth_gap_manager_CallBack) referenced from bsp_bluetooth.o(i.Bsp_BlueTooth_Init)
 <LI><a href="#[66]">Bsp_BlueTooth_gatt_manager_CallBack</a> from bsp_bluetooth.o(i.Bsp_BlueTooth_gatt_manager_CallBack) referenced from bsp_bluetooth.o(i.Bsp_BlueTooth_Init)
 <LI><a href="#[67]">Bsp_BlueTooth_hid_con_rssi_judge</a> from bsp_bluetooth.o(i.Bsp_BlueTooth_hid_con_rssi_judge) referenced from bsp_bluetooth.o(i.Bsp_BlueTooth_dev_manager_CallBack)
 <LI><a href="#[69]">Bsp_BlueTooth_prf_batt_server_CallBack</a> from bsp_bluetooth.o(i.Bsp_BlueTooth_prf_batt_server_CallBack) referenced from bsp_bluetooth.o(i.Bsp_BlueTooth_prf_Added_Handler)
 <LI><a href="#[68]">Bsp_BlueTooth_prf_hid_server_CallBack</a> from bsp_bluetooth.o(i.Bsp_BlueTooth_prf_hid_server_CallBack) referenced from bsp_bluetooth.o(i.Bsp_BlueTooth_prf_Added_Handler)
 <LI><a href="#[19]">Bsp_Boot_Cmd_R_all_file_finish_Handler</a> from bsp_boot.o(i.Bsp_Boot_Cmd_R_all_file_finish_Handler) referenced from bsp_boot.o(.data)
 <LI><a href="#[1a]">Bsp_Boot_Cmd_R_change_firmware_Handler</a> from bsp_boot.o(i.Bsp_Boot_Cmd_R_change_firmware_Handler) referenced from bsp_boot.o(.data)
 <LI><a href="#[1c]">Bsp_Boot_Cmd_R_check_image_base_Handler</a> from bsp_boot.o(i.Bsp_Boot_Cmd_R_check_image_base_Handler) referenced from bsp_boot.o(.data)
 <LI><a href="#[1b]">Bsp_Boot_Cmd_R_check_keyboard_version_Handler</a> from bsp_boot.o(i.Bsp_Boot_Cmd_R_check_keyboard_version_Handler) referenced from bsp_boot.o(.data)
 <LI><a href="#[16]">Bsp_Boot_Cmd_R_start_update_Handler</a> from bsp_boot.o(i.Bsp_Boot_Cmd_R_start_update_Handler) referenced from bsp_boot.o(.data)
 <LI><a href="#[18]">Bsp_Boot_Cmd_R_update_file_Handler</a> from bsp_boot.o(i.Bsp_Boot_Cmd_R_update_file_Handler) referenced from bsp_boot.o(.data)
 <LI><a href="#[17]">Bsp_Boot_InfoGet</a> from bsp_boot.o(i.Bsp_Boot_InfoGet) referenced from bsp_boot.o(.data)
 <LI><a href="#[1d]">Bsp_Boot_JumpAppRun</a> from bsp_boot.o(i.Bsp_Boot_JumpAppRun) referenced from bsp_boot.o(.data)
 <LI><a href="#[1e]">Bsp_Boot_SysInfoGet</a> from bsp_boot.o(i.Bsp_Boot_SysInfoGet) referenced from bsp_boot.o(.data)
 <LI><a href="#[3a]">Bsp_Dog_FeedDog</a> from bsp_dog.o(i.Bsp_Dog_FeedDog) referenced from bsp_dog.o(.data)
 <LI><a href="#[39]">Bsp_Dog_Init</a> from bsp_dog.o(i.Bsp_Dog_Init) referenced from bsp_dog.o(.data)
 <LI><a href="#[20]">Bsp_Encoder_Control</a> from bsp_encoder.o(i.Bsp_Encoder_Control) referenced from bsp_encoder.o(.data)
 <LI><a href="#[1f]">Bsp_Encoder_Init</a> from bsp_encoder.o(i.Bsp_Encoder_Init) referenced from bsp_encoder.o(.data)
 <LI><a href="#[3b]">Bsp_Hid_DeviceSendData</a> from bsp_hid.o(i.Bsp_Hid_DeviceSendData) referenced from bsp_hid.o(.data)
 <LI><a href="#[3c]">Bsp_Hid_VolumeBtn_Control_Photo</a> from bsp_hid.o(i.Bsp_Hid_VolumeBtn_Control_Photo) referenced from bsp_hid.o(.data)
 <LI><a href="#[6b]">Bsp_KeyTimer_CallBack</a> from bsp_key.o(i.Bsp_KeyTimer_CallBack) referenced from bsp_key.o(i.Bsp_key_Timer_Init)
 <LI><a href="#[22]">Bsp_Key_IOExti_Handler</a> from bsp_key.o(i.Bsp_Key_IOExti_Handler) referenced from bsp_key.o(.data)
 <LI><a href="#[21]">Bsp_Key_Init</a> from bsp_key.o(i.Bsp_Key_Init) referenced from bsp_key.o(.data)
 <LI><a href="#[26]">Bsp_Led_All_Close</a> from bsp_led.o(i.Bsp_Led_All_Close) referenced from bsp_led.o(.data)
 <LI><a href="#[25]">Bsp_Led_BlinkConrol_Handler</a> from bsp_led.o(i.Bsp_Led_BlinkConrol_Handler) referenced from bsp_led.o(.data)
 <LI><a href="#[27]">Bsp_Led_Console_Mode_Display</a> from bsp_led.o(i.Bsp_Led_Console_Mode_Display) referenced from bsp_led.o(.data)
 <LI><a href="#[29]">Bsp_Led_EnterMotorCalibration_StatusUpdate_Handler</a> from bsp_led.o(i.Bsp_Led_EnterMotorCalibration_StatusUpdate_Handler) referenced from bsp_led.o(.data)
 <LI><a href="#[24]">Bsp_Led_Init</a> from bsp_led.o(i.Bsp_Led_Init) referenced from bsp_led.o(.data)
 <LI><a href="#[28]">Bsp_Led_StatusUpdate_Handler</a> from bsp_led.o(i.Bsp_Led_StatusUpdate_Handler) referenced from bsp_led.o(.data)
 <LI><a href="#[3e]">Bsp_NewProtocol_RxDataParse_Handler</a> from bsp_newprotocol.o(i.Bsp_NewProtocol_RxDataParse_Handler) referenced from bsp_newprotocol.o(.data)
 <LI><a href="#[3f]">Bsp_NewProtocol_SendPackage</a> from bsp_newprotocol.o(i.Bsp_NewProtocol_SendPackage) referenced from bsp_newprotocol.o(.data)
 <LI><a href="#[40]">Bsp_OldProtocol_RxDataParse_Handler</a> from bsp_oldprotocol.o(i.Bsp_OldProtocol_RxDataParse_Handler) referenced from bsp_oldprotocol.o(.data)
 <LI><a href="#[41]">Bsp_OldProtocol_SendPackage</a> from bsp_oldprotocol.o(i.Bsp_OldProtocol_SendPackage) referenced from bsp_oldprotocol.o(.data)
 <LI><a href="#[36]">Bsp_Power_BatteryUpdate_Handler</a> from bsp_power.o(i.Bsp_Power_BatteryUpdate_Handler) referenced from bsp_power.o(.data)
 <LI><a href="#[38]">Bsp_Power_Electric_Check_Handler</a> from bsp_power.o(i.Bsp_Power_Electric_Check_Handler) referenced from bsp_power.o(.data)
 <LI><a href="#[34]">Bsp_Power_IOExti_Close_AdcSampling</a> from bsp_power.o(i.Bsp_Power_IOExti_Close_AdcSampling) referenced from bsp_power.o(.data)
 <LI><a href="#[33]">Bsp_Power_Init</a> from bsp_power.o(i.Bsp_Power_Init) referenced from bsp_power.o(.data)
 <LI><a href="#[35]">Bsp_Power_StartingUp_Handler</a> from bsp_power.o(i.Bsp_Power_StartingUp_Handler) referenced from bsp_power.o(.data)
 <LI><a href="#[37]">Bsp_Power_shutdown_Handler</a> from bsp_power.o(i.Bsp_Power_shutdown_Handler) referenced from bsp_power.o(.data)
 <LI><a href="#[6a]">Bsp_SysTimer_CallBack</a> from bsp_systimer.o(i.Bsp_SysTimer_CallBack) referenced from bsp_systimer.o(i.Bsp_SysTimer_Init)
 <LI><a href="#[3d]">Bsp_SysTimer_Init</a> from bsp_systimer.o(i.Bsp_SysTimer_Init) referenced from bsp_systimer.o(.data)
 <LI><a href="#[2e]">Bsp_Uart_Ble_SendData</a> from bsp_uart.o(i.Bsp_Uart_Ble_SendData) referenced from bsp_uart.o(.data)
 <LI><a href="#[2a]">Bsp_Uart_Init</a> from bsp_uart.o(i.Bsp_Uart_Init) referenced from bsp_uart.o(.data)
 <LI><a href="#[32]">Bsp_Uart_ParameterInit</a> from bsp_uart.o(i.Bsp_Uart_ParameterInit) referenced from bsp_uart.o(.data)
 <LI><a href="#[31]">Bsp_Uart_RecData_AddPosition</a> from bsp_uart.o(i.Bsp_Uart_RecData_AddPosition) referenced from bsp_uart.o(.data)
 <LI><a href="#[30]">Bsp_Uart_RecData_Handler</a> from bsp_uart.o(i.Bsp_Uart_RecData_Handler) referenced from bsp_uart.o(.data)
 <LI><a href="#[2f]">Bsp_Uart_SendFinish_Handler</a> from bsp_uart.o(i.Bsp_Uart_SendFinish_Handler) referenced from bsp_uart.o(.data)
 <LI><a href="#[2b]">Bsp_Uart_SerialPort1_SendData</a> from bsp_uart.o(i.Bsp_Uart_SerialPort1_SendData) referenced from bsp_uart.o(.data)
 <LI><a href="#[2c]">Bsp_Uart_SerialPort2_SendData</a> from bsp_uart.o(i.Bsp_Uart_SerialPort2_SendData) referenced from bsp_uart.o(.data)
 <LI><a href="#[2d]">Bsp_Uart_SerialPort3_SendData</a> from bsp_uart.o(i.Bsp_Uart_SerialPort3_SendData) referenced from bsp_uart.o(.data)
 <LI><a href="#[23]">Bsp_key_Timer_Init</a> from bsp_key.o(i.Bsp_key_Timer_Init) referenced from bsp_key.o(.data)
 <LI><a href="#[6]">Default_Handler</a> from startup.o(.xip_banned) referenced 32 times from startup.o(RESET)
 <LI><a href="#[85]">EXTI_Handler</a> from ls_soc_gpio.o(i.EXTI_Handler) referenced from ls_soc_gpio.o(i.io_init)
 <LI><a href="#[70]">GPTIMA1_Handler</a> from ls_msp_timer.o(i.GPTIMA1_Handler) referenced from ls_msp_timer.o(i.HAL_TIM_MSP_Init)
 <LI><a href="#[71]">GPTIMB1_Handler</a> from ls_msp_timer.o(i.GPTIMB1_Handler) referenced from ls_msp_timer.o(i.HAL_TIM_MSP_Init)
 <LI><a href="#[72]">GPTIMC1_Handler</a> from ls_msp_timer.o(i.GPTIMC1_Handler) referenced from ls_msp_timer.o(i.HAL_TIM_MSP_Init)
 <LI><a href="#[8b]">GPTIM_IRQ_Handler_For_LSI_Counting</a> from platform.o(i.GPTIM_IRQ_Handler_For_LSI_Counting) referenced from platform.o(i.rco_freq_counting_init)
 <LI><a href="#[74]">HAL_TRNG_IRQHandler</a> from ls_hal_trng.o(i.HAL_TRNG_IRQHandler) referenced from ls_msp_trng.o(i.HAL_TRNG_MSP_Init)
 <LI><a href="#[75]">HAL_UART1_Handler</a> from ls_msp_uart.o(i.HAL_UART1_Handler) referenced from ls_msp_uart.o(i.HAL_UART_MSP_Init)
 <LI><a href="#[76]">HAL_UART2_Handler</a> from ls_msp_uart.o(i.HAL_UART2_Handler) referenced from ls_msp_uart.o(i.HAL_UART_MSP_Init)
 <LI><a href="#[77]">HAL_UART3_Handler</a> from ls_msp_uart.o(i.HAL_UART3_Handler) referenced from ls_msp_uart.o(i.HAL_UART_MSP_Init)
 <LI><a href="#[2]">HardFault_Handler</a> from startup.o(.xip_banned) referenced from startup.o(RESET)
 <LI><a href="#[e]">Hardware_Init</a> from system_init.o(i.Hardware_Init) referenced from system_init.o(.data)
 <LI><a href="#[7c]">LPWKUP_Handler</a> from sleep.o(i.LPWKUP_Handler) referenced from platform.o(i.cpu_sleep_recover_init)
 <LI><a href="#[6e]">LSECC_IRQHandler</a> from ls_hal_ecc.o(i.LSECC_IRQHandler) referenced from ls_msp_ecc.o(i.HAL_LSECC_MSP_Init)
 <LI><a href="#[7a]">LVD33_Handler</a> from platform.o(.xip_banned.LVD33_Handler) referenced from platform.o(i.analog_init)
 <LI><a href="#[1]">NMI_Handler</a> from startup.o(.xip_banned) referenced from startup.o(RESET)
 <LI><a href="#[4]">PendSV_Handler</a> from startup.o(.xip_banned) referenced from startup.o(RESET)
 <LI><a href="#[d]">Public_BufferInit</a> from public.o(i.Public_BufferInit) referenced from public.o(.data)
 <LI><a href="#[c]">Public_Delay_Ms</a> from public.o(i.Public_Delay_Ms) referenced from public.o(.data)
 <LI><a href="#[0]">Reset_Handler</a> from startup.o(.text) referenced from startup.o(RESET)
 <LI><a href="#[3]">SVC_Handler</a> from svcall_asm.o(.text.SVC_Handler) referenced from startup.o(RESET)
 <LI><a href="#[49]">SVC_Handler_C</a> from svcall.o(i.SVC_Handler_C) referenced from svcall_asm.o(.text.SVC_Handler)
 <LI><a href="#[12]">Shutdown_Rocker_Check_Handler</a> from bsp_adc.o(i.Shutdown_Rocker_Check_Handler) referenced from bsp_adc.o(.data)
 <LI><a href="#[11]">Startup_Shutdown_Rocker_Check_Handler</a> from bsp_adc.o(i.Startup_Shutdown_Rocker_Check_Handler) referenced from bsp_adc.o(.data)
 <LI><a href="#[5]">SysTick_Handler</a> from systick.o(.xip_banned.SysTick_Handler) referenced from startup.o(RESET)
 <LI><a href="#[43]">SystemInit</a> from platform.o(i.SystemInit) referenced from startup.o(.text)
 <LI><a href="#[44]">__main</a> from entry.o(.ARM.Collect$$$$00000000) referenced from startup.o(.text)
 <LI><a href="#[46]">_sbackspace</a> from _sgetc.o(.text) referenced from sscanf.o(.text)
 <LI><a href="#[47]">_scanf_char_input</a> from scanf_char.o(.text) referenced from scanf_char.o(.text)
 <LI><a href="#[45]">_sgetc</a> from _sgetc.o(.text) referenced from sscanf.o(.text)
 <LI><a href="#[79]">_sputc</a> from printfa.o(i._sputc) referenced from printfa.o(i.__0sprintf)
 <LI><a href="#[63]">adc_isenable_poll</a> from ls_hal_adc.o(i.adc_isenable_poll) referenced from ls_hal_adc.o(i.ADC_ConversionStop_Disable)
 <LI><a href="#[63]">adc_isenable_poll</a> from ls_hal_adc.o(i.adc_isenable_poll) referenced from ls_hal_adc.o(i.ADC_Enable)
 <LI><a href="#[59]">adv_actv_start_param</a> from libfw.o(.text.adv_actv_start_param) referenced from libfw.o(.text.gapm_adv_activity_start_cmd_send)
 <LI><a href="#[89]">app_init</a> from libfw.o(.text.app_init) referenced from stack_var.o(i.main_task_app_init)
 <LI><a href="#[a7]">app_msg_handler</a> from libfw.o(.text.app_msg_handler) referenced from libfw.o(.rodata.app_msg_handler_tab)
 <LI><a href="#[ad]">bass_batt_level_upd_req_handler</a> from libfw.o(.text.bass_batt_level_upd_req_handler) referenced from libfw.o(.rodata.bass_msg_handler_tab)
 <LI><a href="#[ab]">bass_cleanup</a> from libfw.o(.text.bass_cleanup) referenced from libfw.o(.rodata.bass_itf)
 <LI><a href="#[aa]">bass_create</a> from libfw.o(.text.bass_create) referenced from libfw.o(.rodata.bass_itf)
 <LI><a href="#[a9]">bass_destroy</a> from libfw.o(.text.bass_destroy) referenced from libfw.o(.rodata.bass_itf)
 <LI><a href="#[ac]">bass_enable_req_handler</a> from libfw.o(.text.bass_enable_req_handler) referenced from libfw.o(.rodata.bass_msg_handler_tab)
 <LI><a href="#[a8]">bass_init</a> from libfw.o(.text.bass_init) referenced from libfw.o(.rodata.bass_itf)
 <LI><a href="#[4f]">bass_prf_itf_get</a> from libfw.o(.text.bass_prf_itf_get) referenced from libfw.o(.text.dev_manager_prf_bass_server_add)
 <LI><a href="#[5d]">ble_sleep</a> from libfw.o(.text.ble_sleep) referenced from libfw.o(.text.ip_rf_init)
 <LI><a href="#[55]">bond_cfm_csrk_fill</a> from libfw.o(.text.bond_cfm_csrk_fill) referenced from libfw.o(.text.gap_manager_gapc_bond_req_ind_handler)
 <LI><a href="#[54]">bond_cfm_irk_fill</a> from libfw.o(.text.bond_cfm_irk_fill) referenced from libfw.o(.text.gap_manager_gapc_bond_req_ind_handler)
 <LI><a href="#[53]">bond_cfm_ltk_fill</a> from libfw.o(.text.bond_cfm_ltk_fill) referenced from libfw.o(.text.gap_manager_gapc_bond_req_ind_handler)
 <LI><a href="#[57]">bond_cfm_pair_feat_fill</a> from libfw.o(.text.bond_cfm_pair_feat_fill) referenced from libfw.o(.text.gap_manager_slave_pair_response_send)
 <LI><a href="#[58]">bond_cfm_tk_fill</a> from libfw.o(.text.bond_cfm_tk_fill) referenced from libfw.o(.text.gap_manager_tk_set)
 <LI><a href="#[56]">bond_search_callback</a> from libfw.o(.text.bond_search_callback) referenced from libfw.o(.text.gap_manager_gapc_conn_req_ind_handler)
 <LI><a href="#[b2]">builtin_dynamic_msg_handler</a> from libfw.o(.text.builtin_dynamic_msg_handler) referenced from libfw.o(.rodata.builtin_msg_handler_tab)
 <LI><a href="#[b3]">builtin_func_invoke_handler</a> from libfw.o(.text.builtin_func_invoke_handler) referenced from libfw.o(.rodata.builtin_msg_handler_tab)
 <LI><a href="#[7b]">cpu_recover_asm</a> from sleep_asm.o(.xip_banned.sleep_recover_asm) referenced from platform.o(i.cpu_sleep_recover_init)
 <LI><a href="#[99]">dir_add_parse</a> from tinyfs.o(i.dir_add_parse) referenced from tinyfs.o(.constdata)
 <LI><a href="#[7d]">dir_compare</a> from tinyfs.o(i.dir_compare) referenced from tinyfs.o(i.dir_add_parse)
 <LI><a href="#[7d]">dir_compare</a> from tinyfs.o(i.dir_compare) referenced from tinyfs.o(i.dir_remove_parse)
 <LI><a href="#[9b]">dir_remove_parse</a> from tinyfs.o(i.dir_remove_parse) referenced from tinyfs.o(.constdata)
 <LI><a href="#[a2]">do_hal_flash_chip_erase</a> from ls_hal_flash.o(i.do_hal_flash_chip_erase) referenced from svcall.o(.constdata)
 <LI><a href="#[7e]">do_hal_flash_chip_erase_func</a> from ls_hal_flash_qspi.o(.xip_banned.do_hal_flash_chip_erase_func) referenced from ls_hal_flash.o(i.do_hal_flash_chip_erase)
 <LI><a href="#[a0]">do_hal_flash_erase</a> from ls_hal_flash.o(i.do_hal_flash_erase) referenced from svcall.o(.constdata)
 <LI><a href="#[7f]">do_hal_flash_erase_func</a> from ls_hal_flash_qspi.o(.xip_banned.do_hal_flash_erase_func) referenced from ls_hal_flash.o(i.do_hal_flash_erase)
 <LI><a href="#[a3]">do_hal_flash_erase_security_area</a> from ls_hal_flash.o(i.do_hal_flash_erase_security_area) referenced from svcall.o(.constdata)
 <LI><a href="#[80]">do_hal_flash_erase_security_area_func</a> from ls_hal_flash_qspi.o(.xip_banned.do_hal_flash_erase_security_area_func) referenced from ls_hal_flash.o(i.do_hal_flash_erase_security_area)
 <LI><a href="#[7]">do_hal_flash_prog_func</a> from ls_hal_flash_qspi.o(.xip_banned.do_hal_flash_prog_func) referenced from ls_hal_flash.o(.xip_banned.flash_writing_critical)
 <LI><a href="#[7]">do_hal_flash_prog_func</a> from ls_hal_flash_qspi.o(.xip_banned.do_hal_flash_prog_func) referenced from ls_hal_flash_qspi.o(i.do_hal_flash_program)
 <LI><a href="#[9f]">do_hal_flash_program</a> from ls_hal_flash_qspi.o(i.do_hal_flash_program) referenced from svcall.o(.constdata)
 <LI><a href="#[a4]">do_hal_flash_program_security_area</a> from ls_hal_flash_qspi.o(i.do_hal_flash_program_security_area) referenced from svcall.o(.constdata)
 <LI><a href="#[81]">do_hal_flash_program_security_area_func</a> from ls_hal_flash_qspi.o(.xip_banned.do_hal_flash_program_security_area_func) referenced from ls_hal_flash_qspi.o(i.do_hal_flash_program_security_area)
 <LI><a href="#[a1]">do_hal_flash_read</a> from ls_hal_flash.o(i.do_hal_flash_read) referenced from svcall.o(.constdata)
 <LI><a href="#[82]">do_hal_flash_read_func</a> from ls_hal_flash_qspi.o(.xip_banned.do_hal_flash_read_func) referenced from ls_hal_flash.o(i.do_hal_flash_read)
 <LI><a href="#[a6]">do_hal_flash_read_reg</a> from ls_hal_flash.o(i.do_hal_flash_read_reg) referenced from svcall.o(.constdata)
 <LI><a href="#[83]">do_hal_flash_read_reg_func</a> from ls_hal_flash_qspi.o(.xip_banned.do_hal_flash_read_reg_func) referenced from ls_hal_flash.o(i.do_hal_flash_read_reg)
 <LI><a href="#[a5]">do_hal_flash_read_security_area</a> from ls_hal_flash_qspi.o(i.do_hal_flash_read_security_area) referenced from svcall.o(.constdata)
 <LI><a href="#[84]">do_hal_flash_read_security_area_func</a> from ls_hal_flash_qspi.o(.xip_banned.do_hal_flash_read_security_area_func) referenced from ls_hal_flash_qspi.o(i.do_hal_flash_read_security_area)
 <LI><a href="#[8a]">dummy</a> from stack_var.o(i.dummy) referenced from stack_var.o(i.main_task_app_init)
 <LI><a href="#[8f]">ecc_calc_start</a> from platform.o(i.ecc_calc_start) referenced from stack_var.o(i.stack_var_ptr_init)
 <LI><a href="#[92]">enter_critical</a> from cpu.o(.xip_banned.enter_critical) referenced from stack_var.o(i.stack_var_ptr_init)
 <LI><a href="#[93]">exit_critical</a> from cpu.o(.xip_banned.exit_critical) referenced from stack_var.o(i.stack_var_ptr_init)
 <LI><a href="#[78]">fputc</a> from log.o(i.fputc) referenced from printfa.o(i.__0printf)
 <LI><a href="#[78]">fputc</a> from log.o(i.fputc) referenced from printfa.o(i.__0vprintf)
 <LI><a href="#[ae]">gattc_att_info_req_ind_handler</a> from libfw.o(.text.gattc_att_info_req_ind_handler) referenced from libfw.o(.rodata.bass_msg_handler_tab)
 <LI><a href="#[bc]">gattc_att_info_req_ind_handler</a> from libfw.o(.text.gattc_att_info_req_ind_handler) referenced from libfw.o(.rodata.hogpd_msg_handler_tab)
 <LI><a href="#[b1]">gattc_cmp_evt_handler</a> from libfw.o(.text.gattc_cmp_evt_handler) referenced from libfw.o(.rodata.bass_msg_handler_tab)
 <LI><a href="#[bf]">gattc_cmp_evt_handler</a> from libfw.o(.text.gattc_cmp_evt_handler) referenced from libfw.o(.rodata.hogpd_msg_handler_tab)
 <LI><a href="#[b0]">gattc_read_req_ind_handler</a> from libfw.o(.text.gattc_read_req_ind_handler) referenced from libfw.o(.rodata.bass_msg_handler_tab)
 <LI><a href="#[be]">gattc_read_req_ind_handler</a> from libfw.o(.text.gattc_read_req_ind_handler) referenced from libfw.o(.rodata.hogpd_msg_handler_tab)
 <LI><a href="#[af]">gattc_write_req_ind_handler</a> from libfw.o(.text.gattc_write_req_ind_handler) referenced from libfw.o(.rodata.bass_msg_handler_tab)
 <LI><a href="#[bd]">gattc_write_req_ind_handler</a> from libfw.o(.text.gattc_write_req_ind_handler) referenced from libfw.o(.rodata.hogpd_msg_handler_tab)
 <LI><a href="#[9d]">hal_flash_quad_io_read</a> from ls_hal_flash_qspi.o(i.hal_flash_quad_io_read) referenced from tinyfs_nvm.o(.constdata)
 <LI><a href="#[9c]">hal_flash_quad_page_program</a> from ls_hal_flash.o(i.hal_flash_quad_page_program) referenced from tinyfs_nvm.o(.constdata)
 <LI><a href="#[9e]">hal_flash_sector_erase</a> from ls_hal_flash.o(i.hal_flash_sector_erase) referenced from tinyfs_nvm.o(.constdata)
 <LI><a href="#[b7]">hogpd_cleanup</a> from libfw.o(.text.hogpd_cleanup) referenced from libfw.o(.rodata.hogpd_itf)
 <LI><a href="#[b6]">hogpd_create</a> from libfw.o(.text.hogpd_create) referenced from libfw.o(.rodata.hogpd_itf)
 <LI><a href="#[b5]">hogpd_destroy</a> from libfw.o(.text.hogpd_destroy) referenced from libfw.o(.rodata.hogpd_itf)
 <LI><a href="#[b8]">hogpd_enable_req_handler</a> from libfw.o(.text.hogpd_enable_req_handler) referenced from libfw.o(.rodata.hogpd_msg_handler_tab)
 <LI><a href="#[b4]">hogpd_init</a> from libfw.o(.text.hogpd_init) referenced from libfw.o(.rodata.hogpd_itf)
 <LI><a href="#[51]">hogpd_prf_itf_get</a> from libfw.o(.text.hogpd_prf_itf_get) referenced from libfw.o(.text.dev_manager_prf_hid_server_add)
 <LI><a href="#[bb]">hogpd_proto_mode_cfm_handler</a> from libfw.o(.text.hogpd_proto_mode_cfm_handler) referenced from libfw.o(.rodata.hogpd_msg_handler_tab)
 <LI><a href="#[ba]">hogpd_report_cfm_handler</a> from libfw.o(.text.hogpd_report_cfm_handler) referenced from libfw.o(.rodata.hogpd_msg_handler_tab)
 <LI><a href="#[b9]">hogpd_report_upd_req_handler</a> from libfw.o(.text.hogpd_report_upd_req_handler) referenced from libfw.o(.rodata.hogpd_msg_handler_tab)
 <LI><a href="#[91]">idiv_acc</a> from platform.o(i.idiv_acc) referenced from stack_var.o(i.stack_var_ptr_init)
 <LI><a href="#[48]">isspace</a> from isspace_c.o(.text) referenced from scanf_char.o(.text)
 <LI><a href="#[87]">log_hex_output</a> from log.o(i.log_hex_output) referenced from log.o(i.ls_log_init)
 <LI><a href="#[86]">log_output</a> from log.o(i.log_output) referenced from log.o(i.ls_log_init)
 <LI><a href="#[94]">lpcycles_to_hus</a> from platform.o(i.lpcycles_to_hus) referenced from stack_var.o(i.stack_var_ptr_init)
 <LI><a href="#[88]">lsi_counting_timer_callback</a> from platform.o(i.lsi_counting_timer_callback) referenced from platform.o(i.lsi_counting_timer_create)
 <LI><a href="#[6c]">lsi_counting_timer_start</a> from platform.o(i.lsi_counting_timer_start) referenced from platform.o(i.GPTIM_IRQ_Handler_For_LSI_Counting)
 <LI><a href="#[96]">lsi_freq_update_and_hs_to_lpcycles</a> from platform.o(i.lsi_freq_update_and_hs_to_lpcycles) referenced from stack_var.o(i.stack_var_ptr_init)
 <LI><a href="#[42]">main</a> from main.o(i.main) referenced from entry9a.o(.ARM.Collect$$$$0000000B)
 <LI><a href="#[4e]">nvds_del</a> from libfw.o(.text.nvds_del) referenced from libfw.o(.text.ble_init)
 <LI><a href="#[4c]">nvds_get</a> from libfw.o(.text.nvds_get) referenced from libfw.o(.text.ble_init)
 <LI><a href="#[4d]">nvds_put</a> from libfw.o(.text.nvds_put) referenced from libfw.o(.text.ble_init)
 <LI><a href="#[8e]">platform_reset</a> from platform.o(i.platform_reset) referenced from stack_var.o(i.stack_var_ptr_init)
 <LI><a href="#[50]">prf_bass_handler</a> from libfw.o(.text.prf_bass_handler) referenced from libfw.o(.text.dev_manager_prf_bass_server_add)
 <LI><a href="#[52]">prf_hogpd_handler</a> from libfw.o(.text.prf_hogpd_handler) referenced from libfw.o(.text.dev_manager_prf_hid_server_add)
 <LI><a href="#[62]">prf_itf_get</a> from libfw.o(.text.prf_itf_get) referenced from libfw.o(.text.prf_fn_init)
 <LI><a href="#[90]">rand</a> from rand.o(.text) referenced from stack_var.o(i.stack_var_ptr_init)
 <LI><a href="#[98]">record_add_parse</a> from tinyfs.o(i.record_add_parse) referenced from tinyfs.o(.constdata)
 <LI><a href="#[8c]">record_compare</a> from tinyfs.o(i.record_compare) referenced from tinyfs.o(i.record_add_parse)
 <LI><a href="#[8c]">record_compare</a> from tinyfs.o(i.record_compare) referenced from tinyfs.o(i.record_remove_parse)
 <LI><a href="#[9a]">record_remove_parse</a> from tinyfs.o(i.record_remove_parse) referenced from tinyfs.o(.constdata)
 <LI><a href="#[5f]">rf_force_agc_enable</a> from modem_rf_le501x.o(i.rf_force_agc_enable) referenced from libfw.o(.text.ip_rf_init)
 <LI><a href="#[97]">rf_reg_config</a> from modem_rf_le501x.o(i.rf_reg_config) referenced from stack_var.o(i.stack_var_ptr_init)
 <LI><a href="#[5e]">rf_reset</a> from modem_rf_le501x.o(i.rf_reset) referenced from libfw.o(.text.ip_rf_init)
 <LI><a href="#[60]">rf_rssi_convert</a> from modem_rf_le501x.o(i.rf_rssi_convert) referenced from libfw.o(.text.ip_rf_init)
 <LI><a href="#[61]">rf_txpwr_cs_get</a> from modem_rf_le501x.o(i.rf_txpwr_cs_get) referenced from libfw.o(.text.ip_rf_init)
 <LI><a href="#[5c]">rf_txpwr_dbm_get</a> from modem_rf_le501x.o(i.rf_txpwr_dbm_get) referenced from libfw.o(.text.ip_rf_init)
 <LI><a href="#[8d]">stack_assert_asm</a> from stack_asm.o(.text.stack_assert_asm) referenced from stack_var.o(i.stack_var_ptr_init)
 <LI><a href="#[8]">stig_read_continue</a> from ls_hal_qspi.o(.xip_banned.stig_read_continue) referenced from ls_hal_qspi.o(.xip_banned.lsqspi_stig_read_data)
 <LI><a href="#[9]">stig_read_start</a> from ls_hal_qspi.o(.xip_banned.stig_read_start) referenced from ls_hal_qspi.o(.xip_banned.lsqspi_stig_read_data)
 <LI><a href="#[9]">stig_read_start</a> from ls_hal_qspi.o(.xip_banned.stig_read_start) referenced from ls_hal_qspi.o(.xip_banned.stig_rd_wr)
 <LI><a href="#[a]">stig_write_continue</a> from ls_hal_qspi.o(.xip_banned.stig_write_continue) referenced from ls_hal_qspi.o(.xip_banned.lsqspi_stig_write_data)
 <LI><a href="#[b]">stig_write_start</a> from ls_hal_qspi.o(.xip_banned.stig_write_start) referenced from ls_hal_qspi.o(.xip_banned.lsqspi_stig_write_data)
 <LI><a href="#[5a]">svc_read_req_callback</a> from libfw.o(.text.svc_read_req_callback) referenced from libfw.o(.text.gatt_manager_gattc_read_req_ind_handler)
 <LI><a href="#[5b]">svc_write_req_callback</a> from libfw.o(.text.svc_write_req_callback) referenced from libfw.o(.text.gatt_manager_gattc_write_req_ind_handler)
 <LI><a href="#[95]">us_to_lpcycles</a> from platform.o(i.us_to_lpcycles) referenced from stack_var.o(i.stack_var_ptr_init)
</UL>
<P>
<H3>
Global Symbols
</H3>
<P><STRONG><a name="[2]"></a>HardFault_Handler</STRONG> (Thumb, 0 bytes, Stack size 0 bytes, startup.o(.xip_banned))
<BR>[Address Reference Count : 1]<UL><LI> startup.o(RESET)
</UL>
<P><STRONG><a name="[1]"></a>NMI_Handler</STRONG> (Thumb, 0 bytes, Stack size 0 bytes, startup.o(.xip_banned))
<BR>[Address Reference Count : 1]<UL><LI> startup.o(RESET)
</UL>
<P><STRONG><a name="[4]"></a>PendSV_Handler</STRONG> (Thumb, 0 bytes, Stack size 0 bytes, startup.o(.xip_banned))
<BR>[Address Reference Count : 1]<UL><LI> startup.o(RESET)
</UL>
<P><STRONG><a name="[4b]"></a>BLE_Handler</STRONG> (Thumb, 100 bytes, Stack size 16 bytes, platform.o(.xip_banned.BLE_Handler))
<BR><BR>[Stack]<UL><LI>Max Depth = 104 + Unknown Stack Size
<LI>Call Chain = BLE_Handler &rArr; hal_flash_write_in_process &rArr; hal_flash_read_status_register_0 &rArr; lsqspi_stig_read_register &rArr; lsqspi_stig_read_data &rArr; stig_rd_wr
</UL>
<BR>[Calls]<UL><LI><a href="#[289]">&gt;&gt;</a>&nbsp;&nbsp;&nbsp;arm_cm_delay_asm
<LI><a href="#[37a]">&gt;&gt;</a>&nbsp;&nbsp;&nbsp;hal_flash_xip_status_get
<LI><a href="#[379]">&gt;&gt;</a>&nbsp;&nbsp;&nbsp;hal_flash_writing_busy
<LI><a href="#[37e]">&gt;&gt;</a>&nbsp;&nbsp;&nbsp;hal_flash_write_in_process
<LI><a href="#[380]">&gt;&gt;</a>&nbsp;&nbsp;&nbsp;hal_flash_xip_stop
<LI><a href="#[37f]">&gt;&gt;</a>&nbsp;&nbsp;&nbsp;hal_flash_xip_start
<LI><a href="#[37d]">&gt;&gt;</a>&nbsp;&nbsp;&nbsp;hal_flash_read_status_register_1
<LI><a href="#[37b]">&gt;&gt;</a>&nbsp;&nbsp;&nbsp;ls_ram_assert
<LI><a href="#[37c]">&gt;&gt;</a>&nbsp;&nbsp;&nbsp;hal_flash_prog_erase_suspend
<LI><a href="#[381]">&gt;&gt;</a>&nbsp;&nbsp;&nbsp;hal_flash_prog_erase_resume
<LI><a href="#[2b0]">&gt;&gt;</a>&nbsp;&nbsp;&nbsp;ble_stack_isr (via Veneer)
</UL>
<BR>[Address Reference Count : 1]<UL><LI> libfw.o(.text.ble_init)
</UL>
<P><STRONG><a name="[7a]"></a>LVD33_Handler</STRONG> (Thumb, 40 bytes, Stack size 0 bytes, platform.o(.xip_banned.LVD33_Handler))
<BR>[Address Reference Count : 1]<UL><LI> platform.o(i.analog_init)
</UL>
<P><STRONG><a name="[5]"></a>SysTick_Handler</STRONG> (Thumb, 12 bytes, Stack size 0 bytes, systick.o(.xip_banned.SysTick_Handler))
<BR>[Address Reference Count : 1]<UL><LI> startup.o(RESET)
</UL>
<P><STRONG><a name="[382]"></a>after_wfi</STRONG> (Thumb, 114 bytes, Stack size 8 bytes, sleep.o(.xip_banned.after_wfi))
<BR><BR>[Stack]<UL><LI>Max Depth = 16<LI>Call Chain = after_wfi &rArr; clk_switch
</UL>
<BR>[Calls]<UL><LI><a href="#[37b]">&gt;&gt;</a>&nbsp;&nbsp;&nbsp;ls_ram_assert
<LI><a href="#[385]">&gt;&gt;</a>&nbsp;&nbsp;&nbsp;iwdg_check
<LI><a href="#[384]">&gt;&gt;</a>&nbsp;&nbsp;&nbsp;wait_dpll_lock
<LI><a href="#[383]">&gt;&gt;</a>&nbsp;&nbsp;&nbsp;normal_sleep_set
<LI><a href="#[284]">&gt;&gt;</a>&nbsp;&nbsp;&nbsp;__NVIC_GetPendingIRQ
<LI><a href="#[2a3]">&gt;&gt;</a>&nbsp;&nbsp;&nbsp;dcdc_on
<LI><a href="#[2a5]">&gt;&gt;</a>&nbsp;&nbsp;&nbsp;clk_switch
</UL>
<BR>[Called By]<UL><LI><a href="#[7b]">&gt;&gt;</a>&nbsp;&nbsp;&nbsp;cpu_recover_asm
</UL>

<P><STRONG><a name="[289]"></a>arm_cm_delay_asm</STRONG> (Thumb, 8 bytes, Stack size 0 bytes, delay_asm.o(.xip_banned.arm_cm_delay_asm))
<BR><BR>[Calls]<UL><LI><a href="#[289]">&gt;&gt;</a>&nbsp;&nbsp;&nbsp;arm_cm_delay_asm
</UL>
<BR>[Called By]<UL><LI><a href="#[289]">&gt;&gt;</a>&nbsp;&nbsp;&nbsp;arm_cm_delay_asm
<LI><a href="#[c]">&gt;&gt;</a>&nbsp;&nbsp;&nbsp;Public_Delay_Ms (via Veneer)
<LI><a href="#[2db]">&gt;&gt;</a>&nbsp;&nbsp;&nbsp;flash_writing_critical
<LI><a href="#[2c7]">&gt;&gt;</a>&nbsp;&nbsp;&nbsp;cpu_flash_deep_sleep_and_recover
<LI><a href="#[331]">&gt;&gt;</a>&nbsp;&nbsp;&nbsp;rco_freq_counting_init (via Veneer)
<LI><a href="#[4b]">&gt;&gt;</a>&nbsp;&nbsp;&nbsp;BLE_Handler
</UL>

<P><STRONG><a name="[386]"></a>before_wfi</STRONG> (Thumb, 54 bytes, Stack size 8 bytes, sleep.o(.xip_banned.before_wfi))
<BR><BR>[Stack]<UL><LI>Max Depth = 16<LI>Call Chain = before_wfi &rArr; sleep_mode_set
</UL>
<BR>[Calls]<UL><LI><a href="#[385]">&gt;&gt;</a>&nbsp;&nbsp;&nbsp;iwdg_check
<LI><a href="#[387]">&gt;&gt;</a>&nbsp;&nbsp;&nbsp;sleep_mode_set
<LI><a href="#[388]">&gt;&gt;</a>&nbsp;&nbsp;&nbsp;ble_hclk_clr
<LI><a href="#[34e]">&gt;&gt;</a>&nbsp;&nbsp;&nbsp;switch_to_xo16m
</UL>
<BR>[Called By]<UL><LI><a href="#[38c]">&gt;&gt;</a>&nbsp;&nbsp;&nbsp;cpu_sleep_asm
</UL>

<P><STRONG><a name="[2a4]"></a>clk_check</STRONG> (Thumb, 30 bytes, Stack size 0 bytes, platform.o(.xip_banned.clk_check))
<BR><BR>[Called By]<UL><LI><a href="#[2a2]">&gt;&gt;</a>&nbsp;&nbsp;&nbsp;analog_init (via Veneer)
</UL>

<P><STRONG><a name="[2a5]"></a>clk_switch</STRONG> (Thumb, 10 bytes, Stack size 8 bytes, platform.o(.xip_banned.clk_switch))
<BR><BR>[Stack]<UL><LI>Max Depth = 8<LI>Call Chain = clk_switch
</UL>
<BR>[Calls]<UL><LI><a href="#[389]">&gt;&gt;</a>&nbsp;&nbsp;&nbsp;switch_to_pll
</UL>
<BR>[Called By]<UL><LI><a href="#[382]">&gt;&gt;</a>&nbsp;&nbsp;&nbsp;after_wfi
<LI><a href="#[2a2]">&gt;&gt;</a>&nbsp;&nbsp;&nbsp;analog_init (via Veneer)
</UL>

<P><STRONG><a name="[2a3]"></a>dcdc_on</STRONG> (Thumb, 2 bytes, Stack size 0 bytes, sleep.o(.xip_banned.dcdc_on))
<BR><BR>[Called By]<UL><LI><a href="#[382]">&gt;&gt;</a>&nbsp;&nbsp;&nbsp;after_wfi
<LI><a href="#[2a2]">&gt;&gt;</a>&nbsp;&nbsp;&nbsp;analog_init (via Veneer)
</UL>

<P><STRONG><a name="[320]"></a>disable_global_irq</STRONG> (Thumb, 4 bytes, Stack size 0 bytes, cpu.o(.xip_banned.disable_global_irq))
<BR><BR>[Called By]<UL><LI><a href="#[f8]">&gt;&gt;</a>&nbsp;&nbsp;&nbsp;ls_assert (via Veneer)
<LI><a href="#[37b]">&gt;&gt;</a>&nbsp;&nbsp;&nbsp;ls_ram_assert
<LI><a href="#[1e0]">&gt;&gt;</a>&nbsp;&nbsp;&nbsp;stack_assert_c (via Veneer)
</UL>

<P><STRONG><a name="[7e]"></a>do_hal_flash_chip_erase_func</STRONG> (Thumb, 12 bytes, Stack size 8 bytes, ls_hal_flash_qspi.o(.xip_banned.do_hal_flash_chip_erase_func))
<BR><BR>[Stack]<UL><LI>Max Depth = 16<LI>Call Chain = do_hal_flash_chip_erase_func &rArr; lsqspi_stig_send_command
</UL>
<BR>[Calls]<UL><LI><a href="#[390]">&gt;&gt;</a>&nbsp;&nbsp;&nbsp;lsqspi_stig_send_command
</UL>
<BR>[Address Reference Count : 1]<UL><LI> ls_hal_flash.o(i.do_hal_flash_chip_erase)
</UL>
<P><STRONG><a name="[7f]"></a>do_hal_flash_erase_func</STRONG> (Thumb, 18 bytes, Stack size 16 bytes, ls_hal_flash_qspi.o(.xip_banned.do_hal_flash_erase_func))
<BR><BR>[Stack]<UL><LI>Max Depth = 88<LI>Call Chain = do_hal_flash_erase_func &rArr; lsqspi_stig_write_register &rArr; lsqspi_stig_write_data &rArr; stig_rd_wr
</UL>
<BR>[Calls]<UL><LI><a href="#[391]">&gt;&gt;</a>&nbsp;&nbsp;&nbsp;lsqspi_stig_write_register
</UL>
<BR>[Address Reference Count : 1]<UL><LI> ls_hal_flash.o(i.do_hal_flash_erase)
</UL>
<P><STRONG><a name="[80]"></a>do_hal_flash_erase_security_area_func</STRONG> (Thumb, 16 bytes, Stack size 8 bytes, ls_hal_flash_qspi.o(.xip_banned.do_hal_flash_erase_security_area_func))
<BR><BR>[Stack]<UL><LI>Max Depth = 80<LI>Call Chain = do_hal_flash_erase_security_area_func &rArr; lsqspi_stig_write_register &rArr; lsqspi_stig_write_data &rArr; stig_rd_wr
</UL>
<BR>[Calls]<UL><LI><a href="#[391]">&gt;&gt;</a>&nbsp;&nbsp;&nbsp;lsqspi_stig_write_register
</UL>
<BR>[Address Reference Count : 1]<UL><LI> ls_hal_flash.o(i.do_hal_flash_erase_security_area)
</UL>
<P><STRONG><a name="[7]"></a>do_hal_flash_prog_func</STRONG> (Thumb, 12 bytes, Stack size 8 bytes, ls_hal_flash_qspi.o(.xip_banned.do_hal_flash_prog_func))
<BR><BR>[Stack]<UL><LI>Max Depth = 48<LI>Call Chain = do_hal_flash_prog_func &rArr; lsqspi_stig_write_data &rArr; stig_rd_wr
</UL>
<BR>[Calls]<UL><LI><a href="#[392]">&gt;&gt;</a>&nbsp;&nbsp;&nbsp;lsqspi_stig_write_data
</UL>
<BR>[Address Reference Count : 2]<UL><LI> ls_hal_flash.o(.xip_banned.flash_writing_critical)
<LI> ls_hal_flash_qspi.o(i.do_hal_flash_program)
</UL>
<P><STRONG><a name="[81]"></a>do_hal_flash_program_security_area_func</STRONG> (Thumb, 12 bytes, Stack size 8 bytes, ls_hal_flash_qspi.o(.xip_banned.do_hal_flash_program_security_area_func))
<BR><BR>[Stack]<UL><LI>Max Depth = 48<LI>Call Chain = do_hal_flash_program_security_area_func &rArr; lsqspi_stig_write_data &rArr; stig_rd_wr
</UL>
<BR>[Calls]<UL><LI><a href="#[392]">&gt;&gt;</a>&nbsp;&nbsp;&nbsp;lsqspi_stig_write_data
</UL>
<BR>[Address Reference Count : 1]<UL><LI> ls_hal_flash_qspi.o(i.do_hal_flash_program_security_area)
</UL>
<P><STRONG><a name="[82]"></a>do_hal_flash_read_func</STRONG> (Thumb, 12 bytes, Stack size 8 bytes, ls_hal_flash_qspi.o(.xip_banned.do_hal_flash_read_func))
<BR><BR>[Stack]<UL><LI>Max Depth = 48<LI>Call Chain = do_hal_flash_read_func &rArr; lsqspi_stig_read_data &rArr; stig_rd_wr
</UL>
<BR>[Calls]<UL><LI><a href="#[393]">&gt;&gt;</a>&nbsp;&nbsp;&nbsp;lsqspi_stig_read_data
</UL>
<BR>[Address Reference Count : 1]<UL><LI> ls_hal_flash.o(i.do_hal_flash_read)
</UL>
<P><STRONG><a name="[83]"></a>do_hal_flash_read_reg_func</STRONG> (Thumb, 18 bytes, Stack size 16 bytes, ls_hal_flash_qspi.o(.xip_banned.do_hal_flash_read_reg_func))
<BR><BR>[Stack]<UL><LI>Max Depth = 88<LI>Call Chain = do_hal_flash_read_reg_func &rArr; lsqspi_stig_read_register &rArr; lsqspi_stig_read_data &rArr; stig_rd_wr
</UL>
<BR>[Calls]<UL><LI><a href="#[394]">&gt;&gt;</a>&nbsp;&nbsp;&nbsp;lsqspi_stig_read_register
</UL>
<BR>[Address Reference Count : 1]<UL><LI> ls_hal_flash.o(i.do_hal_flash_read_reg)
</UL>
<P><STRONG><a name="[84]"></a>do_hal_flash_read_security_area_func</STRONG> (Thumb, 12 bytes, Stack size 8 bytes, ls_hal_flash_qspi.o(.xip_banned.do_hal_flash_read_security_area_func))
<BR><BR>[Stack]<UL><LI>Max Depth = 48<LI>Call Chain = do_hal_flash_read_security_area_func &rArr; lsqspi_stig_read_data &rArr; stig_rd_wr
</UL>
<BR>[Calls]<UL><LI><a href="#[393]">&gt;&gt;</a>&nbsp;&nbsp;&nbsp;lsqspi_stig_read_data
</UL>
<BR>[Address Reference Count : 1]<UL><LI> ls_hal_flash_qspi.o(i.do_hal_flash_read_security_area)
</UL>
<P><STRONG><a name="[92]"></a>enter_critical</STRONG> (Thumb, 12 bytes, Stack size 0 bytes, cpu.o(.xip_banned.enter_critical))
<BR><BR>[Called By]<UL><LI><a href="#[2db]">&gt;&gt;</a>&nbsp;&nbsp;&nbsp;flash_writing_critical
<LI><a href="#[380]">&gt;&gt;</a>&nbsp;&nbsp;&nbsp;hal_flash_xip_stop
<LI><a href="#[37f]">&gt;&gt;</a>&nbsp;&nbsp;&nbsp;hal_flash_xip_start
<LI><a href="#[3a1]">&gt;&gt;</a>&nbsp;&nbsp;&nbsp;stig_rd_wr
<LI><a href="#[2ac]">&gt;&gt;</a>&nbsp;&nbsp;&nbsp;sleep_process (via Veneer)
<LI><a href="#[91]">&gt;&gt;</a>&nbsp;&nbsp;&nbsp;idiv_acc (via Veneer)
</UL>
<BR>[Address Reference Count : 1]<UL><LI> stack_var.o(i.stack_var_ptr_init)
</UL>
<P><STRONG><a name="[93]"></a>exit_critical</STRONG> (Thumb, 8 bytes, Stack size 0 bytes, cpu.o(.xip_banned.exit_critical))
<BR><BR>[Called By]<UL><LI><a href="#[2db]">&gt;&gt;</a>&nbsp;&nbsp;&nbsp;flash_writing_critical
<LI><a href="#[380]">&gt;&gt;</a>&nbsp;&nbsp;&nbsp;hal_flash_xip_stop
<LI><a href="#[37f]">&gt;&gt;</a>&nbsp;&nbsp;&nbsp;hal_flash_xip_start
<LI><a href="#[3a1]">&gt;&gt;</a>&nbsp;&nbsp;&nbsp;stig_rd_wr
<LI><a href="#[2ac]">&gt;&gt;</a>&nbsp;&nbsp;&nbsp;sleep_process (via Veneer)
<LI><a href="#[91]">&gt;&gt;</a>&nbsp;&nbsp;&nbsp;idiv_acc (via Veneer)
</UL>
<BR>[Address Reference Count : 1]<UL><LI> stack_var.o(i.stack_var_ptr_init)
</UL>
<P><STRONG><a name="[2dc]"></a>flash_reading_critical</STRONG> (Thumb, 20 bytes, Stack size 16 bytes, ls_hal_flash.o(.xip_banned.flash_reading_critical))
<BR><BR>[Stack]<UL><LI>Max Depth = 104<LI>Call Chain = flash_reading_critical &rArr; hal_flash_xip_start &rArr; quad_io_read_dummy &rArr; lsqspi_stig_read_data &rArr; stig_rd_wr
</UL>
<BR>[Calls]<UL><LI><a href="#[380]">&gt;&gt;</a>&nbsp;&nbsp;&nbsp;hal_flash_xip_stop
<LI><a href="#[37f]">&gt;&gt;</a>&nbsp;&nbsp;&nbsp;hal_flash_xip_start
</UL>
<BR>[Called By]<UL><LI><a href="#[a6]">&gt;&gt;</a>&nbsp;&nbsp;&nbsp;do_hal_flash_read_reg (via Veneer)
<LI><a href="#[a1]">&gt;&gt;</a>&nbsp;&nbsp;&nbsp;do_hal_flash_read (via Veneer)
<LI><a href="#[a5]">&gt;&gt;</a>&nbsp;&nbsp;&nbsp;do_hal_flash_read_security_area (via Veneer)
</UL>

<P><STRONG><a name="[2db]"></a>flash_writing_critical</STRONG> (Thumb, 188 bytes, Stack size 24 bytes, ls_hal_flash.o(.xip_banned.flash_writing_critical))
<BR><BR>[Stack]<UL><LI>Max Depth = 120<LI>Call Chain = flash_writing_critical &rArr; hal_flash_write_status_check &rArr; hal_flash_write_in_process &rArr; hal_flash_read_status_register_0 &rArr; lsqspi_stig_read_register &rArr; lsqspi_stig_read_data &rArr; stig_rd_wr
</UL>
<BR>[Calls]<UL><LI><a href="#[289]">&gt;&gt;</a>&nbsp;&nbsp;&nbsp;arm_cm_delay_asm
<LI><a href="#[1e3]">&gt;&gt;</a>&nbsp;&nbsp;&nbsp;systick_poll_timeout
<LI><a href="#[1e2]">&gt;&gt;</a>&nbsp;&nbsp;&nbsp;systick_get_value
<LI><a href="#[380]">&gt;&gt;</a>&nbsp;&nbsp;&nbsp;hal_flash_xip_stop
<LI><a href="#[37f]">&gt;&gt;</a>&nbsp;&nbsp;&nbsp;hal_flash_xip_start
<LI><a href="#[395]">&gt;&gt;</a>&nbsp;&nbsp;&nbsp;hal_flash_write_enable
<LI><a href="#[396]">&gt;&gt;</a>&nbsp;&nbsp;&nbsp;hal_flash_write_status_check
<LI><a href="#[93]">&gt;&gt;</a>&nbsp;&nbsp;&nbsp;exit_critical
<LI><a href="#[92]">&gt;&gt;</a>&nbsp;&nbsp;&nbsp;enter_critical
</UL>
<BR>[Called By]<UL><LI><a href="#[a3]">&gt;&gt;</a>&nbsp;&nbsp;&nbsp;do_hal_flash_erase_security_area (via Veneer)
<LI><a href="#[a0]">&gt;&gt;</a>&nbsp;&nbsp;&nbsp;do_hal_flash_erase (via Veneer)
<LI><a href="#[a2]">&gt;&gt;</a>&nbsp;&nbsp;&nbsp;do_hal_flash_chip_erase (via Veneer)
<LI><a href="#[a4]">&gt;&gt;</a>&nbsp;&nbsp;&nbsp;do_hal_flash_program_security_area (via Veneer)
<LI><a href="#[9f]">&gt;&gt;</a>&nbsp;&nbsp;&nbsp;do_hal_flash_program (via Veneer)
</UL>

<P><STRONG><a name="[38a]"></a>hal_flash_deep_power_down</STRONG> (Thumb, 10 bytes, Stack size 8 bytes, ls_hal_flash_qspi.o(.xip_banned.hal_flash_deep_power_down))
<BR><BR>[Stack]<UL><LI>Max Depth = 16<LI>Call Chain = hal_flash_deep_power_down &rArr; lsqspi_stig_send_command
</UL>
<BR>[Calls]<UL><LI><a href="#[390]">&gt;&gt;</a>&nbsp;&nbsp;&nbsp;lsqspi_stig_send_command
</UL>
<BR>[Called By]<UL><LI><a href="#[2c7]">&gt;&gt;</a>&nbsp;&nbsp;&nbsp;cpu_flash_deep_sleep_and_recover
</UL>

<P><STRONG><a name="[376]"></a>hal_flash_drv_var_init</STRONG> (Thumb, 20 bytes, Stack size 16 bytes, ls_hal_flash.o(.xip_banned.hal_flash_drv_var_init))
<BR><BR>[Stack]<UL><LI>Max Depth = 16<LI>Call Chain = hal_flash_drv_var_init
</UL>
<BR>[Calls]<UL><LI><a href="#[397]">&gt;&gt;</a>&nbsp;&nbsp;&nbsp;hal_flash_xip_status_set
<LI><a href="#[398]">&gt;&gt;</a>&nbsp;&nbsp;&nbsp;hal_flash_writing_status_set
</UL>
<BR>[Called By]<UL><LI><a href="#[35e]">&gt;&gt;</a>&nbsp;&nbsp;&nbsp;var_init (via Veneer)
</UL>

<P><STRONG><a name="[300]"></a>hal_flash_dual_mode_get</STRONG> (Thumb, 6 bytes, Stack size 0 bytes, ls_hal_flash.o(.xip_banned.hal_flash_dual_mode_get))
<BR><BR>[Called By]<UL><LI><a href="#[173]">&gt;&gt;</a>&nbsp;&nbsp;&nbsp;hal_flash_multi_io_read (via Veneer)
<LI><a href="#[1df]">&gt;&gt;</a>&nbsp;&nbsp;&nbsp;hal_flash_multi_io_page_program (via Veneer)
</UL>

<P><STRONG><a name="[38e]"></a>hal_flash_init</STRONG> (Thumb, 8 bytes, Stack size 8 bytes, ls_hal_flash_qspi.o(.xip_banned.hal_flash_init))
<BR><BR>[Stack]<UL><LI>Max Depth = 16<LI>Call Chain = hal_flash_init &rArr; lsqspi_init
</UL>
<BR>[Calls]<UL><LI><a href="#[399]">&gt;&gt;</a>&nbsp;&nbsp;&nbsp;lsqspi_init
</UL>
<BR>[Called By]<UL><LI><a href="#[2c7]">&gt;&gt;</a>&nbsp;&nbsp;&nbsp;cpu_flash_deep_sleep_and_recover
</UL>

<P><STRONG><a name="[381]"></a>hal_flash_prog_erase_resume</STRONG> (Thumb, 10 bytes, Stack size 8 bytes, ls_hal_flash_qspi.o(.xip_banned.hal_flash_prog_erase_resume))
<BR><BR>[Stack]<UL><LI>Max Depth = 16<LI>Call Chain = hal_flash_prog_erase_resume &rArr; lsqspi_stig_send_command
</UL>
<BR>[Calls]<UL><LI><a href="#[390]">&gt;&gt;</a>&nbsp;&nbsp;&nbsp;lsqspi_stig_send_command
</UL>
<BR>[Called By]<UL><LI><a href="#[4b]">&gt;&gt;</a>&nbsp;&nbsp;&nbsp;BLE_Handler
</UL>

<P><STRONG><a name="[37c]"></a>hal_flash_prog_erase_suspend</STRONG> (Thumb, 10 bytes, Stack size 8 bytes, ls_hal_flash_qspi.o(.xip_banned.hal_flash_prog_erase_suspend))
<BR><BR>[Stack]<UL><LI>Max Depth = 16<LI>Call Chain = hal_flash_prog_erase_suspend &rArr; lsqspi_stig_send_command
</UL>
<BR>[Calls]<UL><LI><a href="#[390]">&gt;&gt;</a>&nbsp;&nbsp;&nbsp;lsqspi_stig_send_command
</UL>
<BR>[Called By]<UL><LI><a href="#[4b]">&gt;&gt;</a>&nbsp;&nbsp;&nbsp;BLE_Handler
</UL>

<P><STRONG><a name="[39a]"></a>hal_flash_read_status_register_0</STRONG> (Thumb, 16 bytes, Stack size 8 bytes, ls_hal_flash_qspi.o(.xip_banned.hal_flash_read_status_register_0))
<BR><BR>[Stack]<UL><LI>Max Depth = 80<LI>Call Chain = hal_flash_read_status_register_0 &rArr; lsqspi_stig_read_register &rArr; lsqspi_stig_read_data &rArr; stig_rd_wr
</UL>
<BR>[Calls]<UL><LI><a href="#[394]">&gt;&gt;</a>&nbsp;&nbsp;&nbsp;lsqspi_stig_read_register
</UL>
<BR>[Called By]<UL><LI><a href="#[37e]">&gt;&gt;</a>&nbsp;&nbsp;&nbsp;hal_flash_write_in_process
</UL>

<P><STRONG><a name="[37d]"></a>hal_flash_read_status_register_1</STRONG> (Thumb, 16 bytes, Stack size 8 bytes, ls_hal_flash_qspi.o(.xip_banned.hal_flash_read_status_register_1))
<BR><BR>[Stack]<UL><LI>Max Depth = 80<LI>Call Chain = hal_flash_read_status_register_1 &rArr; lsqspi_stig_read_register &rArr; lsqspi_stig_read_data &rArr; stig_rd_wr
</UL>
<BR>[Calls]<UL><LI><a href="#[394]">&gt;&gt;</a>&nbsp;&nbsp;&nbsp;lsqspi_stig_read_register
</UL>
<BR>[Called By]<UL><LI><a href="#[4b]">&gt;&gt;</a>&nbsp;&nbsp;&nbsp;BLE_Handler
</UL>

<P><STRONG><a name="[38f]"></a>hal_flash_release_from_deep_power_down</STRONG> (Thumb, 10 bytes, Stack size 8 bytes, ls_hal_flash_qspi.o(.xip_banned.hal_flash_release_from_deep_power_down))
<BR><BR>[Stack]<UL><LI>Max Depth = 16<LI>Call Chain = hal_flash_release_from_deep_power_down &rArr; lsqspi_stig_send_command
</UL>
<BR>[Calls]<UL><LI><a href="#[390]">&gt;&gt;</a>&nbsp;&nbsp;&nbsp;lsqspi_stig_send_command
</UL>
<BR>[Called By]<UL><LI><a href="#[2c7]">&gt;&gt;</a>&nbsp;&nbsp;&nbsp;cpu_flash_deep_sleep_and_recover
</UL>

<P><STRONG><a name="[395]"></a>hal_flash_write_enable</STRONG> (Thumb, 10 bytes, Stack size 8 bytes, ls_hal_flash_qspi.o(.xip_banned.hal_flash_write_enable))
<BR><BR>[Stack]<UL><LI>Max Depth = 16<LI>Call Chain = hal_flash_write_enable &rArr; lsqspi_stig_send_command
</UL>
<BR>[Calls]<UL><LI><a href="#[390]">&gt;&gt;</a>&nbsp;&nbsp;&nbsp;lsqspi_stig_send_command
</UL>
<BR>[Called By]<UL><LI><a href="#[2db]">&gt;&gt;</a>&nbsp;&nbsp;&nbsp;flash_writing_critical
</UL>

<P><STRONG><a name="[37e]"></a>hal_flash_write_in_process</STRONG> (Thumb, 18 bytes, Stack size 8 bytes, ls_hal_flash.o(.xip_banned.hal_flash_write_in_process))
<BR><BR>[Stack]<UL><LI>Max Depth = 88<LI>Call Chain = hal_flash_write_in_process &rArr; hal_flash_read_status_register_0 &rArr; lsqspi_stig_read_register &rArr; lsqspi_stig_read_data &rArr; stig_rd_wr
</UL>
<BR>[Calls]<UL><LI><a href="#[39a]">&gt;&gt;</a>&nbsp;&nbsp;&nbsp;hal_flash_read_status_register_0
</UL>
<BR>[Called By]<UL><LI><a href="#[396]">&gt;&gt;</a>&nbsp;&nbsp;&nbsp;hal_flash_write_status_check
<LI><a href="#[4b]">&gt;&gt;</a>&nbsp;&nbsp;&nbsp;BLE_Handler
</UL>

<P><STRONG><a name="[379]"></a>hal_flash_writing_busy</STRONG> (Thumb, 6 bytes, Stack size 0 bytes, ls_hal_flash.o(.xip_banned.hal_flash_writing_busy))
<BR><BR>[Called By]<UL><LI><a href="#[4b]">&gt;&gt;</a>&nbsp;&nbsp;&nbsp;BLE_Handler
</UL>

<P><STRONG><a name="[398]"></a>hal_flash_writing_status_set</STRONG> (Thumb, 6 bytes, Stack size 0 bytes, ls_hal_flash.o(.xip_banned.hal_flash_writing_status_set))
<BR><BR>[Called By]<UL><LI><a href="#[376]">&gt;&gt;</a>&nbsp;&nbsp;&nbsp;hal_flash_drv_var_init
</UL>

<P><STRONG><a name="[37f]"></a>hal_flash_xip_start</STRONG> (Thumb, 104 bytes, Stack size 16 bytes, ls_hal_flash_qspi.o(.xip_banned.hal_flash_xip_start))
<BR><BR>[Stack]<UL><LI>Max Depth = 88<LI>Call Chain = hal_flash_xip_start &rArr; quad_io_read_dummy &rArr; lsqspi_stig_read_data &rArr; stig_rd_wr
</UL>
<BR>[Calls]<UL><LI><a href="#[397]">&gt;&gt;</a>&nbsp;&nbsp;&nbsp;hal_flash_xip_status_set
<LI><a href="#[37a]">&gt;&gt;</a>&nbsp;&nbsp;&nbsp;hal_flash_xip_status_get
<LI><a href="#[93]">&gt;&gt;</a>&nbsp;&nbsp;&nbsp;exit_critical
<LI><a href="#[92]">&gt;&gt;</a>&nbsp;&nbsp;&nbsp;enter_critical
<LI><a href="#[39c]">&gt;&gt;</a>&nbsp;&nbsp;&nbsp;lsqspi_direct_read_config
<LI><a href="#[39b]">&gt;&gt;</a>&nbsp;&nbsp;&nbsp;quad_io_read_dummy
</UL>
<BR>[Called By]<UL><LI><a href="#[2db]">&gt;&gt;</a>&nbsp;&nbsp;&nbsp;flash_writing_critical
<LI><a href="#[2dc]">&gt;&gt;</a>&nbsp;&nbsp;&nbsp;flash_reading_critical
<LI><a href="#[2c7]">&gt;&gt;</a>&nbsp;&nbsp;&nbsp;cpu_flash_deep_sleep_and_recover
<LI><a href="#[4b]">&gt;&gt;</a>&nbsp;&nbsp;&nbsp;BLE_Handler
</UL>

<P><STRONG><a name="[37a]"></a>hal_flash_xip_status_get</STRONG> (Thumb, 6 bytes, Stack size 0 bytes, ls_hal_flash.o(.xip_banned.hal_flash_xip_status_get))
<BR><BR>[Called By]<UL><LI><a href="#[380]">&gt;&gt;</a>&nbsp;&nbsp;&nbsp;hal_flash_xip_stop
<LI><a href="#[37f]">&gt;&gt;</a>&nbsp;&nbsp;&nbsp;hal_flash_xip_start
<LI><a href="#[4b]">&gt;&gt;</a>&nbsp;&nbsp;&nbsp;BLE_Handler
</UL>

<P><STRONG><a name="[397]"></a>hal_flash_xip_status_set</STRONG> (Thumb, 6 bytes, Stack size 0 bytes, ls_hal_flash.o(.xip_banned.hal_flash_xip_status_set))
<BR><BR>[Called By]<UL><LI><a href="#[376]">&gt;&gt;</a>&nbsp;&nbsp;&nbsp;hal_flash_drv_var_init
<LI><a href="#[380]">&gt;&gt;</a>&nbsp;&nbsp;&nbsp;hal_flash_xip_stop
<LI><a href="#[37f]">&gt;&gt;</a>&nbsp;&nbsp;&nbsp;hal_flash_xip_start
</UL>

<P><STRONG><a name="[380]"></a>hal_flash_xip_stop</STRONG> (Thumb, 42 bytes, Stack size 8 bytes, ls_hal_flash_qspi.o(.xip_banned.hal_flash_xip_stop))
<BR><BR>[Stack]<UL><LI>Max Depth = 80<LI>Call Chain = hal_flash_xip_stop &rArr; quad_io_read_dummy &rArr; lsqspi_stig_read_data &rArr; stig_rd_wr
</UL>
<BR>[Calls]<UL><LI><a href="#[397]">&gt;&gt;</a>&nbsp;&nbsp;&nbsp;hal_flash_xip_status_set
<LI><a href="#[37a]">&gt;&gt;</a>&nbsp;&nbsp;&nbsp;hal_flash_xip_status_get
<LI><a href="#[93]">&gt;&gt;</a>&nbsp;&nbsp;&nbsp;exit_critical
<LI><a href="#[92]">&gt;&gt;</a>&nbsp;&nbsp;&nbsp;enter_critical
<LI><a href="#[39b]">&gt;&gt;</a>&nbsp;&nbsp;&nbsp;quad_io_read_dummy
</UL>
<BR>[Called By]<UL><LI><a href="#[2db]">&gt;&gt;</a>&nbsp;&nbsp;&nbsp;flash_writing_critical
<LI><a href="#[2dc]">&gt;&gt;</a>&nbsp;&nbsp;&nbsp;flash_reading_critical
<LI><a href="#[2c7]">&gt;&gt;</a>&nbsp;&nbsp;&nbsp;cpu_flash_deep_sleep_and_recover
<LI><a href="#[4b]">&gt;&gt;</a>&nbsp;&nbsp;&nbsp;BLE_Handler
</UL>

<P><STRONG><a name="[385]"></a>iwdg_check</STRONG> (Thumb, 60 bytes, Stack size 0 bytes, sleep.o(.xip_banned.iwdg_check))
<BR><BR>[Called By]<UL><LI><a href="#[386]">&gt;&gt;</a>&nbsp;&nbsp;&nbsp;before_wfi
<LI><a href="#[382]">&gt;&gt;</a>&nbsp;&nbsp;&nbsp;after_wfi
</UL>

<P><STRONG><a name="[37b]"></a>ls_ram_assert</STRONG> (Thumb, 8 bytes, Stack size 0 bytes, ls_dbg.o(.xip_banned.ls_ram_assert))
<BR><BR>[Calls]<UL><LI><a href="#[320]">&gt;&gt;</a>&nbsp;&nbsp;&nbsp;disable_global_irq
</UL>
<BR>[Called By]<UL><LI><a href="#[391]">&gt;&gt;</a>&nbsp;&nbsp;&nbsp;lsqspi_stig_write_register
<LI><a href="#[394]">&gt;&gt;</a>&nbsp;&nbsp;&nbsp;lsqspi_stig_read_register
<LI><a href="#[39b]">&gt;&gt;</a>&nbsp;&nbsp;&nbsp;quad_io_read_dummy
<LI><a href="#[382]">&gt;&gt;</a>&nbsp;&nbsp;&nbsp;after_wfi
<LI><a href="#[4b]">&gt;&gt;</a>&nbsp;&nbsp;&nbsp;BLE_Handler
</UL>

<P><STRONG><a name="[3a0]"></a>lsqspi_baudrate_get</STRONG> (Thumb, 4 bytes, Stack size 0 bytes, ls_msp_qspi.o(.xip_banned.lsqspi_baudrate_get))
<BR><BR>[Called By]<UL><LI><a href="#[399]">&gt;&gt;</a>&nbsp;&nbsp;&nbsp;lsqspi_init
</UL>

<P><STRONG><a name="[39c]"></a>lsqspi_direct_read_config</STRONG> (Thumb, 70 bytes, Stack size 0 bytes, ls_hal_qspi.o(.xip_banned.lsqspi_direct_read_config))
<BR><BR>[Called By]<UL><LI><a href="#[37f]">&gt;&gt;</a>&nbsp;&nbsp;&nbsp;hal_flash_xip_start
</UL>

<P><STRONG><a name="[39e]"></a>lsqspi_dly_get</STRONG> (Thumb, 4 bytes, Stack size 0 bytes, ls_msp_qspi.o(.xip_banned.lsqspi_dly_get))
<BR><BR>[Called By]<UL><LI><a href="#[399]">&gt;&gt;</a>&nbsp;&nbsp;&nbsp;lsqspi_init
</UL>

<P><STRONG><a name="[399]"></a>lsqspi_init</STRONG> (Thumb, 54 bytes, Stack size 8 bytes, ls_hal_qspi.o(.xip_banned.lsqspi_init))
<BR><BR>[Stack]<UL><LI>Max Depth = 8<LI>Call Chain = lsqspi_init
</UL>
<BR>[Calls]<UL><LI><a href="#[39f]">&gt;&gt;</a>&nbsp;&nbsp;&nbsp;lsqspi_rd_cap_dly_get
<LI><a href="#[39d]">&gt;&gt;</a>&nbsp;&nbsp;&nbsp;lsqspi_msp_init
<LI><a href="#[39e]">&gt;&gt;</a>&nbsp;&nbsp;&nbsp;lsqspi_dly_get
<LI><a href="#[3a0]">&gt;&gt;</a>&nbsp;&nbsp;&nbsp;lsqspi_baudrate_get
</UL>
<BR>[Called By]<UL><LI><a href="#[38e]">&gt;&gt;</a>&nbsp;&nbsp;&nbsp;hal_flash_init
</UL>

<P><STRONG><a name="[39d]"></a>lsqspi_msp_init</STRONG> (Thumb, 58 bytes, Stack size 0 bytes, ls_msp_qspi.o(.xip_banned.lsqspi_msp_init))
<BR><BR>[Called By]<UL><LI><a href="#[399]">&gt;&gt;</a>&nbsp;&nbsp;&nbsp;lsqspi_init
</UL>

<P><STRONG><a name="[39f]"></a>lsqspi_rd_cap_dly_get</STRONG> (Thumb, 4 bytes, Stack size 0 bytes, ls_msp_qspi.o(.xip_banned.lsqspi_rd_cap_dly_get))
<BR><BR>[Called By]<UL><LI><a href="#[399]">&gt;&gt;</a>&nbsp;&nbsp;&nbsp;lsqspi_init
</UL>

<P><STRONG><a name="[393]"></a>lsqspi_stig_read_data</STRONG> (Thumb, 16 bytes, Stack size 8 bytes, ls_hal_qspi.o(.xip_banned.lsqspi_stig_read_data))
<BR><BR>[Stack]<UL><LI>Max Depth = 40<LI>Call Chain = lsqspi_stig_read_data &rArr; stig_rd_wr
</UL>
<BR>[Calls]<UL><LI><a href="#[3a1]">&gt;&gt;</a>&nbsp;&nbsp;&nbsp;stig_rd_wr
</UL>
<BR>[Called By]<UL><LI><a href="#[82]">&gt;&gt;</a>&nbsp;&nbsp;&nbsp;do_hal_flash_read_func
<LI><a href="#[394]">&gt;&gt;</a>&nbsp;&nbsp;&nbsp;lsqspi_stig_read_register
<LI><a href="#[84]">&gt;&gt;</a>&nbsp;&nbsp;&nbsp;do_hal_flash_read_security_area_func
<LI><a href="#[39b]">&gt;&gt;</a>&nbsp;&nbsp;&nbsp;quad_io_read_dummy
</UL>

<P><STRONG><a name="[394]"></a>lsqspi_stig_read_register</STRONG> (Thumb, 98 bytes, Stack size 32 bytes, ls_hal_qspi.o(.xip_banned.lsqspi_stig_read_register))
<BR><BR>[Stack]<UL><LI>Max Depth = 72<LI>Call Chain = lsqspi_stig_read_register &rArr; lsqspi_stig_read_data &rArr; stig_rd_wr
</UL>
<BR>[Calls]<UL><LI><a href="#[393]">&gt;&gt;</a>&nbsp;&nbsp;&nbsp;lsqspi_stig_read_data
<LI><a href="#[37b]">&gt;&gt;</a>&nbsp;&nbsp;&nbsp;ls_ram_assert
</UL>
<BR>[Called By]<UL><LI><a href="#[37d]">&gt;&gt;</a>&nbsp;&nbsp;&nbsp;hal_flash_read_status_register_1
<LI><a href="#[39a]">&gt;&gt;</a>&nbsp;&nbsp;&nbsp;hal_flash_read_status_register_0
<LI><a href="#[83]">&gt;&gt;</a>&nbsp;&nbsp;&nbsp;do_hal_flash_read_reg_func
</UL>

<P><STRONG><a name="[390]"></a>lsqspi_stig_send_command</STRONG> (Thumb, 26 bytes, Stack size 8 bytes, ls_hal_qspi.o(.xip_banned.lsqspi_stig_send_command))
<BR><BR>[Stack]<UL><LI>Max Depth = 8<LI>Call Chain = lsqspi_stig_send_command
</UL>
<BR>[Calls]<UL><LI><a href="#[3a2]">&gt;&gt;</a>&nbsp;&nbsp;&nbsp;lsqspi_operation_wait
</UL>
<BR>[Called By]<UL><LI><a href="#[395]">&gt;&gt;</a>&nbsp;&nbsp;&nbsp;hal_flash_write_enable
<LI><a href="#[7e]">&gt;&gt;</a>&nbsp;&nbsp;&nbsp;do_hal_flash_chip_erase_func
<LI><a href="#[38f]">&gt;&gt;</a>&nbsp;&nbsp;&nbsp;hal_flash_release_from_deep_power_down
<LI><a href="#[37c]">&gt;&gt;</a>&nbsp;&nbsp;&nbsp;hal_flash_prog_erase_suspend
<LI><a href="#[381]">&gt;&gt;</a>&nbsp;&nbsp;&nbsp;hal_flash_prog_erase_resume
<LI><a href="#[38a]">&gt;&gt;</a>&nbsp;&nbsp;&nbsp;hal_flash_deep_power_down
</UL>

<P><STRONG><a name="[392]"></a>lsqspi_stig_write_data</STRONG> (Thumb, 16 bytes, Stack size 8 bytes, ls_hal_qspi.o(.xip_banned.lsqspi_stig_write_data))
<BR><BR>[Stack]<UL><LI>Max Depth = 40<LI>Call Chain = lsqspi_stig_write_data &rArr; stig_rd_wr
</UL>
<BR>[Calls]<UL><LI><a href="#[3a1]">&gt;&gt;</a>&nbsp;&nbsp;&nbsp;stig_rd_wr
</UL>
<BR>[Called By]<UL><LI><a href="#[7]">&gt;&gt;</a>&nbsp;&nbsp;&nbsp;do_hal_flash_prog_func
<LI><a href="#[391]">&gt;&gt;</a>&nbsp;&nbsp;&nbsp;lsqspi_stig_write_register
<LI><a href="#[81]">&gt;&gt;</a>&nbsp;&nbsp;&nbsp;do_hal_flash_program_security_area_func
</UL>

<P><STRONG><a name="[391]"></a>lsqspi_stig_write_register</STRONG> (Thumb, 98 bytes, Stack size 32 bytes, ls_hal_qspi.o(.xip_banned.lsqspi_stig_write_register))
<BR><BR>[Stack]<UL><LI>Max Depth = 72<LI>Call Chain = lsqspi_stig_write_register &rArr; lsqspi_stig_write_data &rArr; stig_rd_wr
</UL>
<BR>[Calls]<UL><LI><a href="#[392]">&gt;&gt;</a>&nbsp;&nbsp;&nbsp;lsqspi_stig_write_data
<LI><a href="#[37b]">&gt;&gt;</a>&nbsp;&nbsp;&nbsp;ls_ram_assert
</UL>
<BR>[Called By]<UL><LI><a href="#[80]">&gt;&gt;</a>&nbsp;&nbsp;&nbsp;do_hal_flash_erase_security_area_func
<LI><a href="#[7f]">&gt;&gt;</a>&nbsp;&nbsp;&nbsp;do_hal_flash_erase_func
</UL>

<P><STRONG><a name="[38d]"></a>power_up_hardware_modules</STRONG> (Thumb, 90 bytes, Stack size 8 bytes, sleep.o(.xip_banned.power_up_hardware_modules))
<BR><BR>[Stack]<UL><LI>Max Depth = 8<LI>Call Chain = power_up_hardware_modules
</UL>
<BR>[Called By]<UL><LI><a href="#[2c7]">&gt;&gt;</a>&nbsp;&nbsp;&nbsp;cpu_flash_deep_sleep_and_recover
</UL>

<P><STRONG><a name="[3a4]"></a>restore_psp</STRONG> (Thumb, 26 bytes, Stack size 0 bytes, sleep.o(.xip_banned.restore_psp))
<BR><BR>[Called By]<UL><LI><a href="#[7b]">&gt;&gt;</a>&nbsp;&nbsp;&nbsp;cpu_recover_asm
</UL>

<P><STRONG><a name="[38c]"></a>cpu_sleep_asm</STRONG> (Thumb, 22 bytes, Stack size 0 bytes, sleep_asm.o(.xip_banned.sleep_recover_asm))
<BR><BR>[Stack]<UL><LI>Max Depth = 16<LI>Call Chain = cpu_sleep_asm &rArr; before_wfi &rArr; sleep_mode_set
</UL>
<BR>[Calls]<UL><LI><a href="#[3a3]">&gt;&gt;</a>&nbsp;&nbsp;&nbsp;store_psp_return_msp_and_addr
<LI><a href="#[386]">&gt;&gt;</a>&nbsp;&nbsp;&nbsp;before_wfi
</UL>
<BR>[Called By]<UL><LI><a href="#[2c7]">&gt;&gt;</a>&nbsp;&nbsp;&nbsp;cpu_flash_deep_sleep_and_recover
</UL>

<P><STRONG><a name="[7b]"></a>cpu_recover_asm</STRONG> (Thumb, 20 bytes, Stack size 0 bytes, sleep_asm.o(.xip_banned.sleep_recover_asm))
<BR><BR>[Stack]<UL><LI>Max Depth = 16<LI>Call Chain = cpu_recover_asm &rArr; after_wfi &rArr; clk_switch
</UL>
<BR>[Calls]<UL><LI><a href="#[3a4]">&gt;&gt;</a>&nbsp;&nbsp;&nbsp;restore_psp
<LI><a href="#[382]">&gt;&gt;</a>&nbsp;&nbsp;&nbsp;after_wfi
</UL>
<BR>[Address Reference Count : 1]<UL><LI> platform.o(i.cpu_sleep_recover_init)
</UL>
<P><STRONG><a name="[3a3]"></a>store_psp_return_msp_and_addr</STRONG> (Thumb, 30 bytes, Stack size 0 bytes, sleep.o(.xip_banned.store_psp_return_msp_and_addr))
<BR><BR>[Called By]<UL><LI><a href="#[38c]">&gt;&gt;</a>&nbsp;&nbsp;&nbsp;cpu_sleep_asm
</UL>

<P><STRONG><a name="[34e]"></a>switch_to_xo16m</STRONG> (Thumb, 20 bytes, Stack size 0 bytes, platform.o(.xip_banned.switch_to_xo16m))
<BR><BR>[Called By]<UL><LI><a href="#[8e]">&gt;&gt;</a>&nbsp;&nbsp;&nbsp;platform_reset (via Veneer)
<LI><a href="#[386]">&gt;&gt;</a>&nbsp;&nbsp;&nbsp;before_wfi
</UL>

<P><STRONG><a name="[1e2]"></a>systick_get_value</STRONG> (Thumb, 6 bytes, Stack size 0 bytes, systick.o(.xip_banned.systick_get_value))
<BR><BR>[Called By]<UL><LI><a href="#[1e3]">&gt;&gt;</a>&nbsp;&nbsp;&nbsp;systick_poll_timeout
<LI><a href="#[1e4]">&gt;&gt;</a>&nbsp;&nbsp;&nbsp;ADC_Enable (via Veneer)
<LI><a href="#[1e1]">&gt;&gt;</a>&nbsp;&nbsp;&nbsp;ADC_ConversionStop_Disable (via Veneer)
<LI><a href="#[2db]">&gt;&gt;</a>&nbsp;&nbsp;&nbsp;flash_writing_critical
</UL>

<P><STRONG><a name="[1e3]"></a>systick_poll_timeout</STRONG> (Thumb, 58 bytes, Stack size 40 bytes, systick.o(.xip_banned.systick_poll_timeout))
<BR><BR>[Stack]<UL><LI>Max Depth = 40<LI>Call Chain = systick_poll_timeout
</UL>
<BR>[Calls]<UL><LI><a href="#[1e2]">&gt;&gt;</a>&nbsp;&nbsp;&nbsp;systick_get_value
</UL>
<BR>[Called By]<UL><LI><a href="#[1e4]">&gt;&gt;</a>&nbsp;&nbsp;&nbsp;ADC_Enable (via Veneer)
<LI><a href="#[1e1]">&gt;&gt;</a>&nbsp;&nbsp;&nbsp;ADC_ConversionStop_Disable (via Veneer)
<LI><a href="#[2db]">&gt;&gt;</a>&nbsp;&nbsp;&nbsp;flash_writing_critical
</UL>

<P><STRONG><a name="[199]"></a>__aeabi_idiv</STRONG> (Thumb, 16 bytes, Stack size 0 bytes, libfw.o(ABSOLUTE), UNUSED)
<BR><BR>[Called By]<UL><LI><a href="#[197]">&gt;&gt;</a>&nbsp;&nbsp;&nbsp;gattc_write_req_ind_handler
</UL>

<P><STRONG><a name="[17a]"></a>__aeabi_uidivmod</STRONG> (Thumb, 16 bytes, Stack size 0 bytes, libfw.o(ABSOLUTE))
<BR><BR>[Called By]<UL><LI><a href="#[296]">&gt;&gt;</a>&nbsp;&nbsp;&nbsp;__div64_32
<LI><a href="#[95]">&gt;&gt;</a>&nbsp;&nbsp;&nbsp;us_to_lpcycles
<LI><a href="#[ff]">&gt;&gt;</a>&nbsp;&nbsp;&nbsp;gap_manager_gapc_bond_req_ind_handler
<LI><a href="#[293]">&gt;&gt;</a>&nbsp;&nbsp;&nbsp;_printf_core
</UL>

<P><STRONG><a name="[198]"></a>__aeabi_idivmod</STRONG> (Thumb, 16 bytes, Stack size 0 bytes, libfw.o(ABSOLUTE))
<BR><BR>[Called By]<UL><LI><a href="#[c]">&gt;&gt;</a>&nbsp;&nbsp;&nbsp;Public_Delay_Ms
<LI><a href="#[159]">&gt;&gt;</a>&nbsp;&nbsp;&nbsp;linked_buf_get_elem_idx
<LI><a href="#[319]">&gt;&gt;</a>&nbsp;&nbsp;&nbsp;linked_buf_hdl_sanity_check
<LI><a href="#[197]">&gt;&gt;</a>&nbsp;&nbsp;&nbsp;gattc_write_req_ind_handler
</UL>

<P><STRONG><a name="[130]"></a>attm_svc_create_db</STRONG> (Thumb, 296 bytes, Stack size 0 bytes, libfw.o(ABSOLUTE))
<BR><BR>[Called By]<UL><LI><a href="#[a8]">&gt;&gt;</a>&nbsp;&nbsp;&nbsp;bass_init
<LI><a href="#[b4]">&gt;&gt;</a>&nbsp;&nbsp;&nbsp;hogpd_init
</UL>

<P><STRONG><a name="[19d]"></a>attm_reserve_handle_range</STRONG> (Thumb, 32 bytes, Stack size 0 bytes, libfw.o(ABSOLUTE))
<BR><BR>[Called By]<UL><LI><a href="#[b4]">&gt;&gt;</a>&nbsp;&nbsp;&nbsp;hogpd_init
</UL>

<P><STRONG><a name="[19f]"></a>attm_att_set_value</STRONG> (Thumb, 200 bytes, Stack size 0 bytes, libfw.o(ABSOLUTE))
<BR><BR>[Called By]<UL><LI><a href="#[b4]">&gt;&gt;</a>&nbsp;&nbsp;&nbsp;hogpd_init
</UL>

<P><STRONG><a name="[131]"></a>attm_att_set_permission</STRONG> (Thumb, 196 bytes, Stack size 0 bytes, libfw.o(ABSOLUTE))
<BR><BR>[Called By]<UL><LI><a href="#[a8]">&gt;&gt;</a>&nbsp;&nbsp;&nbsp;bass_init
</UL>

<P><STRONG><a name="[12a]"></a>gapc_get_conhdl</STRONG> (Thumb, 44 bytes, Stack size 0 bytes, libfw.o(ABSOLUTE))
<BR><BR>[Called By]<UL><LI><a href="#[ac]">&gt;&gt;</a>&nbsp;&nbsp;&nbsp;bass_enable_req_handler
<LI><a href="#[b9]">&gt;&gt;</a>&nbsp;&nbsp;&nbsp;hogpd_report_upd_req_handler
<LI><a href="#[b8]">&gt;&gt;</a>&nbsp;&nbsp;&nbsp;hogpd_enable_req_handler
</UL>

<P><STRONG><a name="[17e]"></a>gapc_get_bdaddr</STRONG> (Thumb, 40 bytes, Stack size 0 bytes, libfw.o(ABSOLUTE))
<BR><BR>[Called By]<UL><LI><a href="#[17d]">&gt;&gt;</a>&nbsp;&nbsp;&nbsp;gap_manager_get_peer_addr
</UL>

<P><STRONG><a name="[152]"></a>gapm_get_address_type</STRONG> (Thumb, 16 bytes, Stack size 0 bytes, libfw.o(ABSOLUTE))
<BR><BR>[Called By]<UL><LI><a href="#[164]">&gt;&gt;</a>&nbsp;&nbsp;&nbsp;dev_manager_get_identity_bdaddr
<LI><a href="#[54]">&gt;&gt;</a>&nbsp;&nbsp;&nbsp;bond_cfm_irk_fill
</UL>

<P><STRONG><a name="[153]"></a>gapm_get_irk</STRONG> (Thumb, 12 bytes, Stack size 0 bytes, libfw.o(ABSOLUTE))
<BR><BR>[Called By]<UL><LI><a href="#[54]">&gt;&gt;</a>&nbsp;&nbsp;&nbsp;bond_cfm_irk_fill
</UL>

<P><STRONG><a name="[151]"></a>gapm_get_bdaddr</STRONG> (Thumb, 12 bytes, Stack size 0 bytes, libfw.o(ABSOLUTE))
<BR><BR>[Called By]<UL><LI><a href="#[164]">&gt;&gt;</a>&nbsp;&nbsp;&nbsp;dev_manager_get_identity_bdaddr
<LI><a href="#[54]">&gt;&gt;</a>&nbsp;&nbsp;&nbsp;bond_cfm_irk_fill
</UL>

<P><STRONG><a name="[128]"></a>prf_env_get</STRONG> (Thumb, 48 bytes, Stack size 0 bytes, libfw.o(ABSOLUTE))
<BR><BR>[Called By]<UL><LI><a href="#[190]">&gt;&gt;</a>&nbsp;&nbsp;&nbsp;gattc_cmp_evt_handler
<LI><a href="#[ac]">&gt;&gt;</a>&nbsp;&nbsp;&nbsp;bass_enable_req_handler
<LI><a href="#[ad]">&gt;&gt;</a>&nbsp;&nbsp;&nbsp;bass_batt_level_upd_req_handler
<LI><a href="#[af]">&gt;&gt;</a>&nbsp;&nbsp;&nbsp;gattc_write_req_ind_handler
<LI><a href="#[b0]">&gt;&gt;</a>&nbsp;&nbsp;&nbsp;gattc_read_req_ind_handler
<LI><a href="#[bf]">&gt;&gt;</a>&nbsp;&nbsp;&nbsp;gattc_cmp_evt_handler
<LI><a href="#[b8]">&gt;&gt;</a>&nbsp;&nbsp;&nbsp;hogpd_enable_req_handler
<LI><a href="#[ba]">&gt;&gt;</a>&nbsp;&nbsp;&nbsp;hogpd_report_cfm_handler
<LI><a href="#[bb]">&gt;&gt;</a>&nbsp;&nbsp;&nbsp;hogpd_proto_mode_cfm_handler
<LI><a href="#[bd]">&gt;&gt;</a>&nbsp;&nbsp;&nbsp;gattc_write_req_ind_handler
<LI><a href="#[be]">&gt;&gt;</a>&nbsp;&nbsp;&nbsp;gattc_read_req_ind_handler
<LI><a href="#[bc]">&gt;&gt;</a>&nbsp;&nbsp;&nbsp;gattc_att_info_req_ind_handler
<LI><a href="#[195]">&gt;&gt;</a>&nbsp;&nbsp;&nbsp;gattc_read_req_ind_handler
<LI><a href="#[197]">&gt;&gt;</a>&nbsp;&nbsp;&nbsp;gattc_write_req_ind_handler
<LI><a href="#[193]">&gt;&gt;</a>&nbsp;&nbsp;&nbsp;gattc_read_req_ind_handler
<LI><a href="#[132]">&gt;&gt;</a>&nbsp;&nbsp;&nbsp;bass_task_init
<LI><a href="#[19b]">&gt;&gt;</a>&nbsp;&nbsp;&nbsp;hogpd_ntf_cfg_ind_send
<LI><a href="#[129]">&gt;&gt;</a>&nbsp;&nbsp;&nbsp;bass_exe_operation
<LI><a href="#[1a0]">&gt;&gt;</a>&nbsp;&nbsp;&nbsp;hogpd_task_init
<LI><a href="#[12d]">&gt;&gt;</a>&nbsp;&nbsp;&nbsp;bass_get_att_idx
<LI><a href="#[12c]">&gt;&gt;</a>&nbsp;&nbsp;&nbsp;bass_get_att_handle
<LI><a href="#[1a1]">&gt;&gt;</a>&nbsp;&nbsp;&nbsp;hogpd_ntf_send
</UL>

<P><STRONG><a name="[ea]"></a>prf_src_task_get</STRONG> (Thumb, 18 bytes, Stack size 0 bytes, libfw.o(ABSOLUTE))
<BR><BR>[Called By]<UL><LI><a href="#[12b]">&gt;&gt;</a>&nbsp;&nbsp;&nbsp;bass_notify_batt_lvl
<LI><a href="#[19b]">&gt;&gt;</a>&nbsp;&nbsp;&nbsp;hogpd_ntf_cfg_ind_send
<LI><a href="#[129]">&gt;&gt;</a>&nbsp;&nbsp;&nbsp;bass_exe_operation
<LI><a href="#[ef]">&gt;&gt;</a>&nbsp;&nbsp;&nbsp;ancc_enable_rsp_send
<LI><a href="#[e9]">&gt;&gt;</a>&nbsp;&nbsp;&nbsp;ancc_cmp_evt_send
<LI><a href="#[1a1]">&gt;&gt;</a>&nbsp;&nbsp;&nbsp;hogpd_ntf_send
</UL>

<P><STRONG><a name="[eb]"></a>prf_dst_task_get</STRONG> (Thumb, 18 bytes, Stack size 0 bytes, libfw.o(ABSOLUTE))
<BR><BR>[Called By]<UL><LI><a href="#[af]">&gt;&gt;</a>&nbsp;&nbsp;&nbsp;gattc_write_req_ind_handler
<LI><a href="#[bf]">&gt;&gt;</a>&nbsp;&nbsp;&nbsp;gattc_cmp_evt_handler
<LI><a href="#[bd]">&gt;&gt;</a>&nbsp;&nbsp;&nbsp;gattc_write_req_ind_handler
<LI><a href="#[be]">&gt;&gt;</a>&nbsp;&nbsp;&nbsp;gattc_read_req_ind_handler
<LI><a href="#[193]">&gt;&gt;</a>&nbsp;&nbsp;&nbsp;gattc_read_req_ind_handler
<LI><a href="#[19b]">&gt;&gt;</a>&nbsp;&nbsp;&nbsp;hogpd_ntf_cfg_ind_send
<LI><a href="#[ef]">&gt;&gt;</a>&nbsp;&nbsp;&nbsp;ancc_enable_rsp_send
<LI><a href="#[e9]">&gt;&gt;</a>&nbsp;&nbsp;&nbsp;ancc_cmp_evt_send
</UL>

<P><STRONG><a name="[f4]"></a>prf_get_task_from_id</STRONG> (Thumb, 56 bytes, Stack size 0 bytes, libfw.o(ABSOLUTE))
<BR><BR>[Called By]<UL><LI><a href="#[19c]">&gt;&gt;</a>&nbsp;&nbsp;&nbsp;hid_ntf_cfg_init
<LI><a href="#[126]">&gt;&gt;</a>&nbsp;&nbsp;&nbsp;bas_batt_lvl_update
<LI><a href="#[f3]">&gt;&gt;</a>&nbsp;&nbsp;&nbsp;app_hid_send_keyboard_report
<LI><a href="#[52]">&gt;&gt;</a>&nbsp;&nbsp;&nbsp;prf_hogpd_handler
</UL>

<P><STRONG><a name="[196]"></a>prf_pack_char_pres_fmt</STRONG> (Thumb, 30 bytes, Stack size 0 bytes, libfw.o(ABSOLUTE))
<BR><BR>[Called By]<UL><LI><a href="#[b0]">&gt;&gt;</a>&nbsp;&nbsp;&nbsp;gattc_read_req_ind_handler
</UL>

<P><STRONG><a name="[f1]"></a>prf_register_atthdl2gatt</STRONG> (Thumb, 56 bytes, Stack size 0 bytes, libfw.o(ABSOLUTE), UNUSED)
<BR><BR>[Called By]<UL><LI><a href="#[ef]">&gt;&gt;</a>&nbsp;&nbsp;&nbsp;ancc_enable_rsp_send
</UL>

<P><STRONG><a name="[f0]"></a>prf_unregister_atthdl2gatt</STRONG> (Thumb, 56 bytes, Stack size 0 bytes, libfw.o(ABSOLUTE), UNUSED)
<BR><BR>[Called By]<UL><LI><a href="#[ef]">&gt;&gt;</a>&nbsp;&nbsp;&nbsp;ancc_enable_rsp_send
</UL>

<P><STRONG><a name="[191]"></a>prf_check_svc_char_uuid128_validity</STRONG> (Thumb, 60 bytes, Stack size 0 bytes, libfw.o(ABSOLUTE), UNUSED)
<BR><BR>[Called By]<UL><LI><a href="#[190]">&gt;&gt;</a>&nbsp;&nbsp;&nbsp;gattc_cmp_evt_handler
</UL>

<P><STRONG><a name="[192]"></a>prf_check_svc_char_desc_uuid128_validity</STRONG> (Thumb, 54 bytes, Stack size 0 bytes, libfw.o(ABSOLUTE), UNUSED)
<BR><BR>[Called By]<UL><LI><a href="#[190]">&gt;&gt;</a>&nbsp;&nbsp;&nbsp;gattc_cmp_evt_handler
</UL>

<P><STRONG><a name="[13d]"></a>rwble_isr</STRONG> (Thumb, 68 bytes, Stack size 0 bytes, libfw.o(ABSOLUTE))
<BR><BR>[Called By]<UL><LI><a href="#[13c]">&gt;&gt;</a>&nbsp;&nbsp;&nbsp;ble_isr
</UL>

<P><STRONG><a name="[15c]"></a>lld_set_con_rssi_handler</STRONG> (Thumb, 16 bytes, Stack size 0 bytes, libfw.o(ABSOLUTE))
<BR><BR>[Called By]<UL><LI><a href="#[15b]">&gt;&gt;</a>&nbsp;&nbsp;&nbsp;con_rssi_thld_init
</UL>

<P><STRONG><a name="[1a4]"></a>em_wr</STRONG> (Thumb, 20 bytes, Stack size 0 bytes, libfw.o(ABSOLUTE))
<BR><BR>[Called By]<UL><LI><a href="#[138]">&gt;&gt;</a>&nbsp;&nbsp;&nbsp;ip_rf_init
</UL>

<P><STRONG><a name="[13a]"></a>rwip_init</STRONG> (Thumb, 176 bytes, Stack size 0 bytes, libfw.o(ABSOLUTE))
<BR><BR>[Called By]<UL><LI><a href="#[135]">&gt;&gt;</a>&nbsp;&nbsp;&nbsp;ble_init
</UL>

<P><STRONG><a name="[142]"></a>rwip_schedule</STRONG> (Thumb, 20 bytes, Stack size 0 bytes, libfw.o(ABSOLUTE))
<BR><BR>[Called By]<UL><LI><a href="#[141]">&gt;&gt;</a>&nbsp;&nbsp;&nbsp;ble_sched
</UL>

<P><STRONG><a name="[144]"></a>rwip_us_2_lpcycles</STRONG> (Thumb, 48 bytes, Stack size 0 bytes, libfw.o(ABSOLUTE))
<BR><BR>[Called By]<UL><LI><a href="#[5d]">&gt;&gt;</a>&nbsp;&nbsp;&nbsp;ble_sleep
</UL>

[...]
<LI><a href="#[ed]">&gt;&gt;</a>&nbsp;&nbsp;&nbsp;ke_msg_send
<LI><a href="#[ec]">&gt;&gt;</a>&nbsp;&nbsp;&nbsp;ke_msg_alloc
</UL>
<BR>[Called By]<UL><LI><a href="#[162]">&gt;&gt;</a>&nbsp;&nbsp;&nbsp;gapm_adv_activity_start_cmd_send
</UL>

<P><STRONG><a name="[162]"></a>gapm_adv_activity_start_cmd_send</STRONG> (Thumb, 20 bytes, Stack size unknown bytes, libfw.o(.text.gapm_adv_activity_start_cmd_send))
<BR><BR>[Stack]<UL><LI>Max Depth = 16 + Unknown Stack Size
<LI>Call Chain = gapm_adv_activity_start_cmd_send &rArr; gapm_activity_start_cmd_send &rArr; general_fifo_put
</UL>
<BR>[Calls]<UL><LI><a href="#[184]">&gt;&gt;</a>&nbsp;&nbsp;&nbsp;gapm_activity_start_cmd_send
</UL>
<BR>[Called By]<UL><LI><a href="#[16d]">&gt;&gt;</a>&nbsp;&nbsp;&nbsp;dev_manager_start_adv
<LI><a href="#[11c]">&gt;&gt;</a>&nbsp;&nbsp;&nbsp;dev_manager_gapm_set_adv_data_cmp
<LI><a href="#[11d]">&gt;&gt;</a>&nbsp;&nbsp;&nbsp;dev_manager_gapm_set_scan_rsp_data_cmp
</UL>

<P><STRONG><a name="[193]"></a>gattc_read_req_ind_handler</STRONG> (Thumb, 200 bytes, Stack size unknown bytes, libfw.o(.text.gattc_read_req_ind_handler), UNUSED)
<BR><BR>[Calls]<UL><LI><a href="#[ee]">&gt;&gt;</a>&nbsp;&nbsp;&nbsp;ke_state_set
<LI><a href="#[194]">&gt;&gt;</a>&nbsp;&nbsp;&nbsp;diss_handle_to_value
<LI><a href="#[128]">&gt;&gt;</a>&nbsp;&nbsp;&nbsp;prf_env_get
<LI><a href="#[e8]">&gt;&gt;</a>&nbsp;&nbsp;&nbsp;memcpy
<LI><a href="#[eb]">&gt;&gt;</a>&nbsp;&nbsp;&nbsp;prf_dst_task_get
<LI><a href="#[127]">&gt;&gt;</a>&nbsp;&nbsp;&nbsp;ke_state_get
<LI><a href="#[ed]">&gt;&gt;</a>&nbsp;&nbsp;&nbsp;ke_msg_send
<LI><a href="#[ec]">&gt;&gt;</a>&nbsp;&nbsp;&nbsp;ke_msg_alloc
</UL>

<P><STRONG><a name="[16e]"></a>fotas_gattc_send_evt_cmd.constprop.0</STRONG> (Thumb, 72 bytes, Stack size unknown bytes, libfw.o(.text.fotas_gattc_send_evt_cmd.constprop.0), UNUSED)
<BR><BR>[Calls]<UL><LI><a href="#[e8]">&gt;&gt;</a>&nbsp;&nbsp;&nbsp;memcpy
<LI><a href="#[ed]">&gt;&gt;</a>&nbsp;&nbsp;&nbsp;ke_msg_send
<LI><a href="#[ec]">&gt;&gt;</a>&nbsp;&nbsp;&nbsp;ke_msg_alloc
</UL>
<BR>[Called By]<UL><LI><a href="#[197]">&gt;&gt;</a>&nbsp;&nbsp;&nbsp;gattc_write_req_ind_handler
</UL>

<P><STRONG><a name="[197]"></a>gattc_write_req_ind_handler</STRONG> (Thumb, 736 bytes, Stack size unknown bytes, libfw.o(.text.gattc_write_req_ind_handler), UNUSED)
<BR><BR>[Calls]<UL><LI><a href="#[f8]">&gt;&gt;</a>&nbsp;&nbsp;&nbsp;ls_assert
<LI><a href="#[16e]">&gt;&gt;</a>&nbsp;&nbsp;&nbsp;fotas_gattc_send_evt_cmd.constprop.0
<LI><a href="#[12f]">&gt;&gt;</a>&nbsp;&nbsp;&nbsp;memset
<LI><a href="#[ee]">&gt;&gt;</a>&nbsp;&nbsp;&nbsp;ke_state_set
<LI><a href="#[199]">&gt;&gt;</a>&nbsp;&nbsp;&nbsp;__aeabi_idiv
<LI><a href="#[128]">&gt;&gt;</a>&nbsp;&nbsp;&nbsp;prf_env_get
<LI><a href="#[176]">&gt;&gt;</a>&nbsp;&nbsp;&nbsp;__gnu_thumb1_case_uqi
<LI><a href="#[e8]">&gt;&gt;</a>&nbsp;&nbsp;&nbsp;memcpy
<LI><a href="#[170]">&gt;&gt;</a>&nbsp;&nbsp;&nbsp;fw_digest_check
<LI><a href="#[127]">&gt;&gt;</a>&nbsp;&nbsp;&nbsp;ke_state_get
<LI><a href="#[198]">&gt;&gt;</a>&nbsp;&nbsp;&nbsp;__aeabi_idivmod
<LI><a href="#[19a]">&gt;&gt;</a>&nbsp;&nbsp;&nbsp;program_segment_to_flash
<LI><a href="#[ed]">&gt;&gt;</a>&nbsp;&nbsp;&nbsp;ke_msg_send
<LI><a href="#[ec]">&gt;&gt;</a>&nbsp;&nbsp;&nbsp;ke_msg_alloc
</UL>

<P><STRONG><a name="[195]"></a>gattc_read_req_ind_handler</STRONG> (Thumb, 172 bytes, Stack size unknown bytes, libfw.o(.text.gattc_read_req_ind_handler), UNUSED)
<BR><BR>[Calls]<UL><LI><a href="#[128]">&gt;&gt;</a>&nbsp;&nbsp;&nbsp;prf_env_get
<LI><a href="#[e8]">&gt;&gt;</a>&nbsp;&nbsp;&nbsp;memcpy
<LI><a href="#[ed]">&gt;&gt;</a>&nbsp;&nbsp;&nbsp;ke_msg_send
<LI><a href="#[ec]">&gt;&gt;</a>&nbsp;&nbsp;&nbsp;ke_msg_alloc
</UL>

<P><STRONG><a name="[bc]"></a>gattc_att_info_req_ind_handler</STRONG> (Thumb, 128 bytes, Stack size unknown bytes, libfw.o(.text.gattc_att_info_req_ind_handler))
<BR><BR>[Calls]<UL><LI><a href="#[18f]">&gt;&gt;</a>&nbsp;&nbsp;&nbsp;hogpd_get_att_idx
<LI><a href="#[128]">&gt;&gt;</a>&nbsp;&nbsp;&nbsp;prf_env_get
<LI><a href="#[176]">&gt;&gt;</a>&nbsp;&nbsp;&nbsp;__gnu_thumb1_case_uqi
<LI><a href="#[ed]">&gt;&gt;</a>&nbsp;&nbsp;&nbsp;ke_msg_send
<LI><a href="#[ec]">&gt;&gt;</a>&nbsp;&nbsp;&nbsp;ke_msg_alloc
</UL>
<BR>[Address Reference Count : 1]<UL><LI> libfw.o(.rodata.hogpd_msg_handler_tab)
</UL>
<P><STRONG><a name="[be]"></a>gattc_read_req_ind_handler</STRONG> (Thumb, 392 bytes, Stack size unknown bytes, libfw.o(.text.gattc_read_req_ind_handler))
<BR><BR>[Calls]<UL><LI><a href="#[ee]">&gt;&gt;</a>&nbsp;&nbsp;&nbsp;ke_state_set
<LI><a href="#[18f]">&gt;&gt;</a>&nbsp;&nbsp;&nbsp;hogpd_get_att_idx
<LI><a href="#[128]">&gt;&gt;</a>&nbsp;&nbsp;&nbsp;prf_env_get
<LI><a href="#[176]">&gt;&gt;</a>&nbsp;&nbsp;&nbsp;__gnu_thumb1_case_uqi
<LI><a href="#[e8]">&gt;&gt;</a>&nbsp;&nbsp;&nbsp;memcpy
<LI><a href="#[eb]">&gt;&gt;</a>&nbsp;&nbsp;&nbsp;prf_dst_task_get
<LI><a href="#[127]">&gt;&gt;</a>&nbsp;&nbsp;&nbsp;ke_state_get
<LI><a href="#[ed]">&gt;&gt;</a>&nbsp;&nbsp;&nbsp;ke_msg_send
<LI><a href="#[ec]">&gt;&gt;</a>&nbsp;&nbsp;&nbsp;ke_msg_alloc
</UL>
<BR>[Address Reference Count : 1]<UL><LI> libfw.o(.rodata.hogpd_msg_handler_tab)
</UL>
<P><STRONG><a name="[bd]"></a>gattc_write_req_ind_handler</STRONG> (Thumb, 476 bytes, Stack size unknown bytes, libfw.o(.text.gattc_write_req_ind_handler))
<BR><BR>[Calls]<UL><LI><a href="#[ee]">&gt;&gt;</a>&nbsp;&nbsp;&nbsp;ke_state_set
<LI><a href="#[19b]">&gt;&gt;</a>&nbsp;&nbsp;&nbsp;hogpd_ntf_cfg_ind_send
<LI><a href="#[18f]">&gt;&gt;</a>&nbsp;&nbsp;&nbsp;hogpd_get_att_idx
<LI><a href="#[128]">&gt;&gt;</a>&nbsp;&nbsp;&nbsp;prf_env_get
<LI><a href="#[176]">&gt;&gt;</a>&nbsp;&nbsp;&nbsp;__gnu_thumb1_case_uqi
<LI><a href="#[e8]">&gt;&gt;</a>&nbsp;&nbsp;&nbsp;memcpy
<LI><a href="#[eb]">&gt;&gt;</a>&nbsp;&nbsp;&nbsp;prf_dst_task_get
<LI><a href="#[127]">&gt;&gt;</a>&nbsp;&nbsp;&nbsp;ke_state_get
<LI><a href="#[ed]">&gt;&gt;</a>&nbsp;&nbsp;&nbsp;ke_msg_send
<LI><a href="#[ec]">&gt;&gt;</a>&nbsp;&nbsp;&nbsp;ke_msg_alloc
</UL>
<BR>[Address Reference Count : 1]<UL><LI> libfw.o(.rodata.hogpd_msg_handler_tab)
</UL>
<P><STRONG><a name="[bb]"></a>hogpd_proto_mode_cfm_handler</STRONG> (Thumb, 164 bytes, Stack size unknown bytes, libfw.o(.text.hogpd_proto_mode_cfm_handler))
<BR><BR>[Calls]<UL><LI><a href="#[ee]">&gt;&gt;</a>&nbsp;&nbsp;&nbsp;ke_state_set
<LI><a href="#[128]">&gt;&gt;</a>&nbsp;&nbsp;&nbsp;prf_env_get
<LI><a href="#[127]">&gt;&gt;</a>&nbsp;&nbsp;&nbsp;ke_state_get
<LI><a href="#[19e]">&gt;&gt;</a>&nbsp;&nbsp;&nbsp;hogpd_get_att_handle
<LI><a href="#[ed]">&gt;&gt;</a>&nbsp;&nbsp;&nbsp;ke_msg_send
<LI><a href="#[ec]">&gt;&gt;</a>&nbsp;&nbsp;&nbsp;ke_msg_alloc
</UL>
<BR>[Address Reference Count : 1]<UL><LI> libfw.o(.rodata.hogpd_msg_handler_tab)
</UL>
<P><STRONG><a name="[ba]"></a>hogpd_report_cfm_handler</STRONG> (Thumb, 204 bytes, Stack size unknown bytes, libfw.o(.text.hogpd_report_cfm_handler))
<BR><BR>[Calls]<UL><LI><a href="#[ee]">&gt;&gt;</a>&nbsp;&nbsp;&nbsp;ke_state_set
<LI><a href="#[128]">&gt;&gt;</a>&nbsp;&nbsp;&nbsp;prf_env_get
<LI><a href="#[e8]">&gt;&gt;</a>&nbsp;&nbsp;&nbsp;memcpy
<LI><a href="#[127]">&gt;&gt;</a>&nbsp;&nbsp;&nbsp;ke_state_get
<LI><a href="#[19e]">&gt;&gt;</a>&nbsp;&nbsp;&nbsp;hogpd_get_att_handle
<LI><a href="#[ed]">&gt;&gt;</a>&nbsp;&nbsp;&nbsp;ke_msg_send
<LI><a href="#[ec]">&gt;&gt;</a>&nbsp;&nbsp;&nbsp;ke_msg_alloc
</UL>
<BR>[Address Reference Count : 1]<UL><LI> libfw.o(.rodata.hogpd_msg_handler_tab)
</UL>
<P><STRONG><a name="[b8]"></a>hogpd_enable_req_handler</STRONG> (Thumb, 144 bytes, Stack size unknown bytes, libfw.o(.text.hogpd_enable_req_handler))
<BR><BR>[Calls]<UL><LI><a href="#[12a]">&gt;&gt;</a>&nbsp;&nbsp;&nbsp;gapc_get_conhdl
<LI><a href="#[128]">&gt;&gt;</a>&nbsp;&nbsp;&nbsp;prf_env_get
<LI><a href="#[ed]">&gt;&gt;</a>&nbsp;&nbsp;&nbsp;ke_msg_send
<LI><a href="#[ec]">&gt;&gt;</a>&nbsp;&nbsp;&nbsp;ke_msg_alloc
</UL>
<BR>[Address Reference Count : 1]<UL><LI> libfw.o(.rodata.hogpd_msg_handler_tab)
</UL>
<P><STRONG><a name="[b9]"></a>hogpd_report_upd_req_handler</STRONG> (Thumb, 128 bytes, Stack size unknown bytes, libfw.o(.text.hogpd_report_upd_req_handler))
<BR><BR>[Calls]<UL><LI><a href="#[ee]">&gt;&gt;</a>&nbsp;&nbsp;&nbsp;ke_state_set
<LI><a href="#[12a]">&gt;&gt;</a>&nbsp;&nbsp;&nbsp;gapc_get_conhdl
<LI><a href="#[127]">&gt;&gt;</a>&nbsp;&nbsp;&nbsp;ke_state_get
<LI><a href="#[ed]">&gt;&gt;</a>&nbsp;&nbsp;&nbsp;ke_msg_send
<LI><a href="#[ec]">&gt;&gt;</a>&nbsp;&nbsp;&nbsp;ke_msg_alloc
<LI><a href="#[1a1]">&gt;&gt;</a>&nbsp;&nbsp;&nbsp;hogpd_ntf_send
</UL>
<BR>[Address Reference Count : 1]<UL><LI> libfw.o(.rodata.hogpd_msg_handler_tab)
</UL>
<P><STRONG><a name="[bf]"></a>gattc_cmp_evt_handler</STRONG> (Thumb, 72 bytes, Stack size unknown bytes, libfw.o(.text.gattc_cmp_evt_handler))
<BR><BR>[Calls]<UL><LI><a href="#[ee]">&gt;&gt;</a>&nbsp;&nbsp;&nbsp;ke_state_set
<LI><a href="#[128]">&gt;&gt;</a>&nbsp;&nbsp;&nbsp;prf_env_get
<LI><a href="#[eb]">&gt;&gt;</a>&nbsp;&nbsp;&nbsp;prf_dst_task_get
<LI><a href="#[127]">&gt;&gt;</a>&nbsp;&nbsp;&nbsp;ke_state_get
<LI><a href="#[ed]">&gt;&gt;</a>&nbsp;&nbsp;&nbsp;ke_msg_send
<LI><a href="#[ec]">&gt;&gt;</a>&nbsp;&nbsp;&nbsp;ke_msg_alloc
</UL>
<BR>[Address Reference Count : 1]<UL><LI> libfw.o(.rodata.hogpd_msg_handler_tab)
</UL>
<P><STRONG><a name="[b6]"></a>hogpd_create</STRONG> (Thumb, 2 bytes, Stack size unknown bytes, libfw.o(.text.hogpd_create))
<BR>[Address Reference Count : 1]<UL><LI> libfw.o(.rodata.hogpd_itf)
</UL>
<P><STRONG><a name="[b7]"></a>hogpd_cleanup</STRONG> (Thumb, 76 bytes, Stack size unknown bytes, libfw.o(.text.hogpd_cleanup))
<BR><BR>[Calls]<UL><LI><a href="#[ee]">&gt;&gt;</a>&nbsp;&nbsp;&nbsp;ke_state_set
</UL>
<BR>[Address Reference Count : 1]<UL><LI> libfw.o(.rodata.hogpd_itf)
</UL>
<P><STRONG><a name="[b5]"></a>hogpd_destroy</STRONG> (Thumb, 16 bytes, Stack size unknown bytes, libfw.o(.text.hogpd_destroy))
<BR><BR>[Calls]<UL><LI><a href="#[f2]">&gt;&gt;</a>&nbsp;&nbsp;&nbsp;ke_free
</UL>
<BR>[Address Reference Count : 1]<UL><LI> libfw.o(.rodata.hogpd_itf)
</UL>
<P><STRONG><a name="[b4]"></a>hogpd_init</STRONG> (Thumb, 1064 bytes, Stack size unknown bytes, libfw.o(.text.hogpd_init))
<BR><BR>[Calls]<UL><LI><a href="#[12f]">&gt;&gt;</a>&nbsp;&nbsp;&nbsp;memset
<LI><a href="#[19f]">&gt;&gt;</a>&nbsp;&nbsp;&nbsp;attm_att_set_value
<LI><a href="#[130]">&gt;&gt;</a>&nbsp;&nbsp;&nbsp;attm_svc_create_db
<LI><a href="#[ee]">&gt;&gt;</a>&nbsp;&nbsp;&nbsp;ke_state_set
<LI><a href="#[12e]">&gt;&gt;</a>&nbsp;&nbsp;&nbsp;ke_malloc
<LI><a href="#[e8]">&gt;&gt;</a>&nbsp;&nbsp;&nbsp;memcpy
<LI><a href="#[1a0]">&gt;&gt;</a>&nbsp;&nbsp;&nbsp;hogpd_task_init
<LI><a href="#[f2]">&gt;&gt;</a>&nbsp;&nbsp;&nbsp;ke_free
<LI><a href="#[19d]">&gt;&gt;</a>&nbsp;&nbsp;&nbsp;attm_reserve_handle_range
<LI><a href="#[19e]">&gt;&gt;</a>&nbsp;&nbsp;&nbsp;hogpd_get_att_handle
</UL>
<BR>[Address Reference Count : 1]<UL><LI> libfw.o(.rodata.hogpd_itf)
</UL>
<P><STRONG><a name="[b1]"></a>gattc_cmp_evt_handler</STRONG> (Thumb, 16 bytes, Stack size unknown bytes, libfw.o(.text.gattc_cmp_evt_handler))
<BR><BR>[Calls]<UL><LI><a href="#[129]">&gt;&gt;</a>&nbsp;&nbsp;&nbsp;bass_exe_operation
</UL>
<BR>[Address Reference Count : 1]<UL><LI> libfw.o(.rodata.bass_msg_handler_tab)
</UL>
<P><STRONG><a name="[b0]"></a>gattc_read_req_ind_handler</STRONG> (Thumb, 196 bytes, Stack size unknown bytes, libfw.o(.text.gattc_read_req_ind_handler))
<BR><BR>[Calls]<UL><LI><a href="#[128]">&gt;&gt;</a>&nbsp;&nbsp;&nbsp;prf_env_get
<LI><a href="#[12d]">&gt;&gt;</a>&nbsp;&nbsp;&nbsp;bass_get_att_idx
<LI><a href="#[ed]">&gt;&gt;</a>&nbsp;&nbsp;&nbsp;ke_msg_send
<LI><a href="#[ec]">&gt;&gt;</a>&nbsp;&nbsp;&nbsp;ke_msg_alloc
<LI><a href="#[196]">&gt;&gt;</a>&nbsp;&nbsp;&nbsp;prf_pack_char_pres_fmt
</UL>
<BR>[Address Reference Count : 1]<UL><LI> libfw.o(.rodata.bass_msg_handler_tab)
</UL>
<P><STRONG><a name="[ae]"></a>gattc_att_info_req_ind_handler</STRONG> (Thumb, 84 bytes, Stack size unknown bytes, libfw.o(.text.gattc_att_info_req_ind_handler))
<BR><BR>[Calls]<UL><LI><a href="#[12d]">&gt;&gt;</a>&nbsp;&nbsp;&nbsp;bass_get_att_idx
<LI><a href="#[ed]">&gt;&gt;</a>&nbsp;&nbsp;&nbsp;ke_msg_send
<LI><a href="#[ec]">&gt;&gt;</a>&nbsp;&nbsp;&nbsp;ke_msg_alloc
</UL>
<BR>[Address Reference Count : 1]<UL><LI> libfw.o(.rodata.bass_msg_handler_tab)
</UL>
<P><STRONG><a name="[af]"></a>gattc_write_req_ind_handler</STRONG> (Thumb, 180 bytes, Stack size unknown bytes, libfw.o(.text.gattc_write_req_ind_handler))
<BR><BR>[Calls]<UL><LI><a href="#[128]">&gt;&gt;</a>&nbsp;&nbsp;&nbsp;prf_env_get
<LI><a href="#[eb]">&gt;&gt;</a>&nbsp;&nbsp;&nbsp;prf_dst_task_get
<LI><a href="#[12d]">&gt;&gt;</a>&nbsp;&nbsp;&nbsp;bass_get_att_idx
<LI><a href="#[ed]">&gt;&gt;</a>&nbsp;&nbsp;&nbsp;ke_msg_send
<LI><a href="#[ec]">&gt;&gt;</a>&nbsp;&nbsp;&nbsp;ke_msg_alloc
</UL>
<BR>[Address Reference Count : 1]<UL><LI> libfw.o(.rodata.bass_msg_handler_tab)
</UL>
<P><STRONG><a name="[ad]"></a>bass_batt_level_upd_req_handler</STRONG> (Thumb, 100 bytes, Stack size unknown bytes, libfw.o(.text.bass_batt_level_upd_req_handler))
<BR><BR>[Calls]<UL><LI><a href="#[ee]">&gt;&gt;</a>&nbsp;&nbsp;&nbsp;ke_state_set
<LI><a href="#[129]">&gt;&gt;</a>&nbsp;&nbsp;&nbsp;bass_exe_operation
<LI><a href="#[128]">&gt;&gt;</a>&nbsp;&nbsp;&nbsp;prf_env_get
<LI><a href="#[127]">&gt;&gt;</a>&nbsp;&nbsp;&nbsp;ke_state_get
<LI><a href="#[ed]">&gt;&gt;</a>&nbsp;&nbsp;&nbsp;ke_msg_send
<LI><a href="#[ec]">&gt;&gt;</a>&nbsp;&nbsp;&nbsp;ke_msg_alloc
</UL>
<BR>[Address Reference Count : 1]<UL><LI> libfw.o(.rodata.bass_msg_handler_tab)
</UL>
<P><STRONG><a name="[ac]"></a>bass_enable_req_handler</STRONG> (Thumb, 140 bytes, Stack size unknown bytes, libfw.o(.text.bass_enable_req_handler))
<BR><BR>[Calls]<UL><LI><a href="#[ee]">&gt;&gt;</a>&nbsp;&nbsp;&nbsp;ke_state_set
<LI><a href="#[129]">&gt;&gt;</a>&nbsp;&nbsp;&nbsp;bass_exe_operation
<LI><a href="#[12a]">&gt;&gt;</a>&nbsp;&nbsp;&nbsp;gapc_get_conhdl
<LI><a href="#[128]">&gt;&gt;</a>&nbsp;&nbsp;&nbsp;prf_env_get
<LI><a href="#[127]">&gt;&gt;</a>&nbsp;&nbsp;&nbsp;ke_state_get
<LI><a href="#[ed]">&gt;&gt;</a>&nbsp;&nbsp;&nbsp;ke_msg_send
<LI><a href="#[ec]">&gt;&gt;</a>&nbsp;&nbsp;&nbsp;ke_msg_alloc
</UL>
<BR>[Address Reference Count : 1]<UL><LI> libfw.o(.rodata.bass_msg_handler_tab)
</UL>
<P><STRONG><a name="[aa]"></a>bass_create</STRONG> (Thumb, 48 bytes, Stack size unknown bytes, libfw.o(.text.bass_create))
<BR>[Address Reference Count : 1]<UL><LI> libfw.o(.rodata.bass_itf)
</UL>
<P><STRONG><a name="[ab]"></a>bass_cleanup</STRONG> (Thumb, 48 bytes, Stack size unknown bytes, libfw.o(.text.bass_cleanup))
<BR>[Address Reference Count : 1]<UL><LI> libfw.o(.rodata.bass_itf)
</UL>
<P><STRONG><a name="[a9]"></a>bass_destroy</STRONG> (Thumb, 28 bytes, Stack size unknown bytes, libfw.o(.text.bass_destroy))
<BR><BR>[Calls]<UL><LI><a href="#[f2]">&gt;&gt;</a>&nbsp;&nbsp;&nbsp;ke_free
</UL>
<BR>[Address Reference Count : 1]<UL><LI> libfw.o(.rodata.bass_itf)
</UL>
<P><STRONG><a name="[a8]"></a>bass_init</STRONG> (Thumb, 336 bytes, Stack size unknown bytes, libfw.o(.text.bass_init))
<BR><BR>[Calls]<UL><LI><a href="#[12f]">&gt;&gt;</a>&nbsp;&nbsp;&nbsp;memset
<LI><a href="#[132]">&gt;&gt;</a>&nbsp;&nbsp;&nbsp;bass_task_init
<LI><a href="#[130]">&gt;&gt;</a>&nbsp;&nbsp;&nbsp;attm_svc_create_db
<LI><a href="#[ee]">&gt;&gt;</a>&nbsp;&nbsp;&nbsp;ke_state_set
<LI><a href="#[12e]">&gt;&gt;</a>&nbsp;&nbsp;&nbsp;ke_malloc
<LI><a href="#[e8]">&gt;&gt;</a>&nbsp;&nbsp;&nbsp;memcpy
<LI><a href="#[f2]">&gt;&gt;</a>&nbsp;&nbsp;&nbsp;ke_free
<LI><a href="#[131]">&gt;&gt;</a>&nbsp;&nbsp;&nbsp;attm_att_set_permission
</UL>
<BR>[Address Reference Count : 1]<UL><LI> libfw.o(.rodata.bass_itf)
</UL>
<P><STRONG><a name="[12b]"></a>bass_notify_batt_lvl</STRONG> (Thumb, 66 bytes, Stack size unknown bytes, libfw.o(.text.bass_notify_batt_lvl))
<BR><BR>[Calls]<UL><LI><a href="#[ea]">&gt;&gt;</a>&nbsp;&nbsp;&nbsp;prf_src_task_get
<LI><a href="#[12c]">&gt;&gt;</a>&nbsp;&nbsp;&nbsp;bass_get_att_handle
<LI><a href="#[ed]">&gt;&gt;</a>&nbsp;&nbsp;&nbsp;ke_msg_send
<LI><a href="#[ec]">&gt;&gt;</a>&nbsp;&nbsp;&nbsp;ke_msg_alloc
</UL>
<BR>[Called By]<UL><LI><a href="#[129]">&gt;&gt;</a>&nbsp;&nbsp;&nbsp;bass_exe_operation
</UL>

<P><STRONG><a name="[190]"></a>gattc_cmp_evt_handler</STRONG> (Thumb, 212 bytes, Stack size unknown bytes, libfw.o(.text.gattc_cmp_evt_handler), UNUSED)
<BR><BR>[Calls]<UL><LI><a href="#[ee]">&gt;&gt;</a>&nbsp;&nbsp;&nbsp;ke_state_set
<LI><a href="#[128]">&gt;&gt;</a>&nbsp;&nbsp;&nbsp;prf_env_get
<LI><a href="#[176]">&gt;&gt;</a>&nbsp;&nbsp;&nbsp;__gnu_thumb1_case_uqi
<LI><a href="#[127]">&gt;&gt;</a>&nbsp;&nbsp;&nbsp;ke_state_get
<LI><a href="#[192]">&gt;&gt;</a>&nbsp;&nbsp;&nbsp;prf_check_svc_char_desc_uuid128_validity
<LI><a href="#[191]">&gt;&gt;</a>&nbsp;&nbsp;&nbsp;prf_check_svc_char_uuid128_validity
<LI><a href="#[ef]">&gt;&gt;</a>&nbsp;&nbsp;&nbsp;ancc_enable_rsp_send
<LI><a href="#[e9]">&gt;&gt;</a>&nbsp;&nbsp;&nbsp;ancc_cmp_evt_send
</UL>

<P><STRONG><a name="[297]"></a>_fp_digits</STRONG> (Thumb, 344 bytes, Stack size 64 bytes, printfa.o(i._fp_digits), UNUSED)
<BR><BR>[Calls]<UL><LI><a href="#[cd]">&gt;&gt;</a>&nbsp;&nbsp;&nbsp;__aeabi_dmul
<LI><a href="#[cf]">&gt;&gt;</a>&nbsp;&nbsp;&nbsp;__aeabi_ddiv
<LI><a href="#[c4]">&gt;&gt;</a>&nbsp;&nbsp;&nbsp;__aeabi_uldivmod
<LI><a href="#[dd]">&gt;&gt;</a>&nbsp;&nbsp;&nbsp;__aeabi_dadd
<LI><a href="#[e1]">&gt;&gt;</a>&nbsp;&nbsp;&nbsp;__aeabi_d2ulz
<LI><a href="#[298]">&gt;&gt;</a>&nbsp;&nbsp;&nbsp;__aeabi_cdrcmple
</UL>
<BR>[Called By]<UL><LI><a href="#[293]">&gt;&gt;</a>&nbsp;&nbsp;&nbsp;_printf_core
</UL>

<P><STRONG><a name="[293]"></a>_printf_core</STRONG> (Thumb, 1760 bytes, Stack size 128 bytes, printfa.o(i._printf_core), UNUSED)
<BR><BR>[Calls]<UL><LI><a href="#[c4]">&gt;&gt;</a>&nbsp;&nbsp;&nbsp;__aeabi_uldivmod
<LI><a href="#[17a]">&gt;&gt;</a>&nbsp;&nbsp;&nbsp;__aeabi_uidivmod
<LI><a href="#[299]">&gt;&gt;</a>&nbsp;&nbsp;&nbsp;_printf_pre_padding
<LI><a href="#[29a]">&gt;&gt;</a>&nbsp;&nbsp;&nbsp;_printf_post_padding
<LI><a href="#[297]">&gt;&gt;</a>&nbsp;&nbsp;&nbsp;_fp_digits
</UL>
<BR>[Called By]<UL><LI><a href="#[295]">&gt;&gt;</a>&nbsp;&nbsp;&nbsp;__0vprintf
<LI><a href="#[294]">&gt;&gt;</a>&nbsp;&nbsp;&nbsp;__0sprintf
<LI><a href="#[292]">&gt;&gt;</a>&nbsp;&nbsp;&nbsp;__0printf
</UL>

<P><STRONG><a name="[29a]"></a>_printf_post_padding</STRONG> (Thumb, 32 bytes, Stack size 24 bytes, printfa.o(i._printf_post_padding), UNUSED)
<BR><BR>[Called By]<UL><LI><a href="#[293]">&gt;&gt;</a>&nbsp;&nbsp;&nbsp;_printf_core
</UL>

<P><STRONG><a name="[299]"></a>_printf_pre_padding</STRONG> (Thumb, 44 bytes, Stack size 40 bytes, printfa.o(i._printf_pre_padding), UNUSED)
<BR><BR>[Called By]<UL><LI><a href="#[293]">&gt;&gt;</a>&nbsp;&nbsp;&nbsp;_printf_core
</UL>

<P><STRONG><a name="[79]"></a>_sputc</STRONG> (Thumb, 10 bytes, Stack size 0 bytes, printfa.o(i._sputc))
<BR><BR>[Called By]<UL><LI><a href="#[294]">&gt;&gt;</a>&nbsp;&nbsp;&nbsp;__0sprintf
</UL>
<BR>[Address Reference Count : 1]<UL><LI> printfa.o(i.__0sprintf)
</UL>
<P><STRONG><a name="[d6]"></a>_fp_value</STRONG> (Thumb, 286 bytes, Stack size 72 bytes, scanf_fp.o(.text), UNUSED)
<BR><BR>[Calls]<UL><LI><a href="#[cd]">&gt;&gt;</a>&nbsp;&nbsp;&nbsp;__aeabi_dmul
<LI><a href="#[cf]">&gt;&gt;</a>&nbsp;&nbsp;&nbsp;__aeabi_ddiv
<LI><a href="#[c7]">&gt;&gt;</a>&nbsp;&nbsp;&nbsp;__aeabi_lmul
<LI><a href="#[d7]">&gt;&gt;</a>&nbsp;&nbsp;&nbsp;__aeabi_ul2d
</UL>
<BR>[Called By]<UL><LI><a href="#[d8]">&gt;&gt;</a>&nbsp;&nbsp;&nbsp;_scanf_really_real
</UL>

<P><STRONG><a name="[47]"></a>_scanf_char_input</STRONG> (Thumb, 12 bytes, Stack size 0 bytes, scanf_char.o(.text))
<BR>[Address Reference Count : 1]<UL><LI> scanf_char.o(.text)
</UL><P>
<H3>
Undefined Global Symbols
</H3>
<P><STRONG><a name="[c3]"></a>__arm_fini_</STRONG> (Unknown, 0 bytes, Stack size 0 bytes, UNDEFINED)
<BR><BR>[Called By]<UL><LI><a href="#[c2]">&gt;&gt;</a>&nbsp;&nbsp;&nbsp;__rt_lib_shutdown_fini
</UL>
<HR></body></html>
