<!doctype html public "-//w3c//dtd html 4.0 transitional//en">
<html><head>
<title>Static Call Graph - [.\Objects\SMART_S9.axf]</title></head>
<body><HR>
<H1>Static Call Graph for image .\Objects\SMART_S9.axf</H1><HR>
<BR><P>#&#060CALLGRAPH&#062# ARM Linker, 5060960: Last Updated: Mon Feb 19 20:37:07 2024
<BR><P>
<H3>Maximum Stack Usage =        408 bytes + Unknown(Functions without stacksize, Cycles, Untraceable Function Pointers)</H3><H3>
Call chain for Maximum Stack Depth:</H3>
Hardware_Init &rArr; sys_init_app &rArr; module_init &rArr; tinyfs_init &rArr; nodes_info_load &rArr; nvm_page_empty &rArr; tinyfs_nvm_read_with_cache
<P>
<H3>
Functions with no stack information
</H3><UL>
 <LI><a href="#[153]">anpc_prf_itf_get</a>
 <LI><a href="#[154]">anps_prf_itf_get</a>
 <LI><a href="#[b9]">app_hid_send_keyboard_report</a>
 <LI><a href="#[71]">app_init</a>
 <LI><a href="#[ef]">bas_batt_lvl_update</a>
 <LI><a href="#[146]">basc_prf_itf_get</a>
 <LI><a href="#[15e]">bcsc_prf_itf_get</a>
 <LI><a href="#[15d]">bcss_prf_itf_get</a>
 <LI><a href="#[f0]">bd_addr_cmp</a>
 <LI><a href="#[f2]">ble_init</a>
 <LI><a href="#[f9]">ble_isr</a>
 <LI><a href="#[fd]">ble_radio_reg_config</a>
 <LI><a href="#[fc]">ble_reg_restore</a>
 <LI><a href="#[103]">ble_reg_store</a>
 <LI><a href="#[fe]">ble_sched</a>
 <LI><a href="#[4a]">ble_sleep</a>
 <LI><a href="#[104]">ble_storage_alloc_peer_id</a>
 <LI><a href="#[106]">ble_storage_bonding_info_search_req</a>
 <LI><a href="#[e8]">ble_storage_gapm_addr_solved_ind_handler</a>
 <LI><a href="#[e4]">ble_storage_gapm_resolv_addr_cmp</a>
 <LI><a href="#[2c3]">ble_storage_max_num_init</a>
 <LI><a href="#[108]">ble_storage_read_bonding_info</a>
 <LI><a href="#[109]">ble_storage_read_peer_client_info</a>
 <LI><a href="#[10a]">ble_storage_read_peer_server_info</a>
 <LI><a href="#[10b]">ble_storage_write_bonding_info</a>
 <LI><a href="#[13b]">blpc_prf_itf_get</a>
 <LI><a href="#[13a]">blps_prf_itf_get</a>
 <LI><a href="#[f8]">builtin_task_init</a>
 <LI><a href="#[110]">builtin_timer_create</a>
 <LI><a href="#[298]">builtin_timer_env_register</a>
 <LI><a href="#[10f]">builtin_timer_handler</a>
 <LI><a href="#[113]">builtin_timer_start</a>
 <LI><a href="#[166]">cgmc_prf_itf_get</a>
 <LI><a href="#[165]">cgms_prf_itf_get</a>
 <LI><a href="#[14f]">cppc_prf_itf_get</a>
 <LI><a href="#[150]">cpps_prf_itf_get</a>
 <LI><a href="#[14d]">cscpc_prf_itf_get</a>
 <LI><a href="#[14e]">cscps_prf_itf_get</a>
 <LI><a href="#[e9]">dev_manager_gapm_activity_created_ind_handler</a>
 <LI><a href="#[ea]">dev_manager_gapm_activity_stopped_ind_handler</a>
 <LI><a href="#[e0]">dev_manager_gapm_create_activity_cmp</a>
 <LI><a href="#[e3]">dev_manager_gapm_delete_activity_cmp</a>
 <LI><a href="#[eb]">dev_manager_gapm_ext_adv_report_ind_handler</a>
 <LI><a href="#[e7]">dev_manager_gapm_profile_added_ind_handler</a>
 <LI><a href="#[dd]">dev_manager_gapm_reset_cmp</a>
 <LI><a href="#[ec]">dev_manager_gapm_scan_request_ind_handler</a>
 <LI><a href="#[e5]">dev_manager_gapm_set_adv_data_cmp</a>
 <LI><a href="#[df]">dev_manager_gapm_set_dev_config_cmp</a>
 <LI><a href="#[e6]">dev_manager_gapm_set_scan_rsp_data_cmp</a>
 <LI><a href="#[e1]">dev_manager_gapm_start_activity_cmp</a>
 <LI><a href="#[e2]">dev_manager_gapm_stop_activity_cmp</a>
 <LI><a href="#[ed]">dev_manager_gattm_add_svc_rsp_handler</a>
 <LI><a href="#[118]">dev_manager_init</a>
 <LI><a href="#[11a]">dev_manager_stack_init</a>
 <LI><a href="#[139]">disc_prf_itf_get</a>
 <LI><a href="#[15a]">envc_prf_itf_get</a>
 <LI><a href="#[159]">envs_prf_itf_get</a>
 <LI><a href="#[140]">findl_prf_itf_get</a>
 <LI><a href="#[141]">findt_prf_itf_get</a>
 <LI><a href="#[11b]">func_post</a>
 <LI><a href="#[c9]">gap_manager_gapc_bond_ind_handler</a>
 <LI><a href="#[c8]">gap_manager_gapc_bond_req_ind_handler</a>
 <LI><a href="#[c5]">gap_manager_gapc_cmp_evt_handler</a>
 <LI><a href="#[c6]">gap_manager_gapc_conn_req_ind_handler</a>
 <LI><a href="#[c7]">gap_manager_gapc_disconnect_ind_handler</a>
 <LI><a href="#[cb]">gap_manager_gapc_encrypt_ind_handler</a>
 <LI><a href="#[ca]">gap_manager_gapc_encrypt_req_ind_handler</a>
 <LI><a href="#[cf]">gap_manager_gapc_get_dev_info_req_ind_handler</a>
 <LI><a href="#[d0]">gap_manager_gapc_get_rssi_ind_handler</a>
 <LI><a href="#[c4]">gap_manager_gapc_le_phy_ind_handler</a>
 <LI><a href="#[cd]">gap_manager_gapc_param_update_req_ind_handler</a>
 <LI><a href="#[ce]">gap_manager_gapc_param_updated_ind_handler</a>
 <LI><a href="#[cc]">gap_manager_gapc_security_ind_handler</a>
 <LI><a href="#[123]">gap_manager_get_peer_addr</a>
 <LI><a href="#[11e]">gap_manager_slave_pair_response_send</a>
 <LI><a href="#[125]">gap_manager_tk_set</a>
 <LI><a href="#[dc]">gatt_manager_gattc_att_info_req_ind_handler</a>
 <LI><a href="#[d1]">gatt_manager_gattc_cmp_evt_handler</a>
 <LI><a href="#[d6]">gatt_manager_gattc_disc_char_desc_ind_handler</a>
 <LI><a href="#[d5]">gatt_manager_gattc_disc_char_ind_handler</a>
 <LI><a href="#[d4]">gatt_manager_gattc_disc_svc_incl_ind_handler</a>
 <LI><a href="#[d3]">gatt_manager_gattc_disc_svc_ind_handler</a>
 <LI><a href="#[d8]">gatt_manager_gattc_event_ind_handler</a>
 <LI><a href="#[d9]">gatt_manager_gattc_event_req_ind_handler</a>
 <LI><a href="#[d2]">gatt_manager_gattc_mtu_exchanged_ind_handler</a>
 <LI><a href="#[d7]">gatt_manager_gattc_read_ind_handler</a>
 <LI><a href="#[da]">gatt_manager_gattc_read_req_ind_handler</a>
 <LI><a href="#[db]">gatt_manager_gattc_write_req_ind_handler</a>
 <LI><a href="#[149]">glpc_prf_itf_get</a>
 <LI><a href="#[14a]">glps_prf_itf_get</a>
 <LI><a href="#[147]">hogpbh_prf_itf_get</a>
 <LI><a href="#[148]">hogprh_prf_itf_get</a>
 <LI><a href="#[13f]">hrpc_prf_itf_get</a>
 <LI><a href="#[13e]">hrps_prf_itf_get</a>
 <LI><a href="#[138]">htpc_prf_itf_get</a>
 <LI><a href="#[137]">htpt_prf_itf_get</a>
 <LI><a href="#[f5]">ip_rf_init</a>
 <LI><a href="#[158]">ipsc_prf_itf_get</a>
 <LI><a href="#[157]">ipss_prf_itf_get</a>
 <LI><a href="#[151]">lanc_prf_itf_get</a>
 <LI><a href="#[152]">lans_prf_itf_get</a>
 <LI><a href="#[12d]">mac_sleep_check</a>
 <LI><a href="#[3f]">nvds_del</a>
 <LI><a href="#[3d]">nvds_get</a>
 <LI><a href="#[f4]">nvds_init</a>
 <LI><a href="#[3e]">nvds_put</a>
 <LI><a href="#[c0]">nvds_write_through</a>
 <LI><a href="#[155]">paspc_prf_itf_get</a>
 <LI><a href="#[156]">pasps_prf_itf_get</a>
 <LI><a href="#[164]">plxc_prf_itf_get</a>
 <LI><a href="#[163]">plxs_prf_itf_get</a>
 <LI><a href="#[2c2]">prf_fn_init</a>
 <LI><a href="#[4f]">prf_itf_get</a>
 <LI><a href="#[ee]">prf_ls_sig_mesh_handler</a>
 <LI><a href="#[142]">proxm_prf_itf_get</a>
 <LI><a href="#[143]">proxr_prf_itf_get</a>
 <LI><a href="#[14b]">rscpc_prf_itf_get</a>
 <LI><a href="#[14c]">rscps_prf_itf_get</a>
 <LI><a href="#[145]">scppc_prf_itf_get</a>
 <LI><a href="#[144]">scpps_prf_itf_get</a>
 <LI><a href="#[2c1]">statck_buffer_init</a>
 <LI><a href="#[13d]">tipc_prf_itf_get</a>
 <LI><a href="#[13c]">tips_prf_itf_get</a>
 <LI><a href="#[160]">udsc_prf_itf_get</a>
 <LI><a href="#[15f]">udss_prf_itf_get</a>
 <LI><a href="#[162]">wptc_prf_itf_get</a>
 <LI><a href="#[161]">wpts_prf_itf_get</a>
 <LI><a href="#[15c]">wscc_prf_itf_get</a>
 <LI><a href="#[15b]">wscs_prf_itf_get</a>
 <LI><a href="#[91]">builtin_func_invoke_handler</a>
 <LI><a href="#[90]">builtin_dynamic_msg_handler</a>
 <LI><a href="#[8f]">app_msg_handler</a>
 <LI><a href="#[40]">bond_cfm_ltk_fill</a>
 <LI><a href="#[11d]">pair_done_evt</a>
 <LI><a href="#[45]">bond_cfm_tk_fill</a>
 <LI><a href="#[11f]">gapc_bond_cfm_send</a>
 <LI><a href="#[43]">bond_search_callback</a>
 <LI><a href="#[41]">bond_cfm_irk_fill</a>
 <LI><a href="#[42]">bond_cfm_csrk_fill</a>
 <LI><a href="#[44]">bond_cfm_pair_feat_fill</a>
 <LI><a href="#[122]">passkey_set</a>
 <LI><a href="#[47]">svc_read_req_callback</a>
 <LI><a href="#[128]">gattc_manager_uuidlen_internal_to_user</a>
 <LI><a href="#[48]">svc_write_req_callback</a>
 <LI><a href="#[129]">gatt_svc_list_walk_through.isra.0</a>
 <LI><a href="#[107]">rpa_resolve_start</a>
 <LI><a href="#[46]">adv_actv_start_param</a>
 <LI><a href="#[126]">gapm_activity_start_cmd_send</a>
 <LI><a href="#[116]">gapm_adv_activity_start_cmd_send</a>
</UL>
</UL>
<P>
<H3>
Mutually Recursive functions
</H3> <LI><a href="#[1ff]">arm_cm_delay_asm</a>&nbsp;&nbsp;&nbsp;&rArr;&nbsp;&nbsp;&nbsp;<a href="#[1ff]">arm_cm_delay_asm</a><BR>
 <LI><a href="#[2d3]">traverse_tree</a>&nbsp;&nbsp;&nbsp;&rArr;&nbsp;&nbsp;&nbsp;<a href="#[2d3]">traverse_tree</a><BR>
 <LI><a href="#[249]">node_parent_fix</a>&nbsp;&nbsp;&nbsp;&rArr;&nbsp;&nbsp;&nbsp;<a href="#[249]">node_parent_fix</a><BR>
 <LI><a href="#[247]">dir_tree_link</a>&nbsp;&nbsp;&nbsp;&rArr;&nbsp;&nbsp;&nbsp;<a href="#[247]">dir_tree_link</a><BR>
 <LI><a href="#[6]">Default_Handler</a>&nbsp;&nbsp;&nbsp;&rArr;&nbsp;&nbsp;&nbsp;<a href="#[6]">Default_Handler</a><BR>
</UL>
<P>
<H3>
Function Pointers
</H3><UL>
 <LI><a href="#[55]">ADC_Handler</a> from ls_msp_adc.o(i.ADC_Handler) referenced from ls_msp_adc.o(i.HAL_ADC_MSP_Init)
 <LI><a href="#[5b]">ADTIM1_Handler</a> from ls_msp_timer.o(i.ADTIM1_Handler) referenced from ls_msp_timer.o(i.HAL_TIM_MSP_Init)
 <LI><a href="#[3c]">BLE_Handler</a> from platform.o(.xip_banned.BLE_Handler) referenced from libfw.o(.text.ble_init)
 <LI><a href="#[3b]">BLE_WKUP_Handler</a> from sleep.o(i.BLE_WKUP_Handler) referenced from libfw.o(.text.ble_init)
 <LI><a href="#[57]">BSTIM1_Handler</a> from ls_msp_timer.o(i.BSTIM1_Handler) referenced from ls_msp_timer.o(i.HAL_TIM_MSP_Init)
 <LI><a href="#[f]">Bsp_Adc_Capture_Handler</a> from bsp_adc.o(i.Bsp_Adc_Capture_Handler) referenced from bsp_adc.o(.data)
 <LI><a href="#[e]">Bsp_Adc_Init</a> from bsp_adc.o(i.Bsp_Adc_Init) referenced from bsp_adc.o(.data)
 <LI><a href="#[12]">Bsp_BlueTooth_Init</a> from bsp_bluetooth.o(i.Bsp_BlueTooth_Init) referenced from bsp_bluetooth.o(.data)
 <LI><a href="#[2c]">Bsp_Dog_FeedDog</a> from bsp_dog.o(i.Bsp_Dog_FeedDog) referenced from bsp_dog.o(.data)
 <LI><a href="#[2b]">Bsp_Dog_Init</a> from bsp_dog.o(i.Bsp_Dog_Init) referenced from bsp_dog.o(.data)
 <LI><a href="#[14]">Bsp_Encoder_Control</a> from bsp_encoder.o(i.Bsp_Encoder_Control) referenced from bsp_encoder.o(.data)
 <LI><a href="#[13]">Bsp_Encoder_Init</a> from bsp_encoder.o(i.Bsp_Encoder_Init) referenced from bsp_encoder.o(.data)
 <LI><a href="#[2d]">Bsp_Hid_DeviceSendData</a> from bsp_hid.o(i.Bsp_Hid_DeviceSendData) referenced from bsp_hid.o(.data)
 <LI><a href="#[2e]">Bsp_Hid_VolumeBtn_Control_Photo</a> from bsp_hid.o(i.Bsp_Hid_VolumeBtn_Control_Photo) referenced from bsp_hid.o(.data)
 <LI><a href="#[53]">Bsp_KeyTimer_CallBack</a> from bsp_key.o(i.Bsp_KeyTimer_CallBack) referenced from bsp_key.o(i.Bsp_key_Timer_Init)
 <LI><a href="#[16]">Bsp_Key_IOExti_Handler</a> from bsp_key.o(i.Bsp_Key_IOExti_Handler) referenced from bsp_key.o(.data)
 <LI><a href="#[15]">Bsp_Key_Init</a> from bsp_key.o(i.Bsp_Key_Init) referenced from bsp_key.o(.data)
 <LI><a href="#[1a]">Bsp_Led_All_Close</a> from bsp_led.o(i.Bsp_Led_All_Close) referenced from bsp_led.o(.data)
 <LI><a href="#[19]">Bsp_Led_BlinkConrol_Handler</a> from bsp_led.o(i.Bsp_Led_BlinkConrol_Handler) referenced from bsp_led.o(.data)
 <LI><a href="#[1b]">Bsp_Led_Console_Mode_Display</a> from bsp_led.o(i.Bsp_Led_Console_Mode_Display) referenced from bsp_led.o(.data)
 <LI><a href="#[1d]">Bsp_Led_EnterMotorCalibration_StatusUpdate_Handler</a> from bsp_led.o(i.Bsp_Led_EnterMotorCalibration_StatusUpdate_Handler) referenced from bsp_led.o(.data)
 <LI><a href="#[18]">Bsp_Led_Init</a> from bsp_led.o(i.Bsp_Led_Init) referenced from bsp_led.o(.data)
 <LI><a href="#[1c]">Bsp_Led_StatusUpdate_Handler</a> from bsp_led.o(i.Bsp_Led_StatusUpdate_Handler) referenced from bsp_led.o(.data)
 <LI><a href="#[30]">Bsp_NewProtocol_RxDataParse_Handler</a> from bsp_newprotocol.o(i.Bsp_NewProtocol_RxDataParse_Handler) referenced from bsp_newprotocol.o(.data)
 <LI><a href="#[31]">Bsp_OldProtocol_RxDataParse_Handler</a> from bsp_oldprotocol.o(i.Bsp_OldProtocol_RxDataParse_Handler) referenced from bsp_oldprotocol.o(.data)
 <LI><a href="#[32]">Bsp_OldProtocol_SendPackage</a> from bsp_oldprotocol.o(i.Bsp_OldProtocol_SendPackage) referenced from bsp_oldprotocol.o(.data)
 <LI><a href="#[28]">Bsp_Power_BatteryUpdate_Handler</a> from bsp_power.o(i.Bsp_Power_BatteryUpdate_Handler) referenced from bsp_power.o(.data)
 <LI><a href="#[2a]">Bsp_Power_Electric_Check_Handler</a> from bsp_power.o(i.Bsp_Power_Electric_Check_Handler) referenced from bsp_power.o(.data)
 <LI><a href="#[26]">Bsp_Power_IOExti_Close_AdcSampling</a> from bsp_power.o(i.Bsp_Power_IOExti_Close_AdcSampling) referenced from bsp_power.o(.data)
 <LI><a href="#[25]">Bsp_Power_Init</a> from bsp_power.o(i.Bsp_Power_Init) referenced from bsp_power.o(.data)
 <LI><a href="#[27]">Bsp_Power_StartingUp_Handler</a> from bsp_power.o(i.Bsp_Power_StartingUp_Handler) referenced from bsp_power.o(.data)
 <LI><a href="#[29]">Bsp_Power_shutdown_Handler</a> from bsp_power.o(i.Bsp_Power_shutdown_Handler) referenced from bsp_power.o(.data)
 <LI><a href="#[52]">Bsp_SysTimer_CallBack</a> from bsp_systimer.o(i.Bsp_SysTimer_CallBack) referenced from bsp_systimer.o(i.Bsp_SysTimer_Init)
 <LI><a href="#[2f]">Bsp_SysTimer_Init</a> from bsp_systimer.o(i.Bsp_SysTimer_Init) referenced from bsp_systimer.o(.data)
 <LI><a href="#[1e]">Bsp_Uart_Init</a> from bsp_uart.o(i.Bsp_Uart_Init) referenced from bsp_uart.o(.data)
 <LI><a href="#[24]">Bsp_Uart_RecData_AddPosition</a> from bsp_uart.o(i.Bsp_Uart_RecData_AddPosition) referenced from bsp_uart.o(.data)
 <LI><a href="#[23]">Bsp_Uart_RecData_Handler</a> from bsp_uart.o(i.Bsp_Uart_RecData_Handler) referenced from bsp_uart.o(.data)
 <LI><a href="#[22]">Bsp_Uart_SendFinish_Handler</a> from bsp_uart.o(i.Bsp_Uart_SendFinish_Handler) referenced from bsp_uart.o(.data)
 <LI><a href="#[1f]">Bsp_Uart_SerialPort1_SendData</a> from bsp_uart.o(i.Bsp_Uart_SerialPort1_SendData) referenced from bsp_uart.o(.data)
 <LI><a href="#[20]">Bsp_Uart_SerialPort2_SendData</a> from bsp_uart.o(i.Bsp_Uart_SerialPort2_SendData) referenced from bsp_uart.o(.data)
 <LI><a href="#[21]">Bsp_Uart_SerialPort3_SendData</a> from bsp_uart.o(i.Bsp_Uart_SerialPort3_SendData) referenced from bsp_uart.o(.data)
 <LI><a href="#[17]">Bsp_key_Timer_Init</a> from bsp_key.o(i.Bsp_key_Timer_Init) referenced from bsp_key.o(.data)
 <LI><a href="#[6]">Default_Handler</a> from startup.o(.xip_banned) referenced 32 times from startup.o(RESET)
 <LI><a href="#[6d]">EXTI_Handler</a> from ls_soc_gpio.o(i.EXTI_Handler) referenced from ls_soc_gpio.o(i.io_init)
 <LI><a href="#[58]">GPTIMA1_Handler</a> from ls_msp_timer.o(i.GPTIMA1_Handler) referenced from ls_msp_timer.o(i.HAL_TIM_MSP_Init)
 <LI><a href="#[59]">GPTIMB1_Handler</a> from ls_msp_timer.o(i.GPTIMB1_Handler) referenced from ls_msp_timer.o(i.HAL_TIM_MSP_Init)
 <LI><a href="#[5a]">GPTIMC1_Handler</a> from ls_msp_timer.o(i.GPTIMC1_Handler) referenced from ls_msp_timer.o(i.HAL_TIM_MSP_Init)
 <LI><a href="#[73]">GPTIM_IRQ_Handler_For_LSI_Counting</a> from platform.o(i.GPTIM_IRQ_Handler_For_LSI_Counting) referenced from platform.o(i.rco_freq_counting_init)
 <LI><a href="#[5c]">HAL_TRNG_IRQHandler</a> from ls_hal_trng.o(i.HAL_TRNG_IRQHandler) referenced from ls_msp_trng.o(i.HAL_TRNG_MSP_Init)
 <LI><a href="#[5d]">HAL_UART1_Handler</a> from ls_msp_uart.o(i.HAL_UART1_Handler) referenced from ls_msp_uart.o(i.HAL_UART_MSP_Init)
 <LI><a href="#[5e]">HAL_UART2_Handler</a> from ls_msp_uart.o(i.HAL_UART2_Handler) referenced from ls_msp_uart.o(i.HAL_UART_MSP_Init)
 <LI><a href="#[5f]">HAL_UART3_Handler</a> from ls_msp_uart.o(i.HAL_UART3_Handler) referenced from ls_msp_uart.o(i.HAL_UART_MSP_Init)
 <LI><a href="#[2]">HardFault_Handler</a> from startup.o(.xip_banned) referenced from startup.o(RESET)
 <LI><a href="#[d]">Hardware_Init</a> from system_init.o(i.Hardware_Init) referenced from system_init.o(.data)
 <LI><a href="#[64]">LPWKUP_Handler</a> from sleep.o(i.LPWKUP_Handler) referenced from platform.o(i.cpu_sleep_recover_init)
 <LI><a href="#[56]">LSECC_IRQHandler</a> from ls_hal_ecc.o(i.LSECC_IRQHandler) referenced from ls_msp_ecc.o(i.HAL_LSECC_MSP_Init)
 <LI><a href="#[62]">LVD33_Handler</a> from platform.o(.xip_banned.LVD33_Handler) referenced from platform.o(i.analog_init)
 <LI><a href="#[1]">NMI_Handler</a> from startup.o(.xip_banned) referenced from startup.o(RESET)
 <LI><a href="#[4]">PendSV_Handler</a> from startup.o(.xip_banned) referenced from startup.o(RESET)
 <LI><a href="#[c]">Public_Delay_Ms</a> from public.o(i.Public_Delay_Ms) referenced from public.o(.data)
 <LI><a href="#[0]">Reset_Handler</a> from startup.o(.text) referenced from startup.o(RESET)
 <LI><a href="#[3]">SVC_Handler</a> from svcall_asm.o(.text.SVC_Handler) referenced from startup.o(RESET)
 <LI><a href="#[3a]">SVC_Handler_C</a> from svcall.o(i.SVC_Handler_C) referenced from svcall_asm.o(.text.SVC_Handler)
 <LI><a href="#[11]">Shutdown_Rocker_Check_Handler</a> from bsp_adc.o(i.Shutdown_Rocker_Check_Handler) referenced from bsp_adc.o(.data)
 <LI><a href="#[10]">Startup_Shutdown_Rocker_Check_Handler</a> from bsp_adc.o(i.Startup_Shutdown_Rocker_Check_Handler) referenced from bsp_adc.o(.data)
 <LI><a href="#[5]">SysTick_Handler</a> from systick.o(.xip_banned.SysTick_Handler) referenced from startup.o(RESET)
 <LI><a href="#[34]">SystemInit</a> from platform.o(i.SystemInit) referenced from startup.o(.text)
 <LI><a href="#[35]">__main</a> from entry.o(.ARM.Collect$$$$00000000) referenced from startup.o(.text)
 <LI><a href="#[37]">_sbackspace</a> from _sgetc.o(.text) referenced from sscanf.o(.text)
 <LI><a href="#[38]">_scanf_char_input</a> from scanf_char.o(.text) referenced from scanf_char.o(.text)
 <LI><a href="#[36]">_sgetc</a> from _sgetc.o(.text) referenced from sscanf.o(.text)
 <LI><a href="#[61]">_sputc</a> from printfa.o(i._sputc) referenced from printfa.o(i.__0sprintf)
 <LI><a href="#[50]">adc_isenable_poll</a> from ls_hal_adc.o(i.adc_isenable_poll) referenced from ls_hal_adc.o(i.ADC_ConversionStop_Disable)
 <LI><a href="#[50]">adc_isenable_poll</a> from ls_hal_adc.o(i.adc_isenable_poll) referenced from ls_hal_adc.o(i.ADC_Enable)
 <LI><a href="#[46]">adv_actv_start_param</a> from libfw.o(.text.adv_actv_start_param) referenced from libfw.o(.text.gapm_adv_activity_start_cmd_send)
 <LI><a href="#[71]">app_init</a> from libfw.o(.text.app_init) referenced from stack_var.o(i.main_task_app_init)
 <LI><a href="#[8f]">app_msg_handler</a> from libfw.o(.text.app_msg_handler) referenced from libfw.o(.rodata.app_msg_handler_tab)
 <LI><a href="#[4a]">ble_sleep</a> from libfw.o(.text.ble_sleep) referenced from libfw.o(.text.ip_rf_init)
 <LI><a href="#[42]">bond_cfm_csrk_fill</a> from libfw.o(.text.bond_cfm_csrk_fill) referenced from libfw.o(.text.gap_manager_gapc_bond_req_ind_handler)
 <LI><a href="#[41]">bond_cfm_irk_fill</a> from libfw.o(.text.bond_cfm_irk_fill) referenced from libfw.o(.text.gap_manager_gapc_bond_req_ind_handler)
 <LI><a href="#[40]">bond_cfm_ltk_fill</a> from libfw.o(.text.bond_cfm_ltk_fill) referenced from libfw.o(.text.gap_manager_gapc_bond_req_ind_handler)
 <LI><a href="#[44]">bond_cfm_pair_feat_fill</a> from libfw.o(.text.bond_cfm_pair_feat_fill) referenced from libfw.o(.text.gap_manager_slave_pair_response_send)
 <LI><a href="#[45]">bond_cfm_tk_fill</a> from libfw.o(.text.bond_cfm_tk_fill) referenced from libfw.o(.text.gap_manager_tk_set)
 <LI><a href="#[43]">bond_search_callback</a> from libfw.o(.text.bond_search_callback) referenced from libfw.o(.text.gap_manager_gapc_conn_req_ind_handler)
 <LI><a href="#[90]">builtin_dynamic_msg_handler</a> from libfw.o(.text.builtin_dynamic_msg_handler) referenced from libfw.o(.rodata.builtin_msg_handler_tab)
 <LI><a href="#[91]">builtin_func_invoke_handler</a> from libfw.o(.text.builtin_func_invoke_handler) referenced from libfw.o(.rodata.builtin_msg_handler_tab)
 <LI><a href="#[63]">cpu_recover_asm</a> from sleep_asm.o(.xip_banned.sleep_recover_asm) referenced from platform.o(i.cpu_sleep_recover_init)
 <LI><a href="#[51]">dev_manager_callback</a> from bsp_bluetooth.o(i.dev_manager_callback) referenced from bsp_bluetooth.o(i.Bsp_BlueTooth_Init)
 <LI><a href="#[81]">dir_add_parse</a> from tinyfs.o(i.dir_add_parse) referenced from tinyfs.o(.constdata)
 <LI><a href="#[65]">dir_compare</a> from tinyfs.o(i.dir_compare) referenced from tinyfs.o(i.dir_add_parse)
 <LI><a href="#[65]">dir_compare</a> from tinyfs.o(i.dir_compare) referenced from tinyfs.o(i.dir_remove_parse)
 <LI><a href="#[83]">dir_remove_parse</a> from tinyfs.o(i.dir_remove_parse) referenced from tinyfs.o(.constdata)
 <LI><a href="#[8a]">do_hal_flash_chip_erase</a> from ls_hal_flash.o(i.do_hal_flash_chip_erase) referenced from svcall.o(.constdata)
 <LI><a href="#[66]">do_hal_flash_chip_erase_func</a> from ls_hal_flash_qspi.o(.xip_banned.do_hal_flash_chip_erase_func) referenced from ls_hal_flash.o(i.do_hal_flash_chip_erase)
 <LI><a href="#[88]">do_hal_flash_erase</a> from ls_hal_flash.o(i.do_hal_flash_erase) referenced from svcall.o(.constdata)
 <LI><a href="#[67]">do_hal_flash_erase_func</a> from ls_hal_flash_qspi.o(.xip_banned.do_hal_flash_erase_func) referenced from ls_hal_flash.o(i.do_hal_flash_erase)
 <LI><a href="#[8b]">do_hal_flash_erase_security_area</a> from ls_hal_flash.o(i.do_hal_flash_erase_security_area) referenced from svcall.o(.constdata)
 <LI><a href="#[68]">do_hal_flash_erase_security_area_func</a> from ls_hal_flash_qspi.o(.xip_banned.do_hal_flash_erase_security_area_func) referenced from ls_hal_flash.o(i.do_hal_flash_erase_security_area)
 <LI><a href="#[7]">do_hal_flash_prog_func</a> from ls_hal_flash_qspi.o(.xip_banned.do_hal_flash_prog_func) referenced from ls_hal_flash.o(.xip_banned.flash_writing_critical)
 <LI><a href="#[7]">do_hal_flash_prog_func</a> from ls_hal_flash_qspi.o(.xip_banned.do_hal_flash_prog_func) referenced from ls_hal_flash_qspi.o(i.do_hal_flash_program)
 <LI><a href="#[87]">do_hal_flash_program</a> from ls_hal_flash_qspi.o(i.do_hal_flash_program) referenced from svcall.o(.constdata)
 <LI><a href="#[8c]">do_hal_flash_program_security_area</a> from ls_hal_flash_qspi.o(i.do_hal_flash_program_security_area) referenced from svcall.o(.constdata)
 <LI><a href="#[69]">do_hal_flash_program_security_area_func</a> from ls_hal_flash_qspi.o(.xip_banned.do_hal_flash_program_security_area_func) referenced from ls_hal_flash_qspi.o(i.do_hal_flash_program_security_area)
 <LI><a href="#[89]">do_hal_flash_read</a> from ls_hal_flash.o(i.do_hal_flash_read) referenced from svcall.o(.constdata)
 <LI><a href="#[6a]">do_hal_flash_read_func</a> from ls_hal_flash_qspi.o(.xip_banned.do_hal_flash_read_func) referenced from ls_hal_flash.o(i.do_hal_flash_read)
 <LI><a href="#[8e]">do_hal_flash_read_reg</a> from ls_hal_flash.o(i.do_hal_flash_read_reg) referenced from svcall.o(.constdata)
 <LI><a href="#[6b]">do_hal_flash_read_reg_func</a> from ls_hal_flash_qspi.o(.xip_banned.do_hal_flash_read_reg_func) referenced from ls_hal_flash.o(i.do_hal_flash_read_reg)
 <LI><a href="#[8d]">do_hal_flash_read_security_area</a> from ls_hal_flash_qspi.o(i.do_hal_flash_read_security_area) referenced from svcall.o(.constdata)
 <LI><a href="#[6c]">do_hal_flash_read_security_area_func</a> from ls_hal_flash_qspi.o(.xip_banned.do_hal_flash_read_security_area_func) referenced from ls_hal_flash_qspi.o(i.do_hal_flash_read_security_area)
 <LI><a href="#[72]">dummy</a> from stack_var.o(i.dummy) referenced from stack_var.o(i.main_task_app_init)
 <LI><a href="#[77]">ecc_calc_start</a> from platform.o(i.ecc_calc_start) referenced from stack_var.o(i.stack_var_ptr_init)
 <LI><a href="#[7a]">enter_critical</a> from cpu.o(.xip_banned.enter_critical) referenced from stack_var.o(i.stack_var_ptr_init)
 <LI><a href="#[7b]">exit_critical</a> from cpu.o(.xip_banned.exit_critical) referenced from stack_var.o(i.stack_var_ptr_init)
 <LI><a href="#[60]">fputc</a> from log.o(i.fputc) referenced from printfa.o(i.__0printf)
 <LI><a href="#[60]">fputc</a> from log.o(i.fputc) referenced from printfa.o(i.__0vprintf)
 <LI><a href="#[85]">hal_flash_quad_io_read</a> from ls_hal_flash_qspi.o(i.hal_flash_quad_io_read) referenced from tinyfs_nvm.o(.constdata)
 <LI><a href="#[84]">hal_flash_quad_page_program</a> from ls_hal_flash.o(i.hal_flash_quad_page_program) referenced from tinyfs_nvm.o(.constdata)
 <LI><a href="#[86]">hal_flash_sector_erase</a> from ls_hal_flash.o(i.hal_flash_sector_erase) referenced from tinyfs_nvm.o(.constdata)
 <LI><a href="#[79]">idiv_acc</a> from platform.o(i.idiv_acc) referenced from stack_var.o(i.stack_var_ptr_init)
 <LI><a href="#[39]">isspace</a> from isspace_c.o(.text) referenced from scanf_char.o(.text)
 <LI><a href="#[6f]">log_hex_output</a> from log.o(i.log_hex_output) referenced from log.o(i.ls_log_init)
 <LI><a href="#[6e]">log_output</a> from log.o(i.log_output) referenced from log.o(i.ls_log_init)
 <LI><a href="#[7c]">lpcycles_to_hus</a> from platform.o(i.lpcycles_to_hus) referenced from stack_var.o(i.stack_var_ptr_init)
 <LI><a href="#[70]">lsi_counting_timer_callback</a> from platform.o(i.lsi_counting_timer_callback) referenced from platform.o(i.lsi_counting_timer_create)
 <LI><a href="#[54]">lsi_counting_timer_start</a> from platform.o(i.lsi_counting_timer_start) referenced from platform.o(i.GPTIM_IRQ_Handler_For_LSI_Counting)
 <LI><a href="#[7e]">lsi_freq_update_and_hs_to_lpcycles</a> from platform.o(i.lsi_freq_update_and_hs_to_lpcycles) referenced from stack_var.o(i.stack_var_ptr_init)
 <LI><a href="#[33]">main</a> from main.o(i.main) referenced from entry9a.o(.ARM.Collect$$$$0000000B)
 <LI><a href="#[3f]">nvds_del</a> from libfw.o(.text.nvds_del) referenced from libfw.o(.text.ble_init)
 <LI><a href="#[3d]">nvds_get</a> from libfw.o(.text.nvds_get) referenced from libfw.o(.text.ble_init)
 <LI><a href="#[3e]">nvds_put</a> from libfw.o(.text.nvds_put) referenced from libfw.o(.text.ble_init)
 <LI><a href="#[76]">platform_reset</a> from platform.o(i.platform_reset) referenced from stack_var.o(i.stack_var_ptr_init)
 <LI><a href="#[4f]">prf_itf_get</a> from libfw.o(.text.prf_itf_get) referenced from libfw.o(.text.prf_fn_init)
 <LI><a href="#[78]">rand</a> from rand.o(.text) referenced from stack_var.o(i.stack_var_ptr_init)
 <LI><a href="#[80]">record_add_parse</a> from tinyfs.o(i.record_add_parse) referenced from tinyfs.o(.constdata)
 <LI><a href="#[74]">record_compare</a> from tinyfs.o(i.record_compare) referenced from tinyfs.o(i.record_add_parse)
 <LI><a href="#[74]">record_compare</a> from tinyfs.o(i.record_compare) referenced from tinyfs.o(i.record_remove_parse)
 <LI><a href="#[82]">record_remove_parse</a> from tinyfs.o(i.record_remove_parse) referenced from tinyfs.o(.constdata)
 <LI><a href="#[4c]">rf_force_agc_enable</a> from modem_rf_le501x.o(i.rf_force_agc_enable) referenced from libfw.o(.text.ip_rf_init)
 <LI><a href="#[7f]">rf_reg_config</a> from modem_rf_le501x.o(i.rf_reg_config) referenced from stack_var.o(i.stack_var_ptr_init)
 <LI><a href="#[4b]">rf_reset</a> from modem_rf_le501x.o(i.rf_reset) referenced from libfw.o(.text.ip_rf_init)
 <LI><a href="#[4d]">rf_rssi_convert</a> from modem_rf_le501x.o(i.rf_rssi_convert) referenced from libfw.o(.text.ip_rf_init)
 <LI><a href="#[4e]">rf_txpwr_cs_get</a> from modem_rf_le501x.o(i.rf_txpwr_cs_get) referenced from libfw.o(.text.ip_rf_init)
 <LI><a href="#[49]">rf_txpwr_dbm_get</a> from modem_rf_le501x.o(i.rf_txpwr_dbm_get) referenced from libfw.o(.text.ip_rf_init)
 <LI><a href="#[75]">stack_assert_asm</a> from stack_asm.o(.text.stack_assert_asm) referenced from stack_var.o(i.stack_var_ptr_init)
 <LI><a href="#[8]">stig_read_continue</a> from ls_hal_qspi.o(.xip_banned.stig_read_continue) referenced from ls_hal_qspi.o(.xip_banned.lsqspi_stig_read_data)
 <LI><a href="#[9]">stig_read_start</a> from ls_hal_qspi.o(.xip_banned.stig_read_start) referenced from ls_hal_qspi.o(.xip_banned.lsqspi_stig_read_data)
 <LI><a href="#[9]">stig_read_start</a> from ls_hal_qspi.o(.xip_banned.stig_read_start) referenced from ls_hal_qspi.o(.xip_banned.stig_rd_wr)
 <LI><a href="#[a]">stig_write_continue</a> from ls_hal_qspi.o(.xip_banned.stig_write_continue) referenced from ls_hal_qspi.o(.xip_banned.lsqspi_stig_write_data)
 <LI><a href="#[b]">stig_write_start</a> from ls_hal_qspi.o(.xip_banned.stig_write_start) referenced from ls_hal_qspi.o(.xip_banned.lsqspi_stig_write_data)
 <LI><a href="#[47]">svc_read_req_callback</a> from libfw.o(.text.svc_read_req_callback) referenced from libfw.o(.text.gatt_manager_gattc_read_req_ind_handler)
 <LI><a href="#[48]">svc_write_req_callback</a> from libfw.o(.text.svc_write_req_callback) referenced from libfw.o(.text.gatt_manager_gattc_write_req_ind_handler)
 <LI><a href="#[7d]">us_to_lpcycles</a> from platform.o(i.us_to_lpcycles) referenced from stack_var.o(i.stack_var_ptr_init)
</UL>
<P>
<H3>
Global Symbols
</H3>
<P><STRONG><a name="[2]"></a>HardFault_Handler</STRONG> (Thumb, 0 bytes, Stack size 0 bytes, startup.o(.xip_banned))
<BR>[Address Reference Count : 1]<UL><LI> startup.o(RESET)
</UL>
<P><STRONG><a name="[1]"></a>NMI_Handler</STRONG> (Thumb, 0 bytes, Stack size 0 bytes, startup.o(.xip_banned))
<BR>[Address Reference Count : 1]<UL><LI> startup.o(RESET)
</UL>
<P><STRONG><a name="[4]"></a>PendSV_Handler</STRONG> (Thumb, 0 bytes, Stack size 0 bytes, startup.o(.xip_banned))
<BR>[Address Reference Count : 1]<UL><LI> startup.o(RESET)
</UL>
<P><STRONG><a name="[3c]"></a>BLE_Handler</STRONG> (Thumb, 100 bytes, Stack size 16 bytes, platform.o(.xip_banned.BLE_Handler))
<BR><BR>[Stack]<UL><LI>Max Depth = 104 + Unknown Stack Size
<LI>Call Chain = BLE_Handler &rArr; hal_flash_write_in_process &rArr; hal_flash_read_status_register_0 &rArr; lsqspi_stig_read_register &rArr; lsqspi_stig_read_data &rArr; stig_rd_wr
</UL>
<BR>[Calls]<UL><LI><a href="#[1ff]">&gt;&gt;</a>&nbsp;&nbsp;&nbsp;arm_cm_delay_asm
<LI><a href="#[2e1]">&gt;&gt;</a>&nbsp;&nbsp;&nbsp;ls_ram_assert
<LI><a href="#[2e2]">&gt;&gt;</a>&nbsp;&nbsp;&nbsp;hal_flash_prog_erase_suspend
<LI><a href="#[2e7]">&gt;&gt;</a>&nbsp;&nbsp;&nbsp;hal_flash_prog_erase_resume
<LI><a href="#[2e0]">&gt;&gt;</a>&nbsp;&nbsp;&nbsp;hal_flash_xip_status_get
<LI><a href="#[2df]">&gt;&gt;</a>&nbsp;&nbsp;&nbsp;hal_flash_writing_busy
<LI><a href="#[2e4]">&gt;&gt;</a>&nbsp;&nbsp;&nbsp;hal_flash_write_in_process
<LI><a href="#[2e6]">&gt;&gt;</a>&nbsp;&nbsp;&nbsp;hal_flash_xip_stop
<LI><a href="#[2e5]">&gt;&gt;</a>&nbsp;&nbsp;&nbsp;hal_flash_xip_start
<LI><a href="#[2e3]">&gt;&gt;</a>&nbsp;&nbsp;&nbsp;hal_flash_read_status_register_1
<LI><a href="#[222]">&gt;&gt;</a>&nbsp;&nbsp;&nbsp;ble_stack_isr (via Veneer)
</UL>
<BR>[Address Reference Count : 1]<UL><LI> libfw.o(.text.ble_init)
</UL>
<P><STRONG><a name="[62]"></a>LVD33_Handler</STRONG> (Thumb, 40 bytes, Stack size 0 bytes, platform.o(.xip_banned.LVD33_Handler))
<BR>[Address Reference Count : 1]<UL><LI> platform.o(i.analog_init)
</UL>
<P><STRONG><a name="[5]"></a>SysTick_Handler</STRONG> (Thumb, 12 bytes, Stack size 0 bytes, systick.o(.xip_banned.SysTick_Handler))
<BR>[Address Reference Count : 1]<UL><LI> startup.o(RESET)
</UL>
<P><STRONG><a name="[2e8]"></a>after_wfi</STRONG> (Thumb, 114 bytes, Stack size 8 bytes, sleep.o(.xip_banned.after_wfi))
<BR><BR>[Stack]<UL><LI>Max Depth = 16<LI>Call Chain = after_wfi &rArr; clk_switch
</UL>
<BR>[Calls]<UL><LI><a href="#[2e1]">&gt;&gt;</a>&nbsp;&nbsp;&nbsp;ls_ram_assert
<LI><a href="#[2eb]">&gt;&gt;</a>&nbsp;&nbsp;&nbsp;iwdg_check
<LI><a href="#[2ea]">&gt;&gt;</a>&nbsp;&nbsp;&nbsp;wait_dpll_lock
<LI><a href="#[2e9]">&gt;&gt;</a>&nbsp;&nbsp;&nbsp;normal_sleep_set
<LI><a href="#[1f9]">&gt;&gt;</a>&nbsp;&nbsp;&nbsp;__NVIC_GetPendingIRQ
<LI><a href="#[215]">&gt;&gt;</a>&nbsp;&nbsp;&nbsp;dcdc_on
<LI><a href="#[217]">&gt;&gt;</a>&nbsp;&nbsp;&nbsp;clk_switch
</UL>
<BR>[Called By]<UL><LI><a href="#[63]">&gt;&gt;</a>&nbsp;&nbsp;&nbsp;cpu_recover_asm
</UL>

<P><STRONG><a name="[1ff]"></a>arm_cm_delay_asm</STRONG> (Thumb, 8 bytes, Stack size 0 bytes, delay_asm.o(.xip_banned.arm_cm_delay_asm))
<BR><BR>[Calls]<UL><LI><a href="#[1ff]">&gt;&gt;</a>&nbsp;&nbsp;&nbsp;arm_cm_delay_asm
</UL>
<BR>[Called By]<UL><LI><a href="#[1ff]">&gt;&gt;</a>&nbsp;&nbsp;&nbsp;arm_cm_delay_asm
<LI><a href="#[c]">&gt;&gt;</a>&nbsp;&nbsp;&nbsp;Public_Delay_Ms (via Veneer)
<LI><a href="#[24b]">&gt;&gt;</a>&nbsp;&nbsp;&nbsp;flash_writing_critical
<LI><a href="#[237]">&gt;&gt;</a>&nbsp;&nbsp;&nbsp;cpu_flash_deep_sleep_and_recover
<LI><a href="#[299]">&gt;&gt;</a>&nbsp;&nbsp;&nbsp;rco_freq_counting_init (via Veneer)
<LI><a href="#[3c]">&gt;&gt;</a>&nbsp;&nbsp;&nbsp;BLE_Handler
</UL>

<P><STRONG><a name="[2ec]"></a>before_wfi</STRONG> (Thumb, 54 bytes, Stack size 8 bytes, sleep.o(.xip_banned.before_wfi))
<BR><BR>[Stack]<UL><LI>Max Depth = 16<LI>Call Chain = before_wfi &rArr; sleep_mode_set
</UL>
<BR>[Calls]<UL><LI><a href="#[2eb]">&gt;&gt;</a>&nbsp;&nbsp;&nbsp;iwdg_check
<LI><a href="#[2ed]">&gt;&gt;</a>&nbsp;&nbsp;&nbsp;sleep_mode_set
<LI><a href="#[2ee]">&gt;&gt;</a>&nbsp;&nbsp;&nbsp;ble_hclk_clr
<LI><a href="#[2b4]">&gt;&gt;</a>&nbsp;&nbsp;&nbsp;switch_to_xo16m
</UL>
<BR>[Called By]<UL><LI><a href="#[2f2]">&gt;&gt;</a>&nbsp;&nbsp;&nbsp;cpu_sleep_asm
</UL>

<P><STRONG><a name="[216]"></a>clk_check</STRONG> (Thumb, 30 bytes, Stack size 0 bytes, platform.o(.xip_banned.clk_check))
<BR><BR>[Called By]<UL><LI><a href="#[214]">&gt;&gt;</a>&nbsp;&nbsp;&nbsp;analog_init (via Veneer)
</UL>

<P><STRONG><a name="[217]"></a>clk_switch</STRONG> (Thumb, 10 bytes, Stack size 8 bytes, platform.o(.xip_banned.clk_switch))
<BR><BR>[Stack]<UL><LI>Max Depth = 8<LI>Call Chain = clk_switch
</UL>
<BR>[Calls]<UL><LI><a href="#[2ef]">&gt;&gt;</a>&nbsp;&nbsp;&nbsp;switch_to_pll
</UL>
<BR>[Called By]<UL><LI><a href="#[2e8]">&gt;&gt;</a>&nbsp;&nbsp;&nbsp;after_wfi
<LI><a href="#[214]">&gt;&gt;</a>&nbsp;&nbsp;&nbsp;analog_init (via Veneer)
</UL>

<P><STRONG><a name="[215]"></a>dcdc_on</STRONG> (Thumb, 2 bytes, Stack size 0 bytes, sleep.o(.xip_banned.dcdc_on))
<BR><BR>[Called By]<UL><LI><a href="#[2e8]">&gt;&gt;</a>&nbsp;&nbsp;&nbsp;after_wfi
<LI><a href="#[214]">&gt;&gt;</a>&nbsp;&nbsp;&nbsp;analog_init (via Veneer)
</UL>

<P><STRONG><a name="[288]"></a>disable_global_irq</STRONG> (Thumb, 4 bytes, Stack size 0 bytes, cpu.o(.xip_banned.disable_global_irq))
<BR><BR>[Called By]<UL><LI><a href="#[c1]">&gt;&gt;</a>&nbsp;&nbsp;&nbsp;ls_assert (via Veneer)
<LI><a href="#[2e1]">&gt;&gt;</a>&nbsp;&nbsp;&nbsp;ls_ram_assert
<LI><a href="#[167]">&gt;&gt;</a>&nbsp;&nbsp;&nbsp;stack_assert_c (via Veneer)
</UL>

<P><STRONG><a name="[66]"></a>do_hal_flash_chip_erase_func</STRONG> (Thumb, 12 bytes, Stack size 8 bytes, ls_hal_flash_qspi.o(.xip_banned.do_hal_flash_chip_erase_func))
<BR><BR>[Stack]<UL><LI>Max Depth = 16<LI>Call Chain = do_hal_flash_chip_erase_func &rArr; lsqspi_stig_send_command
</UL>
<BR>[Calls]<UL><LI><a href="#[2f6]">&gt;&gt;</a>&nbsp;&nbsp;&nbsp;lsqspi_stig_send_command
</UL>
<BR>[Address Reference Count : 1]<UL><LI> ls_hal_flash.o(i.do_hal_flash_chip_erase)
</UL>
<P><STRONG><a name="[67]"></a>do_hal_flash_erase_func</STRONG> (Thumb, 18 bytes, Stack size 16 bytes, ls_hal_flash_qspi.o(.xip_banned.do_hal_flash_erase_func))
<BR><BR>[Stack]<UL><LI>Max Depth = 88<LI>Call Chain = do_hal_flash_erase_func &rArr; lsqspi_stig_write_register &rArr; lsqspi_stig_write_data &rArr; stig_rd_wr
</UL>
<BR>[Calls]<UL><LI><a href="#[2f7]">&gt;&gt;</a>&nbsp;&nbsp;&nbsp;lsqspi_stig_write_register
</UL>
<BR>[Address Reference Count : 1]<UL><LI> ls_hal_flash.o(i.do_hal_flash_erase)
</UL>
<P><STRONG><a name="[68]"></a>do_hal_flash_erase_security_area_func</STRONG> (Thumb, 16 bytes, Stack size 8 bytes, ls_hal_flash_qspi.o(.xip_banned.do_hal_flash_erase_security_area_func))
<BR><BR>[Stack]<UL><LI>Max Depth = 80<LI>Call Chain = do_hal_flash_erase_security_area_func &rArr; lsqspi_stig_write_register &rArr; lsqspi_stig_write_data &rArr; stig_rd_wr
</UL>
<BR>[Calls]<UL><LI><a href="#[2f7]">&gt;&gt;</a>&nbsp;&nbsp;&nbsp;lsqspi_stig_write_register
</UL>
<BR>[Address Reference Count : 1]<UL><LI> ls_hal_flash.o(i.do_hal_flash_erase_security_area)
</UL>
<P><STRONG><a name="[7]"></a>do_hal_flash_prog_func</STRONG> (Thumb, 12 bytes, Stack size 8 bytes, ls_hal_flash_qspi.o(.xip_banned.do_hal_flash_prog_func))
<BR><BR>[Stack]<UL><LI>Max Depth = 48<LI>Call Chain = do_hal_flash_prog_func &rArr; lsqspi_stig_write_data &rArr; stig_rd_wr
</UL>
<BR>[Calls]<UL><LI><a href="#[2f8]">&gt;&gt;</a>&nbsp;&nbsp;&nbsp;lsqspi_stig_write_data
</UL>
<BR>[Address Reference Count : 2]<UL><LI> ls_hal_flash.o(.xip_banned.flash_writing_critical)
<LI> ls_hal_flash_qspi.o(i.do_hal_flash_program)
</UL>
<P><STRONG><a name="[69]"></a>do_hal_flash_program_security_area_func</STRONG> (Thumb, 12 bytes, Stack size 8 bytes, ls_hal_flash_qspi.o(.xip_banned.do_hal_flash_program_security_area_func))
<BR><BR>[Stack]<UL><LI>Max Depth = 48<LI>Call Chain = do_hal_flash_program_security_area_func &rArr; lsqspi_stig_write_data &rArr; stig_rd_wr
</UL>
<BR>[Calls]<UL><LI><a href="#[2f8]">&gt;&gt;</a>&nbsp;&nbsp;&nbsp;lsqspi_stig_write_data
</UL>
<BR>[Address Reference Count : 1]<UL><LI> ls_hal_flash_qspi.o(i.do_hal_flash_program_security_area)
</UL>
<P><STRONG><a name="[6a]"></a>do_hal_flash_read_func</STRONG> (Thumb, 12 bytes, Stack size 8 bytes, ls_hal_flash_qspi.o(.xip_banned.do_hal_flash_read_func))
<BR><BR>[Stack]<UL><LI>Max Depth = 48<LI>Call Chain = do_hal_flash_read_func &rArr; lsqspi_stig_read_data &rArr; stig_rd_wr
</UL>
<BR>[Calls]<UL><LI><a href="#[2f9]">&gt;&gt;</a>&nbsp;&nbsp;&nbsp;lsqspi_stig_read_data
</UL>
<BR>[Address Reference Count : 1]<UL><LI> ls_hal_flash.o(i.do_hal_flash_read)
</UL>
<P><STRONG><a name="[6b]"></a>do_hal_flash_read_reg_func</STRONG> (Thumb, 18 bytes, Stack size 16 bytes, ls_hal_flash_qspi.o(.xip_banned.do_hal_flash_read_reg_func))
<BR><BR>[Stack]<UL><LI>Max Depth = 88<LI>Call Chain = do_hal_flash_read_reg_func &rArr; lsqspi_stig_read_register &rArr; lsqspi_stig_read_data &rArr; stig_rd_wr
</UL>
<BR>[Calls]<UL><LI><a href="#[2fa]">&gt;&gt;</a>&nbsp;&nbsp;&nbsp;lsqspi_stig_read_register
</UL>
<BR>[Address Reference Count : 1]<UL><LI> ls_hal_flash.o(i.do_hal_flash_read_reg)
</UL>
<P><STRONG><a name="[6c]"></a>do_hal_flash_read_security_area_func</STRONG> (Thumb, 12 bytes, Stack size 8 bytes, ls_hal_flash_qspi.o(.xip_banned.do_hal_flash_read_security_area_func))
<BR><BR>[Stack]<UL><LI>Max Depth = 48<LI>Call Chain = do_hal_flash_read_security_area_func &rArr; lsqspi_stig_read_data &rArr; stig_rd_wr
</UL>
<BR>[Calls]<UL><LI><a href="#[2f9]">&gt;&gt;</a>&nbsp;&nbsp;&nbsp;lsqspi_stig_read_data
</UL>
<BR>[Address Reference Count : 1]<UL><LI> ls_hal_flash_qspi.o(i.do_hal_flash_read_security_area)
</UL>
<P><STRONG><a name="[7a]"></a>enter_critical</STRONG> (Thumb, 12 bytes, Stack size 0 bytes, cpu.o(.xip_banned.enter_critical))
<BR><BR>[Called By]<UL><LI><a href="#[24b]">&gt;&gt;</a>&nbsp;&nbsp;&nbsp;flash_writing_critical
<LI><a href="#[2e6]">&gt;&gt;</a>&nbsp;&nbsp;&nbsp;hal_flash_xip_stop
<LI><a href="#[2e5]">&gt;&gt;</a>&nbsp;&nbsp;&nbsp;hal_flash_xip_start
<LI><a href="#[307]">&gt;&gt;</a>&nbsp;&nbsp;&nbsp;stig_rd_wr
<LI><a href="#[21e]">&gt;&gt;</a>&nbsp;&nbsp;&nbsp;sleep_process (via Veneer)
<LI><a href="#[79]">&gt;&gt;</a>&nbsp;&nbsp;&nbsp;idiv_acc (via Veneer)
</UL>
<BR>[Address Reference Count : 1]<UL><LI> stack_var.o(i.stack_var_ptr_init)
</UL>
<P><STRONG><a name="[7b]"></a>exit_critical</STRONG> (Thumb, 8 bytes, Stack size 0 bytes, cpu.o(.xip_banned.exit_critical))
<BR><BR>[Called By]<UL><LI><a href="#[24b]">&gt;&gt;</a>&nbsp;&nbsp;&nbsp;flash_writing_critical
<LI><a href="#[2e6]">&gt;&gt;</a>&nbsp;&nbsp;&nbsp;hal_flash_xip_stop
<LI><a href="#[2e5]">&gt;&gt;</a>&nbsp;&nbsp;&nbsp;hal_flash_xip_start
<LI><a href="#[307]">&gt;&gt;</a>&nbsp;&nbsp;&nbsp;stig_rd_wr
<LI><a href="#[21e]">&gt;&gt;</a>&nbsp;&nbsp;&nbsp;sleep_process (via Veneer)
<LI><a href="#[79]">&gt;&gt;</a>&nbsp;&nbsp;&nbsp;idiv_acc (via Veneer)
</UL>
<BR>[Address Reference Count : 1]<UL><LI> stack_var.o(i.stack_var_ptr_init)
</UL>
<P><STRONG><a name="[24c]"></a>flash_reading_critical</STRONG> (Thumb, 20 bytes, Stack size 16 bytes, ls_hal_flash.o(.xip_banned.flash_reading_critical))
<BR><BR>[Stack]<UL><LI>Max Depth = 104<LI>Call Chain = flash_reading_critical &rArr; hal_flash_xip_start &rArr; quad_io_read_dummy &rArr; lsqspi_stig_read_data &rArr; stig_rd_wr
</UL>
<BR>[Calls]<UL><LI><a href="#[2e6]">&gt;&gt;</a>&nbsp;&nbsp;&nbsp;hal_flash_xip_stop
<LI><a href="#[2e5]">&gt;&gt;</a>&nbsp;&nbsp;&nbsp;hal_flash_xip_start
</UL>
<BR>[Called By]<UL><LI><a href="#[8d]">&gt;&gt;</a>&nbsp;&nbsp;&nbsp;do_hal_flash_read_security_area (via Veneer)
<LI><a href="#[8e]">&gt;&gt;</a>&nbsp;&nbsp;&nbsp;do_hal_flash_read_reg (via Veneer)
<LI><a href="#[89]">&gt;&gt;</a>&nbsp;&nbsp;&nbsp;do_hal_flash_read (via Veneer)
</UL>

<P><STRONG><a name="[24b]"></a>flash_writing_critical</STRONG> (Thumb, 188 bytes, Stack size 24 bytes, ls_hal_flash.o(.xip_banned.flash_writing_critical))
<BR><BR>[Stack]<UL><LI>Max Depth = 120<LI>Call Chain = flash_writing_critical &rArr; hal_flash_write_status_check &rArr; hal_flash_write_in_process &rArr; hal_flash_read_status_register_0 &rArr; lsqspi_stig_read_register &rArr; lsqspi_stig_read_data &rArr; stig_rd_wr
</UL>
<BR>[Calls]<UL><LI><a href="#[1ff]">&gt;&gt;</a>&nbsp;&nbsp;&nbsp;arm_cm_delay_asm
<LI><a href="#[16a]">&gt;&gt;</a>&nbsp;&nbsp;&nbsp;systick_poll_timeout
<LI><a href="#[169]">&gt;&gt;</a>&nbsp;&nbsp;&nbsp;systick_get_value
<LI><a href="#[2e6]">&gt;&gt;</a>&nbsp;&nbsp;&nbsp;hal_flash_xip_stop
<LI><a href="#[2e5]">&gt;&gt;</a>&nbsp;&nbsp;&nbsp;hal_flash_xip_start
<LI><a href="#[2fb]">&gt;&gt;</a>&nbsp;&nbsp;&nbsp;hal_flash_write_enable
<LI><a href="#[2fc]">&gt;&gt;</a>&nbsp;&nbsp;&nbsp;hal_flash_write_status_check
<LI><a href="#[7b]">&gt;&gt;</a>&nbsp;&nbsp;&nbsp;exit_critical
<LI><a href="#[7a]">&gt;&gt;</a>&nbsp;&nbsp;&nbsp;enter_critical
</UL>
<BR>[Called By]<UL><LI><a href="#[8c]">&gt;&gt;</a>&nbsp;&nbsp;&nbsp;do_hal_flash_program_security_area (via Veneer)
<LI><a href="#[87]">&gt;&gt;</a>&nbsp;&nbsp;&nbsp;do_hal_flash_program (via Veneer)
<LI><a href="#[8b]">&gt;&gt;</a>&nbsp;&nbsp;&nbsp;do_hal_flash_erase_security_area (via Veneer)
<LI><a href="#[88]">&gt;&gt;</a>&nbsp;&nbsp;&nbsp;do_hal_flash_erase (via Veneer)
<LI><a href="#[8a]">&gt;&gt;</a>&nbsp;&nbsp;&nbsp;do_hal_flash_chip_erase (via Veneer)
</UL>

<P><STRONG><a name="[2f0]"></a>hal_flash_deep_power_down</STRONG> (Thumb, 10 bytes, Stack size 8 bytes, ls_hal_flash_qspi.o(.xip_banned.hal_flash_deep_power_down))
<BR><BR>[Stack]<UL><LI>Max Depth = 16<LI>Call Chain = hal_flash_deep_power_down &rArr; lsqspi_stig_send_command
</UL>
<BR>[Calls]<UL><LI><a href="#[2f6]">&gt;&gt;</a>&nbsp;&nbsp;&nbsp;lsqspi_stig_send_command
</UL>
<BR>[Called By]<UL><LI><a href="#[237]">&gt;&gt;</a>&nbsp;&nbsp;&nbsp;cpu_flash_deep_sleep_and_recover
</UL>

<P><STRONG><a name="[2dc]"></a>hal_flash_drv_var_init</STRONG> (Thumb, 20 bytes, Stack size 16 bytes, ls_hal_flash.o(.xip_banned.hal_flash_drv_var_init))
<BR><BR>[Stack]<UL><LI>Max Depth = 16<LI>Call Chain = hal_flash_drv_var_init
</UL>
<BR>[Calls]<UL><LI><a href="#[2fd]">&gt;&gt;</a>&nbsp;&nbsp;&nbsp;hal_flash_xip_status_set
<LI><a href="#[2fe]">&gt;&gt;</a>&nbsp;&nbsp;&nbsp;hal_flash_writing_status_set
</UL>
<BR>[Called By]<UL><LI><a href="#[2c4]">&gt;&gt;</a>&nbsp;&nbsp;&nbsp;var_init (via Veneer)
</UL>

<P><STRONG><a name="[2f4]"></a>hal_flash_init</STRONG> (Thumb, 8 bytes, Stack size 8 bytes, ls_hal_flash_qspi.o(.xip_banned.hal_flash_init))
<BR><BR>[Stack]<UL><LI>Max Depth = 16<LI>Call Chain = hal_flash_init &rArr; lsqspi_init
</UL>
<BR>[Calls]<UL><LI><a href="#[2ff]">&gt;&gt;</a>&nbsp;&nbsp;&nbsp;lsqspi_init
</UL>
<BR>[Called By]<UL><LI><a href="#[237]">&gt;&gt;</a>&nbsp;&nbsp;&nbsp;cpu_flash_deep_sleep_and_recover
</UL>

<P><STRONG><a name="[2e7]"></a>hal_flash_prog_erase_resume</STRONG> (Thumb, 10 bytes, Stack size 8 bytes, ls_hal_flash_qspi.o(.xip_banned.hal_flash_prog_erase_resume))
<BR><BR>[Stack]<UL><LI>Max Depth = 16<LI>Call Chain = hal_flash_prog_erase_resume &rArr; lsqspi_stig_send_command
</UL>
<BR>[Calls]<UL><LI><a href="#[2f6]">&gt;&gt;</a>&nbsp;&nbsp;&nbsp;lsqspi_stig_send_command
</UL>
<BR>[Called By]<UL><LI><a href="#[3c]">&gt;&gt;</a>&nbsp;&nbsp;&nbsp;BLE_Handler
</UL>

<P><STRONG><a name="[2e2]"></a>hal_flash_prog_erase_suspend</STRONG> (Thumb, 10 bytes, Stack size 8 bytes, ls_hal_flash_qspi.o(.xip_banned.hal_flash_prog_erase_suspend))
<BR><BR>[Stack]<UL><LI>Max Depth = 16<LI>Call Chain = hal_flash_prog_erase_suspend &rArr; lsqspi_stig_send_command
</UL>
<BR>[Calls]<UL><LI><a href="#[2f6]">&gt;&gt;</a>&nbsp;&nbsp;&nbsp;lsqspi_stig_send_command
</UL>
<BR>[Called By]<UL><LI><a href="#[3c]">&gt;&gt;</a>&nbsp;&nbsp;&nbsp;BLE_Handler
</UL>

<P><STRONG><a name="[300]"></a>hal_flash_read_status_register_0</STRONG> (Thumb, 16 bytes, Stack size 8 bytes, ls_hal_flash_qspi.o(.xip_banned.hal_flash_read_status_register_0))
<BR><BR>[Stack]<UL><LI>Max Depth = 80<LI>Call Chain = hal_flash_read_status_register_0 &rArr; lsqspi_stig_read_register &rArr; lsqspi_stig_read_data &rArr; stig_rd_wr
</UL>
<BR>[Calls]<UL><LI><a href="#[2fa]">&gt;&gt;</a>&nbsp;&nbsp;&nbsp;lsqspi_stig_read_register
</UL>
<BR>[Called By]<UL><LI><a href="#[2e4]">&gt;&gt;</a>&nbsp;&nbsp;&nbsp;hal_flash_write_in_process
</UL>

<P><STRONG><a name="[2e3]"></a>hal_flash_read_status_register_1</STRONG> (Thumb, 16 bytes, Stack size 8 bytes, ls_hal_flash_qspi.o(.xip_banned.hal_flash_read_status_register_1))
<BR><BR>[Stack]<UL><LI>Max Depth = 80<LI>Call Chain = hal_flash_read_status_register_1 &rArr; lsqspi_stig_read_register &rArr; lsqspi_stig_read_data &rArr; stig_rd_wr
</UL>
<BR>[Calls]<UL><LI><a href="#[2fa]">&gt;&gt;</a>&nbsp;&nbsp;&nbsp;lsqspi_stig_read_register
</UL>
<BR>[Called By]<UL><LI><a href="#[3c]">&gt;&gt;</a>&nbsp;&nbsp;&nbsp;BLE_Handler
</UL>

<P><STRONG><a name="[2f5]"></a>hal_flash_release_from_deep_power_down</STRONG> (Thumb, 10 bytes, Stack size 8 bytes, ls_hal_flash_qspi.o(.xip_banned.hal_flash_release_from_deep_power_down))
<BR><BR>[Stack]<UL><LI>Max Depth = 16<LI>Call Chain = hal_flash_release_from_deep_power_down &rArr; lsqspi_stig_send_command
</UL>
<BR>[Calls]<UL><LI><a href="#[2f6]">&gt;&gt;</a>&nbsp;&nbsp;&nbsp;lsqspi_stig_send_command
</UL>
<BR>[Called By]<UL><LI><a href="#[237]">&gt;&gt;</a>&nbsp;&nbsp;&nbsp;cpu_flash_deep_sleep_and_recover
</UL>

<P><STRONG><a name="[2fb]"></a>hal_flash_write_enable</STRONG> (Thumb, 10 bytes, Stack size 8 bytes, ls_hal_flash_qspi.o(.xip_banned.hal_flash_write_enable))
<BR><BR>[Stack]<UL><LI>Max Depth = 16<LI>Call Chain = hal_flash_write_enable &rArr; lsqspi_stig_send_command
</UL>
<BR>[Calls]<UL><LI><a href="#[2f6]">&gt;&gt;</a>&nbsp;&nbsp;&nbsp;lsqspi_stig_send_command
</UL>
<BR>[Called By]<UL><LI><a href="#[24b]">&gt;&gt;</a>&nbsp;&nbsp;&nbsp;flash_writing_critical
</UL>

<P><STRONG><a name="[2e4]"></a>hal_flash_write_in_process</STRONG> (Thumb, 18 bytes, Stack size 8 bytes, ls_hal_flash.o(.xip_banned.hal_flash_write_in_process))
<BR><BR>[Stack]<UL><LI>Max Depth = 88<LI>Call Chain = hal_flash_write_in_process &rArr; hal_flash_read_status_register_0 &rArr; lsqspi_stig_read_register &rArr; lsqspi_stig_read_data &rArr; stig_rd_wr
</UL>
<BR>[Calls]<UL><LI><a href="#[300]">&gt;&gt;</a>&nbsp;&nbsp;&nbsp;hal_flash_read_status_register_0
</UL>
<BR>[Called By]<UL><LI><a href="#[2fc]">&gt;&gt;</a>&nbsp;&nbsp;&nbsp;hal_flash_write_status_check
<LI><a href="#[3c]">&gt;&gt;</a>&nbsp;&nbsp;&nbsp;BLE_Handler
</UL>

<P><STRONG><a name="[2df]"></a>hal_flash_writing_busy</STRONG> (Thumb, 6 bytes, Stack size 0 bytes, ls_hal_flash.o(.xip_banned.hal_flash_writing_busy))
<BR><BR>[Called By]<UL><LI><a href="#[3c]">&gt;&gt;</a>&nbsp;&nbsp;&nbsp;BLE_Handler
</UL>

<P><STRONG><a name="[2fe]"></a>hal_flash_writing_status_set</STRONG> (Thumb, 6 bytes, Stack size 0 bytes, ls_hal_flash.o(.xip_banned.hal_flash_writing_status_set))
<BR><BR>[Called By]<UL><LI><a href="#[2dc]">&gt;&gt;</a>&nbsp;&nbsp;&nbsp;hal_flash_drv_var_init
</UL>

<P><STRONG><a name="[2e5]"></a>hal_flash_xip_start</STRONG> (Thumb, 104 bytes, Stack size 16 bytes, ls_hal_flash_qspi.o(.xip_banned.hal_flash_xip_start))
<BR><BR>[Stack]<UL><LI>Max Depth = 88<LI>Call Chain = hal_flash_xip_start &rArr; quad_io_read_dummy &rArr; lsqspi_stig_read_data &rArr; stig_rd_wr
</UL>
<BR>[Calls]<UL><LI><a href="#[302]">&gt;&gt;</a>&nbsp;&nbsp;&nbsp;lsqspi_direct_read_config
<LI><a href="#[301]">&gt;&gt;</a>&nbsp;&nbsp;&nbsp;quad_io_read_dummy
<LI><a href="#[2fd]">&gt;&gt;</a>&nbsp;&nbsp;&nbsp;hal_flash_xip_status_set
<LI><a href="#[2e0]">&gt;&gt;</a>&nbsp;&nbsp;&nbsp;hal_flash_xip_status_get
<LI><a href="#[7b]">&gt;&gt;</a>&nbsp;&nbsp;&nbsp;exit_critical
<LI><a href="#[7a]">&gt;&gt;</a>&nbsp;&nbsp;&nbsp;enter_critical
</UL>
<BR>[Called By]<UL><LI><a href="#[24b]">&gt;&gt;</a>&nbsp;&nbsp;&nbsp;flash_writing_critical
<LI><a href="#[24c]">&gt;&gt;</a>&nbsp;&nbsp;&nbsp;flash_reading_critical
<LI><a href="#[237]">&gt;&gt;</a>&nbsp;&nbsp;&nbsp;cpu_flash_deep_sleep_and_recover
<LI><a href="#[3c]">&gt;&gt;</a>&nbsp;&nbsp;&nbsp;BLE_Handler
</UL>

<P><STRONG><a name="[2e0]"></a>hal_flash_xip_status_get</STRONG> (Thumb, 6 bytes, Stack size 0 bytes, ls_hal_flash.o(.xip_banned.hal_flash_xip_status_get))
<BR><BR>[Called By]<UL><LI><a href="#[2e6]">&gt;&gt;</a>&nbsp;&nbsp;&nbsp;hal_flash_xip_stop
<LI><a href="#[2e5]">&gt;&gt;</a>&nbsp;&nbsp;&nbsp;hal_flash_xip_start
<LI><a href="#[3c]">&gt;&gt;</a>&nbsp;&nbsp;&nbsp;BLE_Handler
</UL>

<P><STRONG><a name="[2fd]"></a>hal_flash_xip_status_set</STRONG> (Thumb, 6 bytes, Stack size 0 bytes, ls_hal_flash.o(.xip_banned.hal_flash_xip_status_set))
<BR><BR>[Called By]<UL><LI><a href="#[2dc]">&gt;&gt;</a>&nbsp;&nbsp;&nbsp;hal_flash_drv_var_init
<LI><a href="#[2e6]">&gt;&gt;</a>&nbsp;&nbsp;&nbsp;hal_flash_xip_stop
<LI><a href="#[2e5]">&gt;&gt;</a>&nbsp;&nbsp;&nbsp;hal_flash_xip_start
</UL>

<P><STRONG><a name="[2e6]"></a>hal_flash_xip_stop</STRONG> (Thumb, 42 bytes, Stack size 8 bytes, ls_hal_flash_qspi.o(.xip_banned.hal_flash_xip_stop))
<BR><BR>[Stack]<UL><LI>Max Depth = 80<LI>Call Chain = hal_flash_xip_stop &rArr; quad_io_read_dummy &rArr; lsqspi_stig_read_data &rArr; stig_rd_wr
</UL>
<BR>[Calls]<UL><LI><a href="#[301]">&gt;&gt;</a>&nbsp;&nbsp;&nbsp;quad_io_read_dummy
<LI><a href="#[2fd]">&gt;&gt;</a>&nbsp;&nbsp;&nbsp;hal_flash_xip_status_set
<LI><a href="#[2e0]">&gt;&gt;</a>&nbsp;&nbsp;&nbsp;hal_flash_xip_status_get
<LI><a href="#[7b]">&gt;&gt;</a>&nbsp;&nbsp;&nbsp;exit_critical
<LI><a href="#[7a]">&gt;&gt;</a>&nbsp;&nbsp;&nbsp;enter_critical
</UL>
<BR>[Called By]<UL><LI><a href="#[24b]">&gt;&gt;</a>&nbsp;&nbsp;&nbsp;flash_writing_critical
<LI><a href="#[24c]">&gt;&gt;</a>&nbsp;&nbsp;&nbsp;flash_reading_critical
<LI><a href="#[237]">&gt;&gt;</a>&nbsp;&nbsp;&nbsp;cpu_flash_deep_sleep_and_recover
<LI><a href="#[3c]">&gt;&gt;</a>&nbsp;&nbsp;&nbsp;BLE_Handler
</UL>

<P><STRONG><a name="[2eb]"></a>iwdg_check</STRONG> (Thumb, 60 bytes, Stack size 0 bytes, sleep.o(.xip_banned.iwdg_check))
<BR><BR>[Called By]<UL><LI><a href="#[2ec]">&gt;&gt;</a>&nbsp;&nbsp;&nbsp;before_wfi
<LI><a href="#[2e8]">&gt;&gt;</a>&nbsp;&nbsp;&nbsp;after_wfi
</UL>

<P><STRONG><a name="[2e1]"></a>ls_ram_assert</STRONG> (Thumb, 8 bytes, Stack size 0 bytes, ls_dbg.o(.xip_banned.ls_ram_assert))
<BR><BR>[Calls]<UL><LI><a href="#[288]">&gt;&gt;</a>&nbsp;&nbsp;&nbsp;disable_global_irq
</UL>
<BR>[Called By]<UL><LI><a href="#[2f7]">&gt;&gt;</a>&nbsp;&nbsp;&nbsp;lsqspi_stig_write_register
<LI><a href="#[2fa]">&gt;&gt;</a>&nbsp;&nbsp;&nbsp;lsqspi_stig_read_register
<LI><a href="#[301]">&gt;&gt;</a>&nbsp;&nbsp;&nbsp;quad_io_read_dummy
<LI><a href="#[2e8]">&gt;&gt;</a>&nbsp;&nbsp;&nbsp;after_wfi
<LI><a href="#[3c]">&gt;&gt;</a>&nbsp;&nbsp;&nbsp;BLE_Handler
</UL>

<P><STRONG><a name="[306]"></a>lsqspi_baudrate_get</STRONG> (Thumb, 4 bytes, Stack size 0 bytes, ls_msp_qspi.o(.xip_banned.lsqspi_baudrate_get))
<BR><BR>[Called By]<UL><LI><a href="#[2ff]">&gt;&gt;</a>&nbsp;&nbsp;&nbsp;lsqspi_init
</UL>

<P><STRONG><a name="[302]"></a>lsqspi_direct_read_config</STRONG> (Thumb, 70 bytes, Stack size 0 bytes, ls_hal_qspi.o(.xip_banned.lsqspi_direct_read_config))
<BR><BR>[Called By]<UL><LI><a href="#[2e5]">&gt;&gt;</a>&nbsp;&nbsp;&nbsp;hal_flash_xip_start
</UL>

<P><STRONG><a name="[304]"></a>lsqspi_dly_get</STRONG> (Thumb, 4 bytes, Stack size 0 bytes, ls_msp_qspi.o(.xip_banned.lsqspi_dly_get))
<BR><BR>[Called By]<UL><LI><a href="#[2ff]">&gt;&gt;</a>&nbsp;&nbsp;&nbsp;lsqspi_init
</UL>

<P><STRONG><a name="[2ff]"></a>lsqspi_init</STRONG> (Thumb, 54 bytes, Stack size 8 bytes, ls_hal_qspi.o(.xip_banned.lsqspi_init))
<BR><BR>[Stack]<UL><LI>Max Depth = 8<LI>Call Chain = lsqspi_init
</UL>
<BR>[Calls]<UL><LI><a href="#[305]">&gt;&gt;</a>&nbsp;&nbsp;&nbsp;lsqspi_rd_cap_dly_get
<LI><a href="#[303]">&gt;&gt;</a>&nbsp;&nbsp;&nbsp;lsqspi_msp_init
<LI><a href="#[304]">&gt;&gt;</a>&nbsp;&nbsp;&nbsp;lsqspi_dly_get
<LI><a href="#[306]">&gt;&gt;</a>&nbsp;&nbsp;&nbsp;lsqspi_baudrate_get
</UL>
<BR>[Called By]<UL><LI><a href="#[2f4]">&gt;&gt;</a>&nbsp;&nbsp;&nbsp;hal_flash_init
</UL>

<P><STRONG><a name="[303]"></a>lsqspi_msp_init</STRONG> (Thumb, 58 bytes, Stack size 0 bytes, ls_msp_qspi.o(.xip_banned.lsqspi_msp_init))
<BR><BR>[Called By]<UL><LI><a href="#[2ff]">&gt;&gt;</a>&nbsp;&nbsp;&nbsp;lsqspi_init
</UL>

<P><STRONG><a name="[305]"></a>lsqspi_rd_cap_dly_get</STRONG> (Thumb, 4 bytes, Stack size 0 bytes, ls_msp_qspi.o(.xip_banned.lsqspi_rd_cap_dly_get))
<BR><BR>[Called By]<UL><LI><a href="#[2ff]">&gt;&gt;</a>&nbsp;&nbsp;&nbsp;lsqspi_init
</UL>

<P><STRONG><a name="[2f9]"></a>lsqspi_stig_read_data</STRONG> (Thumb, 16 bytes, Stack size 8 bytes, ls_hal_qspi.o(.xip_banned.lsqspi_stig_read_data))
<BR><BR>[Stack]<UL><LI>Max Depth = 40<LI>Call Chain = lsqspi_stig_read_data &rArr; stig_rd_wr
</UL>
<BR>[Calls]<UL><LI><a href="#[307]">&gt;&gt;</a>&nbsp;&nbsp;&nbsp;stig_rd_wr
</UL>
<BR>[Called By]<UL><LI><a href="#[2fa]">&gt;&gt;</a>&nbsp;&nbsp;&nbsp;lsqspi_stig_read_register
<LI><a href="#[6c]">&gt;&gt;</a>&nbsp;&nbsp;&nbsp;do_hal_flash_read_security_area_func
<LI><a href="#[301]">&gt;&gt;</a>&nbsp;&nbsp;&nbsp;quad_io_read_dummy
<LI><a href="#[6a]">&gt;&gt;</a>&nbsp;&nbsp;&nbsp;do_hal_flash_read_func
</UL>

<P><STRONG><a name="[2fa]"></a>lsqspi_stig_read_register</STRONG> (Thumb, 98 bytes, Stack size 32 bytes, ls_hal_qspi.o(.xip_banned.lsqspi_stig_read_register))
<BR><BR>[Stack]<UL><LI>Max Depth = 72<LI>Call Chain = lsqspi_stig_read_register &rArr; lsqspi_stig_read_data &rArr; stig_rd_wr
</UL>
<BR>[Calls]<UL><LI><a href="#[2f9]">&gt;&gt;</a>&nbsp;&nbsp;&nbsp;lsqspi_stig_read_data
<LI><a href="#[2e1]">&gt;&gt;</a>&nbsp;&nbsp;&nbsp;ls_ram_assert
</UL>
<BR>[Called By]<UL><LI><a href="#[2e3]">&gt;&gt;</a>&nbsp;&nbsp;&nbsp;hal_flash_read_status_register_1
<LI><a href="#[300]">&gt;&gt;</a>&nbsp;&nbsp;&nbsp;hal_flash_read_status_register_0
<LI><a href="#[6b]">&gt;&gt;</a>&nbsp;&nbsp;&nbsp;do_hal_flash_read_reg_func
</UL>

<P><STRONG><a name="[2f6]"></a>lsqspi_stig_send_command</STRONG> (Thumb, 26 bytes, Stack size 8 bytes, ls_hal_qspi.o(.xip_banned.lsqspi_stig_send_command))
<BR><BR>[Stack]<UL><LI>Max Depth = 8<LI>Call Chain = lsqspi_stig_send_command
</UL>
<BR>[Calls]<UL><LI><a href="#[308]">&gt;&gt;</a>&nbsp;&nbsp;&nbsp;lsqspi_operation_wait
</UL>
<BR>[Called By]<UL><LI><a href="#[2f5]">&gt;&gt;</a>&nbsp;&nbsp;&nbsp;hal_flash_release_from_deep_power_down
<LI><a href="#[2e2]">&gt;&gt;</a>&nbsp;&nbsp;&nbsp;hal_flash_prog_erase_suspend
<LI><a href="#[2e7]">&gt;&gt;</a>&nbsp;&nbsp;&nbsp;hal_flash_prog_erase_resume
<LI><a href="#[2f0]">&gt;&gt;</a>&nbsp;&nbsp;&nbsp;hal_flash_deep_power_down
<LI><a href="#[2fb]">&gt;&gt;</a>&nbsp;&nbsp;&nbsp;hal_flash_write_enable
<LI><a href="#[66]">&gt;&gt;</a>&nbsp;&nbsp;&nbsp;do_hal_flash_chip_erase_func
</UL>

<P><STRONG><a name="[2f8]"></a>lsqspi_stig_write_data</STRONG> (Thumb, 16 bytes, Stack size 8 bytes, ls_hal_qspi.o(.xip_banned.lsqspi_stig_write_data))
<BR><BR>[Stack]<UL><LI>Max Depth = 40<LI>Call Chain = lsqspi_stig_write_data &rArr; stig_rd_wr
</UL>
<BR>[Calls]<UL><LI><a href="#[307]">&gt;&gt;</a>&nbsp;&nbsp;&nbsp;stig_rd_wr
</UL>
<BR>[Called By]<UL><LI><a href="#[2f7]">&gt;&gt;</a>&nbsp;&nbsp;&nbsp;lsqspi_stig_write_register
<LI><a href="#[69]">&gt;&gt;</a>&nbsp;&nbsp;&nbsp;do_hal_flash_program_security_area_func
<LI><a href="#[7]">&gt;&gt;</a>&nbsp;&nbsp;&nbsp;do_hal_flash_prog_func
</UL>

<P><STRONG><a name="[2f7]"></a>lsqspi_stig_write_register</STRONG> (Thumb, 98 bytes, Stack size 32 bytes, ls_hal_qspi.o(.xip_banned.lsqspi_stig_write_register))
<BR><BR>[Stack]<UL><LI>Max Depth = 72<LI>Call Chain = lsqspi_stig_write_register &rArr; lsqspi_stig_write_data &rArr; stig_rd_wr
</UL>
<BR>[Calls]<UL><LI><a href="#[2f8]">&gt;&gt;</a>&nbsp;&nbsp;&nbsp;lsqspi_stig_write_data
<LI><a href="#[2e1]">&gt;&gt;</a>&nbsp;&nbsp;&nbsp;ls_ram_assert
</UL>
<BR>[Called By]<UL><LI><a href="#[68]">&gt;&gt;</a>&nbsp;&nbsp;&nbsp;do_hal_flash_erase_security_area_func
<LI><a href="#[67]">&gt;&gt;</a>&nbsp;&nbsp;&nbsp;do_hal_flash_erase_func
</UL>

<P><STRONG><a name="[2f3]"></a>power_up_hardware_modules</STRONG> (Thumb, 90 bytes, Stack size 8 bytes, sleep.o(.xip_banned.power_up_hardware_modules))
<BR><BR>[Stack]<UL><LI>Max Depth = 8<LI>Call Chain = power_up_hardware_modules
</UL>
<BR>[Called By]<UL><LI><a href="#[237]">&gt;&gt;</a>&nbsp;&nbsp;&nbsp;cpu_flash_deep_sleep_and_recover
</UL>

<P><STRONG><a name="[30a]"></a>restore_psp</STRONG> (Thumb, 26 bytes, Stack size 0 bytes, sleep.o(.xip_banned.restore_psp))
<BR><BR>[Called By]<UL><LI><a href="#[63]">&gt;&gt;</a>&nbsp;&nbsp;&nbsp;cpu_recover_asm
</UL>

<P><STRONG><a name="[2f2]"></a>cpu_sleep_asm</STRONG> (Thumb, 22 bytes, Stack size 0 bytes, sleep_asm.o(.xip_banned.sleep_recover_asm))
<BR><BR>[Stack]<UL><LI>Max Depth = 16<LI>Call Chain = cpu_sleep_asm &rArr; before_wfi &rArr; sleep_mode_set
</UL>
<BR>[Calls]<UL><LI><a href="#[309]">&gt;&gt;</a>&nbsp;&nbsp;&nbsp;store_psp_return_msp_and_addr
<LI><a href="#[2ec]">&gt;&gt;</a>&nbsp;&nbsp;&nbsp;before_wfi
</UL>
<BR>[Called By]<UL><LI><a href="#[237]">&gt;&gt;</a>&nbsp;&nbsp;&nbsp;cpu_flash_deep_sleep_and_recover
</UL>

<P><STRONG><a name="[63]"></a>cpu_recover_asm</STRONG> (Thumb, 20 bytes, Stack size 0 bytes, sleep_asm.o(.xip_banned.sleep_recover_asm))
<BR><BR>[Stack]<UL><LI>Max Depth = 16<LI>Call Chain = cpu_recover_asm &rArr; after_wfi &rArr; clk_switch
</UL>
<BR>[Calls]<UL><LI><a href="#[30a]">&gt;&gt;</a>&nbsp;&nbsp;&nbsp;restore_psp
<LI><a href="#[2e8]">&gt;&gt;</a>&nbsp;&nbsp;&nbsp;after_wfi
</UL>
<BR>[Address Reference Count : 1]<UL><LI> platform.o(i.cpu_sleep_recover_init)
</UL>
<P><STRONG><a name="[309]"></a>store_psp_return_msp_and_addr</STRONG> (Thumb, 30 bytes, Stack size 0 bytes, sleep.o(.xip_banned.store_psp_return_msp_and_addr))
<BR><BR>[Called By]<UL><LI><a href="#[2f2]">&gt;&gt;</a>&nbsp;&nbsp;&nbsp;cpu_sleep_asm
</UL>

<P><STRONG><a name="[2b4]"></a>switch_to_xo16m</STRONG> (Thumb, 20 bytes, Stack size 0 bytes, platform.o(.xip_banned.switch_to_xo16m))
<BR><BR>[Called By]<UL><LI><a href="#[2ec]">&gt;&gt;</a>&nbsp;&nbsp;&nbsp;before_wfi
<LI><a href="#[76]">&gt;&gt;</a>&nbsp;&nbsp;&nbsp;platform_reset (via Veneer)
</UL>

<P><STRONG><a name="[169]"></a>systick_get_value</STRONG> (Thumb, 6 bytes, Stack size 0 bytes, systick.o(.xip_banned.systick_get_value))
<BR><BR>[Called By]<UL><LI><a href="#[16a]">&gt;&gt;</a>&nbsp;&nbsp;&nbsp;systick_poll_timeout
<LI><a href="#[16b]">&gt;&gt;</a>&nbsp;&nbsp;&nbsp;ADC_Enable (via Veneer)
<LI><a href="#[168]">&gt;&gt;</a>&nbsp;&nbsp;&nbsp;ADC_ConversionStop_Disable (via Veneer)
<LI><a href="#[24b]">&gt;&gt;</a>&nbsp;&nbsp;&nbsp;flash_writing_critical
</UL>

<P><STRONG><a name="[16a]"></a>systick_poll_timeout</STRONG> (Thumb, 58 bytes, Stack size 40 bytes, systick.o(.xip_banned.systick_poll_timeout))
<BR><BR>[Stack]<UL><LI>Max Depth = 40<LI>Call Chain = systick_poll_timeout
</UL>
<BR>[Calls]<UL><LI><a href="#[169]">&gt;&gt;</a>&nbsp;&nbsp;&nbsp;systick_get_value
</UL>
<BR>[Called By]<UL><LI><a href="#[16b]">&gt;&gt;</a>&nbsp;&nbsp;&nbsp;ADC_Enable (via Veneer)
<LI><a href="#[168]">&gt;&gt;</a>&nbsp;&nbsp;&nbsp;ADC_ConversionStop_Disable (via Veneer)
<LI><a href="#[24b]">&gt;&gt;</a>&nbsp;&nbsp;&nbsp;flash_writing_critical
</UL>

<P><STRONG><a name="[120]"></a>__aeabi_uidivmod</STRONG> (Thumb, 16 bytes, Stack size 0 bytes, libfw.o(ABSOLUTE))
<BR><BR>[Called By]<UL><LI><a href="#[20c]">&gt;&gt;</a>&nbsp;&nbsp;&nbsp;__div64_32
<LI><a href="#[7d]">&gt;&gt;</a>&nbsp;&nbsp;&nbsp;us_to_lpcycles
<LI><a href="#[c8]">&gt;&gt;</a>&nbsp;&nbsp;&nbsp;gap_manager_gapc_bond_req_ind_handler
<LI><a href="#[209]">&gt;&gt;</a>&nbsp;&nbsp;&nbsp;_printf_core
</UL>

<P><STRONG><a name="[1fe]"></a>__aeabi_idivmod</STRONG> (Thumb, 16 bytes, Stack size 0 bytes, libfw.o(ABSOLUTE))
<BR><BR>[Called By]<UL><LI><a href="#[c]">&gt;&gt;</a>&nbsp;&nbsp;&nbsp;Public_Delay_Ms
<LI><a href="#[114]">&gt;&gt;</a>&nbsp;&nbsp;&nbsp;linked_buf_get_elem_idx
<LI><a href="#[27d]">&gt;&gt;</a>&nbsp;&nbsp;&nbsp;linked_buf_hdl_sanity_check
</UL>

<P><STRONG><a name="[124]"></a>gapc_get_bdaddr</STRONG> (Thumb, 40 bytes, Stack size 0 bytes, libfw.o(ABSOLUTE))
<BR><BR>[Called By]<UL><LI><a href="#[123]">&gt;&gt;</a>&nbsp;&nbsp;&nbsp;gap_manager_get_peer_addr
</UL>

<P><STRONG><a name="[10d]"></a>gapm_get_address_type</STRONG> (Thumb, 16 bytes, Stack size 0 bytes, libfw.o(ABSOLUTE))
<BR><BR>[Called By]<UL><LI><a href="#[41]">&gt;&gt;</a>&nbsp;&nbsp;&nbsp;bond_cfm_irk_fill
</UL>

<P><STRONG><a name="[10e]"></a>gapm_get_irk</STRONG> (Thumb, 12 bytes, Stack size 0 bytes, libfw.o(ABSOLUTE))
<BR><BR>[Called By]<UL><LI><a href="#[41]">&gt;&gt;</a>&nbsp;&nbsp;&nbsp;bond_cfm_irk_fill
</UL>

<P><STRONG><a name="[10c]"></a>gapm_get_bdaddr</STRONG> (Thumb, 12 bytes, Stack size 0 bytes, libfw.o(ABSOLUTE))
<BR><BR>[Called By]<UL><LI><a href="#[41]">&gt;&gt;</a>&nbsp;&nbsp;&nbsp;bond_cfm_irk_fill
</UL>

<P><STRONG><a name="[ba]"></a>prf_get_task_from_id</STRONG> (Thumb, 56 bytes, Stack size 0 bytes, libfw.o(ABSOLUTE))
<BR><BR>[Called By]<UL><LI><a href="#[ef]">&gt;&gt;</a>&nbsp;&nbsp;&nbsp;bas_batt_lvl_update
<LI><a href="#[b9]">&gt;&gt;</a>&nbsp;&nbsp;&nbsp;app_hid_send_keyboard_report
</UL>

<P><STRONG><a name="[fa]"></a>rwble_isr</STRONG> (Thumb, 68 bytes, Stack size 0 bytes, libfw.o(ABSOLUTE))
<BR><BR>[Called By]<UL><LI><a href="#[f9]">&gt;&gt;</a>&nbsp;&nbsp;&nbsp;ble_isr
</UL>

<P><STRONG><a name="[12c]"></a>em_wr</STRONG> (Thumb, 20 bytes, Stack size 0 bytes, libfw.o(ABSOLUTE))
<BR><BR>[Called By]<UL><LI><a href="#[f5]">&gt;&gt;</a>&nbsp;&nbsp;&nbsp;ip_rf_init
</UL>

<P><STRONG><a name="[f7]"></a>rwip_init</STRONG> (Thumb, 176 bytes, Stack size 0 bytes, libfw.o(ABSOLUTE))
<BR><BR>[Called By]<UL><LI><a href="#[f2]">&gt;&gt;</a>&nbsp;&nbsp;&nbsp;ble_init
</UL>

<P><STRONG><a name="[ff]"></a>rwip_schedule</STRONG> (Thumb, 20 bytes, Stack size 0 bytes, libfw.o(ABSOLUTE))
<BR><BR>[Called By]<UL><LI><a href="#[fe]">&gt;&gt;</a>&nbsp;&nbsp;&nbsp;ble_sched
</UL>

<P><STRONG><a name="[101]"></a>rwip_us_2_lpcycles</STRONG> (Thumb, 48 bytes, Stack size 0 bytes, libfw.o(ABSOLUTE))
<BR><BR>[Called By]<UL><LI><a href="#[4a]">&gt;&gt;</a>&nbsp;&nbsp;&nbsp;ble_sleep
</UL>

<P><STRONG><a name="[12f]"></a>rwip_sleep</STRONG> (Thumb, 304 bytes, Stack size 0 bytes, libfw.o(ABSOLUTE))
<BR><BR>[Called By]<UL><LI><a href="#[12d]">&gt;&gt;</a>&nbsp;&nbsp;&nbsp;mac_sleep_check
</UL>

<P><STRONG><a name="[12e]"></a>rwip_prevent_sleep_clear</STRONG> (Thumb, 40 bytes, Stack size 0 bytes, libfw.o(ABSOLUTE))
<BR><BR>[Called By]<UL><LI><a href="#[12d]">&gt;&gt;</a>&nbsp;&nbsp;&nbsp;mac_sleep_check
</UL>

<P><STRONG><a name="[fb]"></a>rwip_isr</STRONG> (Thumb, 484 bytes, Stack size 0 bytes, libfw.o(ABSOLUTE))
<BR><BR>[Called By]<UL><LI><a href="#[f9]">&gt;&gt;</a>&nbsp;&nbsp;&nbsp;ble_isr
</UL>

<P><STRONG><a name="[100]"></a>ke_timer_with_os_wrapper</STRONG> (Thumb, 16 bytes, Stack size 0 bytes, libfw.o(ABSOLUTE))
<BR><BR>[Called By]<UL><LI><a href="#[4a]">&gt;&gt;</a>&nbsp;&nbsp;&nbsp;ble_sleep
</UL>

<P><STRONG><a name="[115]"></a>ke_timer_set</STRONG> (Thumb, 308 bytes, Stack size 0 bytes, libfw.o(ABSOLUTE))
<BR><BR>[Called By]<UL><LI><a href="#[113]">&gt;&gt;</a>&nbsp;&nbsp;&nbsp;builtin_timer_start
</UL>

<P><STRONG><a name="[bb]"></a>ke_msg_alloc</STRONG> (Thumb, 72 bytes, Stack size 0 bytes, libfw.o(ABSOLUTE))
<BR><BR>[Called By]<UL><LI><a href="#[11a]">&gt;&gt;</a>&nbsp;&nbsp;&nbsp;dev_manager_stack_init
<LI><a href="#[ef]">&gt;&gt;</a>&nbsp;&nbsp;&nbsp;bas_batt_lvl_update
<LI><a href="#[b9]">&gt;&gt;</a>&nbsp;&nbsp;&nbsp;app_hid_send_keyboard_report
<LI><a href="#[11b]">&gt;&gt;</a>&nbsp;&nbsp;&nbsp;func_post
<LI><a href="#[126]">&gt;&gt;</a>&nbsp;&nbsp;&nbsp;gapm_activity_start_cmd_send
<LI><a href="#[107]">&gt;&gt;</a>&nbsp;&nbsp;&nbsp;rpa_resolve_start
<LI><a href="#[48]">&gt;&gt;</a>&nbsp;&nbsp;&nbsp;svc_write_req_callback
<LI><a href="#[43]">&gt;&gt;</a>&nbsp;&nbsp;&nbsp;bond_search_callback
<LI><a href="#[11f]">&gt;&gt;</a>&nbsp;&nbsp;&nbsp;gapc_bond_cfm_send
<LI><a href="#[71]">&gt;&gt;</a>&nbsp;&nbsp;&nbsp;app_init
<LI><a href="#[cf]">&gt;&gt;</a>&nbsp;&nbsp;&nbsp;gap_manager_gapc_get_dev_info_req_ind_handler
<LI><a href="#[cd]">&gt;&gt;</a>&nbsp;&nbsp;&nbsp;gap_manager_gapc_param_update_req_ind_handler
<LI><a href="#[dc]">&gt;&gt;</a>&nbsp;&nbsp;&nbsp;gatt_manager_gattc_att_info_req_ind_handler
<LI><a href="#[ca]">&gt;&gt;</a>&nbsp;&nbsp;&nbsp;gap_manager_gapc_encrypt_req_ind_handler
<LI><a href="#[e5]">&gt;&gt;</a>&nbsp;&nbsp;&nbsp;dev_manager_gapm_set_adv_data_cmp
</UL>

<P><STRONG><a name="[bd]"></a>ke_msg_send</STRONG> (Thumb, 52 bytes, Stack size 0 bytes, libfw.o(ABSOLUTE))
<BR><BR>[Called By]<UL><LI><a href="#[11a]">&gt;&gt;</a>&nbsp;&nbsp;&nbsp;dev_manager_stack_init
<LI><a href="#[ef]">&gt;&gt;</a>&nbsp;&nbsp;&nbsp;bas_batt_lvl_update
<LI><a href="#[b9]">&gt;&gt;</a>&nbsp;&nbsp;&nbsp;app_hid_send_keyboard_report
<LI><a href="#[11b]">&gt;&gt;</a>&nbsp;&nbsp;&nbsp;func_post
<LI><a href="#[126]">&gt;&gt;</a>&nbsp;&nbsp;&nbsp;gapm_activity_start_cmd_send
<LI><a href="#[107]">&gt;&gt;</a>&nbsp;&nbsp;&nbsp;rpa_resolve_start
<LI><a href="#[48]">&gt;&gt;</a>&nbsp;&nbsp;&nbsp;svc_write_req_callback
<LI><a href="#[43]">&gt;&gt;</a>&nbsp;&nbsp;&nbsp;bond_search_callback
<LI><a href="#[11f]">&gt;&gt;</a>&nbsp;&nbsp;&nbsp;gapc_bond_cfm_send
<LI><a href="#[71]">&gt;&gt;</a>&nbsp;&nbsp;&nbsp;app_init
<LI><a href="#[cf]">&gt;&gt;</a>&nbsp;&nbsp;&nbsp;gap_manager_gapc_get_dev_info_req_ind_handler
<LI><a href="#[cd]">&gt;&gt;</a>&nbsp;&nbsp;&nbsp;gap_manager_gapc_param_update_req_ind_handler
<LI><a href="#[dc]">&gt;&gt;</a>&nbsp;&nbsp;&nbsp;gatt_manager_gattc_att_info_req_ind_handler
<LI><a href="#[ca]">&gt;&gt;</a>&nbsp;&nbsp;&nbsp;gap_manager_gapc_encrypt_req_ind_handler
<LI><a href="#[e5]">&gt;&gt;</a>&nbsp;&nbsp;&nbsp;dev_manager_gapm_set_adv_data_cmp
</UL>

<P><STRONG><a name="[bf]"></a>ke_task_create</STRONG> (Thumb, 116 bytes, Stack size 0 bytes, libfw.o(ABSOLUTE))
<BR><BR>[Called By]<UL><LI><a href="#[71]">&gt;&gt;</a>&nbsp;&nbsp;&nbsp;app_init
<LI><a href="#[f8]">&gt;&gt;</a>&nbsp;&nbsp;&nbsp;builtin_task_init
</UL>

<P><STRONG><a name="[280]"></a>co_list_init</STRONG> (Thumb, 8 bytes, Stack size 0 bytes, libfw.o(ABSOLUTE))
<BR><BR>[Called By]<UL><LI><a href="#[27f]">&gt;&gt;</a>&nbsp;&nbsp;&nbsp;linked_buf_init
</UL>

<P><STRONG><a name="[281]"></a>co_list_push_back</STRONG> (Thumb, 44 bytes, Stack size 0 bytes, libfw.o(ABSOLUTE))
<BR><BR>[Called By]<UL><LI><a href="#[282]">&gt;&gt;</a>&nbsp;&nbsp;&nbsp;linked_buf_release
<LI><a href="#[27f]">&gt;&gt;</a>&nbsp;&nbsp;&nbsp;linked_buf_init
</UL>

<P><STRONG><a name="[27c]"></a>co_list_pop_front</STRONG> (Thumb, 20 bytes, Stack size 0 bytes, libfw.o(ABSOLUTE))
<BR><BR>[Called By]<UL><LI><a href="#[111]">&gt;&gt;</a>&nbsp;&nbsp;&nbsp;linked_buf_alloc
</UL>

<P><STRONG><a name="[c3]"></a>__gnu_thumb1_case_sqi</STRONG> (Thumb, 18 bytes, Stack size 0 bytes, libfw.o(ABSOLUTE))
<BR><BR>[Called By]<UL><LI><a href="#[8f]">&gt;&gt;</a>&nbsp;&nbsp;&nbsp;app_msg_handler
</UL>

<P><STRONG><a name="[11c]"></a>__gnu_thumb1_case_uqi</STRONG> (Thumb, 18 bytes, Stack size 0 bytes, libfw.o(ABSOLUTE))
<BR><BR>[Called By]<UL><LI><a href="#[4f]">&gt;&gt;</a>&nbsp;&nbsp;&nbsp;prf_itf_get
<LI><a href="#[c8]">&gt;&gt;</a>&nbsp;&nbsp;&nbsp;gap_manager_gapc_bond_req_ind_handler
<LI><a href="#[c9]">&gt;&gt;</a>&nbsp;&nbsp;&nbsp;gap_manager_gapc_bond_ind_handler
<LI><a href="#[d1]">&gt;&gt;</a>&nbsp;&nbsp;&nbsp;gatt_manager_gattc_cmp_evt_handler
</UL>

<P><STRONG><a name="[de]"></a>__gnu_thumb1_case_shi</STRONG> (Thumb, 20 bytes, Stack size 0 bytes, libfw.o(ABSOLUTE))
<BR><BR>[Called By]<UL><LI><a href="#[8f]">&gt;&gt;</a>&nbsp;&nbsp;&nbsp;app_msg_handler
</UL>

<P><STRONG><a name="[c2]"></a>__gnu_thumb1_case_uhi</STRONG> (Thumb, 20 bytes, Stack size 0 bytes, libfw.o(ABSOLUTE))
<BR><BR>[Called By]<UL><LI><a href="#[8f]">&gt;&gt;</a>&nbsp;&nbsp;&nbsp;app_msg_handler
</UL>

<P><STRONG><a name="[f1]"></a>memcmp</STRONG> (Thumb, 28 bytes, Stack size 0 bytes, libfw.o(ABSOLUTE))
<BR><BR>[Called By]<UL><LI><a href="#[2b0]">&gt;&gt;</a>&nbsp;&nbsp;&nbsp;peri_status_busy
<LI><a href="#[f0]">&gt;&gt;</a>&nbsp;&nbsp;&nbsp;bd_addr_cmp
<LI><a href="#[ca]">&gt;&gt;</a>&nbsp;&nbsp;&nbsp;gap_manager_gapc_encrypt_req_ind_handler
</UL>

<P><STRONG><a name="[bc]"></a>memcpy</STRONG> (Thumb, 18 bytes, Stack size 0 bytes, libfw.o(ABSOLUTE))
<BR><BR>[Called By]<UL><LI><a href="#[b9]">&gt;&gt;</a>&nbsp;&nbsp;&nbsp;app_hid_send_keyboard_report
<LI><a href="#[107]">&gt;&gt;</a>&nbsp;&nbsp;&nbsp;rpa_resolve_start
<LI><a href="#[41]">&gt;&gt;</a>&nbsp;&nbsp;&nbsp;bond_cfm_irk_fill
<LI><a href="#[45]">&gt;&gt;</a>&nbsp;&nbsp;&nbsp;bond_cfm_tk_fill
<LI><a href="#[40]">&gt;&gt;</a>&nbsp;&nbsp;&nbsp;bond_cfm_ltk_fill
<LI><a href="#[106]">&gt;&gt;</a>&nbsp;&nbsp;&nbsp;ble_storage_bonding_info_search_req
<LI><a href="#[c8]">&gt;&gt;</a>&nbsp;&nbsp;&nbsp;gap_manager_gapc_bond_req_ind_handler
<LI><a href="#[c9]">&gt;&gt;</a>&nbsp;&nbsp;&nbsp;gap_manager_gapc_bond_ind_handler
<LI><a href="#[71]">&gt;&gt;</a>&nbsp;&nbsp;&nbsp;app_init
<LI><a href="#[cf]">&gt;&gt;</a>&nbsp;&nbsp;&nbsp;gap_manager_gapc_get_dev_info_req_ind_handler
<LI><a href="#[ca]">&gt;&gt;</a>&nbsp;&nbsp;&nbsp;gap_manager_gapc_encrypt_req_ind_handler
<LI><a href="#[123]">&gt;&gt;</a>&nbsp;&nbsp;&nbsp;gap_manager_get_peer_addr
<LI><a href="#[e5]">&gt;&gt;</a>&nbsp;&nbsp;&nbsp;dev_manager_gapm_set_adv_data_cmp
</UL>

<P><STRONG><a name="[105]"></a>memmove</STRONG> (Thumb, 38 bytes, Stack size 0 bytes, libfw.o(ABSOLUTE))
<BR><BR>[Called By]<UL><LI><a href="#[104]">&gt;&gt;</a>&nbsp;&nbsp;&nbsp;ble_storage_alloc_peer_id
</UL>

<P><STRONG><a name="[136]"></a>memset</STRONG> (Thumb, 16 bytes, Stack size 0 bytes, libfw.o(ABSOLUTE))
<BR><BR>[Called By]<UL><LI><a href="#[122]">&gt;&gt;</a>&nbsp;&nbsp;&nbsp;passkey_set
</UL>

<P><STRONG><a name="[35]"></a>__main</STRONG> (Thumb, 0 bytes, Stack size unknown bytes, entry.o(.ARM.Collect$$$$00000000))
<BR>[Address Reference Count : 1]<UL><LI> startup.o(.text)
</UL>
<P><STRONG><a name="[30c]"></a>_main_stk</STRONG> (Thumb, 0 bytes, Stack size unknown bytes, entry2.o(.ARM.Collect$$$$00000001))

<P><STRONG><a name="[92]"></a>_main_scatterload</STRONG> (Thumb, 0 bytes, Stack size unknown bytes, entry5.o(.ARM.Collect$$$$00000004))
<BR><BR>[Calls]<UL><LI><a href="#[93]">&gt;&gt;</a>&nbsp;&nbsp;&nbsp;__scatterload
</UL>

<P><STRONG><a name="[b4]"></a>__main_after_scatterload</STRONG> (Thumb, 0 bytes, Stack size unknown bytes, entry5.o(.ARM.Collect$$$$00000004))
<BR><BR>[Called By]<UL><LI><a href="#[93]">&gt;&gt;</a>&nbsp;&nbsp;&nbsp;__scatterload
</UL>

<P><STRONG><a name="[30d]"></a>_main_clock</STRONG> (Thumb, 0 bytes, Stack size unknown bytes, entry7b.o(.ARM.Collect$$$$00000008))

<P><STRONG><a name="[30e]"></a>_main_cpp_init</STRONG> (Thumb, 0 bytes, Stack size unknown bytes, entry8b.o(.ARM.Collect$$$$0000000A))

<P><STRONG><a name="[30f]"></a>_main_init</STRONG> (Thumb, 0 bytes, Stack size unknown bytes, entry9a.o(.ARM.Collect$$$$0000000B))

<P><STRONG><a name="[94]"></a>__rt_lib_shutdown_fini</STRONG> (Thumb, 0 bytes, Stack size unknown bytes, entry12b.o(.ARM.Collect$$$$0000000E))
<BR><BR>[Calls]<UL><LI><a href="#[95]">&gt;&gt;</a>&nbsp;&nbsp;&nbsp;__arm_fini_ (Weak Reference)
</UL>

<P><STRONG><a name="[310]"></a>__rt_final_cpp</STRONG> (Thumb, 0 bytes, Stack size unknown bytes, entry10a.o(.ARM.Collect$$$$0000000F))

<P><STRONG><a name="[311]"></a>__rt_final_exit</STRONG> (Thumb, 0 bytes, Stack size unknown bytes, entry11a.o(.ARM.Collect$$$$00000011))

<P><STRONG><a name="[0]"></a>Reset_Handler</STRONG> (Thumb, 8 bytes, Stack size 0 bytes, startup.o(.text))
<BR>[Address Reference Count : 1]<UL><LI> startup.o(RESET)
</UL>
<P><STRONG><a name="[96]"></a>__aeabi_uldivmod</STRONG> (Thumb, 96 bytes, Stack size 48 bytes, uldiv.o(.text), UNUSED)
<BR><BR>[Calls]<UL><LI><a href="#[97]">&gt;&gt;</a>&nbsp;&nbsp;&nbsp;__aeabi_llsr
<LI><a href="#[98]">&gt;&gt;</a>&nbsp;&nbsp;&nbsp;__aeabi_llsl
</UL>
<BR>[Called By]<UL><LI><a href="#[209]">&gt;&gt;</a>&nbsp;&nbsp;&nbsp;_printf_core
<LI><a href="#[20d]">&gt;&gt;</a>&nbsp;&nbsp;&nbsp;_fp_digits
</UL>

<P><STRONG><a name="[99]"></a>__aeabi_lmul</STRONG> (Thumb, 122 bytes, Stack size 64 bytes, llmul.o(.text))
<BR><BR>[Stack]<UL><LI>Max Depth = 72<LI>Call Chain = __aeabi_lmul &rArr; __aeabi_llsl
</UL>
<BR>[Calls]<UL><LI><a href="#[98]">&gt;&gt;</a>&nbsp;&nbsp;&nbsp;__aeabi_llsl
</UL>
<BR>[Called By]<UL><LI><a href="#[7c]">&gt;&gt;</a>&nbsp;&nbsp;&nbsp;lpcycles_to_hus
<LI><a href="#[a8]">&gt;&gt;</a>&nbsp;&nbsp;&nbsp;_fp_value
<LI><a href="#[a5]">&gt;&gt;</a>&nbsp;&nbsp;&nbsp;_scanf_longlong
</UL>

<P><STRONG><a name="[312]"></a>_ll_mul</STRONG> (Thumb, 0 bytes, Stack size 64 bytes, llmul.o(.text), UNUSED)

<P><STRONG><a name="[78]"></a>rand</STRONG> (Thumb, 18 bytes, Stack size 0 bytes, rand.o(.text))
<BR>[Address Reference Count : 1]<UL><LI> stack_var.o(i.stack_var_ptr_init)
</UL>
<P><STRONG><a name="[29a]"></a>srand</STRONG> (Thumb, 6 bytes, Stack size 0 bytes, rand.o(.text))
<BR><BR>[Called By]<UL><LI><a href="#[297]">&gt;&gt;</a>&nbsp;&nbsp;&nbsp;module_init
</UL>

<P><STRONG><a name="[198]"></a>__aeabi_memcpy</STRONG> (Thumb, 36 bytes, Stack size 0 bytes, memcpya.o(.text))
<BR><BR>[Called By]<UL><LI><a href="#[21]">&gt;&gt;</a>&nbsp;&nbsp;&nbsp;Bsp_Uart_SerialPort3_SendData
<LI><a href="#[20]">&gt;&gt;</a>&nbsp;&nbsp;&nbsp;Bsp_Uart_SerialPort2_SendData
<LI><a href="#[1f]">&gt;&gt;</a>&nbsp;&nbsp;&nbsp;Bsp_Uart_SerialPort1_SendData
<LI><a href="#[19f]">&gt;&gt;</a>&nbsp;&nbsp;&nbsp;Bsp_OldProtocol_ClearParsedPackage
<LI><a href="#[197]">&gt;&gt;</a>&nbsp;&nbsp;&nbsp;Bsp_NewProtocol_ClearParsedPackage
<LI><a href="#[22e]">&gt;&gt;</a>&nbsp;&nbsp;&nbsp;copy_from_eccram
<LI><a href="#[1c8]">&gt;&gt;</a>&nbsp;&nbsp;&nbsp;calc_init
<LI><a href="#[127]">&gt;&gt;</a>&nbsp;&nbsp;&nbsp;general_fifo_put
<LI><a href="#[117]">&gt;&gt;</a>&nbsp;&nbsp;&nbsp;general_fifo_get
<LI><a href="#[be]">&gt;&gt;</a>&nbsp;&nbsp;&nbsp;rand_gen_by_word
<LI><a href="#[2af]">&gt;&gt;</a>&nbsp;&nbsp;&nbsp;tinyfs_nvm_read_with_cache
<LI><a href="#[2ac]">&gt;&gt;</a>&nbsp;&nbsp;&nbsp;tinyfs_nvm_program
</UL>

<P><STRONG><a name="[2bf]"></a>__aeabi_memcpy4</STRONG> (Thumb, 0 bytes, Stack size 0 bytes, memcpya.o(.text))
<BR><BR>[Called By]<UL><LI><a href="#[2be]">&gt;&gt;</a>&nbsp;&nbsp;&nbsp;stack_data_bss_init
</UL>

<P><STRONG><a name="[313]"></a>__aeabi_memcpy8</STRONG> (Thumb, 0 bytes, Stack size 0 bytes, memcpya.o(.text), UNUSED)

<P><STRONG><a name="[9b]"></a>__aeabi_memset</STRONG> (Thumb, 14 bytes, Stack size 0 bytes, memseta.o(.text))
<BR><BR>[Called By]<UL><LI><a href="#[234]">&gt;&gt;</a>&nbsp;&nbsp;&nbsp;tinyfs_nvm_write_through
<LI><a href="#[9c]">&gt;&gt;</a>&nbsp;&nbsp;&nbsp;_memset$wrapper
<LI><a href="#[9a]">&gt;&gt;</a>&nbsp;&nbsp;&nbsp;__aeabi_memclr
</UL>

<P><STRONG><a name="[314]"></a>__aeabi_memset4</STRONG> (Thumb, 0 bytes, Stack size 0 bytes, memseta.o(.text), UNUSED)

<P><STRONG><a name="[315]"></a>__aeabi_memset8</STRONG> (Thumb, 0 bytes, Stack size 0 bytes, memseta.o(.text), UNUSED)

<P><STRONG><a name="[9a]"></a>__aeabi_memclr</STRONG> (Thumb, 4 bytes, Stack size 0 bytes, memseta.o(.text))
<BR><BR>[Calls]<UL><LI><a href="#[9b]">&gt;&gt;</a>&nbsp;&nbsp;&nbsp;__aeabi_memset
</UL>
<BR>[Called By]<UL><LI><a href="#[27f]">&gt;&gt;</a>&nbsp;&nbsp;&nbsp;linked_buf_init
</UL>

<P><STRONG><a name="[17d]"></a>__aeabi_memclr4</STRONG> (Thumb, 0 bytes, Stack size 0 bytes, memseta.o(.text))
<BR><BR>[Called By]<UL><LI><a href="#[e]">&gt;&gt;</a>&nbsp;&nbsp;&nbsp;Bsp_Adc_Init
<LI><a href="#[2b0]">&gt;&gt;</a>&nbsp;&nbsp;&nbsp;peri_status_busy
<LI><a href="#[2be]">&gt;&gt;</a>&nbsp;&nbsp;&nbsp;stack_data_bss_init
</UL>

<P><STRONG><a name="[316]"></a>__aeabi_memclr8</STRONG> (Thumb, 0 bytes, Stack size 0 bytes, memseta.o(.text), UNUSED)

<P><STRONG><a name="[9c]"></a>_memset$wrapper</STRONG> (Thumb, 18 bytes, Stack size 8 bytes, memseta.o(.text), UNUSED)
<BR><BR>[Calls]<UL><LI><a href="#[9b]">&gt;&gt;</a>&nbsp;&nbsp;&nbsp;__aeabi_memset
</UL>

<P><STRONG><a name="[207]"></a>strcpy</STRONG> (Thumb, 18 bytes, Stack size 0 bytes, strcpy.o(.text))
<BR><BR>[Called By]<UL><LI><a href="#[200]">&gt;&gt;</a>&nbsp;&nbsp;&nbsp;_DoInit
</UL>

<P><STRONG><a name="[9d]"></a>sscanf</STRONG> (Thumb, 50 bytes, Stack size 72 bytes, sscanf.o(.text))
<BR><BR>[Stack]<UL><LI>Max Depth = 288<LI>Call Chain = sscanf &rArr; __vfscanf_char &rArr; __vfscanf &rArr; _scanf_longlong &rArr; __aeabi_lmul &rArr; __aeabi_llsl
</UL>
<BR>[Calls]<UL><LI><a href="#[9e]">&gt;&gt;</a>&nbsp;&nbsp;&nbsp;__vfscanf_char
</UL>
<BR>[Called By]<UL><LI><a href="#[c8]">&gt;&gt;</a>&nbsp;&nbsp;&nbsp;gap_manager_gapc_bond_req_ind_handler
</UL>

<P><STRONG><a name="[9f]"></a>__aeabi_dmul</STRONG> (Thumb, 202 bytes, Stack size 72 bytes, dmul.o(.text))
<BR><BR>[Stack]<UL><LI>Max Depth = 128<LI>Call Chain = __aeabi_dmul &rArr; _double_epilogue &rArr; _double_round
</UL>
<BR>[Calls]<UL><LI><a href="#[a0]">&gt;&gt;</a>&nbsp;&nbsp;&nbsp;_double_epilogue
</UL>
<BR>[Called By]<UL><LI><a href="#[f]">&gt;&gt;</a>&nbsp;&nbsp;&nbsp;Bsp_Adc_Capture_Handler
<LI><a href="#[20d]">&gt;&gt;</a>&nbsp;&nbsp;&nbsp;_fp_digits
<LI><a href="#[a8]">&gt;&gt;</a>&nbsp;&nbsp;&nbsp;_fp_value
</UL>

<P><STRONG><a name="[a1]"></a>__aeabi_ddiv</STRONG> (Thumb, 234 bytes, Stack size 40 bytes, ddiv.o(.text))
<BR><BR>[Stack]<UL><LI>Max Depth = 48<LI>Call Chain = __aeabi_ddiv &rArr; _double_round
</UL>
<BR>[Calls]<UL><LI><a href="#[a2]">&gt;&gt;</a>&nbsp;&nbsp;&nbsp;_double_round
</UL>
<BR>[Called By]<UL><LI><a href="#[f]">&gt;&gt;</a>&nbsp;&nbsp;&nbsp;Bsp_Adc_Capture_Handler
<LI><a href="#[20d]">&gt;&gt;</a>&nbsp;&nbsp;&nbsp;_fp_digits
<LI><a href="#[a8]">&gt;&gt;</a>&nbsp;&nbsp;&nbsp;_fp_value
</UL>

<P><STRONG><a name="[a3]"></a>__aeabi_ui2d</STRONG> (Thumb, 24 bytes, Stack size 16 bytes, dfltui.o(.text))
<BR><BR>[Stack]<UL><LI>Max Depth = 72<LI>Call Chain = __aeabi_ui2d &rArr; _double_epilogue &rArr; _double_round
</UL>
<BR>[Calls]<UL><LI><a href="#[a0]">&gt;&gt;</a>&nbsp;&nbsp;&nbsp;_double_epilogue
</UL>
<BR>[Called By]<UL><LI><a href="#[f]">&gt;&gt;</a>&nbsp;&nbsp;&nbsp;Bsp_Adc_Capture_Handler
</UL>

<P><STRONG><a name="[a4]"></a>__aeabi_d2uiz</STRONG> (Thumb, 50 bytes, Stack size 8 bytes, dfixui.o(.text))
<BR><BR>[Stack]<UL><LI>Max Depth = 16<LI>Call Chain = __aeabi_d2uiz &rArr; __aeabi_llsr
</UL>
<BR>[Calls]<UL><LI><a href="#[97]">&gt;&gt;</a>&nbsp;&nbsp;&nbsp;__aeabi_llsr
</UL>
<BR>[Called By]<UL><LI><a href="#[f]">&gt;&gt;</a>&nbsp;&nbsp;&nbsp;Bsp_Adc_Capture_Handler
</UL>

<P><STRONG><a name="[98]"></a>__aeabi_llsl</STRONG> (Thumb, 32 bytes, Stack size 8 bytes, llshl.o(.text))
<BR><BR>[Stack]<UL><LI>Max Depth = 8<LI>Call Chain = __aeabi_llsl
</UL>
<BR>[Called By]<UL><LI><a href="#[a0]">&gt;&gt;</a>&nbsp;&nbsp;&nbsp;_double_epilogue
<LI><a href="#[af]">&gt;&gt;</a>&nbsp;&nbsp;&nbsp;__aeabi_dadd
<LI><a href="#[b3]">&gt;&gt;</a>&nbsp;&nbsp;&nbsp;__aeabi_d2ulz
<LI><a href="#[99]">&gt;&gt;</a>&nbsp;&nbsp;&nbsp;__aeabi_lmul
<LI><a href="#[96]">&gt;&gt;</a>&nbsp;&nbsp;&nbsp;__aeabi_uldivmod
</UL>

<P><STRONG><a name="[317]"></a>_ll_shift_l</STRONG> (Thumb, 0 bytes, Stack size 8 bytes, llshl.o(.text), UNUSED)

<P><STRONG><a name="[97]"></a>__aeabi_llsr</STRONG> (Thumb, 34 bytes, Stack size 8 bytes, llushr.o(.text))
[...]
</UL>

<P><STRONG><a name="[2e9]"></a>normal_sleep_set</STRONG> (Thumb, 20 bytes, Stack size 0 bytes, sleep.o(.xip_banned.normal_sleep_set))
<BR><BR>[Called By]<UL><LI><a href="#[2e8]">&gt;&gt;</a>&nbsp;&nbsp;&nbsp;after_wfi
<LI><a href="#[2ed]">&gt;&gt;</a>&nbsp;&nbsp;&nbsp;sleep_mode_set
</UL>

<P><STRONG><a name="[2f1]"></a>power_down_hardware_modules</STRONG> (Thumb, 28 bytes, Stack size 0 bytes, sleep.o(.xip_banned.power_down_hardware_modules))
<BR><BR>[Called By]<UL><LI><a href="#[237]">&gt;&gt;</a>&nbsp;&nbsp;&nbsp;cpu_flash_deep_sleep_and_recover
</UL>

<P><STRONG><a name="[2ed]"></a>sleep_mode_set</STRONG> (Thumb, 8 bytes, Stack size 8 bytes, sleep.o(.xip_banned.sleep_mode_set))
<BR><BR>[Stack]<UL><LI>Max Depth = 8<LI>Call Chain = sleep_mode_set
</UL>
<BR>[Calls]<UL><LI><a href="#[2e9]">&gt;&gt;</a>&nbsp;&nbsp;&nbsp;normal_sleep_set
</UL>
<BR>[Called By]<UL><LI><a href="#[2ec]">&gt;&gt;</a>&nbsp;&nbsp;&nbsp;before_wfi
</UL>

<P><STRONG><a name="[2ea]"></a>wait_dpll_lock</STRONG> (Thumb, 30 bytes, Stack size 0 bytes, sleep.o(.xip_banned.wait_dpll_lock))
<BR><BR>[Called By]<UL><LI><a href="#[2e8]">&gt;&gt;</a>&nbsp;&nbsp;&nbsp;after_wfi
</UL>

<P><STRONG><a name="[220]"></a>ble_hclk_set</STRONG> (Thumb, 24 bytes, Stack size 0 bytes, sleep.o(i.ble_hclk_set))
<BR><BR>[Called By]<UL><LI><a href="#[21f]">&gt;&gt;</a>&nbsp;&nbsp;&nbsp;ble_radio_en_sync
</UL>

<P><STRONG><a name="[21f]"></a>ble_radio_en_sync</STRONG> (Thumb, 106 bytes, Stack size 8 bytes, sleep.o(i.ble_radio_en_sync))
<BR><BR>[Stack]<UL><LI>Max Depth = 16<LI>Call Chain = ble_radio_en_sync &rArr; ls_assert
</UL>
<BR>[Calls]<UL><LI><a href="#[c1]">&gt;&gt;</a>&nbsp;&nbsp;&nbsp;ls_assert
<LI><a href="#[221]">&gt;&gt;</a>&nbsp;&nbsp;&nbsp;clr_ble_wkup_req
<LI><a href="#[220]">&gt;&gt;</a>&nbsp;&nbsp;&nbsp;ble_hclk_set
</UL>
<BR>[Called By]<UL><LI><a href="#[22c]">&gt;&gt;</a>&nbsp;&nbsp;&nbsp;deep_sleep
</UL>

<P><STRONG><a name="[221]"></a>clr_ble_wkup_req</STRONG> (Thumb, 16 bytes, Stack size 0 bytes, sleep.o(i.clr_ble_wkup_req))
<BR><BR>[Called By]<UL><LI><a href="#[21f]">&gt;&gt;</a>&nbsp;&nbsp;&nbsp;ble_radio_en_sync
</UL>

<P><STRONG><a name="[1f7]"></a>exti_int_pending</STRONG> (Thumb, 76 bytes, Stack size 8 bytes, sleep.o(i.exti_int_pending))
<BR><BR>[Stack]<UL><LI>Max Depth = 8<LI>Call Chain = exti_int_pending
</UL>
<BR>[Called By]<UL><LI><a href="#[64]">&gt;&gt;</a>&nbsp;&nbsp;&nbsp;LPWKUP_Handler
</UL>

<P><STRONG><a name="[238]"></a>wkup_ble</STRONG> (Thumb, 16 bytes, Stack size 0 bytes, sleep.o(i.wkup_ble))
<BR><BR>[Called By]<UL><LI><a href="#[22c]">&gt;&gt;</a>&nbsp;&nbsp;&nbsp;deep_sleep
</UL>

<P><STRONG><a name="[72]"></a>dummy</STRONG> (Thumb, 4 bytes, Stack size 0 bytes, stack_var.o(i.dummy))
<BR>[Address Reference Count : 1]<UL><LI> stack_var.o(i.main_task_app_init)
</UL>
<P><STRONG><a name="[6]"></a>Default_Handler</STRONG> (Thumb, 2 bytes, Stack size 0 bytes, startup.o(.xip_banned))
<BR><BR>[Calls]<UL><LI><a href="#[6]">&gt;&gt;</a>&nbsp;&nbsp;&nbsp;Default_Handler
</UL>
<BR>[Called By]<UL><LI><a href="#[6]">&gt;&gt;</a>&nbsp;&nbsp;&nbsp;Default_Handler
</UL>
<BR>[Address Reference Count : 1]<UL><LI> startup.o(RESET)
</UL>
<P><STRONG><a name="[200]"></a>_DoInit</STRONG> (Thumb, 74 bytes, Stack size 8 bytes, segger_rtt.o(i._DoInit))
<BR><BR>[Stack]<UL><LI>Max Depth = 8<LI>Call Chain = _DoInit
</UL>
<BR>[Calls]<UL><LI><a href="#[207]">&gt;&gt;</a>&nbsp;&nbsp;&nbsp;strcpy
</UL>
<BR>[Called By]<UL><LI><a href="#[1f6]">&gt;&gt;</a>&nbsp;&nbsp;&nbsp;SEGGER_RTT_Init
<LI><a href="#[201]">&gt;&gt;</a>&nbsp;&nbsp;&nbsp;SEGGER_RTT_PutCharSkip
</UL>

<P><STRONG><a name="[91]"></a>builtin_func_invoke_handler</STRONG> (Thumb, 12 bytes, Stack size unknown bytes, libfw.o(.text.builtin_func_invoke_handler))
<BR>[Address Reference Count : 1]<UL><LI> libfw.o(.rodata.builtin_msg_handler_tab)
</UL>
<P><STRONG><a name="[90]"></a>builtin_dynamic_msg_handler</STRONG> (Thumb, 10 bytes, Stack size unknown bytes, libfw.o(.text.builtin_dynamic_msg_handler))
<BR><BR>[Calls]<UL><LI><a href="#[10f]">&gt;&gt;</a>&nbsp;&nbsp;&nbsp;builtin_timer_handler
</UL>
<BR>[Address Reference Count : 1]<UL><LI> libfw.o(.rodata.builtin_msg_handler_tab)
</UL>
<P><STRONG><a name="[8f]"></a>app_msg_handler</STRONG> (Thumb, 772 bytes, Stack size unknown bytes, libfw.o(.text.app_msg_handler))
<BR><BR>[Stack]<UL><LI>Max Depth = 332 + Unknown Stack Size
<LI>Call Chain = app_msg_handler &rArr; gap_manager_gapc_bond_ind_handler &rArr; ble_storage_write_bonding_info &rArr; nvds_put &rArr; tinyfs_write &rArr; do_tinyfs_write &rArr; record_write &rArr; garbage_collect_try &rArr; section_garbage_collection &rArr; section_copy &rArr; node_list_copy &rArr; node_copy &rArr; record_add_write &rArr; node_write &rArr; section_head_write &rArr; crc16ccitt &rArr; crc16_lookup
</UL>
<BR>[Calls]<UL><LI><a href="#[c1]">&gt;&gt;</a>&nbsp;&nbsp;&nbsp;ls_assert
<LI><a href="#[c4]">&gt;&gt;</a>&nbsp;&nbsp;&nbsp;gap_manager_gapc_le_phy_ind_handler
<LI><a href="#[eb]">&gt;&gt;</a>&nbsp;&nbsp;&nbsp;dev_manager_gapm_ext_adv_report_ind_handler
<LI><a href="#[e6]">&gt;&gt;</a>&nbsp;&nbsp;&nbsp;dev_manager_gapm_set_scan_rsp_data_cmp
<LI><a href="#[e8]">&gt;&gt;</a>&nbsp;&nbsp;&nbsp;ble_storage_gapm_addr_solved_ind_handler
<LI><a href="#[c3]">&gt;&gt;</a>&nbsp;&nbsp;&nbsp;__gnu_thumb1_case_sqi
<LI><a href="#[d2]">&gt;&gt;</a>&nbsp;&nbsp;&nbsp;gatt_manager_gattc_mtu_exchanged_ind_handler
<LI><a href="#[c7]">&gt;&gt;</a>&nbsp;&nbsp;&nbsp;gap_manager_gapc_disconnect_ind_handler
<LI><a href="#[d8]">&gt;&gt;</a>&nbsp;&nbsp;&nbsp;gatt_manager_gattc_event_ind_handler
<LI><a href="#[ea]">&gt;&gt;</a>&nbsp;&nbsp;&nbsp;dev_manager_gapm_activity_stopped_ind_handler
<LI><a href="#[d0]">&gt;&gt;</a>&nbsp;&nbsp;&nbsp;gap_manager_gapc_get_rssi_ind_handler
<LI><a href="#[c8]">&gt;&gt;</a>&nbsp;&nbsp;&nbsp;gap_manager_gapc_bond_req_ind_handler
<LI><a href="#[c9]">&gt;&gt;</a>&nbsp;&nbsp;&nbsp;gap_manager_gapc_bond_ind_handler
<LI><a href="#[e1]">&gt;&gt;</a>&nbsp;&nbsp;&nbsp;dev_manager_gapm_start_activity_cmp
<LI><a href="#[d1]">&gt;&gt;</a>&nbsp;&nbsp;&nbsp;gatt_manager_gattc_cmp_evt_handler
<LI><a href="#[dd]">&gt;&gt;</a>&nbsp;&nbsp;&nbsp;dev_manager_gapm_reset_cmp
<LI><a href="#[cf]">&gt;&gt;</a>&nbsp;&nbsp;&nbsp;gap_manager_gapc_get_dev_info_req_ind_handler
<LI><a href="#[e0]">&gt;&gt;</a>&nbsp;&nbsp;&nbsp;dev_manager_gapm_create_activity_cmp
<LI><a href="#[de]">&gt;&gt;</a>&nbsp;&nbsp;&nbsp;__gnu_thumb1_case_shi
<LI><a href="#[d6]">&gt;&gt;</a>&nbsp;&nbsp;&nbsp;gatt_manager_gattc_disc_char_desc_ind_handler
<LI><a href="#[c6]">&gt;&gt;</a>&nbsp;&nbsp;&nbsp;gap_manager_gapc_conn_req_ind_handler
<LI><a href="#[e3]">&gt;&gt;</a>&nbsp;&nbsp;&nbsp;dev_manager_gapm_delete_activity_cmp
<LI><a href="#[ce]">&gt;&gt;</a>&nbsp;&nbsp;&nbsp;gap_manager_gapc_param_updated_ind_handler
<LI><a href="#[cd]">&gt;&gt;</a>&nbsp;&nbsp;&nbsp;gap_manager_gapc_param_update_req_ind_handler
<LI><a href="#[e7]">&gt;&gt;</a>&nbsp;&nbsp;&nbsp;dev_manager_gapm_profile_added_ind_handler
<LI><a href="#[d3]">&gt;&gt;</a>&nbsp;&nbsp;&nbsp;gatt_manager_gattc_disc_svc_ind_handler
<LI><a href="#[db]">&gt;&gt;</a>&nbsp;&nbsp;&nbsp;gatt_manager_gattc_write_req_ind_handler
<LI><a href="#[e4]">&gt;&gt;</a>&nbsp;&nbsp;&nbsp;ble_storage_gapm_resolv_addr_cmp
<LI><a href="#[cc]">&gt;&gt;</a>&nbsp;&nbsp;&nbsp;gap_manager_gapc_security_ind_handler
<LI><a href="#[e9]">&gt;&gt;</a>&nbsp;&nbsp;&nbsp;dev_manager_gapm_activity_created_ind_handler
<LI><a href="#[ed]">&gt;&gt;</a>&nbsp;&nbsp;&nbsp;dev_manager_gattm_add_svc_rsp_handler
<LI><a href="#[dc]">&gt;&gt;</a>&nbsp;&nbsp;&nbsp;gatt_manager_gattc_att_info_req_ind_handler
<LI><a href="#[e2]">&gt;&gt;</a>&nbsp;&nbsp;&nbsp;dev_manager_gapm_stop_activity_cmp
<LI><a href="#[cb]">&gt;&gt;</a>&nbsp;&nbsp;&nbsp;gap_manager_gapc_encrypt_ind_handler
<LI><a href="#[d5]">&gt;&gt;</a>&nbsp;&nbsp;&nbsp;gatt_manager_gattc_disc_char_ind_handler
<LI><a href="#[d9]">&gt;&gt;</a>&nbsp;&nbsp;&nbsp;gatt_manager_gattc_event_req_ind_handler
<LI><a href="#[df]">&gt;&gt;</a>&nbsp;&nbsp;&nbsp;dev_manager_gapm_set_dev_config_cmp
<LI><a href="#[d7]">&gt;&gt;</a>&nbsp;&nbsp;&nbsp;gatt_manager_gattc_read_ind_handler
<LI><a href="#[ca]">&gt;&gt;</a>&nbsp;&nbsp;&nbsp;gap_manager_gapc_encrypt_req_ind_handler
<LI><a href="#[c2]">&gt;&gt;</a>&nbsp;&nbsp;&nbsp;__gnu_thumb1_case_uhi
<LI><a href="#[e5]">&gt;&gt;</a>&nbsp;&nbsp;&nbsp;dev_manager_gapm_set_adv_data_cmp
<LI><a href="#[ec]">&gt;&gt;</a>&nbsp;&nbsp;&nbsp;dev_manager_gapm_scan_request_ind_handler
<LI><a href="#[ee]">&gt;&gt;</a>&nbsp;&nbsp;&nbsp;prf_ls_sig_mesh_handler
<LI><a href="#[d4]">&gt;&gt;</a>&nbsp;&nbsp;&nbsp;gatt_manager_gattc_disc_svc_incl_ind_handler
<LI><a href="#[c5]">&gt;&gt;</a>&nbsp;&nbsp;&nbsp;gap_manager_gapc_cmp_evt_handler
<LI><a href="#[da]">&gt;&gt;</a>&nbsp;&nbsp;&nbsp;gatt_manager_gattc_read_req_ind_handler
</UL>
<BR>[Address Reference Count : 1]<UL><LI> libfw.o(.rodata.app_msg_handler_tab)
</UL>
<P><STRONG><a name="[40]"></a>bond_cfm_ltk_fill</STRONG> (Thumb, 10 bytes, Stack size unknown bytes, libfw.o(.text.bond_cfm_ltk_fill))
<BR><BR>[Calls]<UL><LI><a href="#[bc]">&gt;&gt;</a>&nbsp;&nbsp;&nbsp;memcpy
</UL>
<BR>[Address Reference Count : 1]<UL><LI> libfw.o(.text.gap_manager_gapc_bond_req_ind_handler)
</UL>
<P><STRONG><a name="[11d]"></a>pair_done_evt</STRONG> (Thumb, 44 bytes, Stack size unknown bytes, libfw.o(.text.pair_done_evt))
<BR><BR>[Called By]<UL><LI><a href="#[c9]">&gt;&gt;</a>&nbsp;&nbsp;&nbsp;gap_manager_gapc_bond_ind_handler
</UL>

<P><STRONG><a name="[45]"></a>bond_cfm_tk_fill</STRONG> (Thumb, 10 bytes, Stack size unknown bytes, libfw.o(.text.bond_cfm_tk_fill))
<BR><BR>[Calls]<UL><LI><a href="#[bc]">&gt;&gt;</a>&nbsp;&nbsp;&nbsp;memcpy
</UL>
<BR>[Address Reference Count : 1]<UL><LI> libfw.o(.text.gap_manager_tk_set)
</UL>
<P><STRONG><a name="[11f]"></a>gapc_bond_cfm_send</STRONG> (Thumb, 52 bytes, Stack size unknown bytes, libfw.o(.text.gapc_bond_cfm_send))
<BR><BR>[Calls]<UL><LI><a href="#[bd]">&gt;&gt;</a>&nbsp;&nbsp;&nbsp;ke_msg_send
<LI><a href="#[bb]">&gt;&gt;</a>&nbsp;&nbsp;&nbsp;ke_msg_alloc
</UL>
<BR>[Called By]<UL><LI><a href="#[11e]">&gt;&gt;</a>&nbsp;&nbsp;&nbsp;gap_manager_slave_pair_response_send
<LI><a href="#[c8]">&gt;&gt;</a>&nbsp;&nbsp;&nbsp;gap_manager_gapc_bond_req_ind_handler
<LI><a href="#[125]">&gt;&gt;</a>&nbsp;&nbsp;&nbsp;gap_manager_tk_set
</UL>

<P><STRONG><a name="[43]"></a>bond_search_callback</STRONG> (Thumb, 208 bytes, Stack size unknown bytes, libfw.o(.text.bond_search_callback))
<BR><BR>[Stack]<UL><LI>Max Depth = 168 + Unknown Stack Size
<LI>Call Chain = bond_search_callback &rArr; ble_storage_read_peer_server_info &rArr; nvds_get &rArr; tinyfs_read &rArr; do_tinyfs_read &rArr; node_data_read &rArr; nvm_read_node &rArr; tinyfs_nvm_read_with_cache
</UL>
<BR>[Calls]<UL><LI><a href="#[bd]">&gt;&gt;</a>&nbsp;&nbsp;&nbsp;ke_msg_send
<LI><a href="#[bb]">&gt;&gt;</a>&nbsp;&nbsp;&nbsp;ke_msg_alloc
<LI><a href="#[10a]">&gt;&gt;</a>&nbsp;&nbsp;&nbsp;ble_storage_read_peer_server_info
<LI><a href="#[108]">&gt;&gt;</a>&nbsp;&nbsp;&nbsp;ble_storage_read_bonding_info
<LI><a href="#[109]">&gt;&gt;</a>&nbsp;&nbsp;&nbsp;ble_storage_read_peer_client_info
</UL>
<BR>[Address Reference Count : 1]<UL><LI> libfw.o(.text.gap_manager_gapc_conn_req_ind_handler)
</UL>
<P><STRONG><a name="[41]"></a>bond_cfm_irk_fill</STRONG> (Thumb, 42 bytes, Stack size unknown bytes, libfw.o(.text.bond_cfm_irk_fill))
<BR><BR>[Calls]<UL><LI><a href="#[10d]">&gt;&gt;</a>&nbsp;&nbsp;&nbsp;gapm_get_address_type
<LI><a href="#[10c]">&gt;&gt;</a>&nbsp;&nbsp;&nbsp;gapm_get_bdaddr
<LI><a href="#[bc]">&gt;&gt;</a>&nbsp;&nbsp;&nbsp;memcpy
<LI><a href="#[10e]">&gt;&gt;</a>&nbsp;&nbsp;&nbsp;gapm_get_irk
</UL>
<BR>[Address Reference Count : 1]<UL><LI> libfw.o(.text.gap_manager_gapc_bond_req_ind_handler)
</UL>
<P><STRONG><a name="[42]"></a>bond_cfm_csrk_fill</STRONG> (Thumb, 10 bytes, Stack size unknown bytes, libfw.o(.text.bond_cfm_csrk_fill))
<BR><BR>[Stack]<UL><LI>Max Depth = 16 + Unknown Stack Size
<LI>Call Chain = bond_cfm_csrk_fill &rArr; rand_gen_by_word
</UL>
<BR>[Calls]<UL><LI><a href="#[be]">&gt;&gt;</a>&nbsp;&nbsp;&nbsp;rand_gen_by_word
</UL>
<BR>[Address Reference Count : 1]<UL><LI> libfw.o(.text.gap_manager_gapc_bond_req_ind_handler)
</UL>
<P><STRONG><a name="[44]"></a>bond_cfm_pair_feat_fill</STRONG> (Thumb, 34 bytes, Stack size unknown bytes, libfw.o(.text.bond_cfm_pair_feat_fill))
<BR>[Address Reference Count : 1]<UL><LI> libfw.o(.text.gap_manager_slave_pair_response_send)
</UL>
<P><STRONG><a name="[122]"></a>passkey_set</STRONG> (Thumb, 34 bytes, Stack size unknown bytes, libfw.o(.text.passkey_set))
<BR><BR>[Calls]<UL><LI><a href="#[136]">&gt;&gt;</a>&nbsp;&nbsp;&nbsp;memset
<LI><a href="#[125]">&gt;&gt;</a>&nbsp;&nbsp;&nbsp;gap_manager_tk_set
</UL>
<BR>[Called By]<UL><LI><a href="#[c8]">&gt;&gt;</a>&nbsp;&nbsp;&nbsp;gap_manager_gapc_bond_req_ind_handler
</UL>

<P><STRONG><a name="[47]"></a>svc_read_req_callback</STRONG> (Thumb, 28 bytes, Stack size unknown bytes, libfw.o(.text.svc_read_req_callback))
<BR>[Address Reference Count : 1]<UL><LI> libfw.o(.text.gatt_manager_gattc_read_req_ind_handler)
</UL>
<P><STRONG><a name="[128]"></a>gattc_manager_uuidlen_internal_to_user</STRONG> (Thumb, 18 bytes, Stack size unknown bytes, libfw.o(.text.gattc_manager_uuidlen_internal_to_user))
<BR><BR>[Called By]<UL><LI><a href="#[d6]">&gt;&gt;</a>&nbsp;&nbsp;&nbsp;gatt_manager_gattc_disc_char_desc_ind_handler
<LI><a href="#[d3]">&gt;&gt;</a>&nbsp;&nbsp;&nbsp;gatt_manager_gattc_disc_svc_ind_handler
<LI><a href="#[d5]">&gt;&gt;</a>&nbsp;&nbsp;&nbsp;gatt_manager_gattc_disc_char_ind_handler
<LI><a href="#[d4]">&gt;&gt;</a>&nbsp;&nbsp;&nbsp;gatt_manager_gattc_disc_svc_incl_ind_handler
</UL>

<P><STRONG><a name="[48]"></a>svc_write_req_callback</STRONG> (Thumb, 88 bytes, Stack size unknown bytes, libfw.o(.text.svc_write_req_callback))
<BR><BR>[Calls]<UL><LI><a href="#[bd]">&gt;&gt;</a>&nbsp;&nbsp;&nbsp;ke_msg_send
<LI><a href="#[bb]">&gt;&gt;</a>&nbsp;&nbsp;&nbsp;ke_msg_alloc
</UL>
<BR>[Address Reference Count : 1]<UL><LI> libfw.o(.text.gatt_manager_gattc_write_req_ind_handler)
</UL>
<P><STRONG><a name="[129]"></a>gatt_svc_list_walk_through.isra.0</STRONG> (Thumb, 52 bytes, Stack size unknown bytes, libfw.o(.text.gatt_svc_list_walk_through.isra.0))
<BR><BR>[Called By]<UL><LI><a href="#[db]">&gt;&gt;</a>&nbsp;&nbsp;&nbsp;gatt_manager_gattc_write_req_ind_handler
<LI><a href="#[da]">&gt;&gt;</a>&nbsp;&nbsp;&nbsp;gatt_manager_gattc_read_req_ind_handler
</UL>

<P><STRONG><a name="[107]"></a>rpa_resolve_start</STRONG> (Thumb, 152 bytes, Stack size unknown bytes, libfw.o(.text.rpa_resolve_start))
<BR><BR>[Stack]<UL><LI>Max Depth = 168 + Unknown Stack Size
<LI>Call Chain = rpa_resolve_start &rArr; ble_storage_read_bonding_info &rArr; nvds_get &rArr; tinyfs_read &rArr; do_tinyfs_read &rArr; node_data_read &rArr; nvm_read_node &rArr; tinyfs_nvm_read_with_cache
</UL>
<BR>[Calls]<UL><LI><a href="#[bd]">&gt;&gt;</a>&nbsp;&nbsp;&nbsp;ke_msg_send
<LI><a href="#[bb]">&gt;&gt;</a>&nbsp;&nbsp;&nbsp;ke_msg_alloc
<LI><a href="#[bc]">&gt;&gt;</a>&nbsp;&nbsp;&nbsp;memcpy
<LI><a href="#[108]">&gt;&gt;</a>&nbsp;&nbsp;&nbsp;ble_storage_read_bonding_info
</UL>
<BR>[Called By]<UL><LI><a href="#[106]">&gt;&gt;</a>&nbsp;&nbsp;&nbsp;ble_storage_bonding_info_search_req
<LI><a href="#[e4]">&gt;&gt;</a>&nbsp;&nbsp;&nbsp;ble_storage_gapm_resolv_addr_cmp
</UL>

<P><STRONG><a name="[46]"></a>adv_actv_start_param</STRONG> (Thumb, 16 bytes, Stack size unknown bytes, libfw.o(.text.adv_actv_start_param))
<BR>[Address Reference Count : 1]<UL><LI> libfw.o(.text.gapm_adv_activity_start_cmd_send)
</UL>
<P><STRONG><a name="[126]"></a>gapm_activity_start_cmd_send</STRONG> (Thumb, 96 bytes, Stack size unknown bytes, libfw.o(.text.gapm_activity_start_cmd_send))
<BR><BR>[Stack]<UL><LI>Max Depth = 16 + Unknown Stack Size
<LI>Call Chain = gapm_activity_start_cmd_send &rArr; general_fifo_put
</UL>
<BR>[Calls]<UL><LI><a href="#[c1]">&gt;&gt;</a>&nbsp;&nbsp;&nbsp;ls_assert
<LI><a href="#[127]">&gt;&gt;</a>&nbsp;&nbsp;&nbsp;general_fifo_put
<LI><a href="#[bd]">&gt;&gt;</a>&nbsp;&nbsp;&nbsp;ke_msg_send
<LI><a href="#[bb]">&gt;&gt;</a>&nbsp;&nbsp;&nbsp;ke_msg_alloc
</UL>
<BR>[Called By]<UL><LI><a href="#[116]">&gt;&gt;</a>&nbsp;&nbsp;&nbsp;gapm_adv_activity_start_cmd_send
</UL>

<P><STRONG><a name="[116]"></a>gapm_adv_activity_start_cmd_send</STRONG> (Thumb, 20 bytes, Stack size unknown bytes, libfw.o(.text.gapm_adv_activity_start_cmd_send))
<BR><BR>[Stack]<UL><LI>Max Depth = 16 + Unknown Stack Size
<LI>Call Chain = gapm_adv_activity_start_cmd_send &rArr; gapm_activity_start_cmd_send &rArr; general_fifo_put
</UL>
<BR>[Calls]<UL><LI><a href="#[126]">&gt;&gt;</a>&nbsp;&nbsp;&nbsp;gapm_activity_start_cmd_send
</UL>
<BR>[Called By]<UL><LI><a href="#[e6]">&gt;&gt;</a>&nbsp;&nbsp;&nbsp;dev_manager_gapm_set_scan_rsp_data_cmp
<LI><a href="#[e5]">&gt;&gt;</a>&nbsp;&nbsp;&nbsp;dev_manager_gapm_set_adv_data_cmp
</UL>

<P><STRONG><a name="[20d]"></a>_fp_digits</STRONG> (Thumb, 344 bytes, Stack size 64 bytes, printfa.o(i._fp_digits), UNUSED)
<BR><BR>[Calls]<UL><LI><a href="#[9f]">&gt;&gt;</a>&nbsp;&nbsp;&nbsp;__aeabi_dmul
<LI><a href="#[a1]">&gt;&gt;</a>&nbsp;&nbsp;&nbsp;__aeabi_ddiv
<LI><a href="#[af]">&gt;&gt;</a>&nbsp;&nbsp;&nbsp;__aeabi_dadd
<LI><a href="#[b3]">&gt;&gt;</a>&nbsp;&nbsp;&nbsp;__aeabi_d2ulz
<LI><a href="#[20e]">&gt;&gt;</a>&nbsp;&nbsp;&nbsp;__aeabi_cdrcmple
<LI><a href="#[96]">&gt;&gt;</a>&nbsp;&nbsp;&nbsp;__aeabi_uldivmod
</UL>
<BR>[Called By]<UL><LI><a href="#[209]">&gt;&gt;</a>&nbsp;&nbsp;&nbsp;_printf_core
</UL>

<P><STRONG><a name="[209]"></a>_printf_core</STRONG> (Thumb, 1760 bytes, Stack size 128 bytes, printfa.o(i._printf_core), UNUSED)
<BR><BR>[Calls]<UL><LI><a href="#[120]">&gt;&gt;</a>&nbsp;&nbsp;&nbsp;__aeabi_uidivmod
<LI><a href="#[20f]">&gt;&gt;</a>&nbsp;&nbsp;&nbsp;_printf_pre_padding
<LI><a href="#[210]">&gt;&gt;</a>&nbsp;&nbsp;&nbsp;_printf_post_padding
<LI><a href="#[20d]">&gt;&gt;</a>&nbsp;&nbsp;&nbsp;_fp_digits
<LI><a href="#[96]">&gt;&gt;</a>&nbsp;&nbsp;&nbsp;__aeabi_uldivmod
</UL>
<BR>[Called By]<UL><LI><a href="#[20b]">&gt;&gt;</a>&nbsp;&nbsp;&nbsp;__0vprintf
<LI><a href="#[20a]">&gt;&gt;</a>&nbsp;&nbsp;&nbsp;__0sprintf
<LI><a href="#[208]">&gt;&gt;</a>&nbsp;&nbsp;&nbsp;__0printf
</UL>

<P><STRONG><a name="[210]"></a>_printf_post_padding</STRONG> (Thumb, 32 bytes, Stack size 24 bytes, printfa.o(i._printf_post_padding), UNUSED)
<BR><BR>[Called By]<UL><LI><a href="#[209]">&gt;&gt;</a>&nbsp;&nbsp;&nbsp;_printf_core
</UL>

<P><STRONG><a name="[20f]"></a>_printf_pre_padding</STRONG> (Thumb, 44 bytes, Stack size 40 bytes, printfa.o(i._printf_pre_padding), UNUSED)
<BR><BR>[Called By]<UL><LI><a href="#[209]">&gt;&gt;</a>&nbsp;&nbsp;&nbsp;_printf_core
</UL>

<P><STRONG><a name="[61]"></a>_sputc</STRONG> (Thumb, 10 bytes, Stack size 0 bytes, printfa.o(i._sputc))
<BR><BR>[Called By]<UL><LI><a href="#[20a]">&gt;&gt;</a>&nbsp;&nbsp;&nbsp;__0sprintf
</UL>
<BR>[Address Reference Count : 1]<UL><LI> printfa.o(i.__0sprintf)
</UL>
<P><STRONG><a name="[a8]"></a>_fp_value</STRONG> (Thumb, 286 bytes, Stack size 72 bytes, scanf_fp.o(.text), UNUSED)
<BR><BR>[Calls]<UL><LI><a href="#[9f]">&gt;&gt;</a>&nbsp;&nbsp;&nbsp;__aeabi_dmul
<LI><a href="#[a1]">&gt;&gt;</a>&nbsp;&nbsp;&nbsp;__aeabi_ddiv
<LI><a href="#[99]">&gt;&gt;</a>&nbsp;&nbsp;&nbsp;__aeabi_lmul
<LI><a href="#[a9]">&gt;&gt;</a>&nbsp;&nbsp;&nbsp;__aeabi_ul2d
</UL>
<BR>[Called By]<UL><LI><a href="#[aa]">&gt;&gt;</a>&nbsp;&nbsp;&nbsp;_scanf_really_real
</UL>

<P><STRONG><a name="[38]"></a>_scanf_char_input</STRONG> (Thumb, 12 bytes, Stack size 0 bytes, scanf_char.o(.text))
<BR>[Address Reference Count : 1]<UL><LI> scanf_char.o(.text)
</UL><P>
<H3>
Undefined Global Symbols
</H3>
<P><STRONG><a name="[95]"></a>__arm_fini_</STRONG> (Unknown, 0 bytes, Stack size 0 bytes, UNDEFINED)
<BR><BR>[Called By]<UL><LI><a href="#[94]">&gt;&gt;</a>&nbsp;&nbsp;&nbsp;__rt_lib_shutdown_fini
</UL>
<HR></body></html>
