<html>
<body>
<pre>
<h1>µVision Build Log</h1>
<h2>Tool Versions:</h2>
IDE-Version: ¦ÌVision V5.36.0.0
Copyright (C) 2021 ARM Ltd and ARM Germany GmbH. All rights reserved.
License Information: 122 4447837, HP Inc., LIC=JL28G-VRIXS-454T5-GD2EK-I2FWP-ZVLZH
 
Tool Versions:
Toolchain:       MDK-ARM Plus  Version: 5.36.0.0
Toolchain Path:  C:\Keil_v5\ARM\ARMCC\Bin
C Compiler:      Armcc.exe V5.06 update 7 (build 960)
Assembler:       Armasm.exe V5.06 update 7 (build 960)
Linker/Locator:  ArmLink.exe V5.06 update 7 (build 960)
Library Manager: ArmAr.exe V5.06 update 7 (build 960)
Hex Converter:   FromElf.exe V5.06 update 7 (build 960)
CPU DLL:         SARMCM3.DLL V5.36.0.0
Dialog DLL:      DCM.DLL V1.17.3.0
Target DLL:      Segger\JL2CM3.dll V2.99.16.0
Dialog DLL:      TCM.DLL V1.53.0.0
 
<h2>Project:</h2>
G:\my_code\Blueooth_code\S9_KeyBoard_V1\S9_KeyBoard_V1.uvprojx
Project File Date:  02/24/2024

<h2>Output:</h2>
*** Using Compiler 'V5.06 update 7 (build 960)', folder: 'C:\Keil_v5\ARM\ARMCC\Bin'
Rebuild target 'S9_KeyBoard_V1'
compiling Bsp_Adc.c...
compiling Bsp_Remote.c...
compiling CallBack.c...
compiling Bsp_Bluetooth.c...
compiling main.c...
compiling Bsp_Boot.c...
compiling Public.c...
compiling Bsp_Led.c...
compiling System_Init.c...
compiling Bsp_Encoder.c...
compiling Bsp_Uart.c...
compiling Bsp_Key.c...
compiling Bsp_Power.c...
compiling Bsp_Dog.c...
compiling Bsp_Hid.c...
compiling Bsp_SysTimer.c...
compiling calc_div.c...
compiling Bsp_NewProtocol.c...
compiling ls_hal_adc.c...
compiling Bsp_OldProtocol.c...
compiling ls_hal_adc_dma.c...
compiling ls_hal_cache.c...
compiling ls_hal_crypt.c...
compiling ls_hal_dmac.c...
compiling ls_hal_ecc.c...
compiling ls_hal_flash.c...
compiling ls_hal_flash_qspi.c...
compiling ls_hal_flash_svcall.c...
compiling ls_hal_i2c_dma.c...
compiling ls_hal_i2c.c...
compiling ls_hal_iwdg.c...
compiling ls_hal_pdm.c...
compiling ls_hal_pdm_dma.c...
compiling ls_hal_pis.c...
compiling ls_hal_qspi.c...
compiling ls_hal_rtc.c...
compiling ls_hal_spi_i2s.c...
compiling ls_hal_spi_i2s_dma.c...
compiling ls_hal_ssi_dma.c...
compiling ls_hal_ssi.c...
compiling ls_hal_trng.c...
compiling ls_hal_uart.c...
compiling ls_hal_uart_dma.c...
compiling ls_hal_timer.c...
compiling ls_hal_wwdg.c...
compiling ble_common_api.c...
compiling circular_doubly_linked_list.c...
compiling common.c...
compiling sw_timer.c...
compiling crc16.c...
compiling log.c...
compiling ls_dbg.c...
compiling ota_settings.c...
compiling inflash_settings.c...
compiling fifo.c...
compiling linked_buffer.c...
compiling utils.c...
compiling sha256.c...
compiling tinyfs_nvm.c...
compiling tinyfs_write_cache.c...
compiling tinyfs.c...
compiling calc_acc.c...
compiling ls_msp_cache.c...
compiling ls_msp_adc.c...
compiling ls_msp_crypt.c...
compiling ls_msp_dmac.c...
compiling ls_msp_ecc.c...
compiling ls_msp_i2c.c...
compiling ls_msp_iwdg.c...
compiling ls_msp_pis.c...
compiling ls_msp_pdm.c...
compiling ls_msp_qspi.c...
compiling ls_msp_rtc.c...
compiling ls_msp_spi_i2s.c...
compiling ls_msp_ssi.c...
compiling ls_msp_timer.c...
compiling ls_msp_trng.c...
compiling ls_msp_uart.c...
compiling ls_msp_wwdg.c...
compiling modem_rf_le501x.c...
compiling ls_soc_gpio.c...
compiling modem_rf_le501x_24g.c...
compiling cpu.c...
compiling platform.c...
compiling stack_var.c...
compiling sleep.c...
compiling sys_stat.c...
assembling delay_asm.S...
assembling sleep_asm.S...
assembling stack_asm.S...
compiling sw_timer_port.c...
assembling startup.S...
assembling svcall_asm.S...
compiling swint_handler.c...
compiling systick.c...
compiling svcall.c...
compiling SEGGER_RTT_printf.c...
compiling SEGGER_RTT.c...
linking...
Program Size: Code=73548 RO-data=3596 RW-data=1260 ZI-data=40592  
After Build - User command #1: .\tools\le501x\after_build.bat SMART_S9 . 402866176 ./soc/arm_cm/le501x/bin/fw.hex
G:\my_code\Blueooth_code\S9_KeyBoard_V1>.\tools\srec_cat.exe -o .\Objects\info_sbl.hex -I .\soc\arm_cm\le501x\bin\bram.bin -Bin -of 0x18000300 -crc32-l-e -max-a .\soc\arm_cm\le501x\bin\bram.bin -Bin -of 0x18000300 .\tools\le501x\info.bin -Bin -of 0x18000000 -gen 0x1800001c 0x18000020 -const-l-e 0x18000300 4 -gen 0x18000020 0x18000024 -const-l-e -l .\soc\arm_cm\le501x\bin\bram.bin -Bin 4 -gen 0x18000024 0x18000028 -const-l-e 402866176 4 -gen 0x1800002c 0x18000030 -const-l-e 0x1807c000 4 -gen 0x18000030 0x18000036 -rep-d 0xff 0xff 0xff 0xff 0xff 0xff  
G:\my_code\Blueooth_code\S9_KeyBoard_V1>fromelf --bin --output=.\Objects\SMART_S9.ota.bin .\Objects\SMART_S9.axf 
G:\my_code\Blueooth_code\S9_KeyBoard_V1>fromelf --i32 --output=.\Objects\SMART_S9.hex .\Objects\SMART_S9.axf 
G:\my_code\Blueooth_code\S9_KeyBoard_V1>if "./soc/arm_cm/le501x/bin/fw.hex" NEQ "" (.\tools\srec_cat.exe -Output .\Objects\SMART_S9_production_temp.hex -Intel .\Objects\info_sbl.hex -Intel .\Objects\SMART_S9.hex -Intel .\./soc/arm_cm/le501x/bin/fw.hex -Intel )  else (.\tools\srec_cat.exe -Output .\Objects\SMART_S9_production_temp.hex -Intel .\Objects\info_sbl.hex -Intel .\Objects\SMART_S9.hex -Intel ) 
G:\my_code\Blueooth_code\S9_KeyBoard_V1>fromelf -c -a -d -e -v -o .\Objects\SMART_S9.asm .\Objects\SMART_S9.axf 
G:\my_code\Blueooth_code\S9_KeyBoard_V1>.\tools\srec_cat.exe -Output .\Objects\SMART_S9_production.hex -I .\Objects\SMART_S9_production_temp.hex -I -gen 0x1807BE00 0x1807BE04 -const-l-e 1 4 -gen 0x1807BE04 0x1807BE08 -const-l-e 1 4 -gen 0x1807BE08 0x1807BE0c -const-l-e 0x18034000 4 -gen 0x1807BE0c 0x1807BE10 -const-l-e 0xFFFFFFFF 4 -gen 0x1807BE10 0x1807BE14 -const-l-e 0xFFFFFFFF 4 -gen 0x1807BE14 0x1807BE18 -const-l-e 0xFFFFFFFF 4 -gen 0x1807BE18 0x1807BE1c -const-l-e 0x00000000 4 -gen 0x1807BE1c 0x1807BE20 -const-l-e 0xFFFFFFFF 4 -gen 0x18057E00 0x18057E01 -const-l-e 0x00 1  
".\Objects\SMART_S9_production.hex" - 0 Error(s), 0 Warning(s).

<h2>Software Packages used:</h2>

Package Vendor: Linkedsemi
                https://www.linkedsemi.com/Linkedsemi.DFP.1.0.0.pack
                Linkedsemi.DFP.1.0.0
                Linkedsemi LE5xxx and LM30xx Series Device Support, Drivers and Examples

<h2>Collection of Component include folders:</h2>
  C:\Users\44478\AppData\Local\Arm\Packs\Linkedsemi\DFP\1.0.0\Device\ARM\ARMCM0\Include

<h2>Collection of Component Files used:</h2>
Build Time Elapsed:  00:00:22
</pre>
</body>
</html>
