<!doctype html public "-//w3c//dtd html 4.0 transitional//en">
<html><head>
<title>Static Call Graph - [.\Objects\SMART_S9_production.hex]</title></head>
<body><HR>
<H1>Static Call Graph for image .\Objects\SMART_S9_production.hex</H1><HR>
<BR><P>#&#060CALLGRAPH&#062# ARM Linker, 5060960: Last Updated: Mon Feb 05 15:26:20 2024
<BR><P>
<H3>Maximum Stack Usage =        408 bytes + Unknown(Functions without stacksize, Cycles, Untraceable Function Pointers)</H3><H3>
Call chain for Maximum Stack Depth:</H3>
main &rArr; sys_init_app &rArr; module_init &rArr; tinyfs_init &rArr; nodes_info_load &rArr; nvm_page_empty &rArr; tinyfs_nvm_read_with_cache
<P>
<H3>
Functions with no stack information
</H3><UL>
 <LI><a href="#[f2]">anpc_prf_itf_get</a>
 <LI><a href="#[f3]">anps_prf_itf_get</a>
 <LI><a href="#[34]">app_init</a>
 <LI><a href="#[e5]">basc_prf_itf_get</a>
 <LI><a href="#[fd]">bcsc_prf_itf_get</a>
 <LI><a href="#[fc]">bcss_prf_itf_get</a>
 <LI><a href="#[ae]">bd_addr_cmp</a>
 <LI><a href="#[b0]">ble_storage_alloc_peer_id</a>
 <LI><a href="#[b2]">ble_storage_bonding_info_search_req</a>
 <LI><a href="#[a7]">ble_storage_gapm_addr_solved_ind_handler</a>
 <LI><a href="#[a3]">ble_storage_gapm_resolv_addr_cmp</a>
 <LI><a href="#[1d5]">ble_storage_max_num_init</a>
 <LI><a href="#[b4]">ble_storage_read_bonding_info</a>
 <LI><a href="#[b5]">ble_storage_read_peer_client_info</a>
 <LI><a href="#[b6]">ble_storage_read_peer_server_info</a>
 <LI><a href="#[b7]">ble_storage_write_bonding_info</a>
 <LI><a href="#[da]">blpc_prf_itf_get</a>
 <LI><a href="#[d9]">blps_prf_itf_get</a>
 <LI><a href="#[bb]">builtin_timer_create</a>
 <LI><a href="#[1ae]">builtin_timer_env_register</a>
 <LI><a href="#[bd]">builtin_timer_start</a>
 <LI><a href="#[105]">cgmc_prf_itf_get</a>
 <LI><a href="#[104]">cgms_prf_itf_get</a>
 <LI><a href="#[ee]">cppc_prf_itf_get</a>
 <LI><a href="#[ef]">cpps_prf_itf_get</a>
 <LI><a href="#[ec]">cscpc_prf_itf_get</a>
 <LI><a href="#[ed]">cscps_prf_itf_get</a>
 <LI><a href="#[a8]">dev_manager_gapm_activity_created_ind_handler</a>
 <LI><a href="#[a9]">dev_manager_gapm_activity_stopped_ind_handler</a>
 <LI><a href="#[9f]">dev_manager_gapm_create_activity_cmp</a>
 <LI><a href="#[a2]">dev_manager_gapm_delete_activity_cmp</a>
 <LI><a href="#[aa]">dev_manager_gapm_ext_adv_report_ind_handler</a>
 <LI><a href="#[a6]">dev_manager_gapm_profile_added_ind_handler</a>
 <LI><a href="#[9c]">dev_manager_gapm_reset_cmp</a>
 <LI><a href="#[ab]">dev_manager_gapm_scan_request_ind_handler</a>
 <LI><a href="#[a4]">dev_manager_gapm_set_adv_data_cmp</a>
 <LI><a href="#[9e]">dev_manager_gapm_set_dev_config_cmp</a>
 <LI><a href="#[a5]">dev_manager_gapm_set_scan_rsp_data_cmp</a>
 <LI><a href="#[a0]">dev_manager_gapm_start_activity_cmp</a>
 <LI><a href="#[a1]">dev_manager_gapm_stop_activity_cmp</a>
 <LI><a href="#[ac]">dev_manager_gattm_add_svc_rsp_handler</a>
 <LI><a href="#[d8]">disc_prf_itf_get</a>
 <LI><a href="#[f9]">envc_prf_itf_get</a>
 <LI><a href="#[f8]">envs_prf_itf_get</a>
 <LI><a href="#[df]">findl_prf_itf_get</a>
 <LI><a href="#[e0]">findt_prf_itf_get</a>
 <LI><a href="#[c2]">func_post</a>
 <LI><a href="#[88]">gap_manager_gapc_bond_ind_handler</a>
 <LI><a href="#[87]">gap_manager_gapc_bond_req_ind_handler</a>
 <LI><a href="#[84]">gap_manager_gapc_cmp_evt_handler</a>
 <LI><a href="#[85]">gap_manager_gapc_conn_req_ind_handler</a>
 <LI><a href="#[86]">gap_manager_gapc_disconnect_ind_handler</a>
 <LI><a href="#[8a]">gap_manager_gapc_encrypt_ind_handler</a>
 <LI><a href="#[89]">gap_manager_gapc_encrypt_req_ind_handler</a>
 <LI><a href="#[8e]">gap_manager_gapc_get_dev_info_req_ind_handler</a>
 <LI><a href="#[8f]">gap_manager_gapc_get_rssi_ind_handler</a>
 <LI><a href="#[83]">gap_manager_gapc_le_phy_ind_handler</a>
 <LI><a href="#[8c]">gap_manager_gapc_param_update_req_ind_handler</a>
 <LI><a href="#[8d]">gap_manager_gapc_param_updated_ind_handler</a>
 <LI><a href="#[8b]">gap_manager_gapc_security_ind_handler</a>
 <LI><a href="#[ca]">gap_manager_get_peer_addr</a>
 <LI><a href="#[c5]">gap_manager_slave_pair_response_send</a>
 <LI><a href="#[cc]">gap_manager_tk_set</a>
 <LI><a href="#[9b]">gatt_manager_gattc_att_info_req_ind_handler</a>
 <LI><a href="#[90]">gatt_manager_gattc_cmp_evt_handler</a>
 <LI><a href="#[95]">gatt_manager_gattc_disc_char_desc_ind_handler</a>
 <LI><a href="#[94]">gatt_manager_gattc_disc_char_ind_handler</a>
 <LI><a href="#[93]">gatt_manager_gattc_disc_svc_incl_ind_handler</a>
 <LI><a href="#[92]">gatt_manager_gattc_disc_svc_ind_handler</a>
 <LI><a href="#[97]">gatt_manager_gattc_event_ind_handler</a>
 <LI><a href="#[98]">gatt_manager_gattc_event_req_ind_handler</a>
 <LI><a href="#[91]">gatt_manager_gattc_mtu_exchanged_ind_handler</a>
 <LI><a href="#[96]">gatt_manager_gattc_read_ind_handler</a>
 <LI><a href="#[99]">gatt_manager_gattc_read_req_ind_handler</a>
 <LI><a href="#[9a]">gatt_manager_gattc_write_req_ind_handler</a>
 <LI><a href="#[e8]">glpc_prf_itf_get</a>
 <LI><a href="#[e9]">glps_prf_itf_get</a>
 <LI><a href="#[e6]">hogpbh_prf_itf_get</a>
 <LI><a href="#[e7]">hogprh_prf_itf_get</a>
 <LI><a href="#[de]">hrpc_prf_itf_get</a>
 <LI><a href="#[dd]">hrps_prf_itf_get</a>
 <LI><a href="#[d7]">htpc_prf_itf_get</a>
 <LI><a href="#[d6]">htpt_prf_itf_get</a>
 <LI><a href="#[f7]">ipsc_prf_itf_get</a>
 <LI><a href="#[f6]">ipss_prf_itf_get</a>
 <LI><a href="#[f0]">lanc_prf_itf_get</a>
 <LI><a href="#[f1]">lans_prf_itf_get</a>
 <LI><a href="#[78]">nvds_get</a>
 <LI><a href="#[7b]">nvds_put</a>
 <LI><a href="#[7f]">nvds_write_through</a>
 <LI><a href="#[f4]">paspc_prf_itf_get</a>
 <LI><a href="#[f5]">pasps_prf_itf_get</a>
 <LI><a href="#[103]">plxc_prf_itf_get</a>
 <LI><a href="#[102]">plxs_prf_itf_get</a>
 <LI><a href="#[1d4]">prf_fn_init</a>
 <LI><a href="#[1f]">prf_itf_get</a>
 <LI><a href="#[ad]">prf_ls_sig_mesh_handler</a>
 <LI><a href="#[e1]">proxm_prf_itf_get</a>
 <LI><a href="#[e2]">proxr_prf_itf_get</a>
 <LI><a href="#[ea]">rscpc_prf_itf_get</a>
 <LI><a href="#[eb]">rscps_prf_itf_get</a>
 <LI><a href="#[e4]">scppc_prf_itf_get</a>
 <LI><a href="#[e3]">scpps_prf_itf_get</a>
 <LI><a href="#[1d3]">statck_buffer_init</a>
 <LI><a href="#[dc]">tipc_prf_itf_get</a>
 <LI><a href="#[db]">tips_prf_itf_get</a>
 <LI><a href="#[ff]">udsc_prf_itf_get</a>
 <LI><a href="#[fe]">udss_prf_itf_get</a>
 <LI><a href="#[101]">wptc_prf_itf_get</a>
 <LI><a href="#[100]">wpts_prf_itf_get</a>
 <LI><a href="#[fb]">wscc_prf_itf_get</a>
 <LI><a href="#[fa]">wscs_prf_itf_get</a>
 <LI><a href="#[52]">app_msg_handler</a>
 <LI><a href="#[16]">bond_cfm_ltk_fill</a>
 <LI><a href="#[c4]">pair_done_evt</a>
 <LI><a href="#[1b]">bond_cfm_tk_fill</a>
 <LI><a href="#[c6]">gapc_bond_cfm_send</a>
 <LI><a href="#[19]">bond_search_callback</a>
 <LI><a href="#[17]">bond_cfm_irk_fill</a>
 <LI><a href="#[18]">bond_cfm_csrk_fill</a>
 <LI><a href="#[1a]">bond_cfm_pair_feat_fill</a>
 <LI><a href="#[c9]">passkey_set</a>
 <LI><a href="#[1d]">svc_read_req_callback</a>
 <LI><a href="#[cf]">gattc_manager_uuidlen_internal_to_user</a>
 <LI><a href="#[1e]">svc_write_req_callback</a>
 <LI><a href="#[d0]">gatt_svc_list_walk_through.isra.0</a>
 <LI><a href="#[b3]">rpa_resolve_start</a>
 <LI><a href="#[1c]">adv_actv_start_param</a>
 <LI><a href="#[cd]">gapm_activity_start_cmd_send</a>
 <LI><a href="#[c0]">gapm_adv_activity_start_cmd_send</a>
</UL>
</UL>
<P>
<H3>
Mutually Recursive functions
</H3> <LI><a href="#[1c8]">arm_cm_delay_asm</a>&nbsp;&nbsp;&nbsp;&rArr;&nbsp;&nbsp;&nbsp;<a href="#[1c8]">arm_cm_delay_asm</a><BR>
 <LI><a href="#[1de]">traverse_tree</a>&nbsp;&nbsp;&nbsp;&rArr;&nbsp;&nbsp;&nbsp;<a href="#[1de]">traverse_tree</a><BR>
 <LI><a href="#[15e]">node_parent_fix</a>&nbsp;&nbsp;&nbsp;&rArr;&nbsp;&nbsp;&nbsp;<a href="#[15e]">node_parent_fix</a><BR>
 <LI><a href="#[15c]">dir_tree_link</a>&nbsp;&nbsp;&nbsp;&rArr;&nbsp;&nbsp;&nbsp;<a href="#[15c]">dir_tree_link</a><BR>
 <LI><a href="#[6]">Default_Handler</a>&nbsp;&nbsp;&nbsp;&rArr;&nbsp;&nbsp;&nbsp;<a href="#[6]">Default_Handler</a><BR>
</UL>
<P>
<H3>
Function Pointers
</H3><UL>
 <LI><a href="#[d]">Bsp_Led_BlinkConrol_Handler</a> from bsp_led.o(i.Bsp_Led_BlinkConrol_Handler) referenced from bsp_led.o(.data)
 <LI><a href="#[c]">Bsp_Led_Init</a> from bsp_led.o(i.Bsp_Led_Init) referenced from bsp_led.o(.data)
 <LI><a href="#[6]">Default_Handler</a> from startup.o(.xip_banned) referenced 32 times from startup.o(RESET)
 <LI><a href="#[30]">EXTI_Handler</a> from ls_soc_gpio.o(i.EXTI_Handler) referenced from ls_soc_gpio.o(i.io_init)
 <LI><a href="#[36]">GPTIM_IRQ_Handler_For_LSI_Counting</a> from platform.o(i.GPTIM_IRQ_Handler_For_LSI_Counting) referenced from platform.o(i.rco_freq_counting_init)
 <LI><a href="#[22]">HAL_TRNG_IRQHandler</a> from ls_hal_trng.o(i.HAL_TRNG_IRQHandler) referenced from ls_msp_trng.o(i.HAL_TRNG_MSP_Init)
 <LI><a href="#[2]">HardFault_Handler</a> from startup.o(.xip_banned) referenced from startup.o(RESET)
 <LI><a href="#[27]">LPWKUP_Handler</a> from sleep.o(i.LPWKUP_Handler) referenced from platform.o(i.cpu_sleep_recover_init)
 <LI><a href="#[21]">LSECC_IRQHandler</a> from ls_hal_ecc.o(i.LSECC_IRQHandler) referenced from ls_msp_ecc.o(i.HAL_LSECC_MSP_Init)
 <LI><a href="#[25]">LVD33_Handler</a> from platform.o(.xip_banned.LVD33_Handler) referenced from platform.o(i.analog_init)
 <LI><a href="#[1]">NMI_Handler</a> from startup.o(.xip_banned) referenced from startup.o(RESET)
 <LI><a href="#[4]">PendSV_Handler</a> from startup.o(.xip_banned) referenced from startup.o(RESET)
 <LI><a href="#[0]">Reset_Handler</a> from startup.o(.text) referenced from startup.o(RESET)
 <LI><a href="#[3]">SVC_Handler</a> from svcall_asm.o(.text.SVC_Handler) referenced from startup.o(RESET)
 <LI><a href="#[15]">SVC_Handler_C</a> from svcall.o(i.SVC_Handler_C) referenced from svcall_asm.o(.text.SVC_Handler)
 <LI><a href="#[5]">SysTick_Handler</a> from systick.o(.xip_banned.SysTick_Handler) referenced from startup.o(RESET)
 <LI><a href="#[f]">SystemInit</a> from platform.o(i.SystemInit) referenced from startup.o(.text)
 <LI><a href="#[10]">__main</a> from entry.o(.ARM.Collect$$$$00000000) referenced from startup.o(.text)
 <LI><a href="#[12]">_sbackspace</a> from _sgetc.o(.text) referenced from sscanf.o(.text)
 <LI><a href="#[13]">_scanf_char_input</a> from scanf_char.o(.text) referenced from scanf_char.o(.text)
 <LI><a href="#[11]">_sgetc</a> from _sgetc.o(.text) referenced from sscanf.o(.text)
 <LI><a href="#[24]">_sputc</a> from printfa.o(i._sputc) referenced from printfa.o(i.__0sprintf)
 <LI><a href="#[1c]">adv_actv_start_param</a> from libfw.o(.text.adv_actv_start_param) referenced from libfw.o(.text.gapm_adv_activity_start_cmd_send)
 <LI><a href="#[34]">app_init</a> from libfw.o(.text.app_init) referenced from stack_var.o(i.main_task_app_init)
 <LI><a href="#[52]">app_msg_handler</a> from libfw.o(.text.app_msg_handler) referenced from libfw.o(.rodata.app_msg_handler_tab)
 <LI><a href="#[18]">bond_cfm_csrk_fill</a> from libfw.o(.text.bond_cfm_csrk_fill) referenced from libfw.o(.text.gap_manager_gapc_bond_req_ind_handler)
 <LI><a href="#[17]">bond_cfm_irk_fill</a> from libfw.o(.text.bond_cfm_irk_fill) referenced from libfw.o(.text.gap_manager_gapc_bond_req_ind_handler)
 <LI><a href="#[16]">bond_cfm_ltk_fill</a> from libfw.o(.text.bond_cfm_ltk_fill) referenced from libfw.o(.text.gap_manager_gapc_bond_req_ind_handler)
 <LI><a href="#[1a]">bond_cfm_pair_feat_fill</a> from libfw.o(.text.bond_cfm_pair_feat_fill) referenced from libfw.o(.text.gap_manager_slave_pair_response_send)
 <LI><a href="#[1b]">bond_cfm_tk_fill</a> from libfw.o(.text.bond_cfm_tk_fill) referenced from libfw.o(.text.gap_manager_tk_set)
 <LI><a href="#[19]">bond_search_callback</a> from libfw.o(.text.bond_search_callback) referenced from libfw.o(.text.gap_manager_gapc_conn_req_ind_handler)
 <LI><a href="#[26]">cpu_recover_asm</a> from sleep_asm.o(.xip_banned.sleep_recover_asm) referenced from platform.o(i.cpu_sleep_recover_init)
 <LI><a href="#[44]">dir_add_parse</a> from tinyfs.o(i.dir_add_parse) referenced from tinyfs.o(.constdata)
 <LI><a href="#[28]">dir_compare</a> from tinyfs.o(i.dir_compare) referenced from tinyfs.o(i.dir_add_parse)
 <LI><a href="#[28]">dir_compare</a> from tinyfs.o(i.dir_compare) referenced from tinyfs.o(i.dir_remove_parse)
 <LI><a href="#[46]">dir_remove_parse</a> from tinyfs.o(i.dir_remove_parse) referenced from tinyfs.o(.constdata)
 <LI><a href="#[4d]">do_hal_flash_chip_erase</a> from ls_hal_flash.o(i.do_hal_flash_chip_erase) referenced from svcall.o(.constdata)
 <LI><a href="#[29]">do_hal_flash_chip_erase_func</a> from ls_hal_flash_qspi.o(.xip_banned.do_hal_flash_chip_erase_func) referenced from ls_hal_flash.o(i.do_hal_flash_chip_erase)
 <LI><a href="#[4b]">do_hal_flash_erase</a> from ls_hal_flash.o(i.do_hal_flash_erase) referenced from svcall.o(.constdata)
 <LI><a href="#[2a]">do_hal_flash_erase_func</a> from ls_hal_flash_qspi.o(.xip_banned.do_hal_flash_erase_func) referenced from ls_hal_flash.o(i.do_hal_flash_erase)
 <LI><a href="#[4e]">do_hal_flash_erase_security_area</a> from ls_hal_flash.o(i.do_hal_flash_erase_security_area) referenced from svcall.o(.constdata)
 <LI><a href="#[2b]">do_hal_flash_erase_security_area_func</a> from ls_hal_flash_qspi.o(.xip_banned.do_hal_flash_erase_security_area_func) referenced from ls_hal_flash.o(i.do_hal_flash_erase_security_area)
 <LI><a href="#[7]">do_hal_flash_prog_func</a> from ls_hal_flash_qspi.o(.xip_banned.do_hal_flash_prog_func) referenced from ls_hal_flash.o(.xip_banned.flash_writing_critical)
 <LI><a href="#[7]">do_hal_flash_prog_func</a> from ls_hal_flash_qspi.o(.xip_banned.do_hal_flash_prog_func) referenced from ls_hal_flash_qspi.o(i.do_hal_flash_program)
 <LI><a href="#[4a]">do_hal_flash_program</a> from ls_hal_flash_qspi.o(i.do_hal_flash_program) referenced from svcall.o(.constdata)
 <LI><a href="#[4f]">do_hal_flash_program_security_area</a> from ls_hal_flash_qspi.o(i.do_hal_flash_program_security_area) referenced from svcall.o(.constdata)
 <LI><a href="#[2c]">do_hal_flash_program_security_area_func</a> from ls_hal_flash_qspi.o(.xip_banned.do_hal_flash_program_security_area_func) referenced from ls_hal_flash_qspi.o(i.do_hal_flash_program_security_area)
 <LI><a href="#[4c]">do_hal_flash_read</a> from ls_hal_flash.o(i.do_hal_flash_read) referenced from svcall.o(.constdata)
 <LI><a href="#[2d]">do_hal_flash_read_func</a> from ls_hal_flash_qspi.o(.xip_banned.do_hal_flash_read_func) referenced from ls_hal_flash.o(i.do_hal_flash_read)
 <LI><a href="#[51]">do_hal_flash_read_reg</a> from ls_hal_flash.o(i.do_hal_flash_read_reg) referenced from svcall.o(.constdata)
 <LI><a href="#[2e]">do_hal_flash_read_reg_func</a> from ls_hal_flash_qspi.o(.xip_banned.do_hal_flash_read_reg_func) referenced from ls_hal_flash.o(i.do_hal_flash_read_reg)
 <LI><a href="#[50]">do_hal_flash_read_security_area</a> from ls_hal_flash_qspi.o(i.do_hal_flash_read_security_area) referenced from svcall.o(.constdata)
 <LI><a href="#[2f]">do_hal_flash_read_security_area_func</a> from ls_hal_flash_qspi.o(.xip_banned.do_hal_flash_read_security_area_func) referenced from ls_hal_flash_qspi.o(i.do_hal_flash_read_security_area)
 <LI><a href="#[35]">dummy</a> from stack_var.o(i.dummy) referenced from stack_var.o(i.main_task_app_init)
 <LI><a href="#[3a]">ecc_calc_start</a> from platform.o(i.ecc_calc_start) referenced from stack_var.o(i.stack_var_ptr_init)
 <LI><a href="#[3d]">enter_critical</a> from cpu.o(.xip_banned.enter_critical) referenced from stack_var.o(i.stack_var_ptr_init)
 <LI><a href="#[3e]">exit_critical</a> from cpu.o(.xip_banned.exit_critical) referenced from stack_var.o(i.stack_var_ptr_init)
 <LI><a href="#[23]">fputc</a> from log.o(i.fputc) referenced from printfa.o(i.__0printf)
 <LI><a href="#[23]">fputc</a> from log.o(i.fputc) referenced from printfa.o(i.__0vprintf)
 <LI><a href="#[48]">hal_flash_quad_io_read</a> from ls_hal_flash_qspi.o(i.hal_flash_quad_io_read) referenced from tinyfs_nvm.o(.constdata)
 <LI><a href="#[47]">hal_flash_quad_page_program</a> from ls_hal_flash.o(i.hal_flash_quad_page_program) referenced from tinyfs_nvm.o(.constdata)
 <LI><a href="#[49]">hal_flash_sector_erase</a> from ls_hal_flash.o(i.hal_flash_sector_erase) referenced from tinyfs_nvm.o(.constdata)
 <LI><a href="#[3c]">idiv_acc</a> from platform.o(i.idiv_acc) referenced from stack_var.o(i.stack_var_ptr_init)
 <LI><a href="#[14]">isspace</a> from isspace_c.o(.text) referenced from scanf_char.o(.text)
 <LI><a href="#[32]">log_hex_output</a> from log.o(i.log_hex_output) referenced from log.o(i.ls_log_init)
 <LI><a href="#[31]">log_output</a> from log.o(i.log_output) referenced from log.o(i.ls_log_init)
 <LI><a href="#[3f]">lpcycles_to_hus</a> from platform.o(i.lpcycles_to_hus) referenced from stack_var.o(i.stack_var_ptr_init)
 <LI><a href="#[33]">lsi_counting_timer_callback</a> from platform.o(i.lsi_counting_timer_callback) referenced from platform.o(i.lsi_counting_timer_create)
 <LI><a href="#[20]">lsi_counting_timer_start</a> from platform.o(i.lsi_counting_timer_start) referenced from platform.o(i.GPTIM_IRQ_Handler_For_LSI_Counting)
 <LI><a href="#[41]">lsi_freq_update_and_hs_to_lpcycles</a> from platform.o(i.lsi_freq_update_and_hs_to_lpcycles) referenced from stack_var.o(i.stack_var_ptr_init)
 <LI><a href="#[e]">main</a> from main.o(i.main) referenced from entry9a.o(.ARM.Collect$$$$0000000B)
 <LI><a href="#[39]">platform_reset</a> from platform.o(i.platform_reset) referenced from stack_var.o(i.stack_var_ptr_init)
 <LI><a href="#[1f]">prf_itf_get</a> from libfw.o(.text.prf_itf_get) referenced from libfw.o(.text.prf_fn_init)
 <LI><a href="#[3b]">rand</a> from rand.o(.text) referenced from stack_var.o(i.stack_var_ptr_init)
 <LI><a href="#[43]">record_add_parse</a> from tinyfs.o(i.record_add_parse) referenced from tinyfs.o(.constdata)
 <LI><a href="#[37]">record_compare</a> from tinyfs.o(i.record_compare) referenced from tinyfs.o(i.record_add_parse)
 <LI><a href="#[37]">record_compare</a> from tinyfs.o(i.record_compare) referenced from tinyfs.o(i.record_remove_parse)
 <LI><a href="#[45]">record_remove_parse</a> from tinyfs.o(i.record_remove_parse) referenced from tinyfs.o(.constdata)
 <LI><a href="#[42]">rf_reg_config</a> from modem_rf_le501x.o(i.rf_reg_config) referenced from stack_var.o(i.stack_var_ptr_init)
 <LI><a href="#[38]">stack_assert_asm</a> from stack_asm.o(.text.stack_assert_asm) referenced from stack_var.o(i.stack_var_ptr_init)
 <LI><a href="#[8]">stig_read_continue</a> from ls_hal_qspi.o(.xip_banned.stig_read_continue) referenced from ls_hal_qspi.o(.xip_banned.lsqspi_stig_read_data)
 <LI><a href="#[9]">stig_read_start</a> from ls_hal_qspi.o(.xip_banned.stig_read_start) referenced from ls_hal_qspi.o(.xip_banned.lsqspi_stig_read_data)
 <LI><a href="#[9]">stig_read_start</a> from ls_hal_qspi.o(.xip_banned.stig_read_start) referenced from ls_hal_qspi.o(.xip_banned.stig_rd_wr)
 <LI><a href="#[a]">stig_write_continue</a> from ls_hal_qspi.o(.xip_banned.stig_write_continue) referenced from ls_hal_qspi.o(.xip_banned.lsqspi_stig_write_data)
 <LI><a href="#[b]">stig_write_start</a> from ls_hal_qspi.o(.xip_banned.stig_write_start) referenced from ls_hal_qspi.o(.xip_banned.lsqspi_stig_write_data)
 <LI><a href="#[1d]">svc_read_req_callback</a> from libfw.o(.text.svc_read_req_callback) referenced from libfw.o(.text.gatt_manager_gattc_read_req_ind_handler)
 <LI><a href="#[1e]">svc_write_req_callback</a> from libfw.o(.text.svc_write_req_callback) referenced from libfw.o(.text.gatt_manager_gattc_write_req_ind_handler)
 <LI><a href="#[40]">us_to_lpcycles</a> from platform.o(i.us_to_lpcycles) referenced from stack_var.o(i.stack_var_ptr_init)
</UL>
<P>
<H3>
Global Symbols
</H3>
<P><STRONG><a name="[2]"></a>HardFault_Handler</STRONG> (Thumb, 0 bytes, Stack size 0 bytes, startup.o(.xip_banned))
<BR>[Address Reference Count : 1]<UL><LI> startup.o(RESET)
</UL>
<P><STRONG><a name="[1]"></a>NMI_Handler</STRONG> (Thumb, 0 bytes, Stack size 0 bytes, startup.o(.xip_banned))
<BR>[Address Reference Count : 1]<UL><LI> startup.o(RESET)
</UL>
<P><STRONG><a name="[4]"></a>PendSV_Handler</STRONG> (Thumb, 0 bytes, Stack size 0 bytes, startup.o(.xip_banned))
<BR>[Address Reference Count : 1]<UL><LI> startup.o(RESET)
</UL>
<P><STRONG><a name="[25]"></a>LVD33_Handler</STRONG> (Thumb, 40 bytes, Stack size 0 bytes, platform.o(.xip_banned.LVD33_Handler))
<BR>[Address Reference Count : 1]<UL><LI> platform.o(i.analog_init)
</UL>
<P><STRONG><a name="[5]"></a>SysTick_Handler</STRONG> (Thumb, 12 bytes, Stack size 0 bytes, systick.o(.xip_banned.SysTick_Handler))
<BR>[Address Reference Count : 1]<UL><LI> startup.o(RESET)
</UL>
<P><STRONG><a name="[1e6]"></a>after_wfi</STRONG> (Thumb, 114 bytes, Stack size 8 bytes, sleep.o(.xip_banned.after_wfi))
<BR><BR>[Stack]<UL><LI>Max Depth = 16<LI>Call Chain = after_wfi &rArr; clk_switch
</UL>
<BR>[Calls]<UL><LI><a href="#[1e7]">&gt;&gt;</a>&nbsp;&nbsp;&nbsp;ls_ram_assert
<LI><a href="#[1ea]">&gt;&gt;</a>&nbsp;&nbsp;&nbsp;iwdg_check
<LI><a href="#[1e9]">&gt;&gt;</a>&nbsp;&nbsp;&nbsp;wait_dpll_lock
<LI><a href="#[1e8]">&gt;&gt;</a>&nbsp;&nbsp;&nbsp;normal_sleep_set
<LI><a href="#[125]">&gt;&gt;</a>&nbsp;&nbsp;&nbsp;__NVIC_GetPendingIRQ
<LI><a href="#[138]">&gt;&gt;</a>&nbsp;&nbsp;&nbsp;dcdc_on
<LI><a href="#[13a]">&gt;&gt;</a>&nbsp;&nbsp;&nbsp;clk_switch
</UL>
<BR>[Called By]<UL><LI><a href="#[26]">&gt;&gt;</a>&nbsp;&nbsp;&nbsp;cpu_recover_asm
</UL>

<P><STRONG><a name="[1c8]"></a>arm_cm_delay_asm</STRONG> (Thumb, 8 bytes, Stack size 0 bytes, delay_asm.o(.xip_banned.arm_cm_delay_asm))
<BR><BR>[Calls]<UL><LI><a href="#[1c8]">&gt;&gt;</a>&nbsp;&nbsp;&nbsp;arm_cm_delay_asm
</UL>
<BR>[Called By]<UL><LI><a href="#[160]">&gt;&gt;</a>&nbsp;&nbsp;&nbsp;flash_writing_critical
<LI><a href="#[1c8]">&gt;&gt;</a>&nbsp;&nbsp;&nbsp;arm_cm_delay_asm
<LI><a href="#[1af]">&gt;&gt;</a>&nbsp;&nbsp;&nbsp;rco_freq_counting_init (via Veneer)
</UL>

<P><STRONG><a name="[1eb]"></a>before_wfi</STRONG> (Thumb, 54 bytes, Stack size 8 bytes, sleep.o(.xip_banned.before_wfi), UNUSED)
<BR><BR>[Calls]<UL><LI><a href="#[1ea]">&gt;&gt;</a>&nbsp;&nbsp;&nbsp;iwdg_check
<LI><a href="#[1ec]">&gt;&gt;</a>&nbsp;&nbsp;&nbsp;sleep_mode_set
<LI><a href="#[1ed]">&gt;&gt;</a>&nbsp;&nbsp;&nbsp;ble_hclk_clr
<LI><a href="#[1c7]">&gt;&gt;</a>&nbsp;&nbsp;&nbsp;switch_to_xo16m
</UL>
<BR>[Called By]<UL><LI><a href="#[203]">&gt;&gt;</a>&nbsp;&nbsp;&nbsp;cpu_sleep_asm
</UL>

<P><STRONG><a name="[139]"></a>clk_check</STRONG> (Thumb, 30 bytes, Stack size 0 bytes, platform.o(.xip_banned.clk_check))
<BR><BR>[Called By]<UL><LI><a href="#[137]">&gt;&gt;</a>&nbsp;&nbsp;&nbsp;analog_init (via Veneer)
</UL>

<P><STRONG><a name="[13a]"></a>clk_switch</STRONG> (Thumb, 10 bytes, Stack size 8 bytes, platform.o(.xip_banned.clk_switch))
<BR><BR>[Stack]<UL><LI>Max Depth = 8<LI>Call Chain = clk_switch
</UL>
<BR>[Calls]<UL><LI><a href="#[1ee]">&gt;&gt;</a>&nbsp;&nbsp;&nbsp;switch_to_pll
</UL>
<BR>[Called By]<UL><LI><a href="#[1e6]">&gt;&gt;</a>&nbsp;&nbsp;&nbsp;after_wfi
<LI><a href="#[137]">&gt;&gt;</a>&nbsp;&nbsp;&nbsp;analog_init (via Veneer)
</UL>

<P><STRONG><a name="[138]"></a>dcdc_on</STRONG> (Thumb, 2 bytes, Stack size 0 bytes, sleep.o(.xip_banned.dcdc_on))
<BR><BR>[Called By]<UL><LI><a href="#[1e6]">&gt;&gt;</a>&nbsp;&nbsp;&nbsp;after_wfi
<LI><a href="#[137]">&gt;&gt;</a>&nbsp;&nbsp;&nbsp;analog_init (via Veneer)
</UL>

<P><STRONG><a name="[19c]"></a>disable_global_irq</STRONG> (Thumb, 4 bytes, Stack size 0 bytes, cpu.o(.xip_banned.disable_global_irq))
<BR><BR>[Called By]<UL><LI><a href="#[80]">&gt;&gt;</a>&nbsp;&nbsp;&nbsp;ls_assert (via Veneer)
<LI><a href="#[1e7]">&gt;&gt;</a>&nbsp;&nbsp;&nbsp;ls_ram_assert
<LI><a href="#[106]">&gt;&gt;</a>&nbsp;&nbsp;&nbsp;stack_assert_c (via Veneer)
</UL>

<P><STRONG><a name="[29]"></a>do_hal_flash_chip_erase_func</STRONG> (Thumb, 12 bytes, Stack size 8 bytes, ls_hal_flash_qspi.o(.xip_banned.do_hal_flash_chip_erase_func))
<BR><BR>[Stack]<UL><LI>Max Depth = 16<LI>Call Chain = do_hal_flash_chip_erase_func &rArr; lsqspi_stig_send_command
</UL>
<BR>[Calls]<UL><LI><a href="#[1ef]">&gt;&gt;</a>&nbsp;&nbsp;&nbsp;lsqspi_stig_send_command
</UL>
<BR>[Address Reference Count : 1]<UL><LI> ls_hal_flash.o(i.do_hal_flash_chip_erase)
</UL>
<P><STRONG><a name="[2a]"></a>do_hal_flash_erase_func</STRONG> (Thumb, 18 bytes, Stack size 16 bytes, ls_hal_flash_qspi.o(.xip_banned.do_hal_flash_erase_func))
<BR><BR>[Stack]<UL><LI>Max Depth = 88<LI>Call Chain = do_hal_flash_erase_func &rArr; lsqspi_stig_write_register &rArr; lsqspi_stig_write_data &rArr; stig_rd_wr
</UL>
<BR>[Calls]<UL><LI><a href="#[1f0]">&gt;&gt;</a>&nbsp;&nbsp;&nbsp;lsqspi_stig_write_register
</UL>
<BR>[Address Reference Count : 1]<UL><LI> ls_hal_flash.o(i.do_hal_flash_erase)
</UL>
<P><STRONG><a name="[2b]"></a>do_hal_flash_erase_security_area_func</STRONG> (Thumb, 16 bytes, Stack size 8 bytes, ls_hal_flash_qspi.o(.xip_banned.do_hal_flash_erase_security_area_func))
<BR><BR>[Stack]<UL><LI>Max Depth = 80<LI>Call Chain = do_hal_flash_erase_security_area_func &rArr; lsqspi_stig_write_register &rArr; lsqspi_stig_write_data &rArr; stig_rd_wr
</UL>
<BR>[Calls]<UL><LI><a href="#[1f0]">&gt;&gt;</a>&nbsp;&nbsp;&nbsp;lsqspi_stig_write_register
</UL>
<BR>[Address Reference Count : 1]<UL><LI> ls_hal_flash.o(i.do_hal_flash_erase_security_area)
</UL>
<P><STRONG><a name="[7]"></a>do_hal_flash_prog_func</STRONG> (Thumb, 12 bytes, Stack size 8 bytes, ls_hal_flash_qspi.o(.xip_banned.do_hal_flash_prog_func))
<BR><BR>[Stack]<UL><LI>Max Depth = 48<LI>Call Chain = do_hal_flash_prog_func &rArr; lsqspi_stig_write_data &rArr; stig_rd_wr
</UL>
<BR>[Calls]<UL><LI><a href="#[1f1]">&gt;&gt;</a>&nbsp;&nbsp;&nbsp;lsqspi_stig_write_data
</UL>
<BR>[Address Reference Count : 2]<UL><LI> ls_hal_flash_qspi.o(i.do_hal_flash_program)
<LI> ls_hal_flash.o(.xip_banned.flash_writing_critical)
</UL>
<P><STRONG><a name="[2c]"></a>do_hal_flash_program_security_area_func</STRONG> (Thumb, 12 bytes, Stack size 8 bytes, ls_hal_flash_qspi.o(.xip_banned.do_hal_flash_program_security_area_func))
<BR><BR>[Stack]<UL><LI>Max Depth = 48<LI>Call Chain = do_hal_flash_program_security_area_func &rArr; lsqspi_stig_write_data &rArr; stig_rd_wr
</UL>
<BR>[Calls]<UL><LI><a href="#[1f1]">&gt;&gt;</a>&nbsp;&nbsp;&nbsp;lsqspi_stig_write_data
</UL>
<BR>[Address Reference Count : 1]<UL><LI> ls_hal_flash_qspi.o(i.do_hal_flash_program_security_area)
</UL>
<P><STRONG><a name="[2d]"></a>do_hal_flash_read_func</STRONG> (Thumb, 12 bytes, Stack size 8 bytes, ls_hal_flash_qspi.o(.xip_banned.do_hal_flash_read_func))
<BR><BR>[Stack]<UL><LI>Max Depth = 48<LI>Call Chain = do_hal_flash_read_func &rArr; lsqspi_stig_read_data &rArr; stig_rd_wr
</UL>
<BR>[Calls]<UL><LI><a href="#[1f2]">&gt;&gt;</a>&nbsp;&nbsp;&nbsp;lsqspi_stig_read_data
</UL>
<BR>[Address Reference Count : 1]<UL><LI> ls_hal_flash.o(i.do_hal_flash_read)
</UL>
<P><STRONG><a name="[2e]"></a>do_hal_flash_read_reg_func</STRONG> (Thumb, 18 bytes, Stack size 16 bytes, ls_hal_flash_qspi.o(.xip_banned.do_hal_flash_read_reg_func))
<BR><BR>[Stack]<UL><LI>Max Depth = 88<LI>Call Chain = do_hal_flash_read_reg_func &rArr; lsqspi_stig_read_register &rArr; lsqspi_stig_read_data &rArr; stig_rd_wr
</UL>
<BR>[Calls]<UL><LI><a href="#[1f3]">&gt;&gt;</a>&nbsp;&nbsp;&nbsp;lsqspi_stig_read_register
</UL>
<BR>[Address Reference Count : 1]<UL><LI> ls_hal_flash.o(i.do_hal_flash_read_reg)
</UL>
<P><STRONG><a name="[2f]"></a>do_hal_flash_read_security_area_func</STRONG> (Thumb, 12 bytes, Stack size 8 bytes, ls_hal_flash_qspi.o(.xip_banned.do_hal_flash_read_security_area_func))
<BR><BR>[Stack]<UL><LI>Max Depth = 48<LI>Call Chain = do_hal_flash_read_security_area_func &rArr; lsqspi_stig_read_data &rArr; stig_rd_wr
</UL>
<BR>[Calls]<UL><LI><a href="#[1f2]">&gt;&gt;</a>&nbsp;&nbsp;&nbsp;lsqspi_stig_read_data
</UL>
<BR>[Address Reference Count : 1]<UL><LI> ls_hal_flash_qspi.o(i.do_hal_flash_read_security_area)
</UL>
<P><STRONG><a name="[3d]"></a>enter_critical</STRONG> (Thumb, 12 bytes, Stack size 0 bytes, cpu.o(.xip_banned.enter_critical))
<BR><BR>[Called By]<UL><LI><a href="#[160]">&gt;&gt;</a>&nbsp;&nbsp;&nbsp;flash_writing_critical
<LI><a href="#[1f4]">&gt;&gt;</a>&nbsp;&nbsp;&nbsp;hal_flash_xip_stop
<LI><a href="#[1f5]">&gt;&gt;</a>&nbsp;&nbsp;&nbsp;hal_flash_xip_start
<LI><a href="#[201]">&gt;&gt;</a>&nbsp;&nbsp;&nbsp;stig_rd_wr
<LI><a href="#[3c]">&gt;&gt;</a>&nbsp;&nbsp;&nbsp;idiv_acc (via Veneer)
</UL>
<BR>[Address Reference Count : 1]<UL><LI> stack_var.o(i.stack_var_ptr_init)
</UL>
<P><STRONG><a name="[3e]"></a>exit_critical</STRONG> (Thumb, 8 bytes, Stack size 0 bytes, cpu.o(.xip_banned.exit_critical))
<BR><BR>[Called By]<UL><LI><a href="#[160]">&gt;&gt;</a>&nbsp;&nbsp;&nbsp;flash_writing_critical
<LI><a href="#[1f4]">&gt;&gt;</a>&nbsp;&nbsp;&nbsp;hal_flash_xip_stop
<LI><a href="#[1f5]">&gt;&gt;</a>&nbsp;&nbsp;&nbsp;hal_flash_xip_start
<LI><a href="#[201]">&gt;&gt;</a>&nbsp;&nbsp;&nbsp;stig_rd_wr
<LI><a href="#[3c]">&gt;&gt;</a>&nbsp;&nbsp;&nbsp;idiv_acc (via Veneer)
</UL>
<BR>[Address Reference Count : 1]<UL><LI> stack_var.o(i.stack_var_ptr_init)
</UL>
<P><STRONG><a name="[161]"></a>flash_reading_critical</STRONG> (Thumb, 20 bytes, Stack size 16 bytes, ls_hal_flash.o(.xip_banned.flash_reading_critical))
<BR><BR>[Stack]<UL><LI>Max Depth = 104<LI>Call Chain = flash_reading_critical &rArr; hal_flash_xip_start &rArr; quad_io_read_dummy &rArr; lsqspi_stig_read_data &rArr; stig_rd_wr
</UL>
<BR>[Calls]<UL><LI><a href="#[1f4]">&gt;&gt;</a>&nbsp;&nbsp;&nbsp;hal_flash_xip_stop
<LI><a href="#[1f5]">&gt;&gt;</a>&nbsp;&nbsp;&nbsp;hal_flash_xip_start
</UL>
<BR>[Called By]<UL><LI><a href="#[51]">&gt;&gt;</a>&nbsp;&nbsp;&nbsp;do_hal_flash_read_reg (via Veneer)
<LI><a href="#[4c]">&gt;&gt;</a>&nbsp;&nbsp;&nbsp;do_hal_flash_read (via Veneer)
<LI><a href="#[50]">&gt;&gt;</a>&nbsp;&nbsp;&nbsp;do_hal_flash_read_security_area (via Veneer)
</UL>

<P><STRONG><a name="[160]"></a>flash_writing_critical</STRONG> (Thumb, 188 bytes, Stack size 24 bytes, ls_hal_flash.o(.xip_banned.flash_writing_critical))
<BR><BR>[Stack]<UL><LI>Max Depth = 120<LI>Call Chain = flash_writing_critical &rArr; hal_flash_write_status_check &rArr; hal_flash_write_in_process &rArr; hal_flash_read_status_register_0 &rArr; lsqspi_stig_read_register &rArr; lsqspi_stig_read_data &rArr; stig_rd_wr
</UL>
<BR>[Calls]<UL><LI><a href="#[1f9]">&gt;&gt;</a>&nbsp;&nbsp;&nbsp;systick_poll_timeout
<LI><a href="#[1f8]">&gt;&gt;</a>&nbsp;&nbsp;&nbsp;systick_get_value
<LI><a href="#[1f4]">&gt;&gt;</a>&nbsp;&nbsp;&nbsp;hal_flash_xip_stop
<LI><a href="#[1f5]">&gt;&gt;</a>&nbsp;&nbsp;&nbsp;hal_flash_xip_start
<LI><a href="#[1f6]">&gt;&gt;</a>&nbsp;&nbsp;&nbsp;hal_flash_write_enable
<LI><a href="#[1c8]">&gt;&gt;</a>&nbsp;&nbsp;&nbsp;arm_cm_delay_asm
<LI><a href="#[1f7]">&gt;&gt;</a>&nbsp;&nbsp;&nbsp;hal_flash_write_status_check
<LI><a href="#[3e]">&gt;&gt;</a>&nbsp;&nbsp;&nbsp;exit_critical
<LI><a href="#[3d]">&gt;&gt;</a>&nbsp;&nbsp;&nbsp;enter_critical
</UL>
<BR>[Called By]<UL><LI><a href="#[4e]">&gt;&gt;</a>&nbsp;&nbsp;&nbsp;do_hal_flash_erase_security_area (via Veneer)
<LI><a href="#[4b]">&gt;&gt;</a>&nbsp;&nbsp;&nbsp;do_hal_flash_erase (via Veneer)
<LI><a href="#[4d]">&gt;&gt;</a>&nbsp;&nbsp;&nbsp;do_hal_flash_chip_erase (via Veneer)
<LI><a href="#[4f]">&gt;&gt;</a>&nbsp;&nbsp;&nbsp;do_hal_flash_program_security_area (via Veneer)
<LI><a href="#[4a]">&gt;&gt;</a>&nbsp;&nbsp;&nbsp;do_hal_flash_program (via Veneer)
</UL>

<P><STRONG><a name="[1e3]"></a>hal_flash_drv_var_init</STRONG> (Thumb, 20 bytes, Stack size 16 bytes, ls_hal_flash.o(.xip_banned.hal_flash_drv_var_init))
<BR><BR>[Stack]<UL><LI>Max Depth = 16<LI>Call Chain = hal_flash_drv_var_init
</UL>
<BR>[Calls]<UL><LI><a href="#[1fa]">&gt;&gt;</a>&nbsp;&nbsp;&nbsp;hal_flash_xip_status_set
<LI><a href="#[1fb]">&gt;&gt;</a>&nbsp;&nbsp;&nbsp;hal_flash_writing_status_set
</UL>
<BR>[Called By]<UL><LI><a href="#[1d6]">&gt;&gt;</a>&nbsp;&nbsp;&nbsp;var_init (via Veneer)
</UL>

<P><STRONG><a name="[1fc]"></a>hal_flash_read_status_register_0</STRONG> (Thumb, 16 bytes, Stack size 8 bytes, ls_hal_flash_qspi.o(.xip_banned.hal_flash_read_status_register_0))
<BR><BR>[Stack]<UL><LI>Max Depth = 80<LI>Call Chain = hal_flash_read_status_register_0 &rArr; lsqspi_stig_read_register &rArr; lsqspi_stig_read_data &rArr; stig_rd_wr
</UL>
<BR>[Calls]<UL><LI><a href="#[1f3]">&gt;&gt;</a>&nbsp;&nbsp;&nbsp;lsqspi_stig_read_register
</UL>
<BR>[Called By]<UL><LI><a href="#[1fd]">&gt;&gt;</a>&nbsp;&nbsp;&nbsp;hal_flash_write_in_process
</UL>

<P><STRONG><a name="[1f6]"></a>hal_flash_write_enable</STRONG> (Thumb, 10 bytes, Stack size 8 bytes, ls_hal_flash_qspi.o(.xip_banned.hal_flash_write_enable))
<BR><BR>[Stack]<UL><LI>Max Depth = 16<LI>Call Chain = hal_flash_write_enable &rArr; lsqspi_stig_send_command
</UL>
<BR>[Calls]<UL><LI><a href="#[1ef]">&gt;&gt;</a>&nbsp;&nbsp;&nbsp;lsqspi_stig_send_command
</UL>
<BR>[Called By]<UL><LI><a href="#[160]">&gt;&gt;</a>&nbsp;&nbsp;&nbsp;flash_writing_critical
</UL>

<P><STRONG><a name="[1fd]"></a>hal_flash_write_in_process</STRONG> (Thumb, 18 bytes, Stack size 8 bytes, ls_hal_flash.o(.xip_banned.hal_flash_write_in_process))
<BR><BR>[Stack]<UL><LI>Max Depth = 88<LI>Call Chain = hal_flash_write_in_process &rArr; hal_flash_read_status_register_0 &rArr; lsqspi_stig_read_register &rArr; lsqspi_stig_read_data &rArr; stig_rd_wr
</UL>
<BR>[Calls]<UL><LI><a href="#[1fc]">&gt;&gt;</a>&nbsp;&nbsp;&nbsp;hal_flash_read_status_register_0
</UL>
<BR>[Called By]<UL><LI><a href="#[1f7]">&gt;&gt;</a>&nbsp;&nbsp;&nbsp;hal_flash_write_status_check
</UL>

<P><STRONG><a name="[1fb]"></a>hal_flash_writing_status_set</STRONG> (Thumb, 6 bytes, Stack size 0 bytes, ls_hal_flash.o(.xip_banned.hal_flash_writing_status_set))
<BR><BR>[Called By]<UL><LI><a href="#[1e3]">&gt;&gt;</a>&nbsp;&nbsp;&nbsp;hal_flash_drv_var_init
</UL>

<P><STRONG><a name="[1f5]"></a>hal_flash_xip_start</STRONG> (Thumb, 104 bytes, Stack size 16 bytes, ls_hal_flash_qspi.o(.xip_banned.hal_flash_xip_start))
<BR><BR>[Stack]<UL><LI>Max Depth = 88<LI>Call Chain = hal_flash_xip_start &rArr; quad_io_read_dummy &rArr; lsqspi_stig_read_data &rArr; stig_rd_wr
</UL>
<BR>[Calls]<UL><LI><a href="#[1ff]">&gt;&gt;</a>&nbsp;&nbsp;&nbsp;quad_io_read_dummy
<LI><a href="#[1fa]">&gt;&gt;</a>&nbsp;&nbsp;&nbsp;hal_flash_xip_status_set
<LI><a href="#[1fe]">&gt;&gt;</a>&nbsp;&nbsp;&nbsp;hal_flash_xip_status_get
<LI><a href="#[3e]">&gt;&gt;</a>&nbsp;&nbsp;&nbsp;exit_critical
<LI><a href="#[3d]">&gt;&gt;</a>&nbsp;&nbsp;&nbsp;enter_critical
<LI><a href="#[200]">&gt;&gt;</a>&nbsp;&nbsp;&nbsp;lsqspi_direct_read_config
</UL>
<BR>[Called By]<UL><LI><a href="#[160]">&gt;&gt;</a>&nbsp;&nbsp;&nbsp;flash_writing_critical
<LI><a href="#[161]">&gt;&gt;</a>&nbsp;&nbsp;&nbsp;flash_reading_critical
</UL>

<P><STRONG><a name="[1fe]"></a>hal_flash_xip_status_get</STRONG> (Thumb, 6 bytes, Stack size 0 bytes, ls_hal_flash.o(.xip_banned.hal_flash_xip_status_get))
<BR><BR>[Called By]<UL><LI><a href="#[1f4]">&gt;&gt;</a>&nbsp;&nbsp;&nbsp;hal_flash_xip_stop
<LI><a href="#[1f5]">&gt;&gt;</a>&nbsp;&nbsp;&nbsp;hal_flash_xip_start
</UL>

<P><STRONG><a name="[1fa]"></a>hal_flash_xip_status_set</STRONG> (Thumb, 6 bytes, Stack size 0 bytes, ls_hal_flash.o(.xip_banned.hal_flash_xip_status_set))
<BR><BR>[Called By]<UL><LI><a href="#[1e3]">&gt;&gt;</a>&nbsp;&nbsp;&nbsp;hal_flash_drv_var_init
<LI><a href="#[1f4]">&gt;&gt;</a>&nbsp;&nbsp;&nbsp;hal_flash_xip_stop
<LI><a href="#[1f5]">&gt;&gt;</a>&nbsp;&nbsp;&nbsp;hal_flash_xip_start
</UL>

<P><STRONG><a name="[1f4]"></a>hal_flash_xip_stop</STRONG> (Thumb, 42 bytes, Stack size 8 bytes, ls_hal_flash_qspi.o(.xip_banned.hal_flash_xip_stop))
<BR><BR>[Stack]<UL><LI>Max Depth = 80<LI>Call Chain = hal_flash_xip_stop &rArr; quad_io_read_dummy &rArr; lsqspi_stig_read_data &rArr; stig_rd_wr
</UL>
<BR>[Calls]<UL><LI><a href="#[1ff]">&gt;&gt;</a>&nbsp;&nbsp;&nbsp;quad_io_read_dummy
<LI><a href="#[1fa]">&gt;&gt;</a>&nbsp;&nbsp;&nbsp;hal_flash_xip_status_set
<LI><a href="#[1fe]">&gt;&gt;</a>&nbsp;&nbsp;&nbsp;hal_flash_xip_status_get
<LI><a href="#[3e]">&gt;&gt;</a>&nbsp;&nbsp;&nbsp;exit_critical
<LI><a href="#[3d]">&gt;&gt;</a>&nbsp;&nbsp;&nbsp;enter_critical
</UL>
<BR>[Called By]<UL><LI><a href="#[160]">&gt;&gt;</a>&nbsp;&nbsp;&nbsp;flash_writing_critical
<LI><a href="#[161]">&gt;&gt;</a>&nbsp;&nbsp;&nbsp;flash_reading_critical
</UL>

<P><STRONG><a name="[1ea]"></a>iwdg_check</STRONG> (Thumb, 60 bytes, Stack size 0 bytes, sleep.o(.xip_banned.iwdg_check))
<BR><BR>[Called By]<UL><LI><a href="#[1eb]">&gt;&gt;</a>&nbsp;&nbsp;&nbsp;before_wfi
<LI><a href="#[1e6]">&gt;&gt;</a>&nbsp;&nbsp;&nbsp;after_wfi
</UL>

<P><STRONG><a name="[1e7]"></a>ls_ram_assert</STRONG> (Thumb, 8 bytes, Stack size 0 bytes, ls_dbg.o(.xip_banned.ls_ram_assert))
<BR><BR>[Calls]<UL><LI><a href="#[19c]">&gt;&gt;</a>&nbsp;&nbsp;&nbsp;disable_global_irq
</UL>
<BR>[Called By]<UL><LI><a href="#[1ff]">&gt;&gt;</a>&nbsp;&nbsp;&nbsp;quad_io_read_dummy
<LI><a href="#[1f0]">&gt;&gt;</a>&nbsp;&nbsp;&nbsp;lsqspi_stig_write_register
<LI><a href="#[1f3]">&gt;&gt;</a>&nbsp;&nbsp;&nbsp;lsqspi_stig_read_register
<LI><a href="#[1e6]">&gt;&gt;</a>&nbsp;&nbsp;&nbsp;after_wfi
</UL>

<P><STRONG><a name="[200]"></a>lsqspi_direct_read_config</STRONG> (Thumb, 70 bytes, Stack size 0 bytes, ls_hal_qspi.o(.xip_banned.lsqspi_direct_read_config))
<BR><BR>[Called By]<UL><LI><a href="#[1f5]">&gt;&gt;</a>&nbsp;&nbsp;&nbsp;hal_flash_xip_start
</UL>

<P><STRONG><a name="[1f2]"></a>lsqspi_stig_read_data</STRONG> (Thumb, 16 bytes, Stack size 8 bytes, ls_hal_qspi.o(.xip_banned.lsqspi_stig_read_data))
<BR><BR>[Stack]<UL><LI>Max Depth = 40<LI>Call Chain = lsqspi_stig_read_data &rArr; stig_rd_wr
</UL>
<BR>[Calls]<UL><LI><a href="#[201]">&gt;&gt;</a>&nbsp;&nbsp;&nbsp;stig_rd_wr
</UL>
<BR>[Called By]<UL><LI><a href="#[1ff]">&gt;&gt;</a>&nbsp;&nbsp;&nbsp;quad_io_read_dummy
<LI><a href="#[2d]">&gt;&gt;</a>&nbsp;&nbsp;&nbsp;do_hal_flash_read_func
<LI><a href="#[1f3]">&gt;&gt;</a>&nbsp;&nbsp;&nbsp;lsqspi_stig_read_register
<LI><a href="#[2f]">&gt;&gt;</a>&nbsp;&nbsp;&nbsp;do_hal_flash_read_security_area_func
</UL>

<P><STRONG><a name="[1f3]"></a>lsqspi_stig_read_register</STRONG> (Thumb, 98 bytes, Stack size 32 bytes, ls_hal_qspi.o(.xip_banned.lsqspi_stig_read_register))
<BR><BR>[Stack]<UL><LI>Max Depth = 72<LI>Call Chain = lsqspi_stig_read_register &rArr; lsqspi_stig_read_data &rArr; stig_rd_wr
</UL>
<BR>[Calls]<UL><LI><a href="#[1f2]">&gt;&gt;</a>&nbsp;&nbsp;&nbsp;lsqspi_stig_read_data
<LI><a href="#[1e7]">&gt;&gt;</a>&nbsp;&nbsp;&nbsp;ls_ram_assert
</UL>
<BR>[Called By]<UL><LI><a href="#[1fc]">&gt;&gt;</a>&nbsp;&nbsp;&nbsp;hal_flash_read_status_register_0
<LI><a href="#[2e]">&gt;&gt;</a>&nbsp;&nbsp;&nbsp;do_hal_flash_read_reg_func
</UL>

<P><STRONG><a name="[1ef]"></a>lsqspi_stig_send_command</STRONG> (Thumb, 26 bytes, Stack size 8 bytes, ls_hal_qspi.o(.xip_banned.lsqspi_stig_send_command))
<BR><BR>[Stack]<UL><LI>Max Depth = 8<LI>Call Chain = lsqspi_stig_send_command
</UL>
<BR>[Calls]<UL><LI><a href="#[202]">&gt;&gt;</a>&nbsp;&nbsp;&nbsp;lsqspi_operation_wait
</UL>
<BR>[Called By]<UL><LI><a href="#[1f6]">&gt;&gt;</a>&nbsp;&nbsp;&nbsp;hal_flash_write_enable
<LI><a href="#[29]">&gt;&gt;</a>&nbsp;&nbsp;&nbsp;do_hal_flash_chip_erase_func
</UL>

<P><STRONG><a name="[1f1]"></a>lsqspi_stig_write_data</STRONG> (Thumb, 16 bytes, Stack size 8 bytes, ls_hal_qspi.o(.xip_banned.lsqspi_stig_write_data))
<BR><BR>[Stack]<UL><LI>Max Depth = 40<LI>Call Chain = lsqspi_stig_write_data &rArr; stig_rd_wr
</UL>
<BR>[Calls]<UL><LI><a href="#[201]">&gt;&gt;</a>&nbsp;&nbsp;&nbsp;stig_rd_wr
</UL>
<BR>[Called By]<UL><LI><a href="#[7]">&gt;&gt;</a>&nbsp;&nbsp;&nbsp;do_hal_flash_prog_func
<LI><a href="#[1f0]">&gt;&gt;</a>&nbsp;&nbsp;&nbsp;lsqspi_stig_write_register
<LI><a href="#[2c]">&gt;&gt;</a>&nbsp;&nbsp;&nbsp;do_hal_flash_program_security_area_func
</UL>

<P><STRONG><a name="[1f0]"></a>lsqspi_stig_write_register</STRONG> (Thumb, 98 bytes, Stack size 32 bytes, ls_hal_qspi.o(.xip_banned.lsqspi_stig_write_register))
<BR><BR>[Stack]<UL><LI>Max Depth = 72<LI>Call Chain = lsqspi_stig_write_register &rArr; lsqspi_stig_write_data &rArr; stig_rd_wr
</UL>
<BR>[Calls]<UL><LI><a href="#[1f1]">&gt;&gt;</a>&nbsp;&nbsp;&nbsp;lsqspi_stig_write_data
<LI><a href="#[1e7]">&gt;&gt;</a>&nbsp;&nbsp;&nbsp;ls_ram_assert
</UL>
<BR>[Called By]<UL><LI><a href="#[2b]">&gt;&gt;</a>&nbsp;&nbsp;&nbsp;do_hal_flash_erase_security_area_func
<LI><a href="#[2a]">&gt;&gt;</a>&nbsp;&nbsp;&nbsp;do_hal_flash_erase_func
</UL>

<P><STRONG><a name="[205]"></a>restore_psp</STRONG> (Thumb, 26 bytes, Stack size 0 bytes, sleep.o(.xip_banned.restore_psp))
<BR><BR>[Called By]<UL><LI><a href="#[26]">&gt;&gt;</a>&nbsp;&nbsp;&nbsp;cpu_recover_asm
</UL>

<P><STRONG><a name="[203]"></a>cpu_sleep_asm</STRONG> (Thumb, 22 bytes, Stack size 0 bytes, sleep_asm.o(.xip_banned.sleep_recover_asm), UNUSED)
<BR><BR>[Calls]<UL><LI><a href="#[204]">&gt;&gt;</a>&nbsp;&nbsp;&nbsp;store_psp_return_msp_and_addr
<LI><a href="#[1eb]">&gt;&gt;</a>&nbsp;&nbsp;&nbsp;before_wfi
</UL>

<P><STRONG><a name="[26]"></a>cpu_recover_asm</STRONG> (Thumb, 20 bytes, Stack size 0 bytes, sleep_asm.o(.xip_banned.sleep_recover_asm))
<BR><BR>[Stack]<UL><LI>Max Depth = 16<LI>Call Chain = cpu_recover_asm &rArr; after_wfi &rArr; clk_switch
</UL>
<BR>[Calls]<UL><LI><a href="#[205]">&gt;&gt;</a>&nbsp;&nbsp;&nbsp;restore_psp
<LI><a href="#[1e6]">&gt;&gt;</a>&nbsp;&nbsp;&nbsp;after_wfi
</UL>
<BR>[Address Reference Count : 1]<UL><LI> platform.o(i.cpu_sleep_recover_init)
</UL>
<P><STRONG><a name="[204]"></a>store_psp_return_msp_and_addr</STRONG> (Thumb, 30 bytes, Stack size 0 bytes, sleep.o(.xip_banned.store_psp_return_msp_and_addr), UNUSED)
<BR><BR>[Called By]<UL><LI><a href="#[203]">&gt;&gt;</a>&nbsp;&nbsp;&nbsp;cpu_sleep_asm
</UL>

<P><STRONG><a name="[1c7]"></a>switch_to_xo16m</STRONG> (Thumb, 20 bytes, Stack size 0 bytes, platform.o(.xip_banned.switch_to_xo16m))
<BR><BR>[Called By]<UL><LI><a href="#[1eb]">&gt;&gt;</a>&nbsp;&nbsp;&nbsp;before_wfi
<LI><a href="#[39]">&gt;&gt;</a>&nbsp;&nbsp;&nbsp;platform_reset (via Veneer)
</UL>

<P><STRONG><a name="[1f8]"></a>systick_get_value</STRONG> (Thumb, 6 bytes, Stack size 0 bytes, systick.o(.xip_banned.systick_get_value))
<BR><BR>[Called By]<UL><LI><a href="#[1f9]">&gt;&gt;</a>&nbsp;&nbsp;&nbsp;systick_poll_timeout
<LI><a href="#[160]">&gt;&gt;</a>&nbsp;&nbsp;&nbsp;flash_writing_critical
</UL>

<P><STRONG><a name="[1f9]"></a>systick_poll_timeout</STRONG> (Thumb, 58 bytes, Stack size 40 bytes, systick.o(.xip_banned.systick_poll_timeout))
<BR><BR>[Stack]<UL><LI>Max Depth = 40<LI>Call Chain = systick_poll_timeout
</UL>
<BR>[Calls]<UL><LI><a href="#[1f8]">&gt;&gt;</a>&nbsp;&nbsp;&nbsp;systick_get_value
</UL>
<BR>[Called By]<UL><LI><a href="#[160]">&gt;&gt;</a>&nbsp;&nbsp;&nbsp;flash_writing_critical
</UL>

<P><STRONG><a name="[c7]"></a>__aeabi_uidivmod</STRONG> (Thumb, 16 bytes, Stack size 0 bytes, libfw.o(ABSOLUTE))
<BR><BR>[Called By]<UL><LI><a href="#[132]">&gt;&gt;</a>&nbsp;&nbsp;&nbsp;__div64_32
<LI><a href="#[40]">&gt;&gt;</a>&nbsp;&nbsp;&nbsp;us_to_lpcycles
<LI><a href="#[87]">&gt;&gt;</a>&nbsp;&nbsp;&nbsp;gap_manager_gapc_bond_req_ind_handler
<LI><a href="#[12f]">&gt;&gt;</a>&nbsp;&nbsp;&nbsp;_printf_core
</UL>

<P><STRONG><a name="[192]"></a>__aeabi_idivmod</STRONG> (Thumb, 16 bytes, Stack size 0 bytes, libfw.o(ABSOLUTE))
<BR><BR>[Called By]<UL><LI><a href="#[be]">&gt;&gt;</a>&nbsp;&nbsp;&nbsp;linked_buf_get_elem_idx
<LI><a href="#[190]">&gt;&gt;</a>&nbsp;&nbsp;&nbsp;linked_buf_hdl_sanity_check
</UL>

<P><STRONG><a name="[cb]"></a>gapc_get_bdaddr</STRONG> (Thumb, 40 bytes, Stack size 0 bytes, libfw.o(ABSOLUTE))
<BR><BR>[Called By]<UL><LI><a href="#[ca]">&gt;&gt;</a>&nbsp;&nbsp;&nbsp;gap_manager_get_peer_addr
</UL>

<P><STRONG><a name="[b9]"></a>gapm_get_address_type</STRONG> (Thumb, 16 bytes, Stack size 0 bytes, libfw.o(ABSOLUTE))
<BR><BR>[Called By]<UL><LI><a href="#[17]">&gt;&gt;</a>&nbsp;&nbsp;&nbsp;bond_cfm_irk_fill
</UL>

<P><STRONG><a name="[ba]"></a>gapm_get_irk</STRONG> (Thumb, 12 bytes, Stack size 0 bytes, libfw.o(ABSOLUTE))
<BR><BR>[Called By]<UL><LI><a href="#[17]">&gt;&gt;</a>&nbsp;&nbsp;&nbsp;bond_cfm_irk_fill
</UL>

<P><STRONG><a name="[b8]"></a>gapm_get_bdaddr</STRONG> (Thumb, 12 bytes, Stack size 0 bytes, libfw.o(ABSOLUTE))
<BR><BR>[Called By]<UL><LI><a href="#[17]">&gt;&gt;</a>&nbsp;&nbsp;&nbsp;bond_cfm_irk_fill
</UL>

<P><STRONG><a name="[bf]"></a>ke_timer_set</STRONG> (Thumb, 308 bytes, Stack size 0 bytes, libfw.o(ABSOLUTE))
<BR><BR>[Called By]<UL><LI><a href="#[bd]">&gt;&gt;</a>&nbsp;&nbsp;&nbsp;builtin_timer_start
</UL>

<P><STRONG><a name="[7d]"></a>ke_msg_alloc</STRONG> (Thumb, 72 bytes, Stack size 0 bytes, libfw.o(ABSOLUTE))
<BR><BR>[Called By]<UL><LI><a href="#[cd]">&gt;&gt;</a>&nbsp;&nbsp;&nbsp;gapm_activity_start_cmd_send
<LI><a href="#[b3]">&gt;&gt;</a>&nbsp;&nbsp;&nbsp;rpa_resolve_start
<LI><a href="#[1e]">&gt;&gt;</a>&nbsp;&nbsp;&nbsp;svc_write_req_callback
<LI><a href="#[19]">&gt;&gt;</a>&nbsp;&nbsp;&nbsp;bond_search_callback
<LI><a href="#[c6]">&gt;&gt;</a>&nbsp;&nbsp;&nbsp;gapc_bond_cfm_send
<LI><a href="#[34]">&gt;&gt;</a>&nbsp;&nbsp;&nbsp;app_init
<LI><a href="#[8e]">&gt;&gt;</a>&nbsp;&nbsp;&nbsp;gap_manager_gapc_get_dev_info_req_ind_handler
<LI><a href="#[8c]">&gt;&gt;</a>&nbsp;&nbsp;&nbsp;gap_manager_gapc_param_update_req_ind_handler
<LI><a href="#[9b]">&gt;&gt;</a>&nbsp;&nbsp;&nbsp;gatt_manager_gattc_att_info_req_ind_handler
<LI><a href="#[c2]">&gt;&gt;</a>&nbsp;&nbsp;&nbsp;func_post
<LI><a href="#[89]">&gt;&gt;</a>&nbsp;&nbsp;&nbsp;gap_manager_gapc_encrypt_req_ind_handler
<LI><a href="#[a4]">&gt;&gt;</a>&nbsp;&nbsp;&nbsp;dev_manager_gapm_set_adv_data_cmp
</UL>

<P><STRONG><a name="[7e]"></a>ke_msg_send</STRONG> (Thumb, 52 bytes, Stack size 0 bytes, libfw.o(ABSOLUTE))
<BR><BR>[Called By]<UL><LI><a href="#[cd]">&gt;&gt;</a>&nbsp;&nbsp;&nbsp;gapm_activity_start_cmd_send
<LI><a href="#[b3]">&gt;&gt;</a>&nbsp;&nbsp;&nbsp;rpa_resolve_start
<LI><a href="#[1e]">&gt;&gt;</a>&nbsp;&nbsp;&nbsp;svc_write_req_callback
<LI><a href="#[19]">&gt;&gt;</a>&nbsp;&nbsp;&nbsp;bond_search_callback
<LI><a href="#[c6]">&gt;&gt;</a>&nbsp;&nbsp;&nbsp;gapc_bond_cfm_send
<LI><a href="#[34]">&gt;&gt;</a>&nbsp;&nbsp;&nbsp;app_init
<LI><a href="#[8e]">&gt;&gt;</a>&nbsp;&nbsp;&nbsp;gap_manager_gapc_get_dev_info_req_ind_handler
<LI><a href="#[8c]">&gt;&gt;</a>&nbsp;&nbsp;&nbsp;gap_manager_gapc_param_update_req_ind_handler
<LI><a href="#[9b]">&gt;&gt;</a>&nbsp;&nbsp;&nbsp;gatt_manager_gattc_att_info_req_ind_handler
<LI><a href="#[c2]">&gt;&gt;</a>&nbsp;&nbsp;&nbsp;func_post
<LI><a href="#[89]">&gt;&gt;</a>&nbsp;&nbsp;&nbsp;gap_manager_gapc_encrypt_req_ind_handler
<LI><a href="#[a4]">&gt;&gt;</a>&nbsp;&nbsp;&nbsp;dev_manager_gapm_set_adv_data_cmp
</UL>

<P><STRONG><a name="[7c]"></a>ke_task_create</STRONG> (Thumb, 116 bytes, Stack size 0 bytes, libfw.o(ABSOLUTE))
<BR><BR>[Called By]<UL><LI><a href="#[34]">&gt;&gt;</a>&nbsp;&nbsp;&nbsp;app_init
</UL>

<P><STRONG><a name="[194]"></a>co_list_init</STRONG> (Thumb, 8 bytes, Stack size 0 bytes, libfw.o(ABSOLUTE))
<BR><BR>[Called By]<UL><LI><a href="#[193]">&gt;&gt;</a>&nbsp;&nbsp;&nbsp;linked_buf_init
</UL>

<P><STRONG><a name="[195]"></a>co_list_push_back</STRONG> (Thumb, 44 bytes, Stack size 0 bytes, libfw.o(ABSOLUTE))
<BR><BR>[Called By]<UL><LI><a href="#[196]">&gt;&gt;</a>&nbsp;&nbsp;&nbsp;linked_buf_release
<LI><a href="#[193]">&gt;&gt;</a>&nbsp;&nbsp;&nbsp;linked_buf_init
</UL>

<P><STRONG><a name="[18f]"></a>co_list_pop_front</STRONG> (Thumb, 20 bytes, Stack size 0 bytes, libfw.o(ABSOLUTE))
<BR><BR>[Called By]<UL><LI><a href="#[bc]">&gt;&gt;</a>&nbsp;&nbsp;&nbsp;linked_buf_alloc
</UL>

<P><STRONG><a name="[82]"></a>__gnu_thumb1_case_sqi</STRONG> (Thumb, 18 bytes, Stack size 0 bytes, libfw.o(ABSOLUTE))
<BR><BR>[Called By]<UL><LI><a href="#[52]">&gt;&gt;</a>&nbsp;&nbsp;&nbsp;app_msg_handler
</UL>

<P><STRONG><a name="[c3]"></a>__gnu_thumb1_case_uqi</STRONG> (Thumb, 18 bytes, Stack size 0 bytes, libfw.o(ABSOLUTE))
<BR><BR>[Called By]<UL><LI><a href="#[87]">&gt;&gt;</a>&nbsp;&nbsp;&nbsp;gap_manager_gapc_bond_req_ind_handler
<LI><a href="#[88]">&gt;&gt;</a>&nbsp;&nbsp;&nbsp;gap_manager_gapc_bond_ind_handler
<LI><a href="#[90]">&gt;&gt;</a>&nbsp;&nbsp;&nbsp;gatt_manager_gattc_cmp_evt_handler
<LI><a href="#[1f]">&gt;&gt;</a>&nbsp;&nbsp;&nbsp;prf_itf_get
</UL>

<P><STRONG><a name="[9d]"></a>__gnu_thumb1_case_shi</STRONG> (Thumb, 20 bytes, Stack size 0 bytes, libfw.o(ABSOLUTE))
<BR><BR>[Called By]<UL><LI><a href="#[52]">&gt;&gt;</a>&nbsp;&nbsp;&nbsp;app_msg_handler
</UL>

<P><STRONG><a name="[81]"></a>__gnu_thumb1_case_uhi</STRONG> (Thumb, 20 bytes, Stack size 0 bytes, libfw.o(ABSOLUTE))
<BR><BR>[Called By]<UL><LI><a href="#[52]">&gt;&gt;</a>&nbsp;&nbsp;&nbsp;app_msg_handler
</UL>

<P><STRONG><a name="[af]"></a>memcmp</STRONG> (Thumb, 28 bytes, Stack size 0 bytes, libfw.o(ABSOLUTE))
<BR><BR>[Called By]<UL><LI><a href="#[ae]">&gt;&gt;</a>&nbsp;&nbsp;&nbsp;bd_addr_cmp
<LI><a href="#[89]">&gt;&gt;</a>&nbsp;&nbsp;&nbsp;gap_manager_gapc_encrypt_req_ind_handler
</UL>

<P><STRONG><a name="[7a]"></a>memcpy</STRONG> (Thumb, 18 bytes, Stack size 0 bytes, libfw.o(ABSOLUTE))
<BR><BR>[Called By]<UL><LI><a href="#[b3]">&gt;&gt;</a>&nbsp;&nbsp;&nbsp;rpa_resolve_start
<LI><a href="#[17]">&gt;&gt;</a>&nbsp;&nbsp;&nbsp;bond_cfm_irk_fill
<LI><a href="#[1b]">&gt;&gt;</a>&nbsp;&nbsp;&nbsp;bond_cfm_tk_fill
<LI><a href="#[16]">&gt;&gt;</a>&nbsp;&nbsp;&nbsp;bond_cfm_ltk_fill
<LI><a href="#[87]">&gt;&gt;</a>&nbsp;&nbsp;&nbsp;gap_manager_gapc_bond_req_ind_handler
<LI><a href="#[88]">&gt;&gt;</a>&nbsp;&nbsp;&nbsp;gap_manager_gapc_bond_ind_handler
<LI><a href="#[34]">&gt;&gt;</a>&nbsp;&nbsp;&nbsp;app_init
<LI><a href="#[8e]">&gt;&gt;</a>&nbsp;&nbsp;&nbsp;gap_manager_gapc_get_dev_info_req_ind_handler
<LI><a href="#[89]">&gt;&gt;</a>&nbsp;&nbsp;&nbsp;gap_manager_gapc_encrypt_req_ind_handler
<LI><a href="#[ca]">&gt;&gt;</a>&nbsp;&nbsp;&nbsp;gap_manager_get_peer_addr
<LI><a href="#[a4]">&gt;&gt;</a>&nbsp;&nbsp;&nbsp;dev_manager_gapm_set_adv_data_cmp
<LI><a href="#[b2]">&gt;&gt;</a>&nbsp;&nbsp;&nbsp;ble_storage_bonding_info_search_req
</UL>

<P><STRONG><a name="[b1]"></a>memmove</STRONG> (Thumb, 38 bytes, Stack size 0 bytes, libfw.o(ABSOLUTE))
<BR><BR>[Called By]<UL><LI><a href="#[b0]">&gt;&gt;</a>&nbsp;&nbsp;&nbsp;ble_storage_alloc_peer_id
</UL>

<P><STRONG><a name="[d5]"></a>memset</STRONG> (Thumb, 16 bytes, Stack size 0 bytes, libfw.o(ABSOLUTE))
<BR><BR>[Called By]<UL><LI><a href="#[c9]">&gt;&gt;</a>&nbsp;&nbsp;&nbsp;passkey_set
</UL>

<P><STRONG><a name="[10]"></a>__main</STRONG> (Thumb, 0 bytes, Stack size unknown bytes, entry.o(.ARM.Collect$$$$00000000))
<BR>[Address Reference Count : 1]<UL><LI> startup.o(.text)
</UL>
<P><STRONG><a name="[207]"></a>_main_stk</STRONG> (Thumb, 0 bytes, Stack size unknown bytes, entry2.o(.ARM.Collect$$$$00000001))

<P><STRONG><a name="[53]"></a>_main_scatterload</STRONG> (Thumb, 0 bytes, Stack size unknown bytes, entry5.o(.ARM.Collect$$$$00000004))
<BR><BR>[Calls]<UL><LI><a href="#[54]">&gt;&gt;</a>&nbsp;&nbsp;&nbsp;__scatterload
</UL>

<P><STRONG><a name="[72]"></a>__main_after_scatterload</STRONG> (Thumb, 0 bytes, Stack size unknown bytes, entry5.o(.ARM.Collect$$$$00000004))
<BR><BR>[Called By]<UL><LI><a href="#[54]">&gt;&gt;</a>&nbsp;&nbsp;&nbsp;__scatterload
</UL>

<P><STRONG><a name="[208]"></a>_main_clock</STRONG> (Thumb, 0 bytes, Stack size unknown bytes, entry7b.o(.ARM.Collect$$$$00000008))

<P><STRONG><a name="[209]"></a>_main_cpp_init</STRONG> (Thumb, 0 bytes, Stack size unknown bytes, entry8b.o(.ARM.Collect$$$$0000000A))

<P><STRONG><a name="[20a]"></a>_main_init</STRONG> (Thumb, 0 bytes, Stack size unknown bytes, entry9a.o(.ARM.Collect$$$$0000000B))

<P><STRONG><a name="[55]"></a>__rt_lib_shutdown_fini</STRONG> (Thumb, 0 bytes, Stack size unknown bytes, entry12b.o(.ARM.Collect$$$$0000000E))
<BR><BR>[Calls]<UL><LI><a href="#[56]">&gt;&gt;</a>&nbsp;&nbsp;&nbsp;__arm_fini_ (Weak Reference)
</UL>

<P><STRONG><a name="[20b]"></a>__rt_final_cpp</STRONG> (Thumb, 0 bytes, Stack size unknown bytes, entry10a.o(.ARM.Collect$$$$0000000F))

<P><STRONG><a name="[20c]"></a>__rt_final_exit</STRONG> (Thumb, 0 bytes, Stack size unknown bytes, entry11a.o(.ARM.Collect$$$$00000011))

<P><STRONG><a name="[0]"></a>Reset_Handler</STRONG> (Thumb, 8 bytes, Stack size 0 bytes, startup.o(.text))
<BR>[Address Reference Count : 1]<UL><LI> startup.o(RESET)
</UL>
<P><STRONG><a name="[57]"></a>__aeabi_uldivmod</STRONG> (Thumb, 96 bytes, Stack size 48 bytes, uldiv.o(.text), UNUSED)
<BR><BR>[Calls]<UL><LI><a href="#[58]">&gt;&gt;</a>&nbsp;&nbsp;&nbsp;__aeabi_llsr
<LI><a href="#[59]">&gt;&gt;</a>&nbsp;&nbsp;&nbsp;__aeabi_llsl
</UL>
<BR>[Called By]<UL><LI><a href="#[12f]">&gt;&gt;</a>&nbsp;&nbsp;&nbsp;_printf_core
<LI><a href="#[133]">&gt;&gt;</a>&nbsp;&nbsp;&nbsp;_fp_digits
</UL>

<P><STRONG><a name="[5a]"></a>__aeabi_lmul</STRONG> (Thumb, 122 bytes, Stack size 64 bytes, llmul.o(.text))
<BR><BR>[Stack]<UL><LI>Max Depth = 72<LI>Call Chain = __aeabi_lmul &rArr; __aeabi_llsl
</UL>
<BR>[Calls]<UL><LI><a href="#[59]">&gt;&gt;</a>&nbsp;&nbsp;&nbsp;__aeabi_llsl
</UL>
<BR>[Called By]<UL><LI><a href="#[3f]">&gt;&gt;</a>&nbsp;&nbsp;&nbsp;lpcycles_to_hus
<LI><a href="#[63]">&gt;&gt;</a>&nbsp;&nbsp;&nbsp;_fp_value
<LI><a href="#[60]">&gt;&gt;</a>&nbsp;&nbsp;&nbsp;_scanf_longlong
</UL>

<P><STRONG><a name="[20d]"></a>_ll_mul</STRONG> (Thumb, 0 bytes, Stack size 64 bytes, llmul.o(.text), UNUSED)

<P><STRONG><a name="[3b]"></a>rand</STRONG> (Thumb, 18 bytes, Stack size 0 bytes, rand.o(.text))
<BR>[Address Reference Count : 1]<UL><LI> stack_var.o(i.stack_var_ptr_init)
</UL>
<P><STRONG><a name="[1b0]"></a>srand</STRONG> (Thumb, 6 bytes, Stack size 0 bytes, rand.o(.text))
<BR><BR>[Called By]<UL><LI><a href="#[1ad]">&gt;&gt;</a>&nbsp;&nbsp;&nbsp;module_init
</UL>

<P><STRONG><a name="[148]"></a>__aeabi_memcpy</STRONG> (Thumb, 36 bytes, Stack size 0 bytes, memcpya.o(.text))
<BR><BR>[Called By]<UL><LI><a href="#[14b]">&gt;&gt;</a>&nbsp;&nbsp;&nbsp;copy_from_eccram
<LI><a href="#[115]">&gt;&gt;</a>&nbsp;&nbsp;&nbsp;calc_init
<LI><a href="#[ce]">&gt;&gt;</a>&nbsp;&nbsp;&nbsp;general_fifo_put
<LI><a href="#[c1]">&gt;&gt;</a>&nbsp;&nbsp;&nbsp;general_fifo_get
<LI><a href="#[79]">&gt;&gt;</a>&nbsp;&nbsp;&nbsp;rand_gen_by_word
<LI><a href="#[1c6]">&gt;&gt;</a>&nbsp;&nbsp;&nbsp;tinyfs_nvm_read_with_cache
<LI><a href="#[1c3]">&gt;&gt;</a>&nbsp;&nbsp;&nbsp;tinyfs_nvm_program
</UL>

<P><STRONG><a name="[1d1]"></a>__aeabi_memcpy4</STRONG> (Thumb, 0 bytes, Stack size 0 bytes, memcpya.o(.text))
<BR><BR>[Called By]<UL><LI><a href="#[1cf]">&gt;&gt;</a>&nbsp;&nbsp;&nbsp;stack_data_bss_init
</UL>

<P><STRONG><a name="[20e]"></a>__aeabi_memcpy8</STRONG> (Thumb, 0 bytes, Stack size 0 bytes, memcpya.o(.text), UNUSED)

<P><STRONG><a name="[5c]"></a>__aeabi_memset</STRONG> (Thumb, 14 bytes, Stack size 0 bytes, memseta.o(.text))
<BR><BR>[Called By]<UL><LI><a href="#[151]">&gt;&gt;</a>&nbsp;&nbsp;&nbsp;tinyfs_nvm_write_through
<LI><a href="#[5d]">&gt;&gt;</a>&nbsp;&nbsp;&nbsp;_memset$wrapper
<LI><a href="#[5b]">&gt;&gt;</a>&nbsp;&nbsp;&nbsp;__aeabi_memclr
</UL>

<P><STRONG><a name="[20f]"></a>__aeabi_memset4</STRONG> (Thumb, 0 bytes, Stack size 0 bytes, memseta.o(.text), UNUSED)

<P><STRONG><a name="[210]"></a>__aeabi_memset8</STRONG> (Thumb, 0 bytes, Stack size 0 bytes, memseta.o(.text), UNUSED)

<P><STRONG><a name="[5b]"></a>__aeabi_memclr</STRONG> (Thumb, 4 bytes, Stack size 0 bytes, memseta.o(.text))
<BR><BR>[Calls]<UL><LI><a href="#[5c]">&gt;&gt;</a>&nbsp;&nbsp;&nbsp;__aeabi_memset
</UL>
<BR>[Called By]<UL><LI><a href="#[193]">&gt;&gt;</a>&nbsp;&nbsp;&nbsp;linked_buf_init
</UL>

<P><STRONG><a name="[1d0]"></a>__aeabi_memclr4</STRONG> (Thumb, 0 bytes, Stack size 0 bytes, memseta.o(.text))
<BR><BR>[Called By]<UL><LI><a href="#[1cf]">&gt;&gt;</a>&nbsp;&nbsp;&nbsp;stack_data_bss_init
</UL>

<P><STRONG><a name="[211]"></a>__aeabi_memclr8</STRONG> (Thumb, 0 bytes, Stack size 0 bytes, memseta.o(.text), UNUSED)

<P><STRONG><a name="[5d]"></a>_memset$wrapper</STRONG> (Thumb, 18 bytes, Stack size 8 bytes, memseta.o(.text), UNUSED)
<BR><BR>[Calls]<UL><LI><a href="#[5c]">&gt;&gt;</a>&nbsp;&nbsp;&nbsp;__aeabi_memset
</UL>

<P><STRONG><a name="[12d]"></a>strcpy</STRONG> (Thumb, 18 bytes, Stack size 0 bytes, strcpy.o(.text))
<BR><BR>[Called By]<UL><LI><a href="#[12b]">&gt;&gt;</a>&nbsp;&nbsp;&nbsp;_DoInit
</UL>

<P><STRONG><a name="[5e]"></a>sscanf</STRONG> (Thumb, 50 bytes, Stack size 72 bytes, sscanf.o(.text))
<BR><BR>[Stack]<UL><LI>Max Depth = 288<LI>Call Chain = sscanf &rArr; __vfscanf_char &rArr; __vfscanf &rArr; _scanf_longlong &rArr; __aeabi_lmul &rArr; __aeabi_llsl
</UL>
<BR>[Calls]<UL><LI><a href="#[5f]">&gt;&gt;</a>&nbsp;&nbsp;&nbsp;__vfscanf_char
</UL>
<BR>[Called By]<UL><LI><a href="#[87]">&gt;&gt;</a>&nbsp;&nbsp;&nbsp;gap_manager_gapc_bond_req_ind_handler
</UL>

<P><STRONG><a name="[59]"></a>__aeabi_llsl</STRONG> (Thumb, 32 bytes, Stack size 8 bytes, llshl.o(.text))
<BR><BR>[Stack]<UL><LI>Max Depth = 8<LI>Call Chain = __aeabi_llsl
</UL>
<BR>[Called By]<UL><LI><a href="#[5a]">&gt;&gt;</a>&nbsp;&nbsp;&nbsp;__aeabi_lmul
<LI><a href="#[57]">&gt;&gt;</a>&nbsp;&nbsp;&nbsp;__aeabi_uldivmod
<LI><a href="#[6d]">&gt;&gt;</a>&nbsp;&nbsp;&nbsp;_double_epilogue
<LI><a href="#[6b]">&gt;&gt;</a>&nbsp;&nbsp;&nbsp;__aeabi_dadd
<LI><a href="#[71]">&gt;&gt;</a>&nbsp;&nbsp;&nbsp;__aeabi_d2ulz
</UL>

<P><STRONG><a name="[212]"></a>_ll_shift_l</STRONG> (Thumb, 0 bytes, Stack size 8 bytes, llshl.o(.text), UNUSED)

<P><STRONG><a name="[58]"></a>__aeabi_llsr</STRONG> (Thumb, 34 bytes, Stack size 8 bytes, llushr.o(.text), UNUSED)
<BR><BR>[Called By]<UL><LI><a href="#[57]">&gt;&gt;</a>&nbsp;&nbsp;&nbsp;__aeabi_uldivmod
<LI><a href="#[6d]">&gt;&gt;</a>&nbsp;&nbsp;&nbsp;_double_epilogue
<LI><a href="#[71]">&gt;&gt;</a>&nbsp;&nbsp;&nbsp;__aeabi_d2ulz
</UL>

<P><STRONG><a name="[213]"></a>_ll_ushift_r</STRONG> (Thumb, 0 bytes, Stack size 8 bytes, llushr.o(.text), UNUSED)

<P><STRONG><a name="[60]"></a>_scanf_longlong</STRONG> (Thumb, 330 bytes, Stack size 56 bytes, _scanf_longlong.o(.text))
<BR><BR>[Stack]<UL><LI>Max Depth = 128<LI>Call Chain = _scanf_longlong &rArr; __aeabi_lmul &rArr; __aeabi_llsl
</UL>
<BR>[Calls]<UL><LI><a href="#[5a]">&gt;&gt;</a>&nbsp;&nbsp;&nbsp;__aeabi_lmul
<LI><a href="#[61]">&gt;&gt;</a>&nbsp;&nbsp;&nbsp;_chval
</UL>
<BR>[Called By]<UL><LI><a href="#[6a]">&gt;&gt;</a>&nbsp;&nbsp;&nbsp;__vfscanf
</UL>

<P><STRONG><a name="[62]"></a>_scanf_int</STRONG> (Thumb, 330 bytes, Stack size 48 bytes, _scanf_int.o(.text))
<BR><BR>[Stack]<UL><LI>Max Depth = 48<LI>Call Chain = _scanf_int
</UL>
<BR>[Calls]<UL><LI><a href="#[61]">&gt;&gt;</a>&nbsp;&nbsp;&nbsp;_chval
</UL>
<BR>[Called By]<UL><LI><a href="#[6a]">&gt;&gt;</a>&nbsp;&nbsp;&nbsp;__vfscanf
</UL>

<P><STRONG><a name="[75]"></a>_scanf_string</STRONG> (Thumb, 232 bytes, Stack size 48 bytes, _scanf_str.o(.text))
<BR><BR>[Stack]<UL><LI>Max Depth = 48<LI>Call Chain = _scanf_string
</UL>
<BR>[Called By]<UL><LI><a href="#[6a]">&gt;&gt;</a>&nbsp;&nbsp;&nbsp;__vfscanf
</UL>

<P><STRONG><a name="[74]"></a>_scanf_real</STRONG> (Thumb, 0 bytes, Stack size 104 bytes, scanf_fp.o(.text))
<BR><BR>[Stack]<UL><LI>Max Depth = 104<LI>Call Chain = _scanf_real
</UL>
<BR>[Called By]<UL><LI><a href="#[6a]">&gt;&gt;</a>&nbsp;&nbsp;&nbsp;__vfscanf
</UL>

<P><STRONG><a name="[67]"></a>_scanf_really_real</STRONG> (Thumb, 586 bytes, Stack size 104 bytes, scanf_fp.o(.text), UNUSED)
<BR><BR>[Calls]<UL><LI><a href="#[69]">&gt;&gt;</a>&nbsp;&nbsp;&nbsp;__aeabi_d2f
<LI><a href="#[68]">&gt;&gt;</a>&nbsp;&nbsp;&nbsp;_is_digit
<LI><a href="#[63]">&gt;&gt;</a>&nbsp;&nbsp;&nbsp;_fp_value
</UL>

<P><STRONG><a name="[5f]"></a>__vfscanf_char</STRONG> (Thumb, 24 bytes, Stack size 8 bytes, scanf_char.o(.text))
<BR><BR>[Stack]<UL><LI>Max Depth = 216<LI>Call Chain = __vfscanf_char &rArr; __vfscanf &rArr; _scanf_longlong &rArr; __aeabi_lmul &rArr; __aeabi_llsl
</UL>
<BR>[Calls]<UL><LI><a href="#[6a]">&gt;&gt;</a>&nbsp;&nbsp;&nbsp;__vfscanf
</UL>
<BR>[Called By]<UL><LI><a href="#[5e]">&gt;&gt;</a>&nbsp;&nbsp;&nbsp;sscanf
</UL>

<P><STRONG><a name="[11]"></a>_sgetc</STRONG> (Thumb, 32 bytes, Stack size 0 bytes, _sgetc.o(.text))
<BR>[Address Reference Count : 1]<UL><LI> sscanf.o(.text)
</UL>
<P><STRONG><a name="[12]"></a>_sbackspace</STRONG> (Thumb, 36 bytes, Stack size 0 bytes, _sgetc.o(.text))
<BR>[Address Reference Count : 1]<UL><LI> sscanf.o(.text)
</UL>
<P><STRONG><a name="[214]"></a>__I$use$fp</STRONG> (Thumb, 0 bytes, Stack size 48 bytes, iusefp.o(.text), UNUSED)

<P><STRONG><a name="[6b]"></a>__aeabi_dadd</STRONG> (Thumb, 330 bytes, Stack size 48 bytes, dadd.o(.text), UNUSED)
<BR><BR>[Calls]<UL><LI><a href="#[6c]">&gt;&gt;</a>&nbsp;&nbsp;&nbsp;__aeabi_lasr
<LI><a href="#[6e]">&gt;&gt;</a>&nbsp;&nbsp;&nbsp;_double_round
<LI><a href="#[6d]">&gt;&gt;</a>&nbsp;&nbsp;&nbsp;_double_epilogue
<LI><a href="#[59]">&gt;&gt;</a>&nbsp;&nbsp;&nbsp;__aeabi_llsl
</UL>
<BR>[Called By]<UL><LI><a href="#[70]">&gt;&gt;</a>&nbsp;&nbsp;&nbsp;__aeabi_drsub
<LI><a href="#[6f]">&gt;&gt;</a>&nbsp;&nbsp;&nbsp;__aeabi_dsub
<LI><a href="#[133]">&gt;&gt;</a>&nbsp;&nbsp;&nbsp;_fp_digits
</UL>

<P><STRONG><a name="[6f]"></a>__aeabi_dsub</STRONG> (Thumb, 12 bytes, Stack size 8 bytes, dadd.o(.text), UNUSED)
<BR><BR>[Calls]<UL><LI><a href="#[6b]">&gt;&gt;</a>&nbsp;&nbsp;&nbsp;__aeabi_dadd
</UL>

<P><STRONG><a name="[70]"></a>__aeabi_drsub</STRONG> (Thumb, 12 bytes, Stack size 8 bytes, dadd.o(.text), UNUSED)
<BR><BR>[Calls]<UL><LI><a href="#[6b]">&gt;&gt;</a>&nbsp;&nbsp;&nbsp;__aeabi_dadd
</UL>

<P><STRONG><a name="[65]"></a>__aeabi_dmul</STRONG> (Thumb, 202 bytes, Stack size 72 bytes, dmul.o(.text), UNUSED)
<BR><BR>[Calls]<UL><LI><a href="#[6d]">&gt;&gt;</a>&nbsp;&nbsp;&nbsp;_double_epilogue
</UL>
<BR>[Called By]<UL><LI><a href="#[63]">&gt;&gt;</a>&nbsp;&nbsp;&nbsp;_fp_value
<LI><a href="#[133]">&gt;&gt;</a>&nbsp;&nbsp;&nbsp;_fp_digits
</UL>

<P><STRONG><a name="[66]"></a>__aeabi_ddiv</STRONG> (Thumb, 234 bytes, Stack size 40 bytes, ddiv.o(.text), UNUSED)
<BR><BR>[Calls]<UL><LI><a href="#[6e]">&gt;&gt;</a>&nbsp;&nbsp;&nbsp;_double_round
</UL>
<BR>[Called By]<UL><LI><a href="#[63]">&gt;&gt;</a>&nbsp;&nbsp;&nbsp;_fp_value
<LI><a href="#[133]">&gt;&gt;</a>&nbsp;&nbsp;&nbsp;_fp_digits
</UL>

<P><STRONG><a name="[71]"></a>__aeabi_d2ulz</STRONG> (Thumb, 54 bytes, Stack size 8 bytes, dfixul.o(.text), UNUSED)
<BR><BR>[Calls]<UL><LI><a href="#[58]">&gt;&gt;</a>&nbsp;&nbsp;&nbsp;__aeabi_llsr
<LI><a href="#[59]">&gt;&gt;</a>&nbsp;&nbsp;&nbsp;__aeabi_llsl
</UL>
<BR>[Called By]<UL><LI><a href="#[133]">&gt;&gt;</a>&nbsp;&nbsp;&nbsp;_fp_digits
</UL>

<P><STRONG><a name="[134]"></a>__aeabi_cdrcmple</STRONG> (Thumb, 38 bytes, Stack size 0 bytes, cdrcmple.o(.text), UNUSED)
<BR><BR>[Called By]<UL><LI><a href="#[133]">&gt;&gt;</a>&nbsp;&nbsp;&nbsp;_fp_digits
</UL>

<P><STRONG><a name="[54]"></a>__scatterload</STRONG> (Thumb, 28 bytes, Stack size 0 bytes, init.o(.text))
<BR><BR>[Calls]<UL><LI><a href="#[72]">&gt;&gt;</a>&nbsp;&nbsp;&nbsp;__main_after_scatterload
</UL>
<BR>[Called By]<UL><LI><a href="#[53]">&gt;&gt;</a>&nbsp;&nbsp;&nbsp;_main_scatterload
</UL>

<P><STRONG><a name="[215]"></a>__scatterload_rt2</STRONG> (Thumb, 0 bytes, Stack size 0 bytes, init.o(.text), UNUSED)

<P><STRONG><a name="[6c]"></a>__aeabi_lasr</STRONG> (Thumb, 38 bytes, Stack size 8 bytes, llsshr.o(.text), UNUSED)
<BR><BR>[Called By]<UL><LI><a href="#[6b]">&gt;&gt;</a>&nbsp;&nbsp;&nbsp;__aeabi_dadd
</UL>

<P><STRONG><a name="[216]"></a>_ll_sshift_r</STRONG> (Thumb, 0 bytes, Stack size 8 bytes, llsshr.o(.text), UNUSED)

<P><STRONG><a name="[14]"></a>isspace</STRONG> (Thumb, 14 bytes, Stack size 8 bytes, isspace_c.o(.text))
<BR><BR>[Stack]<UL><LI>Max Depth = 8<LI>Call Chain = isspace
</UL>
<BR>[Calls]<UL><LI><a href="#[73]">&gt;&gt;</a>&nbsp;&nbsp;&nbsp;__ctype_lookup
</UL>
<BR>[Address Reference Count : 1]<UL><LI> scanf_char.o(.text)
</UL>
<P><STRONG><a name="[61]"></a>_chval</STRONG> (Thumb, 30 bytes, Stack size 0 bytes, _chval.o(.text))
<BR><BR>[Called By]<UL><LI><a href="#[62]">&gt;&gt;</a>&nbsp;&nbsp;&nbsp;_scanf_int
<LI><a href="#[60]">&gt;&gt;</a>&nbsp;&nbsp;&nbsp;_scanf_longlong
</UL>

<P><STRONG><a name="[6a]"></a>__vfscanf</STRONG> (Thumb, 814 bytes, Stack size 80 bytes, _scanf.o(.text))
<BR><BR>[Stack]<UL><LI>Max Depth = 208<LI>Call Chain = __vfscanf &rArr; _scanf_longlong &rArr; __aeabi_lmul &rArr; __aeabi_llsl
</UL>
<BR>[Calls]<UL><LI><a href="#[74]">&gt;&gt;</a>&nbsp;&nbsp;&nbsp;_scanf_real
<LI><a href="#[75]">&gt;&gt;</a>&nbsp;&nbsp;&nbsp;_scanf_string
<LI><a href="#[62]">&gt;&gt;</a>&nbsp;&nbsp;&nbsp;_scanf_int
<LI><a href="#[60]">&gt;&gt;</a>&nbsp;&nbsp;&nbsp;_scanf_longlong
</UL>
<BR>[Called By]<UL><LI><a href="#[5f]">&gt;&gt;</a>&nbsp;&nbsp;&nbsp;__vfscanf_char
</UL>

<P><STRONG><a name="[6e]"></a>_double_round</STRONG> (Thumb, 26 bytes, Stack size 8 bytes, depilogue.o(.text), UNUSED)
<BR><BR>[Called By]<UL><LI><a href="#[6d]">&gt;&gt;</a>&nbsp;&nbsp;&nbsp;_double_epilogue
<LI><a href="#[66]">&gt;&gt;</a>&nbsp;&nbsp;&nbsp;__aeabi_ddiv
<LI><a href="#[6b]">&gt;&gt;</a>&nbsp;&nbsp;&nbsp;__aeabi_dadd
</UL>

<P><STRONG><a name="[6d]"></a>_double_epilogue</STRONG> (Thumb, 164 bytes, Stack size 48 bytes, depilogue.o(.text), UNUSED)
<BR><BR>[Calls]<UL><LI><a href="#[76]">&gt;&gt;</a>&nbsp;&nbsp;&nbsp;__ARM_clz
<LI><a href="#[6e]">&gt;&gt;</a>&nbsp;&nbsp;&nbsp;_double_round
<LI><a href="#[58]">&gt;&gt;</a>&nbsp;&nbsp;&nbsp;__aeabi_llsr
<LI><a href="#[59]">&gt;&gt;</a>&nbsp;&nbsp;&nbsp;__aeabi_llsl
</UL>
<BR>[Called By]<UL><LI><a href="#[64]">&gt;&gt;</a>&nbsp;&nbsp;&nbsp;__aeabi_ul2d
<LI><a href="#[65]">&gt;&gt;</a>&nbsp;&nbsp;&nbsp;__aeabi_dmul
<LI><a href="#[6b]">&gt;&gt;</a>&nbsp;&nbsp;&nbsp;__aeabi_dadd
</UL>

<P><STRONG><a name="[64]"></a>__aeabi_ul2d</STRONG> (Thumb, 22 bytes, Stack size 16 bytes, dfltul.o(.text), UNUSED)
<BR><BR>[Calls]<UL><LI><a href="#[6d]">&gt;&gt;</a>&nbsp;&nbsp;&nbsp;_double_epilogue
</UL>
<BR>[Called By]<UL><LI><a href="#[63]">&gt;&gt;</a>&nbsp;&nbsp;&nbsp;_fp_value
</UL>

<P><STRONG><a name="[69]"></a>__aeabi_d2f</STRONG> (Thumb, 56 bytes, Stack size 8 bytes, d2f.o(.text), UNUSED)
<BR><BR>[Calls]<UL><LI><a href="#[77]">&gt;&gt;</a>&nbsp;&nbsp;&nbsp;_float_round
</UL>
<BR>[Called By]<UL><LI><a href="#[67]">&gt;&gt;</a>&nbsp;&nbsp;&nbsp;_scanf_really_real
</UL>

<P><STRONG><a name="[73]"></a>__ctype_lookup</STRONG> (Thumb, 32 bytes, Stack size 0 bytes, ctype_c.o(.text))
<BR><BR>[Called By]<UL><LI><a href="#[14]">&gt;&gt;</a>&nbsp;&nbsp;&nbsp;isspace
</UL>

<P><STRONG><a name="[77]"></a>_float_round</STRONG> (Thumb, 16 bytes, Stack size 0 bytes, fepilogue.o(.text), UNUSED)
<BR><BR>[Called By]<UL><LI><a href="#[69]">&gt;&gt;</a>&nbsp;&nbsp;&nbsp;__aeabi_d2f
</UL>

<P><STRONG><a name="[217]"></a>_float_epilogue</STRONG> (Thumb, 114 bytes, Stack size 12 bytes, fepilogue.o(.text), UNUSED)

<P><STRONG><a name="[3]"></a>SVC_Handler</STRONG> (Thumb, 24 bytes, Stack size 0 bytes, svcall_asm.o(.text.SVC_Handler))
<BR>[Address Reference Count : 1]<UL><LI> startup.o(RESET)
</UL>
<P><STRONG><a name="[f2]"></a>anpc_prf_itf_get</STRONG> (Thumb, 4 bytes, Stack size unknown bytes, libfw.o(.text.anpc_prf_itf_get))
<BR><BR>[Called By]<UL><LI><a href="#[1f]">&gt;&gt;</a>&nbsp;&nbsp;&nbsp;prf_itf_get
</UL>

<P><STRONG><a name="[f3]"></a>anps_prf_itf_get</STRONG> (Thumb, 4 bytes, Stack size unknown bytes, libfw.o(.text.anps_prf_itf_get))
<BR><BR>[Called By]<UL><LI><a href="#[1f]">&gt;&gt;</a>&nbsp;&nbsp;&nbsp;prf_itf_get
</UL>

<P><STRONG><a name="[34]"></a>app_init</STRONG> (Thumb, 156 bytes, Stack size unknown bytes, libfw.o(.text.app_init))
<BR><BR>[Stack]<UL><LI>Max Depth = 332 + Unknown Stack Size
<LI>Call Chain = app_init &rArr; nvds_put &rArr; tinyfs_write &rArr; do_tinyfs_write &rArr; record_write &rArr; garbage_collect_try &rArr; section_garbage_collection &rArr; section_copy &rArr; node_list_copy &rArr; node_copy &rArr; record_add_write &rArr; node_write &rArr; section_head_write &rArr; crc16ccitt &rArr; crc16_lookup
</UL>
<BR>[Calls]<UL><LI><a href="#[79]">&gt;&gt;</a>&nbsp;&nbsp;&nbsp;rand_gen_by_word
<LI><a href="#[7b]">&gt;&gt;</a>&nbsp;&nbsp;&nbsp;nvds_put
<LI><a href="#[78]">&gt;&gt;</a>&nbsp;&nbsp;&nbsp;nvds_get
<LI><a href="#[7a]">&gt;&gt;</a>&nbsp;&nbsp;&nbsp;memcpy
<LI><a href="#[7f]">&gt;&gt;</a>&nbsp;&nbsp;&nbsp;nvds_write_through
<LI><a href="#[7e]">&gt;&gt;</a>&nbsp;&nbsp;&nbsp;ke_msg_send
<LI><a href="#[7d]">&gt;&gt;</a>&nbsp;&nbsp;&nbsp;ke_msg_alloc
<LI><a href="#[7c]">&gt;&gt;</a>&nbsp;&nbsp;&nbsp;ke_task_create
</UL>
<BR>[Address Reference Count : 1]<UL><LI> stack_var.o(i.main_task_app_init)
</UL>
<P><STRONG><a name="[e5]"></a>basc_prf_itf_get</STRONG> (Thumb, 4 bytes, Stack size unknown bytes, libfw.o(.text.basc_prf_itf_get))
<BR><BR>[Called By]<UL><LI><a href="#[1f]">&gt;&gt;</a>&nbsp;&nbsp;&nbsp;prf_itf_get
</UL>

<P><STRONG><a name="[fd]"></a>bcsc_prf_itf_get</STRONG> (Thumb, 4 bytes, Stack size unknown bytes, libfw.o(.text.bcsc_prf_itf_get))
<BR><BR>[Called By]<UL><LI><a href="#[1f]">&gt;&gt;</a>&nbsp;&nbsp;&nbsp;prf_itf_get
</UL>

<P><STRONG><a name="[fc]"></a>bcss_prf_itf_get</STRONG> (Thumb, 4 bytes, Stack size unknown bytes, libfw.o(.text.bcss_prf_itf_get))
<BR><BR>[Called By]<UL><LI><a href="#[1f]">&gt;&gt;</a>&nbsp;&nbsp;&nbsp;prf_itf_get
</UL>

<P><STRONG><a name="[ae]"></a>bd_addr_cmp</STRONG> (Thumb, 16 bytes, Stack size unknown bytes, libfw.o(.text.bd_addr_cmp))
<BR><BR>[Calls]<UL><LI><a href="#[af]">&gt;&gt;</a>&nbsp;&nbsp;&nbsp;memcmp
</UL>
<BR>[Called By]<UL><LI><a href="#[b2]">&gt;&gt;</a>&nbsp;&nbsp;&nbsp;ble_storage_bonding_info_search_req
</UL>

<P><STRONG><a name="[b0]"></a>ble_storage_alloc_peer_id</STRONG> (Thumb, 188 bytes, Stack size unknown bytes, libfw.o(.text.ble_storage_alloc_peer_id))
<BR><BR>[Stack]<UL><LI>Max Depth = 332 + Unknown Stack Size
<LI>Call Chain = ble_storage_alloc_peer_id &rArr; nvds_put &rArr; tinyfs_write &rArr; do_tinyfs_write &rArr; record_write &rArr; garbage_collect_try &rArr; section_garbage_collection &rArr; section_copy &rArr; node_list_copy &rArr; node_copy &rArr; record_add_write &rArr; node_write &rArr; section_head_write &rArr; crc16ccitt &rArr; crc16_lookup
</UL>
<BR>[Calls]<UL><LI><a href="#[80]">&gt;&gt;</a>&nbsp;&nbsp;&nbsp;ls_assert
<LI><a href="#[7b]">&gt;&gt;</a>&nbsp;&nbsp;&nbsp;nvds_put
<LI><a href="#[78]">&gt;&gt;</a>&nbsp;&nbsp;&nbsp;nvds_get
<LI><a href="#[b1]">&gt;&gt;</a>&nbsp;&nbsp;&nbsp;memmove
</UL>
<BR>[Called By]<UL><LI><a href="#[88]">&gt;&gt;</a>&nbsp;&nbsp;&nbsp;gap_manager_gapc_bond_ind_handler
</UL>

<P><STRONG><a name="[b2]"></a>ble_storage_bonding_info_search_req</STRONG> (Thumb, 140 bytes, Stack size unknown bytes, libfw.o(.text.ble_storage_bonding_info_search_req))
<BR><BR>[Stack]<UL><LI>Max Depth = 168 + Unknown Stack Size
<LI>Call Chain = ble_storage_bonding_info_search_req &rArr; rpa_resolve_start &rArr; ble_storage_read_bonding_info &rArr; nvds_get &rArr; tinyfs_read &rArr; do_tinyfs_read &rArr; node_data_read &rArr; nvm_read_node &rArr; tinyfs_nvm_read_with_cache
</UL>
<BR>[Calls]<UL><LI><a href="#[b3]">&gt;&gt;</a>&nbsp;&nbsp;&nbsp;rpa_resolve_start
<LI><a href="#[ae]">&gt;&gt;</a>&nbsp;&nbsp;&nbsp;bd_addr_cmp
<LI><a href="#[7a]">&gt;&gt;</a>&nbsp;&nbsp;&nbsp;memcpy
<LI><a href="#[b4]">&gt;&gt;</a>&nbsp;&nbsp;&nbsp;ble_storage_read_bonding_info
</UL>
<BR>[Called By]<UL><LI><a href="#[85]">&gt;&gt;</a>&nbsp;&nbsp;&nbsp;gap_manager_gapc_conn_req_ind_handler
</UL>

<P><STRONG><a name="[a7]"></a>ble_storage_gapm_addr_solved_ind_handler</STRONG> (Thumb, 28 bytes, Stack size unknown bytes, libfw.o(.text.ble_storage_gapm_addr_solved_ind_handler))
<BR><BR>[Called By]<UL><LI><a href="#[52]">&gt;&gt;</a>&nbsp;&nbsp;&nbsp;app_msg_handler
</UL>

<P><STRONG><a name="[a3]"></a>ble_storage_gapm_resolv_addr_cmp</STRONG> (Thumb, 24 bytes, Stack size unknown bytes, libfw.o(.text.ble_storage_gapm_resolv_addr_cmp))
<BR><BR>[Stack]<UL><LI>Max Depth = 168 + Unknown Stack Size
<LI>Call Chain = ble_storage_gapm_resolv_addr_cmp &rArr; rpa_resolve_start &rArr; ble_storage_read_bonding_info &rArr; nvds_get &rArr; tinyfs_read &rArr; do_tinyfs_read &rArr; node_data_read &rArr; nvm_read_node &rArr; tinyfs_nvm_read_with_cache
</UL>
<BR>[Calls]<UL><LI><a href="#[b3]">&gt;&gt;</a>&nbsp;&nbsp;&nbsp;rpa_resolve_start
</UL>
<BR>[Called By]<UL><LI><a href="#[52]">&gt;&gt;</a>&nbsp;&nbsp;&nbsp;app_msg_handler
</UL>

<P><STRONG><a name="[1d5]"></a>ble_storage_max_num_init</STRONG> (Thumb, 12 bytes, Stack size unknown bytes, libfw.o(.text.ble_storage_max_num_init))
<BR><BR>[Called By]<UL><LI><a href="#[1d2]">&gt;&gt;</a>&nbsp;&nbsp;&nbsp;stack_var_ptr_init
</UL>

<P><STRONG><a name="[b4]"></a>ble_storage_read_bonding_info</STRONG> (Thumb, 22 bytes, Stack size unknown bytes, libfw.o(.text.ble_storage_read_bonding_info))
<BR><BR>[Stack]<UL><LI>Max Depth = 168 + Unknown Stack Size
<LI>Call Chain = ble_storage_read_bonding_info &rArr; nvds_get &rArr; tinyfs_read &rArr; do_tinyfs_read &rArr; node_data_read &rArr; nvm_read_node &rArr; tinyfs_nvm_read_with_cache
</UL>
<BR>[Calls]<UL><LI><a href="#[78]">&gt;&gt;</a>&nbsp;&nbsp;&nbsp;nvds_get
</UL>
<BR>[Called By]<UL><LI><a href="#[b3]">&gt;&gt;</a>&nbsp;&nbsp;&nbsp;rpa_resolve_start
<LI><a href="#[19]">&gt;&gt;</a>&nbsp;&nbsp;&nbsp;bond_search_callback
<LI><a href="#[89]">&gt;&gt;</a>&nbsp;&nbsp;&nbsp;gap_manager_gapc_encrypt_req_ind_handler
<LI><a href="#[b2]">&gt;&gt;</a>&nbsp;&nbsp;&nbsp;ble_storage_bonding_info_search_req
</UL>

<P><STRONG><a name="[b5]"></a>ble_storage_read_peer_client_info</STRONG> (Thumb, 22 bytes, Stack size unknown bytes, libfw.o(.text.ble_storage_read_peer_client_info))
<BR><BR>[Stack]<UL><LI>Max Depth = 168 + Unknown Stack Size
<LI>Call Chain = ble_storage_read_peer_client_info &rArr; nvds_get &rArr; tinyfs_read &rArr; do_tinyfs_read &rArr; node_data_read &rArr; nvm_read_node &rArr; tinyfs_nvm_read_with_cache
</UL>
<BR>[Calls]<UL><LI><a href="#[78]">&gt;&gt;</a>&nbsp;&nbsp;&nbsp;nvds_get
</UL>
<BR>[Called By]<UL><LI><a href="#[19]">&gt;&gt;</a>&nbsp;&nbsp;&nbsp;bond_search_callback
</UL>

<P><STRONG><a name="[b6]"></a>ble_storage_read_peer_server_info</STRONG> (Thumb, 22 bytes, Stack size unknown bytes, libfw.o(.text.ble_storage_read_peer_server_info))
<BR><BR>[Stack]<UL><LI>Max Depth = 168 + Unknown Stack Size
<LI>Call Chain = ble_storage_read_peer_server_info &rArr; nvds_get &rArr; tinyfs_read &rArr; do_tinyfs_read &rArr; node_data_read &rArr; nvm_read_node &rArr; tinyfs_nvm_read_with_cache
</UL>
<BR>[Calls]<UL><LI><a href="#[78]">&gt;&gt;</a>&nbsp;&nbsp;&nbsp;nvds_get
</UL>
<BR>[Called By]<UL><LI><a href="#[19]">&gt;&gt;</a>&nbsp;&nbsp;&nbsp;bond_search_callback
</UL>

<P><STRONG><a name="[b7]"></a>ble_storage_write_bonding_info</STRONG> (Thumb, 16 bytes, Stack size unknown bytes, libfw.o(.text.ble_storage_write_bonding_info))
<BR><BR>[Stack]<UL><LI>Max Depth = 332 + Unknown Stack Size
<LI>Call Chain = ble_storage_write_bonding_info &rArr; nvds_put &rArr; tinyfs_write &rArr; do_tinyfs_write &rArr; record_write &rArr; garbage_collect_try &rArr; section_garbage_collection &rArr; section_copy &rArr; node_list_copy &rArr; node_copy &rArr; record_add_write &rArr; node_write &rArr; section_head_write &rArr; crc16ccitt &rArr; crc16_lookup
</UL>
<BR>[Calls]<UL><LI><a href="#[7b]">&gt;&gt;</a>&nbsp;&nbsp;&nbsp;nvds_put
</UL>
<BR>[Called By]<UL><LI><a href="#[88]">&gt;&gt;</a>&nbsp;&nbsp;&nbsp;gap_manager_gapc_bond_ind_handler
</UL>

<P><STRONG><a name="[da]"></a>blpc_prf_itf_get</STRONG> (Thumb, 4 bytes, Stack size unknown bytes, libfw.o(.text.blpc_prf_itf_get))
<BR><BR>[Called By]<UL><LI><a href="#[1f]">&gt;&gt;</a>&nbsp;&nbsp;&nbsp;prf_itf_get
</UL>

<P><STRONG><a name="[d9]"></a>blps_prf_itf_get</STRONG> (Thumb, 4 bytes, Stack size unknown bytes, libfw.o(.text.blps_prf_itf_get))
<BR><BR>[Called By]<UL><LI><a href="#[1f]">&gt;&gt;</a>&nbsp;&nbsp;&nbsp;prf_itf_get
</UL>

<P><STRONG><a name="[bb]"></a>builtin_timer_create</STRONG> (Thumb, 24 bytes, Stack size unknown bytes, libfw.o(.text.builtin_timer_create))
<BR><BR>[Stack]<UL><LI>Max Depth = 40 + Unknown Stack Size
<LI>Call Chain = builtin_timer_create &rArr; linked_buf_alloc &rArr; linked_buf_get_elem_idx &rArr; ls_assert
</UL>
<BR>[Calls]<UL><LI><a href="#[bc]">&gt;&gt;</a>&nbsp;&nbsp;&nbsp;linked_buf_alloc
</UL>
<BR>[Called By]<UL><LI><a href="#[19f]">&gt;&gt;</a>&nbsp;&nbsp;&nbsp;lsi_counting_timer_create
</UL>

<P><STRONG><a name="[1ae]"></a>builtin_timer_env_register</STRONG> (Thumb, 12 bytes, Stack size unknown bytes, libfw.o(.text.builtin_timer_env_register))
<BR><BR>[Called By]<UL><LI><a href="#[1ad]">&gt;&gt;</a>&nbsp;&nbsp;&nbsp;module_init
</UL>

<P><STRONG><a name="[bd]"></a>builtin_timer_start</STRONG> (Thumb, 52 bytes, Stack size unknown bytes, libfw.o(.text.builtin_timer_start))
<BR><BR>[Stack]<UL><LI>Max Depth = 24 + Unknown Stack Size
<LI>Call Chain = builtin_timer_start &rArr; linked_buf_get_elem_idx &rArr; ls_assert
</UL>
<BR>[Calls]<UL><LI><a href="#[be]">&gt;&gt;</a>&nbsp;&nbsp;&nbsp;linked_buf_get_elem_idx
<LI><a href="#[bf]">&gt;&gt;</a>&nbsp;&nbsp;&nbsp;ke_timer_set
</UL>
<BR>[Called By]<UL><LI><a href="#[20]">&gt;&gt;</a>&nbsp;&nbsp;&nbsp;lsi_counting_timer_start
</UL>

<P><STRONG><a name="[105]"></a>cgmc_prf_itf_get</STRONG> (Thumb, 4 bytes, Stack size unknown bytes, libfw.o(.text.cgmc_prf_itf_get))
<BR><BR>[Called By]<UL><LI><a href="#[1f]">&gt;&gt;</a>&nbsp;&nbsp;&nbsp;prf_itf_get
</UL>

<P><STRONG><a name="[104]"></a>cgms_prf_itf_get</STRONG> (Thumb, 4 bytes, Stack size unknown bytes, libfw.o(.text.cgms_prf_itf_get))
<BR><BR>[Called By]<UL><LI><a href="#[1f]">&gt;&gt;</a>&nbsp;&nbsp;&nbsp;prf_itf_get
</UL>

<P><STRONG><a name="[ee]"></a>cppc_prf_itf_get</STRONG> (Thumb, 4 bytes, Stack size unknown bytes, libfw.o(.text.cppc_prf_itf_get))
<BR><BR>[Called By]<UL><LI><a href="#[1f]">&gt;&gt;</a>&nbsp;&nbsp;&nbsp;prf_itf_get
</UL>

<P><STRONG><a name="[ef]"></a>cpps_prf_itf_get</STRONG> (Thumb, 4 bytes, Stack size unknown bytes, libfw.o(.text.cpps_prf_itf_get))
<BR><BR>[Called By]<UL><LI><a href="#[1f]">&gt;&gt;</a>&nbsp;&nbsp;&nbsp;prf_itf_get
</UL>

<P><STRONG><a name="[ec]"></a>cscpc_prf_itf_get</STRONG> (Thumb, 4 bytes, Stack size unknown bytes, libfw.o(.text.cscpc_prf_itf_get))
<BR><BR>[Called By]<UL><LI><a href="#[1f]">&gt;&gt;</a>&nbsp;&nbsp;&nbsp;prf_itf_get
</UL>

<P><STRONG><a name="[ed]"></a>cscps_prf_itf_get</STRONG> (Thumb, 4 bytes, Stack size unknown bytes, libfw.o(.text.cscps_prf_itf_get))
<BR><BR>[Called By]<UL><LI><a href="#[1f]">&gt;&gt;</a>&nbsp;&nbsp;&nbsp;prf_itf_get
</UL>

<P><STRONG><a name="[a8]"></a>dev_manager_gapm_activity_created_ind_handler</STRONG> (Thumb, 12 bytes, Stack size unknown bytes, libfw.o(.text.dev_manager_gapm_activity_created_ind_handler))
<BR><BR>[Called By]<UL><LI><a href="#[52]">&gt;&gt;</a>&nbsp;&nbsp;&nbsp;app_msg_handler
</UL>

<P><STRONG><a name="[a9]"></a>dev_manager_gapm_activity_stopped_ind_handler</STRONG> (Thumb, 68 bytes, Stack size unknown bytes, libfw.o(.text.dev_manager_gapm_activity_stopped_ind_handler))
<BR><BR>[Stack]<UL><LI>Max Depth = 8 + Unknown Stack Size
<LI>Call Chain = dev_manager_gapm_activity_stopped_ind_handler &rArr; ls_assert
</UL>
<BR>[Calls]<UL><LI><a href="#[80]">&gt;&gt;</a>&nbsp;&nbsp;&nbsp;ls_assert
</UL>
<BR>[Called By]<UL><LI><a href="#[52]">&gt;&gt;</a>&nbsp;&nbsp;&nbsp;app_msg_handler
</UL>

<P><STRONG><a name="[9f]"></a>dev_manager_gapm_create_activity_cmp</STRONG> (Thumb, 76 bytes, Stack size unknown bytes, libfw.o(.text.dev_manager_gapm_create_activity_cmp))
<BR><BR>[Stack]<UL><LI>Max Depth = 8 + Unknown Stack Size
<LI>Call Chain = dev_manager_gapm_create_activity_cmp &rArr; ls_assert
</UL>
<BR>[Calls]<UL><LI><a href="#[80]">&gt;&gt;</a>&nbsp;&nbsp;&nbsp;ls_assert
</UL>
<BR>[Called By]<UL><LI><a href="#[52]">&gt;&gt;</a>&nbsp;&nbsp;&nbsp;app_msg_handler
</UL>

<P><STRONG><a name="[a2]"></a>dev_manager_gapm_delete_activity_cmp</STRONG> (Thumb, 32 bytes, Stack size unknown bytes, libfw.o(.text.dev_manager_gapm_delete_activity_cmp))
<BR><BR>[Called By]<UL><LI><a href="#[52]">&gt;&gt;</a>&nbsp;&nbsp;&nbsp;app_msg_handler
</UL>

[...]
<LI><a href="#[1b2]">&gt;&gt;</a>&nbsp;&nbsp;&nbsp;mac_init
<LI><a href="#[18a]">&gt;&gt;</a>&nbsp;&nbsp;&nbsp;irq_init
<LI><a href="#[16b]">&gt;&gt;</a>&nbsp;&nbsp;&nbsp;flash_data_storage_base_offset
<LI><a href="#[1a4]">&gt;&gt;</a>&nbsp;&nbsp;&nbsp;modem_rf_init
<LI><a href="#[188]">&gt;&gt;</a>&nbsp;&nbsp;&nbsp;io_init
<LI><a href="#[1ae]">&gt;&gt;</a>&nbsp;&nbsp;&nbsp;builtin_timer_env_register
<LI><a href="#[1b0]">&gt;&gt;</a>&nbsp;&nbsp;&nbsp;srand
</UL>
<BR>[Called By]<UL><LI><a href="#[1a3]">&gt;&gt;</a>&nbsp;&nbsp;&nbsp;sys_init_app
</UL>

<P><STRONG><a name="[1cf]"></a>stack_data_bss_init</STRONG> (Thumb, 22 bytes, Stack size 8 bytes, platform.o(i.stack_data_bss_init))
<BR><BR>[Stack]<UL><LI>Max Depth = 8<LI>Call Chain = stack_data_bss_init
</UL>
<BR>[Calls]<UL><LI><a href="#[1d0]">&gt;&gt;</a>&nbsp;&nbsp;&nbsp;__aeabi_memclr4
<LI><a href="#[1d1]">&gt;&gt;</a>&nbsp;&nbsp;&nbsp;__aeabi_memcpy4
</UL>
<BR>[Called By]<UL><LI><a href="#[1d6]">&gt;&gt;</a>&nbsp;&nbsp;&nbsp;var_init
</UL>

<P><STRONG><a name="[1d6]"></a>var_init</STRONG> (Thumb, 24 bytes, Stack size 8 bytes, platform.o(i.var_init))
<BR><BR>[Stack]<UL><LI>Max Depth = 24 + Unknown Stack Size
<LI>Call Chain = var_init &rArr; hal_flash_drv_var_init
</UL>
<BR>[Calls]<UL><LI><a href="#[1e3]">&gt;&gt;</a>&nbsp;&nbsp;&nbsp;hal_flash_drv_var_init (via Veneer)
<LI><a href="#[1d2]">&gt;&gt;</a>&nbsp;&nbsp;&nbsp;stack_var_ptr_init
<LI><a href="#[1cf]">&gt;&gt;</a>&nbsp;&nbsp;&nbsp;stack_data_bss_init
<LI><a href="#[1e2]">&gt;&gt;</a>&nbsp;&nbsp;&nbsp;bb_mem_clr
</UL>
<BR>[Called By]<UL><LI><a href="#[1a3]">&gt;&gt;</a>&nbsp;&nbsp;&nbsp;sys_init_app
</UL>

<P><STRONG><a name="[125]"></a>__NVIC_GetPendingIRQ</STRONG> (Thumb, 36 bytes, Stack size 0 bytes, sleep.o(.xip_banned.__NVIC_GetPendingIRQ))
<BR><BR>[Called By]<UL><LI><a href="#[1e6]">&gt;&gt;</a>&nbsp;&nbsp;&nbsp;after_wfi
<LI><a href="#[27]">&gt;&gt;</a>&nbsp;&nbsp;&nbsp;LPWKUP_Handler (via Veneer)
</UL>

<P><STRONG><a name="[1ed]"></a>ble_hclk_clr</STRONG> (Thumb, 22 bytes, Stack size 0 bytes, sleep.o(.xip_banned.ble_hclk_clr), UNUSED)
<BR><BR>[Called By]<UL><LI><a href="#[1eb]">&gt;&gt;</a>&nbsp;&nbsp;&nbsp;before_wfi
</UL>

<P><STRONG><a name="[1e8]"></a>normal_sleep_set</STRONG> (Thumb, 20 bytes, Stack size 0 bytes, sleep.o(.xip_banned.normal_sleep_set))
<BR><BR>[Called By]<UL><LI><a href="#[1e6]">&gt;&gt;</a>&nbsp;&nbsp;&nbsp;after_wfi
<LI><a href="#[1ec]">&gt;&gt;</a>&nbsp;&nbsp;&nbsp;sleep_mode_set
</UL>

<P><STRONG><a name="[1ec]"></a>sleep_mode_set</STRONG> (Thumb, 8 bytes, Stack size 8 bytes, sleep.o(.xip_banned.sleep_mode_set), UNUSED)
<BR><BR>[Calls]<UL><LI><a href="#[1e8]">&gt;&gt;</a>&nbsp;&nbsp;&nbsp;normal_sleep_set
</UL>
<BR>[Called By]<UL><LI><a href="#[1eb]">&gt;&gt;</a>&nbsp;&nbsp;&nbsp;before_wfi
</UL>

<P><STRONG><a name="[1e9]"></a>wait_dpll_lock</STRONG> (Thumb, 30 bytes, Stack size 0 bytes, sleep.o(.xip_banned.wait_dpll_lock))
<BR><BR>[Called By]<UL><LI><a href="#[1e6]">&gt;&gt;</a>&nbsp;&nbsp;&nbsp;after_wfi
</UL>

<P><STRONG><a name="[123]"></a>exti_int_pending</STRONG> (Thumb, 76 bytes, Stack size 8 bytes, sleep.o(i.exti_int_pending))
<BR><BR>[Stack]<UL><LI>Max Depth = 8<LI>Call Chain = exti_int_pending
</UL>
<BR>[Called By]<UL><LI><a href="#[27]">&gt;&gt;</a>&nbsp;&nbsp;&nbsp;LPWKUP_Handler
</UL>

<P><STRONG><a name="[35]"></a>dummy</STRONG> (Thumb, 4 bytes, Stack size 0 bytes, stack_var.o(i.dummy))
<BR>[Address Reference Count : 1]<UL><LI> stack_var.o(i.main_task_app_init)
</UL>
<P><STRONG><a name="[6]"></a>Default_Handler</STRONG> (Thumb, 2 bytes, Stack size 0 bytes, startup.o(.xip_banned))
<BR><BR>[Calls]<UL><LI><a href="#[6]">&gt;&gt;</a>&nbsp;&nbsp;&nbsp;Default_Handler
</UL>
<BR>[Called By]<UL><LI><a href="#[6]">&gt;&gt;</a>&nbsp;&nbsp;&nbsp;Default_Handler
</UL>
<BR>[Address Reference Count : 1]<UL><LI> startup.o(RESET)
</UL>
<P><STRONG><a name="[12b]"></a>_DoInit</STRONG> (Thumb, 74 bytes, Stack size 8 bytes, segger_rtt.o(i._DoInit))
<BR><BR>[Stack]<UL><LI>Max Depth = 8<LI>Call Chain = _DoInit
</UL>
<BR>[Calls]<UL><LI><a href="#[12d]">&gt;&gt;</a>&nbsp;&nbsp;&nbsp;strcpy
</UL>
<BR>[Called By]<UL><LI><a href="#[12a]">&gt;&gt;</a>&nbsp;&nbsp;&nbsp;SEGGER_RTT_Init
<LI><a href="#[12c]">&gt;&gt;</a>&nbsp;&nbsp;&nbsp;SEGGER_RTT_PutCharSkip
</UL>

<P><STRONG><a name="[52]"></a>app_msg_handler</STRONG> (Thumb, 772 bytes, Stack size unknown bytes, libfw.o(.text.app_msg_handler))
<BR><BR>[Stack]<UL><LI>Max Depth = 332 + Unknown Stack Size
<LI>Call Chain = app_msg_handler &rArr; gap_manager_gapc_bond_ind_handler &rArr; ble_storage_write_bonding_info &rArr; nvds_put &rArr; tinyfs_write &rArr; do_tinyfs_write &rArr; record_write &rArr; garbage_collect_try &rArr; section_garbage_collection &rArr; section_copy &rArr; node_list_copy &rArr; node_copy &rArr; record_add_write &rArr; node_write &rArr; section_head_write &rArr; crc16ccitt &rArr; crc16_lookup
</UL>
<BR>[Calls]<UL><LI><a href="#[80]">&gt;&gt;</a>&nbsp;&nbsp;&nbsp;ls_assert
<LI><a href="#[a9]">&gt;&gt;</a>&nbsp;&nbsp;&nbsp;dev_manager_gapm_activity_stopped_ind_handler
<LI><a href="#[8f]">&gt;&gt;</a>&nbsp;&nbsp;&nbsp;gap_manager_gapc_get_rssi_ind_handler
<LI><a href="#[87]">&gt;&gt;</a>&nbsp;&nbsp;&nbsp;gap_manager_gapc_bond_req_ind_handler
<LI><a href="#[88]">&gt;&gt;</a>&nbsp;&nbsp;&nbsp;gap_manager_gapc_bond_ind_handler
<LI><a href="#[a0]">&gt;&gt;</a>&nbsp;&nbsp;&nbsp;dev_manager_gapm_start_activity_cmp
<LI><a href="#[90]">&gt;&gt;</a>&nbsp;&nbsp;&nbsp;gatt_manager_gattc_cmp_evt_handler
<LI><a href="#[9c]">&gt;&gt;</a>&nbsp;&nbsp;&nbsp;dev_manager_gapm_reset_cmp
<LI><a href="#[8e]">&gt;&gt;</a>&nbsp;&nbsp;&nbsp;gap_manager_gapc_get_dev_info_req_ind_handler
<LI><a href="#[9f]">&gt;&gt;</a>&nbsp;&nbsp;&nbsp;dev_manager_gapm_create_activity_cmp
<LI><a href="#[9d]">&gt;&gt;</a>&nbsp;&nbsp;&nbsp;__gnu_thumb1_case_shi
<LI><a href="#[95]">&gt;&gt;</a>&nbsp;&nbsp;&nbsp;gatt_manager_gattc_disc_char_desc_ind_handler
<LI><a href="#[85]">&gt;&gt;</a>&nbsp;&nbsp;&nbsp;gap_manager_gapc_conn_req_ind_handler
<LI><a href="#[a2]">&gt;&gt;</a>&nbsp;&nbsp;&nbsp;dev_manager_gapm_delete_activity_cmp
<LI><a href="#[8d]">&gt;&gt;</a>&nbsp;&nbsp;&nbsp;gap_manager_gapc_param_updated_ind_handler
<LI><a href="#[8c]">&gt;&gt;</a>&nbsp;&nbsp;&nbsp;gap_manager_gapc_param_update_req_ind_handler
<LI><a href="#[a6]">&gt;&gt;</a>&nbsp;&nbsp;&nbsp;dev_manager_gapm_profile_added_ind_handler
<LI><a href="#[92]">&gt;&gt;</a>&nbsp;&nbsp;&nbsp;gatt_manager_gattc_disc_svc_ind_handler
<LI><a href="#[9a]">&gt;&gt;</a>&nbsp;&nbsp;&nbsp;gatt_manager_gattc_write_req_ind_handler
<LI><a href="#[a3]">&gt;&gt;</a>&nbsp;&nbsp;&nbsp;ble_storage_gapm_resolv_addr_cmp
<LI><a href="#[8b]">&gt;&gt;</a>&nbsp;&nbsp;&nbsp;gap_manager_gapc_security_ind_handler
<LI><a href="#[a8]">&gt;&gt;</a>&nbsp;&nbsp;&nbsp;dev_manager_gapm_activity_created_ind_handler
<LI><a href="#[ac]">&gt;&gt;</a>&nbsp;&nbsp;&nbsp;dev_manager_gattm_add_svc_rsp_handler
<LI><a href="#[9b]">&gt;&gt;</a>&nbsp;&nbsp;&nbsp;gatt_manager_gattc_att_info_req_ind_handler
<LI><a href="#[a1]">&gt;&gt;</a>&nbsp;&nbsp;&nbsp;dev_manager_gapm_stop_activity_cmp
<LI><a href="#[8a]">&gt;&gt;</a>&nbsp;&nbsp;&nbsp;gap_manager_gapc_encrypt_ind_handler
<LI><a href="#[94]">&gt;&gt;</a>&nbsp;&nbsp;&nbsp;gatt_manager_gattc_disc_char_ind_handler
<LI><a href="#[98]">&gt;&gt;</a>&nbsp;&nbsp;&nbsp;gatt_manager_gattc_event_req_ind_handler
<LI><a href="#[9e]">&gt;&gt;</a>&nbsp;&nbsp;&nbsp;dev_manager_gapm_set_dev_config_cmp
<LI><a href="#[83]">&gt;&gt;</a>&nbsp;&nbsp;&nbsp;gap_manager_gapc_le_phy_ind_handler
<LI><a href="#[aa]">&gt;&gt;</a>&nbsp;&nbsp;&nbsp;dev_manager_gapm_ext_adv_report_ind_handler
<LI><a href="#[96]">&gt;&gt;</a>&nbsp;&nbsp;&nbsp;gatt_manager_gattc_read_ind_handler
<LI><a href="#[89]">&gt;&gt;</a>&nbsp;&nbsp;&nbsp;gap_manager_gapc_encrypt_req_ind_handler
<LI><a href="#[81]">&gt;&gt;</a>&nbsp;&nbsp;&nbsp;__gnu_thumb1_case_uhi
<LI><a href="#[a4]">&gt;&gt;</a>&nbsp;&nbsp;&nbsp;dev_manager_gapm_set_adv_data_cmp
<LI><a href="#[ab]">&gt;&gt;</a>&nbsp;&nbsp;&nbsp;dev_manager_gapm_scan_request_ind_handler
<LI><a href="#[ad]">&gt;&gt;</a>&nbsp;&nbsp;&nbsp;prf_ls_sig_mesh_handler
<LI><a href="#[93]">&gt;&gt;</a>&nbsp;&nbsp;&nbsp;gatt_manager_gattc_disc_svc_incl_ind_handler
<LI><a href="#[84]">&gt;&gt;</a>&nbsp;&nbsp;&nbsp;gap_manager_gapc_cmp_evt_handler
<LI><a href="#[99]">&gt;&gt;</a>&nbsp;&nbsp;&nbsp;gatt_manager_gattc_read_req_ind_handler
<LI><a href="#[a5]">&gt;&gt;</a>&nbsp;&nbsp;&nbsp;dev_manager_gapm_set_scan_rsp_data_cmp
<LI><a href="#[a7]">&gt;&gt;</a>&nbsp;&nbsp;&nbsp;ble_storage_gapm_addr_solved_ind_handler
<LI><a href="#[82]">&gt;&gt;</a>&nbsp;&nbsp;&nbsp;__gnu_thumb1_case_sqi
<LI><a href="#[91]">&gt;&gt;</a>&nbsp;&nbsp;&nbsp;gatt_manager_gattc_mtu_exchanged_ind_handler
<LI><a href="#[86]">&gt;&gt;</a>&nbsp;&nbsp;&nbsp;gap_manager_gapc_disconnect_ind_handler
<LI><a href="#[97]">&gt;&gt;</a>&nbsp;&nbsp;&nbsp;gatt_manager_gattc_event_ind_handler
</UL>
<BR>[Address Reference Count : 1]<UL><LI> libfw.o(.rodata.app_msg_handler_tab)
</UL>
<P><STRONG><a name="[16]"></a>bond_cfm_ltk_fill</STRONG> (Thumb, 10 bytes, Stack size unknown bytes, libfw.o(.text.bond_cfm_ltk_fill))
<BR><BR>[Calls]<UL><LI><a href="#[7a]">&gt;&gt;</a>&nbsp;&nbsp;&nbsp;memcpy
</UL>
<BR>[Address Reference Count : 1]<UL><LI> libfw.o(.text.gap_manager_gapc_bond_req_ind_handler)
</UL>
<P><STRONG><a name="[c4]"></a>pair_done_evt</STRONG> (Thumb, 44 bytes, Stack size unknown bytes, libfw.o(.text.pair_done_evt))
<BR><BR>[Called By]<UL><LI><a href="#[88]">&gt;&gt;</a>&nbsp;&nbsp;&nbsp;gap_manager_gapc_bond_ind_handler
</UL>

<P><STRONG><a name="[1b]"></a>bond_cfm_tk_fill</STRONG> (Thumb, 10 bytes, Stack size unknown bytes, libfw.o(.text.bond_cfm_tk_fill))
<BR><BR>[Calls]<UL><LI><a href="#[7a]">&gt;&gt;</a>&nbsp;&nbsp;&nbsp;memcpy
</UL>
<BR>[Address Reference Count : 1]<UL><LI> libfw.o(.text.gap_manager_tk_set)
</UL>
<P><STRONG><a name="[c6]"></a>gapc_bond_cfm_send</STRONG> (Thumb, 52 bytes, Stack size unknown bytes, libfw.o(.text.gapc_bond_cfm_send))
<BR><BR>[Calls]<UL><LI><a href="#[7e]">&gt;&gt;</a>&nbsp;&nbsp;&nbsp;ke_msg_send
<LI><a href="#[7d]">&gt;&gt;</a>&nbsp;&nbsp;&nbsp;ke_msg_alloc
</UL>
<BR>[Called By]<UL><LI><a href="#[87]">&gt;&gt;</a>&nbsp;&nbsp;&nbsp;gap_manager_gapc_bond_req_ind_handler
<LI><a href="#[cc]">&gt;&gt;</a>&nbsp;&nbsp;&nbsp;gap_manager_tk_set
<LI><a href="#[c5]">&gt;&gt;</a>&nbsp;&nbsp;&nbsp;gap_manager_slave_pair_response_send
</UL>

<P><STRONG><a name="[19]"></a>bond_search_callback</STRONG> (Thumb, 208 bytes, Stack size unknown bytes, libfw.o(.text.bond_search_callback))
<BR><BR>[Stack]<UL><LI>Max Depth = 168 + Unknown Stack Size
<LI>Call Chain = bond_search_callback &rArr; ble_storage_read_bonding_info &rArr; nvds_get &rArr; tinyfs_read &rArr; do_tinyfs_read &rArr; node_data_read &rArr; nvm_read_node &rArr; tinyfs_nvm_read_with_cache
</UL>
<BR>[Calls]<UL><LI><a href="#[b4]">&gt;&gt;</a>&nbsp;&nbsp;&nbsp;ble_storage_read_bonding_info
<LI><a href="#[b5]">&gt;&gt;</a>&nbsp;&nbsp;&nbsp;ble_storage_read_peer_client_info
<LI><a href="#[7e]">&gt;&gt;</a>&nbsp;&nbsp;&nbsp;ke_msg_send
<LI><a href="#[7d]">&gt;&gt;</a>&nbsp;&nbsp;&nbsp;ke_msg_alloc
<LI><a href="#[b6]">&gt;&gt;</a>&nbsp;&nbsp;&nbsp;ble_storage_read_peer_server_info
</UL>
<BR>[Address Reference Count : 1]<UL><LI> libfw.o(.text.gap_manager_gapc_conn_req_ind_handler)
</UL>
<P><STRONG><a name="[17]"></a>bond_cfm_irk_fill</STRONG> (Thumb, 42 bytes, Stack size unknown bytes, libfw.o(.text.bond_cfm_irk_fill))
<BR><BR>[Calls]<UL><LI><a href="#[b8]">&gt;&gt;</a>&nbsp;&nbsp;&nbsp;gapm_get_bdaddr
<LI><a href="#[7a]">&gt;&gt;</a>&nbsp;&nbsp;&nbsp;memcpy
<LI><a href="#[ba]">&gt;&gt;</a>&nbsp;&nbsp;&nbsp;gapm_get_irk
<LI><a href="#[b9]">&gt;&gt;</a>&nbsp;&nbsp;&nbsp;gapm_get_address_type
</UL>
<BR>[Address Reference Count : 1]<UL><LI> libfw.o(.text.gap_manager_gapc_bond_req_ind_handler)
</UL>
<P><STRONG><a name="[18]"></a>bond_cfm_csrk_fill</STRONG> (Thumb, 10 bytes, Stack size unknown bytes, libfw.o(.text.bond_cfm_csrk_fill))
<BR><BR>[Stack]<UL><LI>Max Depth = 16 + Unknown Stack Size
<LI>Call Chain = bond_cfm_csrk_fill &rArr; rand_gen_by_word
</UL>
<BR>[Calls]<UL><LI><a href="#[79]">&gt;&gt;</a>&nbsp;&nbsp;&nbsp;rand_gen_by_word
</UL>
<BR>[Address Reference Count : 1]<UL><LI> libfw.o(.text.gap_manager_gapc_bond_req_ind_handler)
</UL>
<P><STRONG><a name="[1a]"></a>bond_cfm_pair_feat_fill</STRONG> (Thumb, 34 bytes, Stack size unknown bytes, libfw.o(.text.bond_cfm_pair_feat_fill))
<BR>[Address Reference Count : 1]<UL><LI> libfw.o(.text.gap_manager_slave_pair_response_send)
</UL>
<P><STRONG><a name="[c9]"></a>passkey_set</STRONG> (Thumb, 34 bytes, Stack size unknown bytes, libfw.o(.text.passkey_set))
<BR><BR>[Calls]<UL><LI><a href="#[d5]">&gt;&gt;</a>&nbsp;&nbsp;&nbsp;memset
<LI><a href="#[cc]">&gt;&gt;</a>&nbsp;&nbsp;&nbsp;gap_manager_tk_set
</UL>
<BR>[Called By]<UL><LI><a href="#[87]">&gt;&gt;</a>&nbsp;&nbsp;&nbsp;gap_manager_gapc_bond_req_ind_handler
</UL>

<P><STRONG><a name="[1d]"></a>svc_read_req_callback</STRONG> (Thumb, 28 bytes, Stack size unknown bytes, libfw.o(.text.svc_read_req_callback))
<BR>[Address Reference Count : 1]<UL><LI> libfw.o(.text.gatt_manager_gattc_read_req_ind_handler)
</UL>
<P><STRONG><a name="[cf]"></a>gattc_manager_uuidlen_internal_to_user</STRONG> (Thumb, 18 bytes, Stack size unknown bytes, libfw.o(.text.gattc_manager_uuidlen_internal_to_user))
<BR><BR>[Called By]<UL><LI><a href="#[95]">&gt;&gt;</a>&nbsp;&nbsp;&nbsp;gatt_manager_gattc_disc_char_desc_ind_handler
<LI><a href="#[92]">&gt;&gt;</a>&nbsp;&nbsp;&nbsp;gatt_manager_gattc_disc_svc_ind_handler
<LI><a href="#[94]">&gt;&gt;</a>&nbsp;&nbsp;&nbsp;gatt_manager_gattc_disc_char_ind_handler
<LI><a href="#[93]">&gt;&gt;</a>&nbsp;&nbsp;&nbsp;gatt_manager_gattc_disc_svc_incl_ind_handler
</UL>

<P><STRONG><a name="[1e]"></a>svc_write_req_callback</STRONG> (Thumb, 88 bytes, Stack size unknown bytes, libfw.o(.text.svc_write_req_callback))
<BR><BR>[Calls]<UL><LI><a href="#[7e]">&gt;&gt;</a>&nbsp;&nbsp;&nbsp;ke_msg_send
<LI><a href="#[7d]">&gt;&gt;</a>&nbsp;&nbsp;&nbsp;ke_msg_alloc
</UL>
<BR>[Address Reference Count : 1]<UL><LI> libfw.o(.text.gatt_manager_gattc_write_req_ind_handler)
</UL>
<P><STRONG><a name="[d0]"></a>gatt_svc_list_walk_through.isra.0</STRONG> (Thumb, 52 bytes, Stack size unknown bytes, libfw.o(.text.gatt_svc_list_walk_through.isra.0))
<BR><BR>[Called By]<UL><LI><a href="#[9a]">&gt;&gt;</a>&nbsp;&nbsp;&nbsp;gatt_manager_gattc_write_req_ind_handler
<LI><a href="#[99]">&gt;&gt;</a>&nbsp;&nbsp;&nbsp;gatt_manager_gattc_read_req_ind_handler
</UL>

<P><STRONG><a name="[b3]"></a>rpa_resolve_start</STRONG> (Thumb, 152 bytes, Stack size unknown bytes, libfw.o(.text.rpa_resolve_start))
<BR><BR>[Stack]<UL><LI>Max Depth = 168 + Unknown Stack Size
<LI>Call Chain = rpa_resolve_start &rArr; ble_storage_read_bonding_info &rArr; nvds_get &rArr; tinyfs_read &rArr; do_tinyfs_read &rArr; node_data_read &rArr; nvm_read_node &rArr; tinyfs_nvm_read_with_cache
</UL>
<BR>[Calls]<UL><LI><a href="#[7a]">&gt;&gt;</a>&nbsp;&nbsp;&nbsp;memcpy
<LI><a href="#[b4]">&gt;&gt;</a>&nbsp;&nbsp;&nbsp;ble_storage_read_bonding_info
<LI><a href="#[7e]">&gt;&gt;</a>&nbsp;&nbsp;&nbsp;ke_msg_send
<LI><a href="#[7d]">&gt;&gt;</a>&nbsp;&nbsp;&nbsp;ke_msg_alloc
</UL>
<BR>[Called By]<UL><LI><a href="#[a3]">&gt;&gt;</a>&nbsp;&nbsp;&nbsp;ble_storage_gapm_resolv_addr_cmp
<LI><a href="#[b2]">&gt;&gt;</a>&nbsp;&nbsp;&nbsp;ble_storage_bonding_info_search_req
</UL>

<P><STRONG><a name="[1c]"></a>adv_actv_start_param</STRONG> (Thumb, 16 bytes, Stack size unknown bytes, libfw.o(.text.adv_actv_start_param))
<BR>[Address Reference Count : 1]<UL><LI> libfw.o(.text.gapm_adv_activity_start_cmd_send)
</UL>
<P><STRONG><a name="[cd]"></a>gapm_activity_start_cmd_send</STRONG> (Thumb, 96 bytes, Stack size unknown bytes, libfw.o(.text.gapm_activity_start_cmd_send))
<BR><BR>[Stack]<UL><LI>Max Depth = 16 + Unknown Stack Size
<LI>Call Chain = gapm_activity_start_cmd_send &rArr; general_fifo_put
</UL>
<BR>[Calls]<UL><LI><a href="#[80]">&gt;&gt;</a>&nbsp;&nbsp;&nbsp;ls_assert
<LI><a href="#[ce]">&gt;&gt;</a>&nbsp;&nbsp;&nbsp;general_fifo_put
<LI><a href="#[7e]">&gt;&gt;</a>&nbsp;&nbsp;&nbsp;ke_msg_send
<LI><a href="#[7d]">&gt;&gt;</a>&nbsp;&nbsp;&nbsp;ke_msg_alloc
</UL>
<BR>[Called By]<UL><LI><a href="#[c0]">&gt;&gt;</a>&nbsp;&nbsp;&nbsp;gapm_adv_activity_start_cmd_send
</UL>

<P><STRONG><a name="[c0]"></a>gapm_adv_activity_start_cmd_send</STRONG> (Thumb, 20 bytes, Stack size unknown bytes, libfw.o(.text.gapm_adv_activity_start_cmd_send))
<BR><BR>[Stack]<UL><LI>Max Depth = 16 + Unknown Stack Size
<LI>Call Chain = gapm_adv_activity_start_cmd_send &rArr; gapm_activity_start_cmd_send &rArr; general_fifo_put
</UL>
<BR>[Calls]<UL><LI><a href="#[cd]">&gt;&gt;</a>&nbsp;&nbsp;&nbsp;gapm_activity_start_cmd_send
</UL>
<BR>[Called By]<UL><LI><a href="#[a4]">&gt;&gt;</a>&nbsp;&nbsp;&nbsp;dev_manager_gapm_set_adv_data_cmp
<LI><a href="#[a5]">&gt;&gt;</a>&nbsp;&nbsp;&nbsp;dev_manager_gapm_set_scan_rsp_data_cmp
</UL>

<P><STRONG><a name="[133]"></a>_fp_digits</STRONG> (Thumb, 344 bytes, Stack size 64 bytes, printfa.o(i._fp_digits), UNUSED)
<BR><BR>[Calls]<UL><LI><a href="#[57]">&gt;&gt;</a>&nbsp;&nbsp;&nbsp;__aeabi_uldivmod
<LI><a href="#[65]">&gt;&gt;</a>&nbsp;&nbsp;&nbsp;__aeabi_dmul
<LI><a href="#[66]">&gt;&gt;</a>&nbsp;&nbsp;&nbsp;__aeabi_ddiv
<LI><a href="#[6b]">&gt;&gt;</a>&nbsp;&nbsp;&nbsp;__aeabi_dadd
<LI><a href="#[71]">&gt;&gt;</a>&nbsp;&nbsp;&nbsp;__aeabi_d2ulz
<LI><a href="#[134]">&gt;&gt;</a>&nbsp;&nbsp;&nbsp;__aeabi_cdrcmple
</UL>
<BR>[Called By]<UL><LI><a href="#[12f]">&gt;&gt;</a>&nbsp;&nbsp;&nbsp;_printf_core
</UL>

<P><STRONG><a name="[12f]"></a>_printf_core</STRONG> (Thumb, 1760 bytes, Stack size 128 bytes, printfa.o(i._printf_core), UNUSED)
<BR><BR>[Calls]<UL><LI><a href="#[57]">&gt;&gt;</a>&nbsp;&nbsp;&nbsp;__aeabi_uldivmod
<LI><a href="#[c7]">&gt;&gt;</a>&nbsp;&nbsp;&nbsp;__aeabi_uidivmod
<LI><a href="#[135]">&gt;&gt;</a>&nbsp;&nbsp;&nbsp;_printf_pre_padding
<LI><a href="#[136]">&gt;&gt;</a>&nbsp;&nbsp;&nbsp;_printf_post_padding
<LI><a href="#[133]">&gt;&gt;</a>&nbsp;&nbsp;&nbsp;_fp_digits
</UL>
<BR>[Called By]<UL><LI><a href="#[131]">&gt;&gt;</a>&nbsp;&nbsp;&nbsp;__0vprintf
<LI><a href="#[130]">&gt;&gt;</a>&nbsp;&nbsp;&nbsp;__0sprintf
<LI><a href="#[12e]">&gt;&gt;</a>&nbsp;&nbsp;&nbsp;__0printf
</UL>

<P><STRONG><a name="[136]"></a>_printf_post_padding</STRONG> (Thumb, 32 bytes, Stack size 24 bytes, printfa.o(i._printf_post_padding), UNUSED)
<BR><BR>[Called By]<UL><LI><a href="#[12f]">&gt;&gt;</a>&nbsp;&nbsp;&nbsp;_printf_core
</UL>

<P><STRONG><a name="[135]"></a>_printf_pre_padding</STRONG> (Thumb, 44 bytes, Stack size 40 bytes, printfa.o(i._printf_pre_padding), UNUSED)
<BR><BR>[Called By]<UL><LI><a href="#[12f]">&gt;&gt;</a>&nbsp;&nbsp;&nbsp;_printf_core
</UL>

<P><STRONG><a name="[24]"></a>_sputc</STRONG> (Thumb, 10 bytes, Stack size 0 bytes, printfa.o(i._sputc))
<BR><BR>[Called By]<UL><LI><a href="#[130]">&gt;&gt;</a>&nbsp;&nbsp;&nbsp;__0sprintf
</UL>
<BR>[Address Reference Count : 1]<UL><LI> printfa.o(i.__0sprintf)
</UL>
<P><STRONG><a name="[63]"></a>_fp_value</STRONG> (Thumb, 286 bytes, Stack size 72 bytes, scanf_fp.o(.text), UNUSED)
<BR><BR>[Calls]<UL><LI><a href="#[5a]">&gt;&gt;</a>&nbsp;&nbsp;&nbsp;__aeabi_lmul
<LI><a href="#[64]">&gt;&gt;</a>&nbsp;&nbsp;&nbsp;__aeabi_ul2d
<LI><a href="#[65]">&gt;&gt;</a>&nbsp;&nbsp;&nbsp;__aeabi_dmul
<LI><a href="#[66]">&gt;&gt;</a>&nbsp;&nbsp;&nbsp;__aeabi_ddiv
</UL>
<BR>[Called By]<UL><LI><a href="#[67]">&gt;&gt;</a>&nbsp;&nbsp;&nbsp;_scanf_really_real
</UL>

<P><STRONG><a name="[13]"></a>_scanf_char_input</STRONG> (Thumb, 12 bytes, Stack size 0 bytes, scanf_char.o(.text))
<BR>[Address Reference Count : 1]<UL><LI> scanf_char.o(.text)
</UL><P>
<H3>
Undefined Global Symbols
</H3>
<P><STRONG><a name="[56]"></a>__arm_fini_</STRONG> (Unknown, 0 bytes, Stack size 0 bytes, UNDEFINED)
<BR><BR>[Called By]<UL><LI><a href="#[55]">&gt;&gt;</a>&nbsp;&nbsp;&nbsp;__rt_lib_shutdown_fini
</UL>
<HR></body></html>
