<html>
<body>
<pre>
<h1>µVision Build Log</h1>
<h2>Tool Versions:</h2>
IDE-Version: ¦ÌVision V5.36.0.0
Copyright (C) 2021 ARM Ltd and ARM Germany GmbH. All rights reserved.
License Information: 122 4447837, HP Inc., LIC=JL28G-VRIXS-454T5-GD2EK-I2FWP-ZVLZH
 
Tool Versions:
Toolchain:       MDK-ARM Plus  Version: 5.36.0.0
Toolchain Path:  C:\Keil_v5\ARM\ARMCC\Bin
C Compiler:      Armcc.exe V5.06 update 7 (build 960)
Assembler:       Armasm.exe V5.06 update 7 (build 960)
Linker/Locator:  ArmLink.exe V5.06 update 7 (build 960)
Library Manager: ArmAr.exe V5.06 update 7 (build 960)
Hex Converter:   FromElf.exe V5.06 update 7 (build 960)
CPU DLL:         SARMCM3.DLL V5.36.0.0
Dialog DLL:      DCM.DLL V1.17.3.0
Target DLL:      Segger\JL2CM3.dll V2.99.16.0
Dialog DLL:      TCM.DLL V1.53.0.0
 
<h2>Project:</h2>
G:\my_code\Blueooth_code\S9_KeyBoard_V1\S9_KeyBoard_V1.uvprojx
Project File Date:  02/05/2024

<h2>Output:</h2>
*** Using Compiler 'V5.06 update 7 (build 960)', folder: 'C:\Keil_v5\ARM\ARMCC\Bin'
Build target 'S9_KeyBoard_V1'
compiling main.c...
linking...
Program Size: Code=33376 RO-data=1712 RW-data=244 ZI-data=28312  
After Build - User command #1: .\tools\le501x\after_build.bat SMART_S9 . 402866176 ./soc/arm_cm/le501x/bin/fw.hex
G:\my_code\Blueooth_code\S9_KeyBoard_V1>.\tools\srec_cat.exe -o .\Objects\info_sbl.hex -I .\soc\arm_cm\le501x\bin\bram.bin -Bin -of 0x18000300 -crc32-l-e -max-a .\soc\arm_cm\le501x\bin\bram.bin -Bin -of 0x18000300 .\tools\le501x\info.bin -Bin -of 0x18000000 -gen 0x1800001c 0x18000020 -const-l-e 0x18000300 4 -gen 0x18000020 0x18000024 -const-l-e -l .\soc\arm_cm\le501x\bin\bram.bin -Bin 4 -gen 0x18000024 0x18000028 -const-l-e 402866176 4 -gen 0x1800002c 0x18000030 -const-l-e 0x1807c000 4 -gen 0x18000030 0x18000036 -rep-d 0xff 0xff 0xff 0xff 0xff 0xff  
G:\my_code\Blueooth_code\S9_KeyBoard_V1>fromelf --bin --output=.\Objects\SMART_S9.ota.bin .\Objects\SMART_S9.axf 
G:\my_code\Blueooth_code\S9_KeyBoard_V1>fromelf --i32 --output=.\Objects\SMART_S9.hex .\Objects\SMART_S9.axf 
G:\my_code\Blueooth_code\S9_KeyBoard_V1>if "./soc/arm_cm/le501x/bin/fw.hex" NEQ "" (.\tools\srec_cat.exe -Output .\Objects\SMART_S9_production_temp.hex -Intel .\Objects\info_sbl.hex -Intel .\Objects\SMART_S9.hex -Intel .\./soc/arm_cm/le501x/bin/fw.hex -Intel )  else (.\tools\srec_cat.exe -Output .\Objects\SMART_S9_production_temp.hex -Intel .\Objects\info_sbl.hex -Intel .\Objects\SMART_S9.hex -Intel ) 
G:\my_code\Blueooth_code\S9_KeyBoard_V1>fromelf -c -a -d -e -v -o .\Objects\SMART_S9.asm .\Objects\SMART_S9.axf 
G:\my_code\Blueooth_code\S9_KeyBoard_V1>.\tools\srec_cat.exe -Output .\Objects\SMART_S9_production.hex -I .\Objects\SMART_S9_production_temp.hex -I .\tools\le501x\SMART_S9.ota(data1).bin -Bin -of 0x18057F00 -gen 0x1807BE00 0x1807BE04 -const-l-e 1 4 -gen 0x1807BE04 0x1807BE08 -const-l-e 1 4 -gen 0x1807BE08 0x1807BE0c -const-l-e 0x18034000 4 -gen 0x1807BE0c 0x1807BE10 -const-l-e 0xFFFFFFFF 4 -gen 0x1807BE10 0x1807BE14 -const-l-e 0xFFFFFFFF 4 -gen 0x1807BE14 0x1807BE18 -const-l-e 0xFFFFFFFF 4 -gen 0x1807BE18 0x1807BE1c -const-l-e 0x00000000 4 -gen 0x1807BE1c 0x1807BE20 -const-l-e 0xFFFFFFFF 4 -gen 0x18057E00 0x18057E01 -const-l-e 0x00 1  
".\Objects\SMART_S9_production.hex" - 0 Error(s), 0 Warning(s).

<h2>Software Packages used:</h2>

Package Vendor: Linkedsemi
                https://www.linkedsemi.com/Linkedsemi.DFP.1.0.0.pack
                Linkedsemi.DFP.1.0.0
                Linkedsemi LE5xxx and LM30xx Series Device Support, Drivers and Examples

<h2>Collection of Component include folders:</h2>
  C:\Users\44478\AppData\Local\Arm\Packs\Linkedsemi\DFP\1.0.0\Device\ARM\ARMCM0\Include

<h2>Collection of Component Files used:</h2>
Build Time Elapsed:  00:00:02
</pre>
</body>
</html>
