Component: ARM Compiler 5.06 update 7 (build 960) Tool: armlink [4d3601]

==============================================================================

Section Cross References

    main.o(i.main) refers to platform.o(i.ble_loop) for ble_loop
    main.o(i.main) refers to system_init.o(.data) for System_Init
    public.o(i.Public_Delay_Ms) refers to delay_asm.o(.xip_banned.arm_cm_delay_asm) for arm_cm_delay_asm
    public.o(.data) refers to public.o(i.Public_Delay_Ms) for Public_Delay_Ms
    public.o(.data) refers to public.o(i.Public_BufferInit) for Public_BufferInit
    system_init.o(i.Hardware_Init) refers to platform.o(i.sys_init_app) for sys_init_app
    system_init.o(i.Hardware_Init) refers to segger_rtt.o(i.SEGGER_RTT_Init) for SEGGER_RTT_Init
    system_init.o(i.Hardware_Init) refers to libfw.o(.text.ble_init) for ble_init
    system_init.o(i.Hardware_Init) refers to system_init.o(i.System_Info_Init) for System_Info_Init
    system_init.o(i.Hardware_Init) refers to bsp_led.o(.data) for Bsp_Led
    system_init.o(i.Hardware_Init) refers to bsp_power.o(.data) for Bsp_Power
    system_init.o(i.Hardware_Init) refers to bsp_key.o(.data) for Bsp_Key
    system_init.o(i.Hardware_Init) refers to bsp_adc.o(.data) for Bsp_Adc
    system_init.o(i.Hardware_Init) refers to bsp_encoder.o(.data) for Bsp_Encoder
    system_init.o(i.Hardware_Init) refers to bsp_uart.o(.data) for Bsp_Uart
    system_init.o(i.Hardware_Init) refers to bsp_bluetooth.o(.data) for Bsp_BlueTooth
    system_init.o(i.Hardware_Init) refers to bsp_dog.o(.data) for Bsp_Dog
    system_init.o(i.Hardware_Init) refers to system_init.o(.bss) for System_Status
    system_init.o(i.System_Info_Init) refers to bsp_boot.o(.data) for Bsp_Boot
    system_init.o(i.System_Info_Init) refers to bsp_bluetooth.o(.data) for Bsp_BlueTooth
    system_init.o(.data) refers to system_init.o(i.Hardware_Init) for Hardware_Init
    callback.o(i.HAL_ADCEx_InjectedConvCpltCallback) refers to bsp_adc.o(.data) for Bsp_Adc
    callback.o(i.HAL_UART_RxCpltCallback) refers to bsp_uart.o(.data) for Bsp_Uart
    callback.o(i.HAL_UART_TxCpltCallback) refers to bsp_uart.o(.data) for Bsp_Uart
    callback.o(i.io_exti_callback) refers to bsp_key.o(.data) for Bsp_Key
    callback.o(i.io_exti_callback) refers to bsp_power.o(.data) for Bsp_Power
    bsp_adc.o(i.Bsp_Adc_Capture_Handler) refers to ls_hal_adc.o(i.HAL_ADCEx_InjectedGetValue) for HAL_ADCEx_InjectedGetValue
    bsp_adc.o(i.Bsp_Adc_Capture_Handler) refers to dfltui.o(.text) for __aeabi_ui2d
    bsp_adc.o(i.Bsp_Adc_Capture_Handler) refers to dmul.o(.text) for __aeabi_dmul
    bsp_adc.o(i.Bsp_Adc_Capture_Handler) refers to ddiv.o(.text) for __aeabi_ddiv
    bsp_adc.o(i.Bsp_Adc_Capture_Handler) refers to dfixui.o(.text) for __aeabi_d2uiz
    bsp_adc.o(i.Bsp_Adc_Capture_Handler) refers to bsp_adc.o(i.vRocker_Up_Handler) for vRocker_Up_Handler
    bsp_adc.o(i.Bsp_Adc_Capture_Handler) refers to bsp_adc.o(i.vRocker_Down_Handler) for vRocker_Down_Handler
    bsp_adc.o(i.Bsp_Adc_Capture_Handler) refers to bsp_adc.o(i.vRocker_Left_Handler) for vRocker_Left_Handler
    bsp_adc.o(i.Bsp_Adc_Capture_Handler) refers to bsp_adc.o(i.vRocker_Right_Handler) for vRocker_Right_Handler
    bsp_adc.o(i.Bsp_Adc_Capture_Handler) refers to bsp_adc.o(i.vRocker_CenterSlide_Handler) for vRocker_CenterSlide_Handler
    bsp_adc.o(i.Bsp_Adc_Capture_Handler) refers to bsp_adc.o(.data) for Bsp_Adc
    bsp_adc.o(i.Bsp_Adc_Capture_Handler) refers to system_init.o(.bss) for System_Status
    bsp_adc.o(i.Bsp_Adc_Capture_Handler) refers to bsp_systimer.o(.bss) for Bsp_SysTimerCount
    bsp_adc.o(i.Bsp_Adc_Capture_Handler) refers to bsp_power.o(.data) for Bsp_Power
    bsp_adc.o(i.Bsp_Adc_Init) refers to ls_soc_gpio.o(i.io_clr_pin) for io_clr_pin
    bsp_adc.o(i.Bsp_Adc_Init) refers to ls_soc_gpio.o(i.io_cfg_output) for io_cfg_output
    bsp_adc.o(i.Bsp_Adc_Init) refers to ls_soc_gpio.o(i.pinmux_adc12b_in5_init) for pinmux_adc12b_in5_init
    bsp_adc.o(i.Bsp_Adc_Init) refers to ls_soc_gpio.o(i.pinmux_adc12b_in4_init) for pinmux_adc12b_in4_init
    bsp_adc.o(i.Bsp_Adc_Init) refers to ls_hal_adc.o(i.HAL_ADC_Init) for HAL_ADC_Init
    bsp_adc.o(i.Bsp_Adc_Init) refers to memseta.o(.text) for __aeabi_memclr4
    bsp_adc.o(i.Bsp_Adc_Init) refers to ls_hal_adc.o(i.HAL_ADCEx_InjectedConfigChannel) for HAL_ADCEx_InjectedConfigChannel
    bsp_adc.o(i.Bsp_Adc_Init) refers to ls_soc_gpio.o(i.io_read_pin) for io_read_pin
    bsp_adc.o(i.Bsp_Adc_Init) refers to ls_soc_gpio.o(i.io_set_pin) for io_set_pin
    bsp_adc.o(i.Bsp_Adc_Init) refers to bsp_adc.o(.bss) for hadc
    bsp_adc.o(i.Shutdown_Rocker_Check_Handler) refers to ls_hal_flash.o(i.hal_flash_page_erase) for hal_flash_page_erase
    bsp_adc.o(i.Shutdown_Rocker_Check_Handler) refers to ls_hal_flash.o(i.hal_flash_quad_page_program) for hal_flash_quad_page_program
    bsp_adc.o(i.Shutdown_Rocker_Check_Handler) refers to libfw.o(.text.dev_manager_set_mac_addr) for dev_manager_set_mac_addr
[...]
    0x180376d4   0x180376d4   0x00000004   Code   RO        10247    .text.cscpc_prf_itf_get  libfw.o
    0x180376d8   0x180376d8   0x00000004   Code   RO        10248    .text.cscps_prf_itf_get  libfw.o
    0x180376dc   0x180376dc   0x0000000a   Code   RO        10401    .text.dev_manager_add_service  libfw.o
    0x180376e6   0x180376e6   0x00000092   Code   RO        10400    .text.dev_manager_add_service_with_start_handle  libfw.o
    0x18037778   0x18037778   0x00000084   Code   RO        10392    .text.dev_manager_create_adv_object  libfw.o
    0x180377fc   0x180377fc   0x0000000c   Code   RO        10405    .text.dev_manager_create_legacy_adv_object  libfw.o
    0x18037808   0x18037808   0x0000000c   Code   RO        10422    .text.dev_manager_gapm_activity_created_ind_handler  libfw.o
    0x18037814   0x18037814   0x00000044   Code   RO        10414    .text.dev_manager_gapm_activity_stopped_ind_handler  libfw.o
    0x18037858   0x18037858   0x0000004c   Code   RO        10428    .text.dev_manager_gapm_create_activity_cmp  libfw.o
    0x180378a4   0x180378a4   0x00000020   Code   RO        10427    .text.dev_manager_gapm_delete_activity_cmp  libfw.o
    0x180378c4   0x180378c4   0x00000030   Code   RO        10423    .text.dev_manager_gapm_ext_adv_report_ind_handler  libfw.o
    0x180378f4   0x180378f4   0x0000006c   Code   RO        10429    .text.dev_manager_gapm_profile_added_ind_handler  libfw.o
    0x18037960   0x18037960   0x00000040   Code   RO        10430    .text.dev_manager_gapm_profile_task_add_cmd_send  libfw.o
    0x180379a0   0x180379a0   0x00000028   Code   RO        10398    .text.dev_manager_gapm_reset_cmp  libfw.o
    0x180379c8   0x180379c8   0x00000020   Code   RO        10424    .text.dev_manager_gapm_scan_request_ind_handler  libfw.o
    0x180379e8   0x180379e8   0x00000074   Code   RO        10416    .text.dev_manager_gapm_set_adv_data_cmp  libfw.o
    0x18037a5c   0x18037a5c   0x00000028   Code   RO        10399    .text.dev_manager_gapm_set_dev_config_cmp  libfw.o
    0x18037a84   0x18037a84   0x00000028   Code   RO        10421    .text.dev_manager_gapm_set_scan_rsp_data_cmp  libfw.o
    0x18037aac   0x18037aac   0x00000064   Code   RO        10425    .text.dev_manager_gapm_start_activity_cmp  libfw.o
    0x18037b10   0x18037b10   0x00000002   Code   RO        10426    .text.dev_manager_gapm_stop_activity_cmp  libfw.o
    0x18037b12   0x18037b12   0x00000002   PAD
    0x18037b14   0x18037b14   0x0000001c   Code   RO        10402    .text.dev_manager_gattm_add_svc_rsp_handler  libfw.o
    0x18037b30   0x18037b30   0x00000020   Code   RO        10431    .text.dev_manager_get_identity_bdaddr  libfw.o
    0x18037b50   0x18037b50   0x00000020   Code   RO        10395    .text.dev_manager_init  libfw.o
    0x18037b70   0x18037b70   0x00000030   Code   RO        10453    .text.dev_manager_prf_bass_server_add  libfw.o
    0x18037ba0   0x18037ba0   0x00000030   Code   RO        10448    .text.dev_manager_prf_hid_server_add  libfw.o
    0x18037bd0   0x18037bd0   0x00000012   Code   RO        10407    .text.dev_manager_set_mac_addr  libfw.o
    0x18037be2   0x18037be2   0x00000002   PAD
    0x18037be4   0x18037be4   0x000000c0   Code   RO        10397    .text.dev_manager_stack_init  libfw.o
    0x18037ca4   0x18037ca4   0x00000060   Code   RO        10412    .text.dev_manager_start_adv  libfw.o
    0x18037d04   0x18037d04   0x00000004   Code   RO        10227    .text.disc_prf_itf_get  libfw.o
    0x18037d08   0x18037d08   0x0000002c   Code   RO        10510    .text.diss_handle_to_value  libfw.o
    0x18037d34   0x18037d34   0x00000004   Code   RO        10260    .text.envc_prf_itf_get  libfw.o
    0x18037d38   0x18037d38   0x00000004   Code   RO        10259    .text.envs_prf_itf_get  libfw.o
    0x18037d3c   0x18037d3c   0x00000004   Code   RO        10234    .text.findl_prf_itf_get  libfw.o
    0x18037d40   0x18037d40   0x00000004   Code   RO        10235    .text.findt_prf_itf_get  libfw.o
    0x18037d44   0x18037d44   0x00000048   Code   RO        10513    .text.fotas_gattc_send_evt_cmd.constprop.0  libfw.o
    0x18037d8c   0x18037d8c   0x00000028   Code   RO        10217    .text.func_post     libfw.o
    0x18037db4   0x18037db4   0x00000074   Code   RO        10523    .text.fw_digest_check  libfw.o
    0x18037e28   0x18037e28   0x00000024   Code   RO        10297    .text.gap_manager_disconnect  libfw.o
    0x18037e4c   0x18037e4c   0x00000168   Code   RO        10310    .text.gap_manager_gapc_bond_ind_handler  libfw.o
    0x18037fb4   0x18037fb4   0x0000017c   Code   RO        10326    .text.gap_manager_gapc_bond_req_ind_handler  libfw.o
    0x18038130   0x18038130   0x00000044   Code   RO        10299    .text.gap_manager_gapc_cmp_evt_handler  libfw.o
    0x18038174   0x18038174   0x00000034   Code   RO        10300    .text.gap_manager_gapc_conn_req_ind_handler  libfw.o
    0x180381a8   0x180381a8   0x00000018   Code   RO        10301    .text.gap_manager_gapc_disconnect_ind_handler  libfw.o
    0x180381c0   0x180381c0   0x00000018   Code   RO        10312    .text.gap_manager_gapc_encrypt_ind_handler  libfw.o
    0x180381d8   0x180381d8   0x00000090   Code   RO        10311    .text.gap_manager_gapc_encrypt_req_ind_handler  libfw.o
    0x18038268   0x18038268   0x000000c8   Code   RO        10320    .text.gap_manager_gapc_get_dev_info_req_ind_handler  libfw.o
    0x18038330   0x18038330   0x00000018   Code   RO        10321    .text.gap_manager_gapc_get_rssi_ind_handler  libfw.o
    0x18038348   0x18038348   0x00000020   Code   RO        10302    .text.gap_manager_gapc_le_phy_ind_handler  libfw.o
    0x18038368   0x18038368   0x00000040   Code   RO        10318    .text.gap_manager_gapc_param_update_req_ind_handler  libfw.o
    0x180383a8   0x180383a8   0x00000014   Code   RO        10319    .text.gap_manager_gapc_param_updated_ind_handler  libfw.o
    0x180383bc   0x180383bc   0x00000018   Code   RO        10313    .text.gap_manager_gapc_security_ind_handler  libfw.o
    0x180383d4   0x180383d4   0x00000016   Code   RO        10323    .text.gap_manager_get_peer_addr  libfw.o
    0x180383ea   0x180383ea   0x00000002   PAD
    0x180383ec   0x180383ec   0x00000028   Code   RO        10295    .text.gap_manager_init  libfw.o
    0x18038414   0x18038414   0x00000020   Code   RO        10308    .text.gap_manager_passkey_input  libfw.o
    0x18038434   0x18038434   0x00000030   Code   RO        10317    .text.gap_manager_set_pkt_size  libfw.o
    0x18038464   0x18038464   0x00000034   Code   RO        10325    .text.gap_manager_slave_pair_response_send  libfw.o
    0x18038498   0x18038498   0x00000018   Code   RO        10305    .text.gap_manager_tk_set  libfw.o
    0x180384b0   0x180384b0   0x00000034   Code   RO        10289    .text.gapc_bond_cfm_send  libfw.o
    0x180384e4   0x180384e4   0x00000060   Code   RO        10393    .text.gapm_activity_start_cmd_send  libfw.o
    0x18038544   0x18038544   0x00000014   Code   RO        10394    .text.gapm_adv_activity_start_cmd_send  libfw.o
    0x18038558   0x18038558   0x00000024   Code   RO        10351    .text.gatt_manager_gattc_att_info_req_ind_handler  libfw.o
    0x1803857c   0x1803857c   0x00000090   Code   RO        10338    .text.gatt_manager_gattc_cmp_evt_handler  libfw.o
    0x1803860c   0x1803860c   0x00000030   Code   RO        10368    .text.gatt_manager_gattc_disc_char_desc_ind_handler  libfw.o
    0x1803863c   0x1803863c   0x00000038   Code   RO        10367    .text.gatt_manager_gattc_disc_char_ind_handler  libfw.o
    0x18038674   0x18038674   0x00000034   Code   RO        10366    .text.gatt_manager_gattc_disc_svc_incl_ind_handler  libfw.o
    0x180386a8   0x180386a8   0x00000034   Code   RO        10365    .text.gatt_manager_gattc_disc_svc_ind_handler  libfw.o
    0x180386dc   0x180386dc   0x00000040   Code   RO        10343    .text.gatt_manager_gattc_event_ind_handler  libfw.o
    0x1803871c   0x1803871c   0x00000040   Code   RO        10342    .text.gatt_manager_gattc_event_req_ind_handler  libfw.o
    0x1803875c   0x1803875c   0x0000001c   Code   RO        10339    .text.gatt_manager_gattc_mtu_exchanged_ind_handler  libfw.o
    0x18038778   0x18038778   0x00000028   Code   RO        10369    .text.gatt_manager_gattc_read_ind_handler  libfw.o
    0x180387a0   0x180387a0   0x00000014   Code   RO        10349    .text.gatt_manager_gattc_read_req_ind_handler  libfw.o
    0x180387b4   0x180387b4   0x00000014   Code   RO        10350    .text.gatt_manager_gattc_write_req_ind_handler  libfw.o
    0x180387c8   0x180387c8   0x0000000a   Code   RO        10348    .text.gatt_manager_get_svc_att_handle  libfw.o
    0x180387d2   0x180387d2   0x00000002   PAD
    0x180387d4   0x180387d4   0x00000018   Code   RO        10352    .text.gatt_manager_init  libfw.o
    0x180387ec   0x180387ec   0x00000040   Code   RO        10347    .text.gatt_manager_server_read_req_reply  libfw.o
    0x1803882c   0x1803882c   0x00000010   Code   RO        10344    .text.gatt_manager_server_send_notification  libfw.o
    0x1803883c   0x1803883c   0x00000014   Code   RO        10354    .text.gatt_manager_svc_register  libfw.o
    0x18038850   0x18038850   0x00000034   Code   RO        10337    .text.gatt_svc_list_walk_through.isra.0  libfw.o
    0x18038884   0x18038884   0x000000d4   Code   RO        10525    .text.gattc_att_info_req_ind_handler  libfw.o
    0x18038958   0x18038958   0x0000012c   Code   RO        10530    .text.gattc_cmp_evt_handler  libfw.o
    0x18038a84   0x18038a84   0x0000005c   Code   RO        10334    .text.gattc_event_cmd_send  libfw.o
    0x18038ae0   0x18038ae0   0x00000012   Code   RO        10332    .text.gattc_manager_uuidlen_internal_to_user  libfw.o
    0x18038af2   0x18038af2   0x00000002   PAD
    0x18038af4   0x18038af4   0x000003c0   Code   RO        10502    .text.gattc_read_req_ind_handler  libfw.o
    0x18038eb4   0x18038eb4   0x00000570   Code   RO        10515    .text.gattc_write_req_ind_handler  libfw.o
    0x18039424   0x18039424   0x00000004   Code   RO        10243    .text.glpc_prf_itf_get  libfw.o
    0x18039428   0x18039428   0x00000004   Code   RO        10244    .text.glps_prf_itf_get  libfw.o
    0x1803942c   0x1803942c   0x00000040   Code   RO        10447    .text.hid_ntf_cfg_init  libfw.o
    0x1803946c   0x1803946c   0x00000004   Code   RO        10241    .text.hogpbh_prf_itf_get  libfw.o
    0x18039470   0x18039470   0x0000004c   Code   RO        10533    .text.hogpd_cleanup  libfw.o
    0x180394bc   0x180394bc   0x00000002   Code   RO        10532    .text.hogpd_create  libfw.o
    0x180394be   0x180394be   0x00000010   Code   RO        10534    .text.hogpd_destroy  libfw.o
    0x180394ce   0x180394ce   0x00000002   PAD
    0x180394d0   0x180394d0   0x00000090   Code   RO        10528    .text.hogpd_enable_req_handler  libfw.o
    0x18039560   0x18039560   0x000000fe   Code   RO        10536    .text.hogpd_get_att_handle  libfw.o
    0x1803965e   0x1803965e   0x00000002   PAD
    0x18039660   0x18039660   0x00000130   Code   RO        10538    .text.hogpd_get_att_idx  libfw.o
    0x18039790   0x18039790   0x00000428   Code   RO        10537    .text.hogpd_init    libfw.o
    0x18039bb8   0x18039bb8   0x000000ac   Code   RO        10540    .text.hogpd_ntf_cfg_ind_send  libfw.o
    0x18039c64   0x18039c64   0x000000f0   Code   RO        10539    .text.hogpd_ntf_send  libfw.o
    0x18039d54   0x18039d54   0x00000008   Code   RO        10535    .text.hogpd_prf_itf_get  libfw.o
    0x18039d5c   0x18039d5c   0x0000000c   Code   RO        10277    .text.hogpd_prf_itf_set  libfw.o
    0x18039d68   0x18039d68   0x000000a4   Code   RO        10526    .text.hogpd_proto_mode_cfm_handler  libfw.o
    0x18039e0c   0x18039e0c   0x000000cc   Code   RO        10527    .text.hogpd_report_cfm_handler  libfw.o
    0x18039ed8   0x18039ed8   0x00000080   Code   RO        10529    .text.hogpd_report_upd_req_handler  libfw.o
    0x18039f58   0x18039f58   0x00000020   Code   RO        10531    .text.hogpd_task_init  libfw.o
    0x18039f78   0x18039f78   0x00000004   Code   RO        10242    .text.hogprh_prf_itf_get  libfw.o
    0x18039f7c   0x18039f7c   0x00000004   Code   RO        10233    .text.hrpc_prf_itf_get  libfw.o
    0x18039f80   0x18039f80   0x00000004   Code   RO        10232    .text.hrps_prf_itf_get  libfw.o
    0x18039f84   0x18039f84   0x00000004   Code   RO        10225    .text.htpc_prf_itf_get  libfw.o
    0x18039f88   0x18039f88   0x00000004   Code   RO        10224    .text.htpt_prf_itf_get  libfw.o
    0x18039f8c   0x18039f8c   0x00000090   Code   RO        10206    .text.ip_rf_init    libfw.o
    0x1803a01c   0x1803a01c   0x00000004   Code   RO        10258    .text.ipsc_prf_itf_get  libfw.o
    0x1803a020   0x1803a020   0x00000004   Code   RO        10257    .text.ipss_prf_itf_get  libfw.o
    0x1803a024   0x1803a024   0x00000004   Code   RO        10255    .text.lanc_prf_itf_get  libfw.o
    0x1803a028   0x1803a028   0x00000004   Code   RO        10256    .text.lans_prf_itf_get  libfw.o
    0x1803a02c   0x1803a02c   0x00000016   Code   RO        10202    .text.mac_sleep_check  libfw.o
    0x1803a042   0x1803a042   0x00000002   PAD
    0x1803a044   0x1803a044   0x00000044   Code   RO        10220    .text.nvds_del      libfw.o
    0x1803a088   0x1803a088   0x000000c4   Code   RO        10219    .text.nvds_get      libfw.o
    0x1803a14c   0x1803a14c   0x00000020   Code   RO        10218    .text.nvds_init     libfw.o
    0x1803a16c   0x1803a16c   0x00000050   Code   RO        10221    .text.nvds_put      libfw.o
    0x1803a1bc   0x1803a1bc   0x00000048   Code   RO        10222    .text.nvds_tag_exist  libfw.o
    0x1803a204   0x1803a204   0x00000008   Code   RO        10223    .text.nvds_write_through  libfw.o
    0x1803a20c   0x1803a20c   0x0000002c   Code   RO        10286    .text.pair_done_evt  libfw.o
    0x1803a238   0x1803a238   0x00000004   Code   RO        10251    .text.paspc_prf_itf_get  libfw.o
    0x1803a23c   0x1803a23c   0x00000004   Code   RO        10252    .text.pasps_prf_itf_get  libfw.o
    0x1803a240   0x1803a240   0x00000022   Code   RO        10306    .text.passkey_set   libfw.o
    0x1803a262   0x1803a262   0x00000004   Code   RO        10268    .text.plxc_prf_itf_get  libfw.o
    0x1803a266   0x1803a266   0x00000004   Code   RO        10267    .text.plxs_prf_itf_get  libfw.o
    0x1803a26a   0x1803a26a   0x00000002   Code   RO        10449    .text.prf_bass_handler  libfw.o
    0x1803a26c   0x1803a26c   0x00000002   Code   RO        10450    .text.prf_bass_server_callback_init  libfw.o
    0x1803a26e   0x1803a26e   0x00000002   PAD
    0x1803a270   0x1803a270   0x00000010   Code   RO        10280    .text.prf_fn_init   libfw.o
    0x1803a280   0x1803a280   0x00000014   Code   RO        10445    .text.prf_hid_server_callback_init  libfw.o
    0x1803a294   0x1803a294   0x000001c4   Code   RO        10444    .text.prf_hogpd_handler  libfw.o
    0x1803a458   0x1803a458   0x000001c4   Code   RO        10273    .text.prf_itf_get   libfw.o
    0x1803a61c   0x1803a61c   0x00000002   Code   RO        10281    .text.prf_ls_sig_mesh_handler  libfw.o
    0x1803a61e   0x1803a61e   0x00000002   PAD
    0x1803a620   0x1803a620   0x000000c4   Code   RO        10524    .text.program_segment_to_flash  libfw.o
    0x1803a6e4   0x1803a6e4   0x00000004   Code   RO        10236    .text.proxm_prf_itf_get  libfw.o
    0x1803a6e8   0x1803a6e8   0x00000004   Code   RO        10237    .text.proxr_prf_itf_get  libfw.o
    0x1803a6ec   0x1803a6ec   0x00000098   Code   RO        10379    .text.rpa_resolve_start  libfw.o
    0x1803a784   0x1803a784   0x00000004   Code   RO        10245    .text.rscpc_prf_itf_get  libfw.o
    0x1803a788   0x1803a788   0x00000004   Code   RO        10246    .text.rscps_prf_itf_get  libfw.o
    0x1803a78c   0x1803a78c   0x00000004   Code   RO        10238    .text.scppc_prf_itf_get  libfw.o
    0x1803a790   0x1803a790   0x00000004   Code   RO        10239    .text.scpps_prf_itf_get  libfw.o
    0x1803a794   0x1803a794   0x0000000a   Code   RO         9830    .text.stack_assert_asm  stack_asm.o
    0x1803a79e   0x1803a79e   0x00000002   PAD
    0x1803a7a0   0x1803a7a0   0x000001cc   Code   RO        10197    .text.statck_buffer_init  libfw.o
    0x1803a96c   0x1803a96c   0x0000001c   Code   RO        10331    .text.svc_read_req_callback  libfw.o
    0x1803a988   0x1803a988   0x00000058   Code   RO        10333    .text.svc_write_req_callback  libfw.o
    0x1803a9e0   0x1803a9e0   0x00000004   Code   RO        10231    .text.tipc_prf_itf_get  libfw.o
    0x1803a9e4   0x1803a9e4   0x00000004   Code   RO        10230    .text.tips_prf_itf_get  libfw.o
    0x1803a9e8   0x1803a9e8   0x00000004   Code   RO        10272    .text.udsc_prf_itf_get  libfw.o
    0x1803a9ec   0x1803a9ec   0x00000004   Code   RO        10271    .text.udss_prf_itf_get  libfw.o
    0x1803a9f0   0x1803a9f0   0x00000004   Code   RO        10266    .text.wptc_prf_itf_get  libfw.o
    0x1803a9f4   0x1803a9f4   0x00000004   Code   RO        10265    .text.wpts_prf_itf_get  libfw.o
    0x1803a9f8   0x1803a9f8   0x00000004   Code   RO        10262    .text.wscc_prf_itf_get  libfw.o
    0x1803a9fc   0x1803a9fc   0x00000004   Code   RO        10261    .text.wscs_prf_itf_get  libfw.o
    0x1803aa00   0x1803aa00   0x0000000c   Ven    RO        11096    Veneer$$Code        anon$$obj.o
    0x1803aa0c   0x1803aa0c   0x0000000c   Ven    RO        11097    Veneer$$Code        anon$$obj.o
    0x1803aa18   0x1803aa18   0x0000000c   Ven    RO        11098    Veneer$$Code        anon$$obj.o
    0x1803aa24   0x1803aa24   0x0000000c   Ven    RO        11099    Veneer$$Code        anon$$obj.o
    0x1803aa30   0x1803aa30   0x0000000c   Ven    RO        11100    Veneer$$Code        anon$$obj.o
    0x1803aa3c   0x1803aa3c   0x0000000c   Ven    RO        11101    Veneer$$Code        anon$$obj.o
    0x1803aa48   0x1803aa48   0x0000000c   Ven    RO        11102    Veneer$$Code        anon$$obj.o
    0x1803aa54   0x1803aa54   0x0000000c   Ven    RO        11103    Veneer$$Code        anon$$obj.o
    0x1803aa60   0x1803aa60   0x0000000c   Ven    RO        11104    Veneer$$Code        anon$$obj.o
    0x1803aa6c   0x1803aa6c   0x0000000c   Ven    RO        11105    Veneer$$Code        anon$$obj.o
    0x1803aa78   0x1803aa78   0x0000000c   Ven    RO        11106    Veneer$$Code        anon$$obj.o
    0x1803aa84   0x1803aa84   0x0000000c   Ven    RO        11107    Veneer$$Code        anon$$obj.o
    0x1803aa90   0x1803aa90   0x0000000c   Ven    RO        11108    Veneer$$Code        anon$$obj.o
    0x1803aa9c   0x1803aa9c   0x0000000c   Ven    RO        11109    Veneer$$Code        anon$$obj.o
    0x1803aaa8   0x1803aaa8   0x0000000c   Ven    RO        11110    Veneer$$Code        anon$$obj.o
    0x1803aab4   0x1803aab4   0x0000000c   Ven    RO        11111    Veneer$$Code        anon$$obj.o
    0x1803aac0   0x1803aac0   0x0000005c   Code   RO         1248    i.ADC_ConversionStop_Disable  ls_hal_adc.o
    0x1803ab1c   0x1803ab1c   0x00000070   Code   RO         1249    i.ADC_Enable        ls_hal_adc.o
    0x1803ab8c   0x1803ab8c   0x00000010   Code   RO         5938    i.ADC_Handler       ls_msp_adc.o
    0x1803ab9c   0x1803ab9c   0x00000010   Code   RO         6903    i.ADTIM1_Handler    ls_msp_timer.o
    0x1803abac   0x1803abac   0x0000001a   Code   RO         9229    i.BLE_WKUP_Handler  sleep.o
    0x1803abc6   0x1803abc6   0x00000002   PAD
    0x1803abc8   0x1803abc8   0x00000024   Code   RO         9230    i.BLE_WKUP_IRQ_DISABLE  sleep.o
    0x1803abec   0x1803abec   0x00000078   Code   RO         8405    i.BPF_CAL           modem_rf_le501x.o
    0x1803ac64   0x1803ac64   0x00000010   Code   RO         6904    i.BSTIM1_Handler    ls_msp_timer.o
    0x1803ac74   0x1803ac74   0x00000184   Code   RO          377    i.Bsp_Adc_Capture_Handler  bsp_adc.o
    0x1803adf8   0x1803adf8   0x000000b0   Code   RO          378    i.Bsp_Adc_Init      bsp_adc.o
    0x1803aea8   0x1803aea8   0x00000018   Code   RO          457    i.Bsp_BlueTooth_Create_adv_Obj  bsp_bluetooth.o
    0x1803aec0   0x1803aec0   0x0000004c   Code   RO          458    i.Bsp_BlueTooth_Gap_GetDeviceName  bsp_bluetooth.o
    0x1803af0c   0x1803af0c   0x00000018   Code   RO          459    i.Bsp_BlueTooth_Gatt_ServerDataPackageLenUpdate  bsp_bluetooth.o
    0x1803af24   0x1803af24   0x0000008c   Code   RO          460    i.Bsp_BlueTooth_Gatt_ServerReadQequest_Handler  bsp_bluetooth.o
    0x1803afb0   0x1803afb0   0x000001ac   Code   RO          461    i.Bsp_BlueTooth_Gatt_ServerWriteQequest_Handler  bsp_bluetooth.o
    0x1803b15c   0x1803b15c   0x00000024   Code   RO          462    i.Bsp_BlueTooth_Init  bsp_bluetooth.o
    0x1803b180   0x1803b180   0x00000094   Code   RO          463    i.Bsp_BlueTooth_Send_Notification  bsp_bluetooth.o
    0x1803b214   0x1803b214   0x000000fc   Code   RO          464    i.Bsp_BlueTooth_Start_adv  bsp_bluetooth.o
    0x1803b310   0x1803b310   0x000001e4   Code   RO          465    i.Bsp_BlueTooth_dev_manager_CallBack  bsp_bluetooth.o
    0x1803b4f4   0x1803b4f4   0x000001dc   Code   RO          466    i.Bsp_BlueTooth_gap_manager_CallBack  bsp_bluetooth.o
    0x1803b6d0   0x1803b6d0   0x00000170   Code   RO          467    i.Bsp_BlueTooth_gatt_manager_CallBack  bsp_bluetooth.o
    0x1803b840   0x1803b840   0x00000060   Code   RO          468    i.Bsp_BlueTooth_hid_con_rssi_judge  bsp_bluetooth.o
    0x1803b8a0   0x1803b8a0   0x000000e8   Code   RO          469    i.Bsp_BlueTooth_prf_Added_Handler  bsp_bluetooth.o
    0x1803b988   0x1803b988   0x00000002   Code   RO          470    i.Bsp_BlueTooth_prf_batt_server_CallBack  bsp_bluetooth.o
    0x1803b98a   0x1803b98a   0x00000002   PAD
    0x1803b98c   0x1803b98c   0x00000120   Code   RO          471    i.Bsp_BlueTooth_prf_hid_server_CallBack  bsp_bluetooth.o
    0x1803baac   0x1803baac   0x0000002c   Code   RO          565    i.Bsp_Boot_Cmd_R_all_file_finish_Handler  bsp_boot.o
    0x1803bad8   0x1803bad8   0x00000038   Code   RO          566    i.Bsp_Boot_Cmd_R_change_firmware_Handler  bsp_boot.o
    0x1803bb10   0x1803bb10   0x00000064   Code   RO          567    i.Bsp_Boot_Cmd_R_check_image_base_Handler  bsp_boot.o
    0x1803bb74   0x1803bb74   0x00000098   Code   RO          568    i.Bsp_Boot_Cmd_R_check_keyboard_version_Handler  bsp_boot.o
    0x1803bc0c   0x1803bc0c   0x00000034   Code   RO          569    i.Bsp_Boot_Cmd_R_start_update_Handler  bsp_boot.o
    0x1803bc40   0x1803bc40   0x00000084   Code   RO          570    i.Bsp_Boot_Cmd_R_update_file_Handler  bsp_boot.o
    0x1803bcc4   0x1803bcc4   0x0000000c   Code   RO          571    i.Bsp_Boot_InfoGet  bsp_boot.o
    0x1803bcd0   0x1803bcd0   0x00000018   Code   RO          572    i.Bsp_Boot_JumpAppRun  bsp_boot.o
    0x1803bce8   0x1803bce8   0x000000b4   Code   RO          573    i.Bsp_Boot_StartUpdate  bsp_boot.o
    0x1803bd9c   0x1803bd9c   0x0000000c   Code   RO          574    i.Bsp_Boot_SysInfoGet  bsp_boot.o
    0x1803bda8   0x1803bda8   0x000000f0   Code   RO          575    i.Bsp_Boot_UpdateData_WriteFlash  bsp_boot.o
    0x1803be98   0x1803be98   0x00000008   Code   RO          964    i.Bsp_Dog_FeedDog   bsp_dog.o
    0x1803bea0   0x1803bea0   0x0000000c   Code   RO          965    i.Bsp_Dog_Init      bsp_dog.o
    0x1803beac   0x1803beac   0x0000003c   Code   RO          649    i.Bsp_Encoder_Control  bsp_encoder.o
    0x1803bee8   0x1803bee8   0x00000028   Code   RO          650    i.Bsp_Encoder_GetEncoderCount  bsp_encoder.o
    0x1803bf10   0x1803bf10   0x00000074   Code   RO          651    i.Bsp_Encoder_Init  bsp_encoder.o
    0x1803bf84   0x1803bf84   0x00000020   Code   RO          652    i.Bsp_Encoder_Negative_Hanlder  bsp_encoder.o
    0x1803bfa4   0x1803bfa4   0x00000020   Code   RO          653    i.Bsp_Encoder_Postive_Hanlder  bsp_encoder.o
    0x1803bfc4   0x1803bfc4   0x00000018   Code   RO          994    i.Bsp_Hid_DeviceSendData  bsp_hid.o
    0x1803bfdc   0x1803bfdc   0x0000006c   Code   RO          995    i.Bsp_Hid_VolumeBtn_Control_Photo  bsp_hid.o
    0x1803c048   0x1803c048   0x0000019c   Code   RO          695    i.Bsp_KeyTimer_CallBack  bsp_key.o
    0x1803c1e4   0x1803c1e4   0x00000168   Code   RO          696    i.Bsp_Key_IOExti_Handler  bsp_key.o
    0x1803c34c   0x1803c34c   0x00000062   Code   RO          697    i.Bsp_Key_Init      bsp_key.o
    0x1803c3ae   0x1803c3ae   0x00000002   PAD
    0x1803c3b0   0x1803c3b0   0x00000034   Code   RO          775    i.Bsp_Led_All_Close  bsp_led.o
    0x1803c3e4   0x1803c3e4   0x000000cc   Code   RO          776    i.Bsp_Led_BlinkConrol_Handler  bsp_led.o
    0x1803c4b0   0x1803c4b0   0x00000088   Code   RO          777    i.Bsp_Led_Console_Mode_Display  bsp_led.o
    0x1803c538   0x1803c538   0x00000034   Code   RO          778    i.Bsp_Led_EnterMotorCalibration_StatusUpdate_Handler  bsp_led.o
    0x1803c56c   0x1803c56c   0x0000003c   Code   RO          779    i.Bsp_Led_Init      bsp_led.o
    0x1803c5a8   0x1803c5a8   0x000000bc   Code   RO          780    i.Bsp_Led_StatusUpdate_Handler  bsp_led.o
    0x1803c664   0x1803c664   0x0000001c   Code   RO         1100    i.Bsp_NewProtocol_CRC_Calculate  bsp_newprotocol.o
    0x1803c680   0x1803c680   0x0000007c   Code   RO         1101    i.Bsp_NewProtocol_ClearParsedPackage  bsp_newprotocol.o
    0x1803c6fc   0x1803c6fc   0x00000150   Code   RO         1102    i.Bsp_NewProtocol_GetPackageInfo  bsp_newprotocol.o
    0x1803c84c   0x1803c84c   0x0000000c   Code   RO         1103    i.Bsp_NewProtocol_ParsedSuccess_Handler  bsp_newprotocol.o
    0x1803c858   0x1803c858   0x00000112   Code   RO         1104    i.Bsp_NewProtocol_RxDataParse_Handler  bsp_newprotocol.o
    0x1803c96a   0x1803c96a   0x00000002   PAD
    0x1803c96c   0x1803c96c   0x000000bc   Code   RO         1105    i.Bsp_NewProtocol_SendPackage  bsp_newprotocol.o
    0x1803ca28   0x1803ca28   0x000001ac   Code   RO         1106    i.Bsp_NewProtocol_SyntheticData_Handler  bsp_newprotocol.o
    0x1803cbd4   0x1803cbd4   0x00000058   Code   RO         1156    i.Bsp_OldProtocol_AiGestureData_Handler  bsp_oldprotocol.o
    0x1803cc2c   0x1803cc2c   0x0000001c   Code   RO         1157    i.Bsp_OldProtocol_CRC_Calculate  bsp_oldprotocol.o
    0x1803cc48   0x1803cc48   0x000000f8   Code   RO         1158    i.Bsp_OldProtocol_ChangeModeData_Handler  bsp_oldprotocol.o
    0x1803cd40   0x1803cd40   0x0000007c   Code   RO         1159    i.Bsp_OldProtocol_ClearParsedPackage  bsp_oldprotocol.o
    0x1803cdbc   0x1803cdbc   0x0000005c   Code   RO         1160    i.Bsp_OldProtocol_CmdProtocolSwich_Handler  bsp_oldprotocol.o
    0x1803ce18   0x1803ce18   0x00000088   Code   RO         1161    i.Bsp_OldProtocol_CmdVersionCheck_Handler  bsp_oldprotocol.o
    0x1803cea0   0x1803cea0   0x00000134   Code   RO         1162    i.Bsp_OldProtocol_GetPackageInfo  bsp_oldprotocol.o
    0x1803cfd4   0x1803cfd4   0x00000018   Code   RO         1163    i.Bsp_OldProtocol_ParsedSuccess_Handler  bsp_oldprotocol.o
    0x1803cfec   0x1803cfec   0x000000d4   Code   RO         1164    i.Bsp_OldProtocol_RxDataParse_Handler  bsp_oldprotocol.o
    0x1803d0c0   0x1803d0c0   0x000000bc   Code   RO         1165    i.Bsp_OldProtocol_SendPackage  bsp_oldprotocol.o
    0x1803d17c   0x1803d17c   0x00000304   Code   RO         1166    i.Bsp_OldProtocol_SyntheticData_Handler  bsp_oldprotocol.o
    0x1803d480   0x1803d480   0x000002cc   Code   RO          914    i.Bsp_Power_BatteryUpdate_Handler  bsp_power.o
    0x1803d74c   0x1803d74c   0x00000090   Code   RO          915    i.Bsp_Power_Electric_Check_Handler  bsp_power.o
    0x1803d7dc   0x1803d7dc   0x00000044   Code   RO          916    i.Bsp_Power_IOExti_Close_AdcSampling  bsp_power.o
    0x1803d820   0x1803d820   0x0000002c   Code   RO          917    i.Bsp_Power_Init    bsp_power.o
    0x1803d84c   0x1803d84c   0x00000154   Code   RO          918    i.Bsp_Power_StartingUp_Handler  bsp_power.o
    0x1803d9a0   0x1803d9a0   0x00000058   Code   RO          919    i.Bsp_Power_shutdown_Handler  bsp_power.o
    0x1803d9f8   0x1803d9f8   0x00000050   Code   RO         1024    i.Bsp_SysTimer_CallBack  bsp_systimer.o
    0x1803da48   0x1803da48   0x00000024   Code   RO         1025    i.Bsp_SysTimer_Init  bsp_systimer.o
    0x1803da6c   0x1803da6c   0x0000005c   Code   RO          839    i.Bsp_Uart_Ble_SendData  bsp_uart.o
    0x1803dac8   0x1803dac8   0x0000013c   Code   RO          840    i.Bsp_Uart_Init     bsp_uart.o
    0x1803dc04   0x1803dc04   0x0000002c   Code   RO          841    i.Bsp_Uart_ParameterInit  bsp_uart.o
    0x1803dc30   0x1803dc30   0x0000001e   Code   RO          842    i.Bsp_Uart_RecData_AddPosition  bsp_uart.o
    0x1803dc4e   0x1803dc4e   0x00000002   PAD
    0x1803dc50   0x1803dc50   0x00000178   Code   RO          843    i.Bsp_Uart_RecData_Handler  bsp_uart.o
    0x1803ddc8   0x1803ddc8   0x00000038   Code   RO          844    i.Bsp_Uart_SendFinish_Handler  bsp_uart.o
    0x1803de00   0x1803de00   0x00000058   Code   RO          845    i.Bsp_Uart_SerialPort1_SendData  bsp_uart.o
    0x1803de58   0x1803de58   0x0000005c   Code   RO          846    i.Bsp_Uart_SerialPort2_SendData  bsp_uart.o
    0x1803deb4   0x1803deb4   0x0000005c   Code   RO          847    i.Bsp_Uart_SerialPort3_SendData  bsp_uart.o
    0x1803df10   0x1803df10   0x00000038   Code   RO          576    i.Bsp_boot_UpdateSuccess_Handler  bsp_boot.o
    0x1803df48   0x1803df48   0x00000024   Code   RO          698    i.Bsp_key_Timer_Init  bsp_key.o
    0x1803df6c   0x1803df6c   0x00000064   Code   RO         7363    i.EXTI_Handler      ls_soc_gpio.o
    0x1803dfd0   0x1803dfd0   0x00000070   Code   RO         7364    i.GPIO_GetPort      ls_soc_gpio.o
    0x1803e040   0x1803e040   0x00000010   Code   RO         6911    i.GPTIMA1_Handler   ls_msp_timer.o
    0x1803e050   0x1803e050   0x00000010   Code   RO         6912    i.GPTIMB1_Handler   ls_msp_timer.o
    0x1803e060   0x1803e060   0x00000010   Code   RO         6913    i.GPTIMC1_Handler   ls_msp_timer.o
    0x1803e070   0x1803e070   0x000000b8   Code   RO         8713    i.GPTIM_IRQ_Handler_For_LSI_Counting  platform.o
    0x1803e128   0x1803e128   0x000003b8   Code   RO         1250    i.HAL_ADCEx_InjectedConfigChannel  ls_hal_adc.o
    0x1803e4e0   0x1803e4e0   0x00000014   Code   RO          339    i.HAL_ADCEx_InjectedConvCpltCallback  callback.o
    0x1803e4f4   0x1803e4f4   0x00000098   Code   RO         1252    i.HAL_ADCEx_InjectedGetValue  ls_hal_adc.o
    0x1803e58c   0x1803e58c   0x000000b4   Code   RO         1255    i.HAL_ADCEx_InjectedStart_IT  ls_hal_adc.o
    0x1803e640   0x1803e640   0x00000002   Code   RO         1260    i.HAL_ADC_ConvCpltCallback  ls_hal_adc.o
    0x1803e642   0x1803e642   0x00000002   PAD
    0x1803e644   0x1803e644   0x00000148   Code   RO         1266    i.HAL_ADC_IRQHandler  ls_hal_adc.o
    0x1803e78c   0x1803e78c   0x000003b8   Code   RO         1267    i.HAL_ADC_Init      ls_hal_adc.o
    0x1803eb44   0x1803eb44   0x00000002   Code   RO         1268    i.HAL_ADC_LevelOutOfWindowCallback  ls_hal_adc.o
    0x1803eb46   0x1803eb46   0x0000000c   Code   RO         5942    i.HAL_ADC_MSP_Busy_Set  ls_msp_adc.o
    0x1803eb52   0x1803eb52   0x00000002   PAD
    0x1803eb54   0x1803eb54   0x00000014   Code   RO         5945    i.HAL_ADC_MSP_Init  ls_msp_adc.o
    0x1803eb68   0x1803eb68   0x0000001c   Code   RO         2872    i.HAL_IWDG_Init     ls_hal_iwdg.o
    0x1803eb84   0x1803eb84   0x0000001c   Code   RO         6422    i.HAL_IWDG_MSP_Init  ls_msp_iwdg.o
    0x1803eba0   0x1803eba0   0x0000003c   Code   RO         2873    i.HAL_IWDG_Refresh  ls_hal_iwdg.o
    0x1803ebdc   0x1803ebdc   0x0000000a   Code   RO         6190    i.HAL_LSECC_Busy_Set  ls_msp_ecc.o
    0x1803ebe6   0x1803ebe6   0x0000000c   Code   RO         1836    i.HAL_LSECC_DeInit  ls_hal_ecc.o
    0x1803ebf2   0x1803ebf2   0x0000000a   Code   RO         6191    i.HAL_LSECC_Idle_Set  ls_msp_ecc.o
    0x1803ebfc   0x1803ebfc   0x0000000c   Code   RO         1837    i.HAL_LSECC_Init    ls_hal_ecc.o
    0x1803ec08   0x1803ec08   0x0000001c   Code   RO         6192    i.HAL_LSECC_MSP_DeInit  ls_msp_ecc.o
    0x1803ec24   0x1803ec24   0x00000024   Code   RO         6194    i.HAL_LSECC_MSP_INT_DISABLE  ls_msp_ecc.o
    0x1803ec48   0x1803ec48   0x00000024   Code   RO         6195    i.HAL_LSECC_MSP_INT_ENABLE  ls_msp_ecc.o
    0x1803ec6c   0x1803ec6c   0x0000002c   Code   RO         6196    i.HAL_LSECC_MSP_Init  ls_msp_ecc.o
    0x1803ec98   0x1803ec98   0x00000034   Code   RO         1838    i.HAL_LSECC_PointMult  ls_hal_ecc.o
    0x1803eccc   0x1803eccc   0x00000002   Code   RO         1839    i.HAL_LSECC_PointMult_Complete_Callback  ls_hal_ecc.o
    0x1803ecce   0x1803ecce   0x00000002   PAD
    0x1803ecd0   0x1803ecd0   0x00000038   Code   RO         3015    i.HAL_PIS_Config    ls_hal_pis.o
    0x1803ed08   0x1803ed08   0x0000000a   Code   RO         3017    i.HAL_PIS_Init      ls_hal_pis.o
    0x1803ed12   0x1803ed12   0x00000002   PAD
    0x1803ed14   0x1803ed14   0x00000020   Code   RO         6504    i.HAL_PIS_MSP_Init  ls_msp_pis.o
    0x1803ed34   0x1803ed34   0x00000002   Code   RO         3893    i.HAL_TIMEx_BreakCallback  ls_hal_timer.o
    0x1803ed36   0x1803ed36   0x00000002   Code   RO         3894    i.HAL_TIMEx_CommutCallback  ls_hal_timer.o
    0x1803ed38   0x1803ed38   0x000004dc   Code   RO         3914    i.HAL_TIM_Encoder_Init  ls_hal_timer.o
    0x1803f214   0x1803f214   0x000000d0   Code   RO         3915    i.HAL_TIM_Encoder_Start  ls_hal_timer.o
    0x1803f2e4   0x1803f2e4   0x00000002   Code   RO         3922    i.HAL_TIM_IC_CaptureCallback  ls_hal_timer.o
    0x1803f2e6   0x1803f2e6   0x000001fe   Code   RO         3929    i.HAL_TIM_IRQHandler  ls_hal_timer.o
    0x1803f4e4   0x1803f4e4   0x0000000e   Code   RO         6914    i.HAL_TIM_MSP_Busy_Set  ls_msp_timer.o
    0x1803f4f2   0x1803f4f2   0x00000002   PAD
    0x1803f4f4   0x1803f4f4   0x00000088   Code   RO         6917    i.HAL_TIM_MSP_Init  ls_msp_timer.o
    0x1803f57c   0x1803f57c   0x00000002   Code   RO         3932    i.HAL_TIM_OC_DelayElapsedCallback  ls_hal_timer.o
    0x1803f57e   0x1803f57e   0x00000002   Code   RO         3939    i.HAL_TIM_PWM_PulseFinishedCallback  ls_hal_timer.o
    0x1803f580   0x1803f580   0x00000002   Code   RO         3945    i.HAL_TIM_PeriodElapsedCallback  ls_hal_timer.o
    0x1803f582   0x1803f582   0x00000002   Code   RO         3949    i.HAL_TIM_TriggerCallback  ls_hal_timer.o
    0x1803f584   0x1803f584   0x0000000e   Code   RO         4341    i.HAL_TRNG_DeInit   ls_hal_trng.o
    0x1803f592   0x1803f592   0x00000002   PAD
    0x1803f594   0x1803f594   0x0000003c   Code   RO         4342    i.HAL_TRNG_GenerateRandomNumber  ls_hal_trng.o
    0x1803f5d0   0x1803f5d0   0x0000001c   Code   RO         4344    i.HAL_TRNG_IRQHandler  ls_hal_trng.o
    0x1803f5ec   0x1803f5ec   0x00000018   Code   RO         4345    i.HAL_TRNG_Init     ls_hal_trng.o
    0x1803f604   0x1803f604   0x0000000a   Code   RO         7088    i.HAL_TRNG_MSP_Busy_Set  ls_msp_trng.o
    0x1803f60e   0x1803f60e   0x00000002   PAD
    0x1803f610   0x1803f610   0x0000003c   Code   RO         7089    i.HAL_TRNG_MSP_DeInit  ls_msp_trng.o
    0x1803f64c   0x1803f64c   0x0000000a   Code   RO         7090    i.HAL_TRNG_MSP_Idle_Set  ls_msp_trng.o
    0x1803f656   0x1803f656   0x00000002   PAD
    0x1803f658   0x1803f658   0x00000064   Code   RO         7091    i.HAL_TRNG_MSP_Init  ls_msp_trng.o
    0x1803f6bc   0x1803f6bc   0x00000002   Code   RO         4346    i.HAL_TRNG_ReadyDataCallback  ls_hal_trng.o
    0x1803f6be   0x1803f6be   0x00000002   PAD
    0x1803f6c0   0x1803f6c0   0x00000010   Code   RO         7134    i.HAL_UART1_Handler  ls_msp_uart.o
    0x1803f6d0   0x1803f6d0   0x00000010   Code   RO         7135    i.HAL_UART2_Handler  ls_msp_uart.o
    0x1803f6e0   0x1803f6e0   0x00000010   Code   RO         7136    i.HAL_UART3_Handler  ls_msp_uart.o
    0x1803f6f0   0x1803f6f0   0x00000002   Code   RO         4394    i.HAL_UART_BaudRateDetectCpltCallback  ls_hal_uart.o
    0x1803f6f2   0x1803f6f2   0x00000002   Code   RO         4523    i.HAL_UART_DMA_TxCpltCallback  ls_hal_uart_dma.o
    0x1803f6f4   0x1803f6f4   0x00000028   Code   RO         4396    i.HAL_UART_Init     ls_hal_uart.o
    0x1803f71c   0x1803f71c   0x0000000e   Code   RO         7137    i.HAL_UART_MSP_Busy_Set  ls_msp_uart.o
    0x1803f72a   0x1803f72a   0x00000002   PAD
    0x1803f72c   0x1803f72c   0x00000050   Code   RO         7140    i.HAL_UART_MSP_Init  ls_msp_uart.o
    0x1803f77c   0x1803f77c   0x0000005e   Code   RO         4398    i.HAL_UART_Receive_IT  ls_hal_uart.o
    0x1803f7da   0x1803f7da   0x00000002   PAD
    0x1803f7dc   0x1803f7dc   0x00000014   Code   RO          340    i.HAL_UART_RxCpltCallback  callback.o
    0x1803f7f0   0x1803f7f0   0x00000098   Code   RO         4401    i.HAL_UART_Transmit_IT  ls_hal_uart.o
    0x1803f888   0x1803f888   0x00000014   Code   RO          341    i.HAL_UART_TxCpltCallback  callback.o
    0x1803f89c   0x1803f89c   0x000000a0   Code   RO         4403    i.HAL_UARTx_IRQHandler  ls_hal_uart.o
    0x1803f93c   0x1803f93c   0x00000074   Code   RO          308    i.Hardware_Init     system_init.o
    0x1803f9b0   0x1803f9b0   0x0000000c   Code   RO         4404    i.LL_UART_SetRXTL   ls_hal_uart.o
    0x1803f9bc   0x1803f9bc   0x000000b8   Code   RO         9231    i.LPWKUP_Handler    sleep.o
    0x1803fa74   0x1803fa74   0x00000030   Code   RO         1841    i.LSECC_IRQHandler  ls_hal_ecc.o
    0x1803faa4   0x1803faa4   0x00000014   Code   RO          278    i.Public_BufferInit  public.o
    0x1803fab8   0x1803fab8   0x0000001a   Code   RO          279    i.Public_Delay_Ms   public.o
    0x1803fad2   0x1803fad2   0x00000014   Code   RO         5278    i.ROTR              sha256.o
    0x1803fae6   0x1803fae6   0x00000008   Code   RO         9935    i.SEGGER_RTT_Init   segger_rtt.o
    0x1803faee   0x1803faee   0x00000002   PAD
    0x1803faf0   0x1803faf0   0x00000064   Code   RO         9937    i.SEGGER_RTT_PutCharSkip  segger_rtt.o
    0x1803fb54   0x1803fb54   0x00000024   Code   RO         9851    i.SVC_Handler_C     svcall.o
    0x1803fb78   0x1803fb78   0x00000070   Code   RO          379    i.Shutdown_Rocker_Check_Handler  bsp_adc.o
    0x1803fbe8   0x1803fbe8   0x0000004c   Code   RO          380    i.Startup_Shutdown_Rocker_Check_Handler  bsp_adc.o
    0x1803fc34   0x1803fc34   0x00000002   Code   RO         8714    i.SystemInit        platform.o
    0x1803fc36   0x1803fc36   0x00000002   PAD
    0x1803fc38   0x1803fc38   0x00000078   Code   RO          309    i.System_Info_Init  system_init.o
    0x1803fcb0   0x1803fcb0   0x00000098   Code   RO         3951    i.TIM_Base_SetConfig  ls_hal_timer.o
    0x1803fd48   0x1803fd48   0x000000d4   Code   RO         3952    i.TIM_CCxChannelCmd  ls_hal_timer.o
    0x1803fe1c   0x1803fe1c   0x0000003c   Code   RO         4405    i.UART_AutoBaudRate_Detect_End  ls_hal_uart.o
    0x1803fe58   0x1803fe58   0x0000001c   Code   RO         4407    i.UART_BaudRate_Detect_IT  ls_hal_uart.o
    0x1803fe74   0x1803fe74   0x00000070   Code   RO         4408    i.UART_Receive_IT   ls_hal_uart.o
    0x1803fee4   0x1803fee4   0x00000070   Code   RO         4409    i.UART_SetConfig    ls_hal_uart.o
    0x1803ff54   0x1803ff54   0x00000062   Code   RO         4410    i.UART_Transmit_IT  ls_hal_uart.o
    0x1803ffb6   0x1803ffb6   0x00000012   Code   RO         4528    i.UART_Transmit_IT_DMA  ls_hal_uart_dma.o
    0x1803ffc8   0x1803ffc8   0x00000070   Code   RO         9957    i._DoInit           segger_rtt.o
    0x18040038   0x18040038   0x00000020   Code   RO        10949    i.__0printf         mc_p.l(printfa.o)
    0x18040058   0x18040058   0x00000028   Code   RO        10951    i.__0sprintf        mc_p.l(printfa.o)
    0x18040080   0x18040080   0x00000014   Code   RO        10953    i.__0vprintf        mc_p.l(printfa.o)
    0x18040094   0x18040094   0x0000002e   Code   RO        11060    i.__ARM_clz         mf_p.l(depilogue.o)
    0x180400c2   0x180400c2   0x00000030   Code   RO         9148    i.__ARM_common_ll_mulss  platform.o
    0x180400f2   0x180400f2   0x0000001c   Code   RO          551    i.__ARM_common_switch8  bsp_bluetooth.o
    0x1804010e   0x1804010e   0x00000002   PAD
    0x18040110   0x18040110   0x00000018   Code   RO         6918    i.__NVIC_ClearPendingIRQ  ls_msp_timer.o
    0x18040128   0x18040128   0x00000018   Code   RO         7152    i.__NVIC_ClearPendingIRQ  ls_msp_uart.o
    0x18040140   0x18040140   0x00000018   Code   RO         8715    i.__NVIC_ClearPendingIRQ  platform.o
    0x18040158   0x18040158   0x00000020   Code   RO         6920    i.__NVIC_EnableIRQ  ls_msp_timer.o
    0x18040178   0x18040178   0x00000020   Code   RO         7154    i.__NVIC_EnableIRQ  ls_msp_uart.o
    0x18040198   0x18040198   0x00000020   Code   RO         8716    i.__NVIC_EnableIRQ  platform.o
    0x180401b8   0x180401b8   0x00000078   Code   RO         8717    i.__NVIC_SetPriority  platform.o
    0x18040230   0x18040230   0x000000c2   Code   RO         4701    i.__div64_32        common.o
    0x180402f2   0x180402f2   0x00000006   Code   RO         2455    i.__get_PRIMASK     ls_hal_flash_svcall.o
    0x180402f8   0x180402f8   0x0000000e   Code   RO        11089    i.__scatterload_copy  mc_p.l(handlers.o)
    0x18040306   0x18040306   0x00000002   Code   RO        11090    i.__scatterload_null  mc_p.l(handlers.o)
    0x18040308   0x18040308   0x0000000e   Code   RO        11091    i.__scatterload_zeroinit  mc_p.l(handlers.o)
    0x18040316   0x18040316   0x00000002   Code   RO         3967    i._arduino_timerISR  ls_hal_timer.o
    0x18040318   0x18040318   0x00000174   Code   RO        10956    i._fp_digits        mc_p.l(printfa.o)
    0x1804048c   0x1804048c   0x0000000e   Code   RO        11051    i._is_digit         mc_p.l(scanf_fp.o)
    0x1804049a   0x1804049a   0x00000002   PAD
    0x1804049c   0x1804049c   0x000006f0   Code   RO        10957    i._printf_core      mc_p.l(printfa.o)
    0x18040b8c   0x18040b8c   0x00000020   Code   RO        10958    i._printf_post_padding  mc_p.l(printfa.o)
    0x18040bac   0x18040bac   0x0000002c   Code   RO        10959    i._printf_pre_padding  mc_p.l(printfa.o)
    0x18040bd8   0x18040bd8   0x00000014   Code   RO         5329    i._set              utils.o
    0x18040bec   0x18040bec   0x0000006a   Code   RO         5050    i._settings_get     inflash_settings.o
    0x18040c56   0x18040c56   0x0000000a   Code   RO        10961    i._sputc            mc_p.l(printfa.o)
    0x18040c60   0x18040c60   0x0000000c   Code   RO         9686    i.adc12b_status_set  sys_stat.o
    0x18040c6c   0x18040c6c   0x00000008   Code   RO         5947    i.adc_channel_tempsensor_enable  ls_msp_adc.o
    0x18040c74   0x18040c74   0x0000001c   Code   RO         5949    i.adc_channel_vbat_enable  ls_msp_adc.o
    0x18040c90   0x18040c90   0x00000028   Code   RO         1276    i.adc_isenable_poll  ls_hal_adc.o
    0x18040cb8   0x18040cb8   0x00000090   Code   RO         5951    i.adc_msp_init      ls_msp_adc.o
    0x18040d48   0x18040d48   0x00000064   Code   RO         6922    i.adtim_msp_init    ls_msp_timer.o
    0x18040dac   0x18040dac   0x0000000c   Code   RO         9687    i.adtimer1_status_set  sys_stat.o
    0x18040db8   0x18040db8   0x0000001e   Code   RO         5356    i.all_section_empty  tinyfs.o
    0x18040dd6   0x18040dd6   0x00000002   PAD
    0x18040dd8   0x18040dd8   0x00000048   Code   RO         8722    i.analog_init       platform.o
    0x18040e20   0x18040e20   0x0000000c   Code   RO         9688    i.app_event_status_busy  sys_stat.o
    0x18040e2c   0x18040e2c   0x0000000a   Code   RO         8725    i.arm_cm_set_int_isr  platform.o
    0x18040e36   0x18040e36   0x00000002   Code   RO         8726    i.bb_mem_clr        platform.o
    0x18040e38   0x18040e38   0x0000001c   Code   RO         9232    i.ble_hclk_set      sleep.o
    0x18040e54   0x18040e54   0x00000010   Code   RO         8727    i.ble_irq_clr       platform.o
    0x18040e64   0x18040e64   0x0000000c   Code   RO         8728    i.ble_irq_clr_and_enable  platform.o
    0x18040e70   0x18040e70   0x00000010   Code   RO         8729    i.ble_irq_enable    platform.o
    0x18040e80   0x18040e80   0x00000014   Code   RO         8731    i.ble_loop          platform.o
    0x18040e94   0x18040e94   0x000000c8   Code   RO         9233    i.ble_radio_en_sync  sleep.o
    0x18040f5c   0x18040f5c   0x00000008   Code   RO         8733    i.ble_stack_isr     platform.o
    0x18040f64   0x18040f64   0x0000000c   Code   RO         9235    i.ble_wkup_status_get  sleep.o
    0x18040f70   0x18040f70   0x0000000c   Code   RO         9236    i.ble_wkup_status_set  sleep.o
    0x18040f7c   0x18040f7c   0x00000064   Code   RO         6924    i.bstim_msp_init    ls_msp_timer.o
    0x18040fe0   0x18040fe0   0x0000000c   Code   RO         9690    i.bstimer1_status_set  sys_stat.o
    0x18040fec   0x18040fec   0x00000040   Code   RO         5918    i.calc_acc_init     calc_acc.o
    0x1804102c   0x1804102c   0x00000040   Code   RO         1230    i.calc_div          calc_div.o
    0x1804106c   0x1804106c   0x00000014   Code   RO         1842    i.calc_done_wait    ls_hal_ecc.o
    0x18041080   0x18041080   0x0000007c   Code   RO         1843    i.calc_fsm_run      ls_hal_ecc.o
    0x180410fc   0x180410fc   0x00000070   Code   RO         1844    i.calc_init         ls_hal_ecc.o
    0x1804116c   0x1804116c   0x00000010   Code   RO         9237    i.check_and_sleep   sleep.o
    0x1804117c   0x1804117c   0x00000014   Code   RO         9238    i.clr_ble_wkup_req  sleep.o
    0x18041190   0x18041190   0x0000000e   Code   RO          472    i.co_min            bsp_bluetooth.o
    0x1804119e   0x1804119e   0x00000002   PAD
    0x180411a0   0x180411a0   0x00000260   Code   RO         5279    i.compress          sha256.o
    0x18041400   0x18041400   0x00000012   Code   RO         8737    i.config_word_get   platform.o
    0x18041412   0x18041412   0x00000020   Code   RO         1845    i.copy_from_eccram  ls_hal_ecc.o
    0x18041432   0x18041432   0x00000002   PAD
    0x18041434   0x18041434   0x0000001c   Code   RO         8738    i.cpu_sleep_recover_init  platform.o
    0x18041450   0x18041450   0x00000024   Code   RO         4864    i.crc16_lookup      crc16.o
    0x18041474   0x18041474   0x0000001c   Code   RO         4865    i.crc16ccitt        crc16.o
    0x18041490   0x18041490   0x0000001c   Code   RO         5357    i.data_write_through  tinyfs.o
    0x180414ac   0x180414ac   0x00000010   Code   RO         1846    i.dblu              ls_hal_ecc.o
    0x180414bc   0x180414bc   0x00000002   Code   RO         9239    i.dcdc_off          sleep.o
    0x180414be   0x180414be   0x00000002   PAD
    0x180414c0   0x180414c0   0x00000044   Code   RO         9240    i.deep_sleep        sleep.o
    0x18041504   0x18041504   0x000000e8   Code   RO         5358    i.dir_add_parse     tinyfs.o
    0x180415ec   0x180415ec   0x00000048   Code   RO         5359    i.dir_add_write     tinyfs.o
    0x18041634   0x18041634   0x00000024   Code   RO         5360    i.dir_compare       tinyfs.o
    0x18041658   0x18041658   0x00000084   Code   RO         5361    i.dir_remove_parse  tinyfs.o
    0x180416dc   0x180416dc   0x00000034   Code   RO         5362    i.dir_remove_write  tinyfs.o
    0x18041710   0x18041710   0x00000030   Code   RO         5363    i.dir_tree_build    tinyfs.o
    0x18041740   0x18041740   0x000000b0   Code   RO         5364    i.dir_tree_link     tinyfs.o
    0x180417f0   0x180417f0   0x00000010   Code   RO         2012    i.do_hal_flash_chip_erase  ls_hal_flash.o
    0x18041800   0x18041800   0x00000028   Code   RO         2013    i.do_hal_flash_erase  ls_hal_flash.o
    0x18041828   0x18041828   0x00000024   Code   RO         2014    i.do_hal_flash_erase_security_area  ls_hal_flash.o
    0x1804184c   0x1804184c   0x00000090   Code   RO         2275    i.do_hal_flash_program  ls_hal_flash_qspi.o
    0x180418dc   0x180418dc   0x00000084   Code   RO         2276    i.do_hal_flash_program_security_area  ls_hal_flash_qspi.o
    0x18041960   0x18041960   0x00000014   Code   RO         2015    i.do_hal_flash_read  ls_hal_flash.o
    0x18041974   0x18041974   0x00000014   Code   RO         2016    i.do_hal_flash_read_reg  ls_hal_flash.o
    0x18041988   0x18041988   0x0000008c   Code   RO         2277    i.do_hal_flash_read_security_area  ls_hal_flash_qspi.o
    0x18041a14   0x18041a14   0x00000028   Code   RO         5365    i.do_tinyfs_del_record  tinyfs.o
    0x18041a3c   0x18041a3c   0x00000048   Code   RO         5366    i.do_tinyfs_read    tinyfs.o
    0x18041a84   0x18041a84   0x000000ac   Code   RO         5368    i.do_tinyfs_write   tinyfs.o
    0x18041b30   0x18041b30   0x00000004   Code   RO         9453    i.dummy             stack_var.o
    0x18041b34   0x18041b34   0x00000038   Code   RO         8739    i.ecc_calc_start    platform.o
    0x18041b6c   0x18041b6c   0x0000000c   Code   RO         9693    i.ecc_status_set    sys_stat.o
    0x18041b78   0x18041b78   0x00000050   Code   RO         9241    i.exti_int_pending  sleep.o
    0x18041bc8   0x18041bc8   0x00000028   Code   RO         7365    i.exti_io_handler   ls_soc_gpio.o
    0x18041bf0   0x18041bf0   0x00000066   Code   RO         5369    i.find_head_tail_section  tinyfs.o
    0x18041c56   0x18041c56   0x0000000a   Code   RO         8740    i.flash_data_storage_base_offset  platform.o
    0x18041c60   0x18041c60   0x00000012   Code   RO         4887    i.fputc             log.o
    0x18041c72   0x18041c72   0x00000002   PAD
    0x18041c74   0x18041c74   0x00000054   Code   RO        10977    i.free              mc_p.l(malloc.o)
    0x18041cc8   0x18041cc8   0x00000074   Code   RO         5370    i.garbage_collect_try  tinyfs.o
    0x18041d3c   0x18041d3c   0x0000001c   Code   RO         5371    i.gc_section_find   tinyfs.o
    0x18041d58   0x18041d58   0x00000052   Code   RO         5104    i.general_fifo_get  fifo.o
    0x18041daa   0x18041daa   0x00000052   Code   RO         5105    i.general_fifo_put  fifo.o
    0x18041dfc   0x18041dfc   0x00000034   Code   RO         5372    i.get_child_dir_by_name  tinyfs.o
    0x18041e30   0x18041e30   0x00000004   Code   RO         9242    i.get_deep_sleep_enable  sleep.o
    0x18041e34   0x18041e34   0x00000064   Code   RO         5373    i.get_first_valid_section  tinyfs.o
    0x18041e98   0x18041e98   0x00000034   Code   RO         8743    i.get_flash_process  platform.o
    0x18041ecc   0x18041ecc   0x00000012   Code   RO         5374    i.get_next_section  tinyfs.o
    0x18041ede   0x18041ede   0x00000034   Code   RO         5375    i.get_next_valid_section  tinyfs.o
    0x18041f12   0x18041f12   0x00000002   PAD
    0x18041f14   0x18041f14   0x00000024   Code   RO         4974    i.get_ota_boot_addr_info  ota_settings.o
    0x18041f38   0x18041f38   0x0000000c   Code   RO         8745    i.get_ota_settings_offset  platform.o
    0x18041f44   0x18041f44   0x00000008   Code   RO         9455    i.get_peer_id_buf   stack_var.o
    0x18041f4c   0x18041f4c   0x00000010   Code   RO         5378    i.get_prev_section  tinyfs.o
    0x18041f5c   0x18041f5c   0x0000004c   Code   RO         5379    i.get_record_by_name  tinyfs.o
    0x18041fa8   0x18041fa8   0x00000014   Code   RO         8747    i.get_trng_value    platform.o
    0x18041fbc   0x18041fbc   0x000000f6   Code   RO         7366    i.gpio_af_init      ls_soc_gpio.o
    0x180420b2   0x180420b2   0x0000004a   Code   RO         7368    i.gpio_ana_init     ls_soc_gpio.o
    0x180420fc   0x180420fc   0x00000060   Code   RO         6927    i.gptima_msp_init   ls_msp_timer.o
    0x1804215c   0x1804215c   0x00000064   Code   RO         6929    i.gptimb_msp_init   ls_msp_timer.o
    0x180421c0   0x180421c0   0x00000068   Code   RO         6931    i.gptimc_msp_init   ls_msp_timer.o
    0x18042228   0x18042228   0x0000000c   Code   RO         9694    i.gptimera1_status_set  sys_stat.o
    0x18042234   0x18042234   0x0000000c   Code   RO         9695    i.gptimerb1_status_set  sys_stat.o
    0x18042240   0x18042240   0x0000000c   Code   RO         9696    i.gptimerc1_status_set  sys_stat.o
    0x1804224c   0x1804224c   0x0000001c   Code   RO         1847    i.h_in              ls_hal_ecc.o
    0x18042268   0x18042268   0x00000002   Code   RO         2278    i.hal_flash_dual_io_read  ls_hal_flash_qspi.o
    0x1804226a   0x1804226a   0x00000016   Code   RO         2019    i.hal_flash_dual_page_program  ls_hal_flash.o
    0x18042280   0x18042280   0x00000024   Code   RO         2457    i.hal_flash_erase_operation  ls_hal_flash_svcall.o
    0x180422a4   0x180422a4   0x00000028   Code   RO         2022    i.hal_flash_multi_io_page_program  ls_hal_flash.o
    0x180422cc   0x180422cc   0x00000028   Code   RO         2023    i.hal_flash_multi_io_read  ls_hal_flash.o
    0x180422f4   0x180422f4   0x0000000e   Code   RO         2024    i.hal_flash_page_erase  ls_hal_flash.o
    0x18042302   0x18042302   0x00000030   Code   RO         2459    i.hal_flash_program_operation  ls_hal_flash_svcall.o
    0x18042332   0x18042332   0x0000007c   Code   RO         2279    i.hal_flash_quad_io_read  ls_hal_flash_qspi.o
    0x180423ae   0x180423ae   0x00000016   Code   RO         2027    i.hal_flash_quad_page_program  ls_hal_flash.o
    0x180423c4   0x180423c4   0x0000007e   Code   RO         2280    i.hal_flash_read_24bit_addr_8bit_dummy  ls_hal_flash_qspi.o
    0x18042442   0x18042442   0x00000016   Code   RO         2028    i.hal_flash_read_id  ls_hal_flash.o
    0x18042458   0x18042458   0x0000001e   Code   RO         2461    i.hal_flash_read_operation  ls_hal_flash_svcall.o
    0x18042476   0x18042476   0x0000001e   Code   RO         2462    i.hal_flash_read_reg_operation  ls_hal_flash_svcall.o
    0x18042494   0x18042494   0x00000018   Code   RO         2029    i.hal_flash_read_security_area  ls_hal_flash.o
    0x180424ac   0x180424ac   0x00000030   Code   RO         2463    i.hal_flash_read_security_area_operation  ls_hal_flash_svcall.o
    0x180424dc   0x180424dc   0x00000016   Code   RO         2030    i.hal_flash_read_sfdp  ls_hal_flash.o
    0x180424f2   0x180424f2   0x0000000e   Code   RO         2031    i.hal_flash_sector_erase  ls_hal_flash.o
    0x18042500   0x18042500   0x00000012   Code   RO         2032    i.hal_flash_total_size_get  ls_hal_flash.o
    0x18042512   0x18042512   0x0000002a   Code   RO         8749    i.idiv_acc          platform.o
    0x1804253c   0x1804253c   0x00000024   Code   RO         5382    i.if_dir_exist      tinyfs.o
    0x18042560   0x18042560   0x000000a8   Code   RO         5383    i.insert_check      tinyfs.o
    0x18042608   0x18042608   0x0000001c   Code   RO         5051    i.invalid_flag_write  inflash_settings.o
    0x18042624   0x18042624   0x00000050   Code   RO         1848    i.inversion         ls_hal_ecc.o
    0x18042674   0x18042674   0x00000054   Code   RO         1849    i.inversion_calc    ls_hal_ecc.o
    0x180426c8   0x180426c8   0x0000002a   Code   RO         5052    i.inversion_data_check  inflash_settings.o
    0x180426f2   0x180426f2   0x00000050   Code   RO         5053    i.inversion_data_write  inflash_settings.o
    0x18042742   0x18042742   0x00000030   Code   RO         7379    i.io_cfg_input      ls_soc_gpio.o
    0x18042772   0x18042772   0x00000020   Code   RO         7381    i.io_cfg_output     ls_soc_gpio.o
    0x18042792   0x18042792   0x0000001e   Code   RO         7383    i.io_clr_pin        ls_soc_gpio.o
    0x180427b0   0x180427b0   0x00000024   Code   RO          342    i.io_exti_callback  callback.o
    0x180427d4   0x180427d4   0x00000264   Code   RO         7387    i.io_exti_config    ls_soc_gpio.o
    0x18042a38   0x18042a38   0x00000070   Code   RO         7389    i.io_init           ls_soc_gpio.o
    0x18042aa8   0x18042aa8   0x0000002e   Code   RO         7391    i.io_pull_write     ls_soc_gpio.o
    0x18042ad6   0x18042ad6   0x00000020   Code   RO         7392    i.io_read_pin       ls_soc_gpio.o
    0x18042af6   0x18042af6   0x0000001c   Code   RO         7393    i.io_set_pin        ls_soc_gpio.o
    0x18042b12   0x18042b12   0x0000003e   Code   RO         7394    i.io_toggle_pin     ls_soc_gpio.o
    0x18042b50   0x18042b50   0x00000084   Code   RO         7395    i.io_wkup_en_clr_set  ls_soc_gpio.o
    0x18042bd4   0x18042bd4   0x0000001a   Code   RO         7396    i.io_write_pin      ls_soc_gpio.o
    0x18042bee   0x18042bee   0x0000000c   Code   RO         8750    i.irq_init          platform.o
    0x18042bfa   0x18042bfa   0x00000002   PAD
    0x18042bfc   0x18042bfc   0x00000078   Code   RO         8751    i.irq_priority      platform.o
    0x18042c74   0x18042c74   0x00000018   Code   RO         8752    i.irq_reinit        platform.o
    0x18042c8c   0x18042c8c   0x00000030   Code   RO         5169    i.linked_buf_alloc  linked_buffer.o
    0x18042cbc   0x18042cbc   0x0000005e   Code   RO         5171    i.linked_buf_contain_element  linked_buffer.o
    0x18042d1a   0x18042d1a   0x0000000c   Code   RO         5174    i.linked_buf_get_elem_by_idx  linked_buffer.o
    0x18042d26   0x18042d26   0x00000002   PAD
    0x18042d28   0x18042d28   0x00000088   Code   RO         5175    i.linked_buf_get_elem_idx  linked_buffer.o
    0x18042db0   0x18042db0   0x00000058   Code   RO         5176    i.linked_buf_get_ref_cnt_by_idx  linked_buffer.o
    0x18042e08   0x18042e08   0x00000034   Code   RO         5177    i.linked_buf_hdl_sanity_check  linked_buffer.o
    0x18042e3c   0x18042e3c   0x00000048   Code   RO         5178    i.linked_buf_init   linked_buffer.o
    0x18042e84   0x18042e84   0x000000d4   Code   RO         5180    i.linked_buf_release  linked_buffer.o
    0x18042f58   0x18042f58   0x0000006c   Code   RO         4888    i.log_hex_output    log.o
    0x18042fc4   0x18042fc4   0x00000030   Code   RO         4889    i.log_output        log.o
    0x18042ff4   0x18042ff4   0x00000038   Code   RO         8754    i.lpcycles_to_hus   platform.o
    0x1804302c   0x1804302c   0x0000004c   Code   RO         4947    i.ls_assert         ls_dbg.o
    0x18043078   0x18043078   0x00000024   Code   RO         4890    i.ls_log_init       log.o
    0x1804309c   0x1804309c   0x00000002   Code   RO         8755    i.lse_init          platform.o
    0x1804309e   0x1804309e   0x00000002   PAD
    0x180430a0   0x180430a0   0x00000070   Code   RO         8756    i.lsi_calib         platform.o
    0x18043110   0x18043110   0x0000000a   Code   RO         8757    i.lsi_counting_timer_callback  platform.o
    0x1804311a   0x1804311a   0x00000002   PAD
    0x1804311c   0x1804311c   0x00000018   Code   RO         8758    i.lsi_counting_timer_create  platform.o
    0x18043134   0x18043134   0x0000001c   Code   RO         8759    i.lsi_counting_timer_start  platform.o
    0x18043150   0x18043150   0x00000084   Code   RO         8760    i.lsi_freq_update_and_hs_to_lpcycles  platform.o
    0x180431d4   0x180431d4   0x0000001c   Code   RO         8762    i.lvd33_disable     platform.o
    0x180431f0   0x180431f0   0x0000001c   Code   RO         8763    i.lvd33_enable      platform.o
    0x1804320c   0x1804320c   0x00000010   Code   RO         8764    i.lvd33_irq_enable  platform.o
    0x1804321c   0x1804321c   0x00000054   Code   RO         8765    i.mac_init          platform.o
    0x18043270   0x18043270   0x00000014   Code   RO            4    i.main              main.o
    0x18043284   0x18043284   0x00000040   Code   RO         9460    i.main_task_app_init  stack_var.o
    0x180432c4   0x180432c4   0x0000006c   Code   RO        10978    i.malloc            mc_p.l(malloc.o)
    0x18043330   0x18043330   0x00000012   Code   RO         4703    i.memcpy32          common.o
    0x18043342   0x18043342   0x00000002   PAD
    0x18043344   0x18043344   0x00000018   Code   RO         8406    i.modem_reg_init    modem_rf_le501x.o
    0x1804335c   0x1804335c   0x0000003c   Code   RO         8407    i.modem_rf_init     modem_rf_le501x.o
    0x18043398   0x18043398   0x00000010   Code   RO         8408    i.modem_rf_reinit   modem_rf_le501x.o
    0x180433a8   0x180433a8   0x00000094   Code   RO         8767    i.module_init       platform.o
    0x1804343c   0x1804343c   0x00000040   Code   RO         1850    i.mont2rslt         ls_hal_ecc.o
    0x1804347c   0x1804347c   0x00000020   Code   RO         1851    i.mont_in           ls_hal_ecc.o
    0x1804349c   0x1804349c   0x00000020   Code   RO         1852    i.mont_in_data      ls_hal_ecc.o
    0x180434bc   0x180434bc   0x00000020   Code   RO         1853    i.mont_out          ls_hal_ecc.o
    0x180434dc   0x180434dc   0x00000010   Code   RO         5384    i.node_alloc        tinyfs.o
    0x180434ec   0x180434ec   0x0000008c   Code   RO         5385    i.node_copy         tinyfs.o
    0x18043578   0x18043578   0x000000c0   Code   RO         5386    i.node_crc_check    tinyfs.o
    0x18043638   0x18043638   0x00000058   Code   RO         5387    i.node_data_read    tinyfs.o
    0x18043690   0x18043690   0x00000058   Code   RO         5388    i.node_del          tinyfs.o
    0x180436e8   0x180436e8   0x00000014   Code   RO         5390    i.node_free         tinyfs.o
    0x180436fc   0x180436fc   0x00000020   Code   RO         5391    i.node_idx          tinyfs.o
    0x1804371c   0x1804371c   0x00000024   Code   RO         5392    i.node_list_copy    tinyfs.o
    0x18043740   0x18043740   0x0000000a   Code   RO         5393    i.node_list_init    tinyfs.o
    0x1804374a   0x1804374a   0x00000002   PAD
    0x1804374c   0x1804374c   0x0000003c   Code   RO         5394    i.node_list_search  tinyfs.o
    0x18043788   0x18043788   0x0000002e   Code   RO         5395    i.node_metadata_read  tinyfs.o
    0x180437b6   0x180437b6   0x00000038   Code   RO         5396    i.node_parent_fix   tinyfs.o
    0x180437ee   0x180437ee   0x00000002   PAD
    0x180437f0   0x180437f0   0x00000020   Code   RO         5397    i.node_ptr          tinyfs.o
    0x18043810   0x18043810   0x00000040   Code   RO         5398    i.node_search       tinyfs.o
    0x18043850   0x18043850   0x00000044   Code   RO         5399    i.node_sibling_fix  tinyfs.o
    0x18043894   0x18043894   0x00000014   Code   RO         5400    i.node_total_length  tinyfs.o
    0x180438a8   0x180438a8   0x000001b8   Code   RO         5401    i.node_write        tinyfs.o
    0x18043a60   0x18043a60   0x000000f8   Code   RO         5402    i.nodes_info_load   tinyfs.o
    0x18043b58   0x18043b58   0x00000020   Code   RO         5054    i.not_programmed    inflash_settings.o
    0x18043b78   0x18043b78   0x0000008c   Code   RO         5403    i.nvm_page_empty    tinyfs.o
    0x18043c04   0x18043c04   0x00000074   Code   RO         5404    i.nvm_read_node     tinyfs.o
    0x18043c78   0x18043c78   0x00000074   Code   RO         1854    i.orig2mont         ls_hal_ecc.o
    0x18043cec   0x18043cec   0x00000014   Code   RO         4978    i.ota_boot_addr_set  ota_settings.o
    0x18043d00   0x18043d00   0x00000018   Code   RO         1855    i.p_in              ls_hal_ecc.o
    0x18043d18   0x18043d18   0x00000028   Code   RO         9700    i.peri_status_busy  sys_stat.o
    0x18043d40   0x18043d40   0x0000000a   Code   RO         7406    i.pinmux_adc12b_in4_init  ls_soc_gpio.o
    0x18043d4a   0x18043d4a   0x0000000a   Code   RO         7408    i.pinmux_adc12b_in5_init  ls_soc_gpio.o
    0x18043d54   0x18043d54   0x0000000c   Code   RO         7433    i.pinmux_ana_func1_init  ls_soc_gpio.o
    0x18043d60   0x18043d60   0x00000028   Code   RO         7435    i.pinmux_gptima1_ch1_init  ls_soc_gpio.o
    0x18043d88   0x18043d88   0x00000028   Code   RO         7437    i.pinmux_gptima1_ch2_init  ls_soc_gpio.o
    0x18043db0   0x18043db0   0x00000038   Code   RO         7516    i.pinmux_uart1_init  ls_soc_gpio.o
    0x18043de8   0x18043de8   0x00000038   Code   RO         7518    i.pinmux_uart2_init  ls_soc_gpio.o
    0x18043e20   0x18043e20   0x00000038   Code   RO         7520    i.pinmux_uart3_init  ls_soc_gpio.o
    0x18043e58   0x18043e58   0x00000030   Code   RO         8768    i.platform_reset    platform.o
    0x18043e88   0x18043e88   0x0000000c   Code   RO         8769    i.plf_get_reset_error  platform.o
    0x18043e94   0x18043e94   0x00000054   Code   RO         8409    i.pll_cal_testreg_deinit  modem_rf_le501x.o
    0x18043ee8   0x18043ee8   0x00000060   Code   RO         8410    i.pll_cal_testreg_init  modem_rf_le501x.o
    0x18043f48   0x18043f48   0x00000070   Code   RO         5405    i.print_indent      tinyfs.o
    0x18043fb8   0x18043fb8   0x00000008   Code   RO        10689    i.putc              mc_p.l(putc.o)
    0x18043fc0   0x18043fc0   0x00000030   Code   RO         4706    i.rand_gen_by_word  common.o
    0x18043ff0   0x18043ff0   0x0000005c   Code   RO         8770    i.rco_freq_counting_init  platform.o
    0x1804404c   0x1804404c   0x000000e4   Code   RO         8771    i.rco_freq_counting_start  platform.o
    0x18044130   0x18044130   0x000000dc   Code   RO         5406    i.record_add_parse  tinyfs.o
    0x1804420c   0x1804420c   0x00000048   Code   RO         5407    i.record_add_write  tinyfs.o
    0x18044254   0x18044254   0x00000034   Code   RO         5408    i.record_compare    tinyfs.o
    0x18044288   0x18044288   0x00000074   Code   RO         5409    i.record_data_copy  tinyfs.o
    0x180442fc   0x180442fc   0x0000003c   Code   RO         5410    i.record_data_write  tinyfs.o
    0x18044338   0x18044338   0x00000090   Code   RO         5411    i.record_remove_parse  tinyfs.o
    0x180443c8   0x180443c8   0x0000003c   Code   RO         5412    i.record_remove_write  tinyfs.o
    0x18044404   0x18044404   0x00000054   Code   RO         5413    i.record_write      tinyfs.o
    0x18044458   0x18044458   0x00000024   Code   RO         1856    i.result2buffer     ls_hal_ecc.o
    0x1804447c   0x1804447c   0x00000002   Code   RO         8411    i.rf_force_agc_enable  modem_rf_le501x.o
    0x1804447e   0x1804447e   0x00000002   PAD
    0x18044480   0x18044480   0x000000c0   Code   RO         8412    i.rf_reg_config     modem_rf_le501x.o
    0x18044540   0x18044540   0x00000194   Code   RO         8413    i.rf_reg_init       modem_rf_le501x.o
    0x180446d4   0x180446d4   0x00000040   Code   RO         8414    i.rf_reg_retention  modem_rf_le501x.o
    0x18044714   0x18044714   0x00000002   Code   RO         8415    i.rf_reset          modem_rf_le501x.o
    0x18044716   0x18044716   0x00000002   PAD
    0x18044718   0x18044718   0x0000003c   Code   RO         8416    i.rf_rssi_convert   modem_rf_le501x.o
    0x18044754   0x18044754   0x00000006   Code   RO         8418    i.rf_txpwr_cs_get   modem_rf_le501x.o
    0x1804475a   0x1804475a   0x00000002   PAD
    0x1804475c   0x1804475c   0x0000000c   Code   RO         8419    i.rf_txpwr_dbm_get  modem_rf_le501x.o
    0x18044768   0x18044768   0x0000001c   Code   RO         5414    i.root_dir_init     tinyfs.o
    0x18044784   0x18044784   0x00000002   Code   RO         3149    i.rtc_wkup_callback  ls_hal_rtc.o
    0x18044786   0x18044786   0x00000004   Code   RO         8420    i.rx_txpwr_max_get  modem_rf_le501x.o
    0x1804478a   0x1804478a   0x00000004   Code   RO         8421    i.rx_txpwr_min_get  modem_rf_le501x.o
    0x1804478e   0x1804478e   0x00000002   PAD
    0x18044790   0x18044790   0x00000018   Code   RO         5415    i.section_copy      tinyfs.o
    0x180447a8   0x180447a8   0x00000028   Code   RO         5416    i.section_garbage_collection  tinyfs.o
    0x180447d0   0x180447d0   0x0000003c   Code   RO         5417    i.section_head_read  tinyfs.o
    0x1804480c   0x1804480c   0x0000005c   Code   RO         5418    i.section_head_read_all  tinyfs.o
    0x18044868   0x18044868   0x00000038   Code   RO         5419    i.section_head_write  tinyfs.o
    0x180448a0   0x180448a0   0x00000034   Code   RO         5420    i.section_offset_calc  tinyfs.o
    0x180448d4   0x180448d4   0x0000008c   Code   RO         5057    i.settings_set      inflash_settings.o
    0x18044960   0x18044960   0x00000034   Code   RO         5421    i.sibling_sort      tinyfs.o
    0x18044994   0x18044994   0x00000036   Code   RO         9247    i.sleep_process     sleep.o
    0x180449ca   0x180449ca   0x00000002   PAD
    0x180449cc   0x180449cc   0x00000040   Code   RO         5422    i.sorted_list_insert  tinyfs.o
    0x18044a0c   0x18044a0c   0x0000005c   Code   RO         4948    i.stack_assert_c    ls_dbg.o
    0x18044a68   0x18044a68   0x0000002c   Code   RO         8773    i.stack_data_bss_init  platform.o
    0x18044a94   0x18044a94   0x000000fc   Code   RO         9463    i.stack_var_ptr_init  stack_var.o
    0x18044b90   0x18044b90   0x00000012   Code   RO         5107    i.sw_fifo_empty     fifo.o
    0x18044ba2   0x18044ba2   0x00000020   Code   RO         5109    i.sw_fifo_full      fifo.o
    0x18044bc2   0x18044bc2   0x00000010   Code   RO         5110    i.sw_fifo_init      fifo.o
    0x18044bd2   0x18044bd2   0x00000014   Code   RO         8775    i.sys_init_app      platform.o
    0x18044be6   0x18044be6   0x00000002   PAD
    0x18044be8   0x18044be8   0x00000024   Code   RO         9890    i.systick_start     systick.o
    0x18044c0c   0x18044c0c   0x00000018   Code   RO         9891    i.systick_stop      systick.o
    0x18044c24   0x18044c24   0x0000010a   Code   RO         5280    i.tc_sha256_final   sha256.o
    0x18044d2e   0x18044d2e   0x00000002   PAD
    0x18044d30   0x18044d30   0x00000058   Code   RO         5281    i.tc_sha256_init    sha256.o
    0x18044d88   0x18044d88   0x0000005a   Code   RO         5282    i.tc_sha256_update  sha256.o
    0x18044de2   0x18044de2   0x00000002   PAD
    0x18044de4   0x18044de4   0x00000038   Code   RO         8423    i.tempsensor_ldo_init  modem_rf_le501x.o
    0x18044e1c   0x18044e1c   0x0000001e   Code   RO         7530    i.timer_ch_io_cfg   ls_soc_gpio.o
    0x18044e3a   0x18044e3a   0x00000016   Code   RO         7531    i.timer_ch_io_output_cfg  ls_soc_gpio.o
    0x18044e50   0x18044e50   0x0000009c   Code   RO         6932    i.timer_status_set  ls_msp_timer.o
    0x18044eec   0x18044eec   0x0000005c   Code   RO         5424    i.tinyfs_del_record  tinyfs.o
    0x18044f48   0x18044f48   0x000000f8   Code   RO         5432    i.tinyfs_init       tinyfs.o
    0x18045040   0x18045040   0x00000088   Code   RO         5433    i.tinyfs_list_del   tinyfs.o
    0x180450c8   0x180450c8   0x00000028   Code   RO         5434    i.tinyfs_list_init  tinyfs.o
    0x180450f0   0x180450f0   0x00000044   Code   RO         5435    i.tinyfs_list_push  tinyfs.o
    0x18045134   0x18045134   0x00000108   Code   RO         5436    i.tinyfs_mkdir      tinyfs.o
    0x1804523c   0x1804523c   0x00000002   Code   RO         5437    i.tinyfs_mutex_create  tinyfs.o
    0x1804523e   0x1804523e   0x00000002   Code   RO         5438    i.tinyfs_mutex_lock  tinyfs.o
    0x18045240   0x18045240   0x00000002   Code   RO         5439    i.tinyfs_mutex_unlock  tinyfs.o
    0x18045242   0x18045242   0x00000002   PAD
    0x18045244   0x18045244   0x0000007c   Code   RO         5892    i.tinyfs_nvm_program  tinyfs_write_cache.o
    0x180452c0   0x180452c0   0x00000078   Code   RO         5893    i.tinyfs_nvm_read_with_cache  tinyfs_write_cache.o
    0x18045338   0x18045338   0x0000004c   Code   RO         5894    i.tinyfs_nvm_write_through  tinyfs_write_cache.o
    0x18045384   0x18045384   0x0000006c   Code   RO         5440    i.tinyfs_print_dir_tree  tinyfs.o
    0x180453f0   0x180453f0   0x00000064   Code   RO         5441    i.tinyfs_read       tinyfs.o
    0x18045454   0x18045454   0x00000034   Code   RO         5442    i.tinyfs_record_exist  tinyfs.o
    0x18045488   0x18045488   0x00000034   Code   RO         5444    i.tinyfs_section_erase  tinyfs.o
    0x180454bc   0x180454bc   0x00000098   Code   RO         5445    i.tinyfs_write      tinyfs.o
    0x18045554   0x18045554   0x00000050   Code   RO         5446    i.tinyfs_write_through  tinyfs.o
    0x180455a4   0x180455a4   0x00000110   Code   RO         5447    i.traverse_tree     tinyfs.o
    0x180456b4   0x180456b4   0x0000000c   Code   RO         9703    i.trng_status_set   sys_stat.o
    0x180456c0   0x180456c0   0x0000016c   Code   RO         8424    i.tx_pwr_config     modem_rf_le501x.o
    0x1804582c   0x1804582c   0x00000068   Code   RO         7157    i.uart1_msp_init    ls_msp_uart.o
    0x18045894   0x18045894   0x0000000c   Code   RO         9704    i.uart1_status_set  sys_stat.o
    0x180458a0   0x180458a0   0x00000068   Code   RO         7159    i.uart2_msp_init    ls_msp_uart.o
    0x18045908   0x18045908   0x0000000c   Code   RO         9705    i.uart2_status_set  sys_stat.o
    0x18045914   0x18045914   0x00000068   Code   RO         7161    i.uart3_msp_init    ls_msp_uart.o
    0x1804597c   0x1804597c   0x0000000c   Code   RO         9706    i.uart3_status_set  sys_stat.o
    0x18045988   0x18045988   0x0000001a   Code   RO         7533    i.uart_io_cfg       ls_soc_gpio.o
    0x180459a2   0x180459a2   0x00000002   Code   RO         4891    i.uart_log_pause    log.o
    0x180459a4   0x180459a4   0x00000002   Code   RO         4892    i.uart_log_resume   log.o
    0x180459a6   0x180459a6   0x00000002   PAD
    0x180459a8   0x180459a8   0x00000060   Code   RO         7162    i.uart_status_set   ls_msp_uart.o
    0x18045a08   0x18045a08   0x0000001c   Code   RO         8779    i.us_to_lpcycles    platform.o
    0x18045a24   0x18045a24   0x00000020   Code   RO          699    i.vCenterSlide_Handle_StirKey  bsp_key.o
    0x18045a44   0x18045a44   0x00000020   Code   RO          700    i.vDownSlide_Handle_StirKey  bsp_key.o
    0x18045a64   0x18045a64   0x0000003c   Code   RO          701    i.vMotorCalibrationMode_Press_PhotoKey  bsp_key.o
    0x18045aa0   0x18045aa0   0x0000017c   Code   RO          702    i.vPress_Handle_HomeKey  bsp_key.o
    0x18045c1c   0x18045c1c   0x000000c0   Code   RO          703    i.vPress_Handle_PhotoKey  bsp_key.o
    0x18045cdc   0x18045cdc   0x0000006c   Code   RO          704    i.vPress_Handle_PowerKey  bsp_key.o
    0x18045d48   0x18045d48   0x00000094   Code   RO          705    i.vRestore_Handle_LongPress_HomeKey  bsp_key.o
    0x18045ddc   0x18045ddc   0x00000050   Code   RO          381    i.vRocker_CenterSlide_Handler  bsp_adc.o
    0x18045e2c   0x18045e2c   0x00000054   Code   RO          382    i.vRocker_Down_Handler  bsp_adc.o
    0x18045e80   0x18045e80   0x00000054   Code   RO          383    i.vRocker_Left_Handler  bsp_adc.o
    0x18045ed4   0x18045ed4   0x00000054   Code   RO          384    i.vRocker_Right_Handler  bsp_adc.o
    0x18045f28   0x18045f28   0x00000054   Code   RO          385    i.vRocker_Up_Handler  bsp_adc.o
    0x18045f7c   0x18045f7c   0x0000004c   Code   RO         1026    i.vSysTimerEvent_AdcEnabledCheck_Handler  bsp_systimer.o
    0x18045fc8   0x18045fc8   0x00000058   Code   RO         1027    i.vSysTimerEvent_CheckElectric_Handler  bsp_systimer.o
    0x18046020   0x18046020   0x0000007c   Code   RO         1028    i.vSysTimerEvent_DM_Done_Handler  bsp_systimer.o
    0x1804609c   0x1804609c   0x000000a4   Code   RO         1029    i.vSysTimerEvent_LowPowerMode_Handler  bsp_systimer.o
    0x18046140   0x18046140   0x00000040   Code   RO         1030    i.vSysTimerEvent_LowPowerShutdown_Handler  bsp_systimer.o
    0x18046180   0x18046180   0x00000050   Code   RO         1031    i.vSysTimerEvent_SendCheckPtzStatusPackage_Handler  bsp_systimer.o
    0x180461d0   0x180461d0   0x000000a0   Code   RO         1032    i.vSysTimerEvent_SerialPort_SendData_Handler  bsp_systimer.o
    0x18046270   0x18046270   0x000000d0   Code   RO         1033    i.vSysTimerEvent_ShutdownStep_Handler  bsp_systimer.o
    0x18046340   0x18046340   0x00000064   Code   RO         1034    i.vSysTimerEvent_SoftwareReset_Handler  bsp_systimer.o
    0x180463a4   0x180463a4   0x00000020   Code   RO          706    i.vUpSlide_Handle_StirKey  bsp_key.o
    0x180463c4   0x180463c4   0x00000020   Code   RO         5448    i.valid_data_in_section  tinyfs.o
    0x180463e4   0x180463e4   0x00000018   Code   RO         8780    i.var_init          platform.o
    0x180463fc   0x180463fc   0x00000014   Code   RO         9248    i.wkup_ble          sleep.o
    0x18046410   0x18046410   0x00000018   Code   RO         1857    i.zacau_calc        ls_hal_ecc.o
    0x18046428   0x18046428   0x000000ac   Code   RO         1858    i.zacau_loop        ls_hal_ecc.o
    0x180464d4   0x180464d4   0x00000020   Code   RO         1859    i.zaddc_calc        ls_hal_ecc.o
    0x180464f4   0x180464f4   0x00000050   Code   RO         1860    i.zaddu             ls_hal_ecc.o
    0x18046544   0x18046544   0x0000001c   Code   RO         1861    i.zaddu_calc        ls_hal_ecc.o
    0x18046560   0x18046560   0x000000c8   Data   RO          474    .constdata          bsp_bluetooth.o
    0x18046628   0x18046628   0x0000012c   Data   RO         1863    .constdata          ls_hal_ecc.o
    0x18046754   0x18046754   0x00000200   Data   RO         4866    .constdata          crc16.o
    0x18046954   0x18046954   0x00000011   Data   RO         4893    .constdata          log.o
    0x18046965   0x18046965   0x00000003   PAD
    0x18046968   0x18046968   0x00000018   Data   RO         4985    .constdata          ota_settings.o
    0x18046980   0x18046980   0x00000100   Data   RO         5283    .constdata          sha256.o
    0x18046a80   0x18046a80   0x00000014   Data   RO         5450    .constdata          tinyfs.o
    0x18046a94   0x18046a94   0x0000000c   Data   RO         5880    .constdata          tinyfs_nvm.o
    0x18046aa0   0x18046aa0   0x00000008   Data   RO         8425    .constdata          modem_rf_le501x.o
    0x18046aa8   0x18046aa8   0x00000002   Data   RO         9249    .constdata          sleep.o
    0x18046aaa   0x18046aaa   0x00000002   PAD
    0x18046aac   0x18046aac   0x00000020   Data   RO         9852    .constdata          svcall.o
    0x18046acc   0x18046acc   0x00000040   Data   RO        11083    .constdata          mc_p.l(ctype_c.o)
    0x18046b0c   0x18046b0c   0x00000126   Data   RO          849    .conststring        bsp_uart.o
    0x18046c32   0x18046c32   0x00000002   PAD
    0x18046c34   0x18046c34   0x00000086   Data   RO         1277    .conststring        ls_hal_adc.o
    0x18046cba   0x18046cba   0x00000003   Data   RO        10584    .rodata.CSWTCH.24   libfw.o
    0x18046cbd   0x18046cbd   0x00000005   Data   RO        10613    .rodata.CSWTCH.35   libfw.o
    0x18046cc2   0x18046cc2   0x00000004   Data   RO        10595    .rodata.CSWTCH.46   libfw.o
    0x18046cc6   0x18046cc6   0x00000003   Data   RO        10596    .rodata.CSWTCH.58   libfw.o
    0x18046cc9   0x18046cc9   0x00000004   Data   RO        10597    .rodata.CSWTCH.62   libfw.o
    0x18046ccd   0x18046ccd   0x00000003   PAD
    0x18046cd0   0x18046cd0   0x0000000c   Data   RO        10576    .rodata.TASK_DESC_APP  libfw.o
    0x18046cdc   0x18046cdc   0x0000000c   Data   RO        10572    .rodata.TASK_DESC_BUILTIN  libfw.o
    0x18046ce8   0x18046ce8   0x00000039   Data   RO        10622    .rodata.ancc_anc_char  libfw.o
    0x18046d21   0x18046d21   0x00000026   Data   RO        10623    .rodata.ancc_anc_char_desc  libfw.o
    0x18046d47   0x18046d47   0x0000002a   Data   RO        10575    .rodata.app_msg_handler.str1.1  libfw.o
    0x18046d71   0x18046d71   0x00000003   PAD
    0x18046d74   0x18046d74   0x00000008   Data   RO        10577    .rodata.app_msg_handler_tab  libfw.o
    0x18046d7c   0x18046d7c   0x00000028   Data   RO        10618    .rodata.bas_att_db  libfw.o
    0x18046da4   0x18046da4   0x00000010   Data   RO        10619    .rodata.bass_itf    libfw.o
    0x18046db4   0x18046db4   0x00000030   Data   RO        10617    .rodata.bass_msg_handler_tab  libfw.o
    0x18046de4   0x18046de4   0x00000035   Data   RO        10588    .rodata.ble_storage_alloc_peer_id.str1.1  libfw.o
    0x18046e19   0x18046e19   0x00000003   PAD
    0x18046e1c   0x18046e1c   0x00000010   Data   RO        10573    .rodata.builtin_msg_handler_tab  libfw.o
    0x18046e2c   0x18046e2c   0x00000002   Data   RO        10593    .rodata.dev_manager_gapm_activity_stopped_ind_handler.str1.1  libfw.o
    0x18046e2e   0x18046e2e   0x0000001b   Data   RO        10592    .rodata.dev_manager_gapm_reset_cmp.str1.1  libfw.o
    0x18046e49   0x18046e49   0x0000002b   Data   RO        10591    .rodata.dev_manager_stack_init.str1.1  libfw.o
    0x18046e74   0x18046e74   0x00000078   Data   RO        10581    .rodata.gap_manager_gapc_bond_ind_handler.str1.1  libfw.o
    0x18046eec   0x18046eec   0x00000018   Data   RO        10583    .rodata.gap_manager_gapc_bond_req_ind_handler.str1.1  libfw.o
    0x18046f04   0x18046f04   0x00000001   Data   RO        10578    .rodata.gap_manager_gapc_cmp_evt_handler.cst1  libfw.o
    0x18046f05   0x18046f05   0x0000000e   Data   RO        10582    .rodata.gap_manager_gapc_get_dev_info_req_ind_handler.str1.1  libfw.o
    0x18046f13   0x18046f13   0x00000019   Data   RO        10579    .rodata.gap_manager_master_encrypt.str1.1  libfw.o
    0x18046f2c   0x18046f2c   0x00000004   Data   RO        10580    .rodata.gap_manager_passkey_input.str1.1  libfw.o
    0x18046f30   0x18046f30   0x00000020   Data   RO        10590    .rodata.gapm_activity_start_cmd_send.str1.1  libfw.o
    0x18046f50   0x18046f50   0x0000001e   Data   RO        10586    .rodata.gatt_manager_gattc_event_ind_handler.str1.1  libfw.o
    0x18046f6e   0x18046f6e   0x0000003a   Data   RO        10585    .rodata.gatt_manager_gattc_event_req_ind_handler.str1.1  libfw.o
    0x18046fa8   0x18046fa8   0x00000029   Data   RO        10620    .rodata.gattc_cmp_evt_handler.str1.1  libfw.o
    0x18046fd1   0x18046fd1   0x00000054   Data   RO        10608    .rodata.gattc_read_req_ind_handler.str1.1  libfw.o
    0x18047025   0x18047025   0x000000ea   Data   RO        10607    .rodata.gattc_write_req_ind_handler.str1.1  libfw.o
    0x1804710f   0x1804710f   0x00000001   PAD
    0x18047110   0x18047110   0x000000b8   Data   RO        10615    .rodata.hids_att_db  libfw.o
    0x180471c8   0x180471c8   0x00000010   Data   RO        10616    .rodata.hogpd_itf   libfw.o
    0x180471d8   0x180471d8   0x00000040   Data   RO        10614    .rodata.hogpd_msg_handler_tab  libfw.o
    0x18047218   0x18047218   0x0000001d   Data   RO        10574    .rodata.nvds_get.str1.1  libfw.o
    0x18047235   0x18047235   0x00000017   Data   RO        10600    .rodata.prf_hogpd_handler.str1.1  libfw.o
    0x1804724c   0x1804724c   0x00000024   Data   RO        10610    .rodata.program_segment_to_flash.str1.1  libfw.o
    0x18047270   0x18047270   0x00000040   Data   RO        11087    Region$$Table       anon$$obj.o


==============================================================================

Image component sizes


      Code (inc. data)   RO Data    RW Data    ZI Data      Debug   Object Name

      1168        136          0         28         68       5699   bsp_adc.o
      3116       1244        200        101         59      14692   bsp_bluetooth.o
      1060        148          0         48        608      10903   bsp_boot.o
        20          0          0          8          0       1262   bsp_dog.o
       280         28          0         12         36       2896   bsp_encoder.o
       132         10          0         12          0       2054   bsp_hid.o
      1890        132          0         40          0       7798   bsp_key.o
       692         28          0         40          0       3914   bsp_led.o
      1390         38          0          8         16       6703   bsp_newprotocol.o
      2220        126          0          8         12       9507   bsp_oldprotocol.o
      1400        116          0         24          0       4468   bsp_power.o
      1180        168          0          8         26       6320   bsp_systimer.o
      1186        228        294        612      11360       7108   bsp_uart.o
        64          6          0          0          0        716   calc_acc.o
        64          4          0          0          0        611   calc_div.o
        96         28          0          0          0       2204   callback.o
       260          6          0          0          0       2263   common.o
        24          0          0          0          0       2286   cpu.o
        64          6        512          0          0       1744   crc16.o
         8          0          0          0          0        388   delay_asm.o
       230          0          0          0          0       4208   fifo.o
       428         52          0          0          0       4635   inflash_settings.o
     17652       2132       1452          0        280          0   libfw.o
       714        248          0          0          0       7850   linked_buffer.o
       214         30         17          0          0       4133   log.o
       176         92          0          0          0       1669   ls_dbg.o
      2812        796        134          0          0       8844   ls_hal_adc.o
         0          0          0          0          0        524   ls_hal_adc_dma.o
      1294        192        300         14         96      13177   ls_hal_ecc.o
       702         66          0         12          0      18790   ls_hal_flash.o
      1154         16          0          0          0      16253   ls_hal_flash_qspi.o
       198          0          0          0          0       6661   ls_hal_flash_svcall.o
        88         10          0          0          0       1447   ls_hal_iwdg.o
        66          4          0          0          0       3044   ls_hal_pis.o
      1158         70          0          0          0       8551   ls_hal_qspi.o
         2          0          0          0          0        408   ls_hal_rtc.o
         0          0          0          0          0        879   ls_hal_spi_i2s.o
      2342        844          0          0          0      15507   ls_hal_timer.o
       128         16          0          0          0       2785   ls_hal_trng.o
       870         66          0          0          0      16530   ls_hal_uart.o
        20          0          0          0          0       1473   ls_hal_uart_dma.o
       228         30          0          4          0      12626   ls_msp_adc.o
         0          0          0          0          0       7752   ls_msp_crypt.o
       164         28          0          0          0       3189   ls_msp_ecc.o
        28          4          0          0          0        540   ls_msp_iwdg.o
        32          6          0          0          0        535   ls_msp_pis.o
        80         10          0          0          0       2133   ls_msp_qspi.o
       942        110          0          0         20       9794   ls_msp_timer.o
       180         28          0          0          0       2370   ls_msp_trng.o
       606         70          0          0         12       7228   ls_msp_uart.o
      2090        172          0         52          0      37521   ls_soc_gpio.o
        20          4          0          0          0      93528   main.o
      1570        240          8          7          0      12587   modem_rf_le501x.o
        56          6         24          0          0       2064   ota_settings.o
      2374        370          0         48         44      36127   platform.o
        46          0          0          8          0       1805   public.o
         8          0          0          0          0          0   rssi_smth_algo.o
       220         44          0          0       1208       5549   segger_rtt.o
      1072         38        256          0          0       5402   sha256.o
      1412        232          2          7          0      35476   sleep.o
        42          0          0          0          0        436   sleep_asm.o
        10          0          0          0          0        396   stack_asm.o
       328        152          0        108      19904       5972   stack_var.o
        20         10        192          0       6144        760   startup.o
        36          4         32          0          0       1175   svcall.o
        28          6          0          0          0        388   svcall_asm.o
       184         78          0          1         18       6937   sys_stat.o
       236         50          0         24         23       4816   system_init.o
       146         32          0          4          0       2732   systick.o
      6856       1194         20          4        360      52013   tinyfs.o
         0          0         12          0          0        691   tinyfs_nvm.o
       320         22          0          0        264       2649   tinyfs_write_cache.o
        20          0          0          0          0        587   utils.o

    ----------------------------------------------------------------------
     66246      10094       3536       1252      40592     586682   Object Totals
       204         68         64          0          8          0   (incl. Generated)
       126          0         17         10         26          0   (incl. Padding)

    ----------------------------------------------------------------------

      Code (inc. data)   RO Data    RW Data    ZI Data      Debug   Library Member Name

        30          0          0          0          0         60   _chval.o
       828         14          0          0          0         84   _scanf.o
       330          0          0          0          0         84   _scanf_int.o
       330          0          0          0          0         84   _scanf_longlong.o
       232          0          0          0          0         84   _scanf_str.o
        68          0          0          0          0         76   _sgetc.o
        36          4         64          0          0         60   ctype_c.o
         0          0          0          0          0          0   entry.o
         0          0          0          0          0          0   entry10a.o
         0          0          0          0          0          0   entry11a.o
         4          0          0          0          0          0   entry12b.o
         8          4          0          0          0          0   entry2.o
         4          0          0          0          0          0   entry5.o
         0          0          0          0          0          0   entry7b.o
         0          0          0          0          0          0   entry8b.o
         8          4          0          0          0          0   entry9a.o
        30          0          0          0          0          0   handlers.o
        36          8          0          0          0         68   init.o
        14          0          0          0          0         68   isspace_c.o
         0          0          0          0          0          0   iusefp.o
       122          0          0          0          0         84   llmul.o
        32          0          0          0          0         68   llshl.o
        38          0          0          0          0         68   llsshr.o
        34          0          0          0          0         68   llushr.o
       192         20          0          0          0        144   malloc.o
        36          0          0          0          0         60   memcpya.o
        36          0          0          0          0        100   memseta.o
         0          0          0          8          0          0   mvars.o
      2326        110          0          0          0        624   printfa.o
         8          0          0          0          0         68   putc.o
        36         12          0          4          0        120   rand.o
        44          8          0          0          0         84   scanf_char.o
       898         12          0          0          0        184   scanf_fp.o
        60         10          0          0          0         84   sscanf.o
         0          0          0          4          0          0   stdout.o
        18          0          0          0          0         60   strcpy.o
        96          0          0          0          0         84   uldiv.o
        40          2          0          0          0         68   cdrcmple.o
        56          0          0          0          0         68   d2f.o
       360          6          0          0          0        140   dadd.o
       240          6          0          0          0         84   ddiv.o
       236          0          0          0          0        216   depilogue.o
        60         10          0          0          0         68   dfixui.o
        64         10          0          0          0         68   dfixul.o
        28          4          0          0          0         68   dfltui.o
        28          6          0          0          0         68   dfltul.o
       208          6          0          0          0         88   dmul.o
       130          0          0          0          0        144   fepilogue.o

    ----------------------------------------------------------------------
      7398        256         64         16          0       3648   Library Totals
        14          0          0          0          0          0   (incl. Padding)

    ----------------------------------------------------------------------

      Code (inc. data)   RO Data    RW Data    ZI Data      Debug   Library Name

      5934        206         64         16          0       2568   mc_p.l
      1450         50          0          0          0       1080   mf_p.l

    ----------------------------------------------------------------------
      7398        256         64         16          0       3648   Library Totals

    ----------------------------------------------------------------------

==============================================================================


      Code (inc. data)   RO Data    RW Data    ZI Data      Debug   

     73644      10350       3600       1268      40592     562758   Grand Totals
     73644      10350       3600       1268      40592     562758   ELF Image Totals
     73644      10350       3600       1268          0          0   ROM Totals

==============================================================================

    Total RO  Size (Code + RO Data)                77244 (  75.43kB)
    Total RW  Size (RW Data + ZI Data)             41860 (  40.88kB)
    Total ROM Size (Code + RO Data + RW Data)      78512 (  76.67kB)

==============================================================================

