Component: ARM Compiler 5.06 update 7 (build 960) Tool: armlink [4d3601]

==============================================================================

Section Cross References

    main.o(i.main) refers to platform.o(i.ble_loop) for ble_loop
    main.o(i.main) refers to system_init.o(.data) for System_Init
    public.o(i.Public_Delay_Ms) refers to delay_asm.o(.xip_banned.arm_cm_delay_asm) for arm_cm_delay_asm
    public.o(.data) refers to public.o(i.Public_Delay_Ms) for Public_Delay_Ms
    system_init.o(i.Hardware_Init) refers to platform.o(i.sys_init_app) for sys_init_app
    system_init.o(i.Hardware_Init) refers to segger_rtt.o(i.SEGGER_RTT_Init) for SEGGER_RTT_Init
    system_init.o(i.Hardware_Init) refers to libfw.o(.text.ble_init) for ble_init
    system_init.o(i.Hardware_Init) refers to bsp_led.o(.data) for Bsp_Led
    system_init.o(i.Hardware_Init) refers to bsp_power.o(.data) for Bsp_Power
    system_init.o(i.Hardware_Init) refers to bsp_key.o(.data) for Bsp_Key
    system_init.o(i.Hardware_Init) refers to bsp_adc.o(.data) for Bsp_Adc
    system_init.o(i.Hardware_Init) refers to bsp_encoder.o(.data) for Bsp_Encoder
    system_init.o(i.Hardware_Init) refers to bsp_uart.o(.data) for Bsp_Uart
    system_init.o(i.Hardware_Init) refers to bsp_bluetooth.o(.data) for Bsp_BlueTooth
    system_init.o(i.Hardware_Init) refers to bsp_dog.o(.data) for Bsp_Dog
    system_init.o(i.Hardware_Init) refers to system_init.o(.bss) for System_Status
    system_init.o(.data) refers to system_init.o(i.Hardware_Init) for Hardware_Init
    callback.o(i.HAL_ADCEx_InjectedConvCpltCallback) refers to bsp_adc.o(.data) for Bsp_Adc
    callback.o(i.HAL_UART_RxCpltCallback) refers to bsp_uart.o(.data) for Bsp_Uart
    callback.o(i.HAL_UART_TxCpltCallback) refers to bsp_uart.o(.data) for Bsp_Uart
    callback.o(i.io_exti_callback) refers to bsp_key.o(.data) for Bsp_Key
    callback.o(i.io_exti_callback) refers to bsp_power.o(.data) for Bsp_Power
    bsp_adc.o(i.Bsp_Adc_Capture_Handler) refers to ls_hal_adc.o(i.HAL_ADCEx_InjectedGetValue) for HAL_ADCEx_InjectedGetValue
    bsp_adc.o(i.Bsp_Adc_Capture_Handler) refers to dfltui.o(.text) for __aeabi_ui2d
    bsp_adc.o(i.Bsp_Adc_Capture_Handler) refers to dmul.o(.text) for __aeabi_dmul
    bsp_adc.o(i.Bsp_Adc_Capture_Handler) refers to ddiv.o(.text) for __aeabi_ddiv
    bsp_adc.o(i.Bsp_Adc_Capture_Handler) refers to dfixui.o(.text) for __aeabi_d2uiz
    bsp_adc.o(i.Bsp_Adc_Capture_Handler) refers to bsp_adc.o(i.vRocker_Up_Handler) for vRocker_Up_Handler
    bsp_adc.o(i.Bsp_Adc_Capture_Handler) refers to bsp_adc.o(i.vRocker_Down_Handler) for vRocker_Down_Handler
    bsp_adc.o(i.Bsp_Adc_Capture_Handler) refers to bsp_adc.o(i.vRocker_Left_Handler) for vRocker_Left_Handler
    bsp_adc.o(i.Bsp_Adc_Capture_Handler) refers to bsp_adc.o(i.vRocker_Right_Handler) for vRocker_Right_Handler
    bsp_adc.o(i.Bsp_Adc_Capture_Handler) refers to bsp_adc.o(i.vRocker_CenterSlide_Handler) for vRocker_CenterSlide_Handler
    bsp_adc.o(i.Bsp_Adc_Capture_Handler) refers to bsp_adc.o(.data) for Bsp_Adc
    bsp_adc.o(i.Bsp_Adc_Capture_Handler) refers to system_init.o(.bss) for System_Status
    bsp_adc.o(i.Bsp_Adc_Capture_Handler) refers to bsp_systimer.o(.bss) for Bsp_SysTimerCount
    bsp_adc.o(i.Bsp_Adc_Capture_Handler) refers to bsp_power.o(.data) for Bsp_Power
    bsp_adc.o(i.Bsp_Adc_Init) refers to ls_soc_gpio.o(i.io_clr_pin) for io_clr_pin
    bsp_adc.o(i.Bsp_Adc_Init) refers to ls_soc_gpio.o(i.io_cfg_output) for io_cfg_output
    bsp_adc.o(i.Bsp_Adc_Init) refers to ls_soc_gpio.o(i.pinmux_adc12b_in5_init) for pinmux_adc12b_in5_init
    bsp_adc.o(i.Bsp_Adc_Init) refers to ls_soc_gpio.o(i.pinmux_adc12b_in4_init) for pinmux_adc12b_in4_init
    bsp_adc.o(i.Bsp_Adc_Init) refers to ls_hal_adc.o(i.HAL_ADC_Init) for HAL_ADC_Init
    bsp_adc.o(i.Bsp_Adc_Init) refers to memseta.o(.text) for __aeabi_memclr4
    bsp_adc.o(i.Bsp_Adc_Init) refers to ls_hal_adc.o(i.HAL_ADCEx_InjectedConfigChannel) for HAL_ADCEx_InjectedConfigChannel
    bsp_adc.o(i.Bsp_Adc_Init) refers to ls_soc_gpio.o(i.io_read_pin) for io_read_pin
    bsp_adc.o(i.Bsp_Adc_Init) refers to ls_soc_gpio.o(i.io_set_pin) for io_set_pin
    bsp_adc.o(i.Bsp_Adc_Init) refers to bsp_adc.o(.bss) for hadc
    bsp_adc.o(i.Shutdown_Rocker_Check_Handler) refers to bsp_adc.o(.data) for Bsp_Adc
    bsp_adc.o(i.Startup_Shutdown_Rocker_Check_Handler) refers to ls_soc_gpio.o(i.io_read_pin) for io_read_pin
    bsp_adc.o(i.Startup_Shutdown_Rocker_Check_Handler) refers to ls_hal_adc.o(i.HAL_ADCEx_InjectedStart_IT) for HAL_ADCEx_InjectedStart_IT
    bsp_adc.o(i.Startup_Shutdown_Rocker_Check_Handler) refers to bsp_adc.o(.bss) for hadc
    bsp_adc.o(i.Startup_Shutdown_Rocker_Check_Handler) refers to bsp_adc.o(.data) for Bsp_Adc
    bsp_adc.o(i.Startup_Shutdown_Rocker_Check_Handler) refers to system_init.o(.bss) for System_Status
    bsp_adc.o(i.vRocker_CenterSlide_Handler) refers to system_init.o(.bss) for System_Status
[...]
    0x000091f8        -       0x00000001   Zero   RW        10463    .bss.app_hid_nb_report  libfw.o
    0x000091f9        -       0x00000001   Zero   RW        10464    .bss.app_hid_state  libfw.o
    0x000091fa        -       0x00000001   Zero   RW        10440    .bss.app_state      libfw.o
    0x000091fb   0x18042bdc   0x00000001   PAD
    0x000091fc        -       0x00000004   Zero   RW        10434    .bss.bass_prf_itf_fn  libfw.o
    0x00009200        -       0x00000028   Zero   RW        10429    .bss.ble_ret_env    libfw.o
    0x00009228        -       0x00000001   Zero   RW        10431    .bss.builtin_state  libfw.o
    0x00009229   0x18042bdc   0x00000003   PAD
    0x0000922c        -       0x00000004   Zero   RW        10430    .bss.builtin_timer_env  libfw.o
    0x00009230        -       0x00000001   Zero   RW        10454    .bss.created_actv_idx  libfw.o
    0x00009231   0x18042bdc   0x00000003   PAD
    0x00009234        -       0x00000010   Zero   RW        10455    .bss.current_adv    libfw.o
    0x00009244        -       0x00000001   Zero   RW        10456    .bss.deleted_actv_idx  libfw.o
    0x00009245   0x18042bdc   0x00000003   PAD
    0x00009248        -       0x00000004   Zero   RW        10457    .bss.dev_evt_cb     libfw.o
    0x0000924c        -       0x0000000c   Zero   RW        10458    .bss.dev_manager_act_ctrl  libfw.o
    0x00009258        -       0x00000004   Zero   RW        10435    .bss.diss_prf_itf_fn  libfw.o
    0x0000925c        -       0x00000004   Zero   RW        10436    .bss.fotas_prf_itf_fn  libfw.o
    0x00009260        -       0x00000064   Zero   RW        10441    .bss.gap_manager    libfw.o
    0x000092c4        -       0x00000004   Zero   RW        10443    .bss.gatt_evt_cb    libfw.o
    0x000092c8        -       0x00000008   Zero   RW        10444    .bss.gatt_svc_env_list  libfw.o
    0x000092d0        -       0x00000004   Zero   RW        10437    .bss.hogpd_prf_itf_fn  libfw.o
    0x000092d4        -       0x00000004   Zero   RW        10438    .bss.ls_mesh_prf_itf_fn  libfw.o
    0x000092d8        -       0x00000004   Zero   RW        10439    .bss.mal_prf_itf_fn  libfw.o
    0x000092dc        -       0x00000004   Zero   RW        10432    .bss.nvds_dir       libfw.o
    0x000092e0        -       0x00000001   Zero   RW        10448    .bss.peer_storage_max  libfw.o
    0x000092e1   0x18042bdc   0x00000003   PAD
    0x000092e4        -       0x00000004   Zero   RW        10472    .bss.prf_ancc_handler_fn  libfw.o
    0x000092e8        -       0x00000004   Zero   RW        10467    .bss.prf_bass_handler_fn  libfw.o
    0x000092ec        -       0x00000004   Zero   RW        10460    .bss.prf_diss_handler_fn  libfw.o
    0x000092f0        -       0x00000004   Zero   RW        10462    .bss.prf_fotas_handler_fn  libfw.o
    0x000092f4        -       0x00000004   Zero   RW        10466    .bss.prf_hogpd_handler_fn  libfw.o
    0x000092f8        -       0x00000004   Zero   RW        10470    .bss.prf_ls_mesh_handler_fn  libfw.o
    0x000092fc        -       0x00000006   Zero   RW        10449    .bss.rpa_resolv_addr  libfw.o
    0x00009302   0x18042bdc   0x00000002   PAD
    0x00009304        -       0x00000004   Zero   RW        10450    .bss.rpa_resolv_cb  libfw.o
    0x00009308        -       0x00000001   Zero   RW        10451    .bss.rpa_resolv_cnt  libfw.o
    0x00009309   0x18042bdc   0x00000001   PAD
    0x0000930a        -       0x00000002   Zero   RW        10452    .bss.valid_peer_id  libfw.o


    Execution Region HEAP (Exec base: 0x0000930c, Load base: 0x18042bdc, Size: 0x00000804, Max: 0xffffffff, ABSOLUTE, UNINIT)

    Exec Addr    Load Addr    Size         Type   Attr      Idx    E Section Name        Object

    0x0000930c   0x18042bdc   0x00000004   PAD
    0x00009310        -       0x00000800   Zero   RW         9635    HEAP                startup.o


    Execution Region RESET_RETAIN_DATA (Exec base: 0x00009b10, Load base: 0x18042bdc, Size: 0x00000008, Max: 0x00000008, ABSOLUTE, UNINIT)

    Exec Addr    Load Addr    Size         Type   Attr      Idx    E Section Name        Object

    0x00009b10        -       0x00000008   Zero   RW            1    RESET_RETAIN_DATA.bss  anon$$obj.o


    Execution Region RW_IRAM6 (Exec base: 0x0000a000, Load base: 0x18042c00, Size: 0x00000000, Max: 0x00002000, ABSOLUTE, UNINIT)

    **** No section assigned to this execution region ****


    Execution Region STACK (Exec base: 0x0000a000, Load base: 0x18042c00, Size: 0x00001000, Max: 0xffffffff, ABSOLUTE, UNINIT)

    Exec Addr    Load Addr    Size         Type   Attr      Idx    E Section Name        Object

    0x0000a000        -       0x00001000   Zero   RW         9634    STACK               startup.o


    Execution Region FLASH_CODE (Exec base: 0x180350b4, Load base: 0x180350b4, Size: 0x0000db28, Max: 0xffffffff, ABSOLUTE)

    Exec Addr    Load Addr    Size         Type   Attr      Idx    E Section Name        Object

    0x180350b4   0x180350b4   0x00000000   Code   RO        10488  * .ARM.Collect$$$$00000000  mc_p.l(entry.o)
    0x180350b4   0x180350b4   0x00000004   Code   RO        10815    .ARM.Collect$$$$00000001  mc_p.l(entry2.o)
    0x180350b8   0x180350b8   0x00000004   Code   RO        10818    .ARM.Collect$$$$00000004  mc_p.l(entry5.o)
    0x180350bc   0x180350bc   0x00000000   Code   RO        10820    .ARM.Collect$$$$00000008  mc_p.l(entry7b.o)
    0x180350bc   0x180350bc   0x00000000   Code   RO        10822    .ARM.Collect$$$$0000000A  mc_p.l(entry8b.o)
    0x180350bc   0x180350bc   0x00000008   Code   RO        10823    .ARM.Collect$$$$0000000B  mc_p.l(entry9a.o)
    0x180350c4   0x180350c4   0x00000004   Code   RO        10830    .ARM.Collect$$$$0000000E  mc_p.l(entry12b.o)
    0x180350c8   0x180350c8   0x00000000   Code   RO        10825    .ARM.Collect$$$$0000000F  mc_p.l(entry10a.o)
    0x180350c8   0x180350c8   0x00000000   Code   RO        10827    .ARM.Collect$$$$00000011  mc_p.l(entry11a.o)
    0x180350c8   0x180350c8   0x00000004   Code   RO        10816    .ARM.Collect$$$$00002712  mc_p.l(entry2.o)
    0x180350cc   0x180350cc   0x00000010   Code   RO         9637    .text               startup.o
    0x180350dc   0x180350dc   0x00000060   Code   RO        10492    .text               mc_p.l(uldiv.o)
    0x1803513c   0x1803513c   0x0000007a   Code   RO        10494    .text               mc_p.l(llmul.o)
    0x180351b6   0x180351b6   0x00000002   PAD
    0x180351b8   0x180351b8   0x00000024   Code   RO        10496    .text               mc_p.l(rand.o)
    0x180351dc   0x180351dc   0x00000024   Code   RO        10506    .text               mc_p.l(memcpya.o)
    0x18035200   0x18035200   0x00000024   Code   RO        10508    .text               mc_p.l(memseta.o)
    0x18035224   0x18035224   0x00000012   Code   RO        10512    .text               mc_p.l(strcpy.o)
    0x18035236   0x18035236   0x00000002   PAD
    0x18035238   0x18035238   0x0000003c   Code   RO        10805    .text               mc_p.l(sscanf.o)
    0x18035274   0x18035274   0x000000d0   Code   RO        10807    .text               mf_p.l(dmul.o)
    0x18035344   0x18035344   0x000000f0   Code   RO        10809    .text               mf_p.l(ddiv.o)
    0x18035434   0x18035434   0x0000001c   Code   RO        10811    .text               mf_p.l(dfltui.o)
    0x18035450   0x18035450   0x0000003c   Code   RO        10813    .text               mf_p.l(dfixui.o)
    0x1803548c   0x1803548c   0x00000020   Code   RO        10831    .text               mc_p.l(llshl.o)
    0x180354ac   0x180354ac   0x00000022   Code   RO        10833    .text               mc_p.l(llushr.o)
    0x180354ce   0x180354ce   0x0000014a   Code   RO        10843    .text               mc_p.l(_scanf_longlong.o)
    0x18035618   0x18035618   0x0000014a   Code   RO        10845    .text               mc_p.l(_scanf_int.o)
    0x18035762   0x18035762   0x000000e8   Code   RO        10847    .text               mc_p.l(_scanf_str.o)
    0x1803584a   0x1803584a   0x00000002   PAD
    0x1803584c   0x1803584c   0x00000374   Code   RO        10849    .text               mc_p.l(scanf_fp.o)
    0x18035bc0   0x18035bc0   0x0000002c   Code   RO        10853    .text               mc_p.l(scanf_char.o)
    0x18035bec   0x18035bec   0x00000044   Code   RO        10855    .text               mc_p.l(_sgetc.o)
    0x18035c30   0x18035c30   0x00000000   Code   RO        10857    .text               mc_p.l(iusefp.o)
    0x18035c30   0x18035c30   0x000000be   Code   RO        10858    .text               mf_p.l(depilogue.o)
    0x18035cee   0x18035cee   0x00000002   PAD
    0x18035cf0   0x18035cf0   0x00000168   Code   RO        10862    .text               mf_p.l(dadd.o)
    0x18035e58   0x18035e58   0x00000040   Code   RO        10864    .text               mf_p.l(dfixul.o)
    0x18035e98   0x18035e98   0x00000028   Code   RO        10866    .text               mf_p.l(cdrcmple.o)
    0x18035ec0   0x18035ec0   0x00000024   Code   RO        10868    .text               mc_p.l(init.o)
    0x18035ee4   0x18035ee4   0x00000026   Code   RO        10870    .text               mc_p.l(llsshr.o)
    0x18035f0a   0x18035f0a   0x0000000e   Code   RO        10872    .text               mc_p.l(isspace_c.o)
    0x18035f18   0x18035f18   0x0000001e   Code   RO        10874    .text               mc_p.l(_chval.o)
    0x18035f36   0x18035f36   0x00000002   PAD
    0x18035f38   0x18035f38   0x0000033c   Code   RO        10876    .text               mc_p.l(_scanf.o)
    0x18036274   0x18036274   0x0000001c   Code   RO        10878    .text               mf_p.l(dfltul.o)
    0x18036290   0x18036290   0x00000038   Code   RO        10880    .text               mf_p.l(d2f.o)
    0x180362c8   0x180362c8   0x00000024   Code   RO        10882    .text               mc_p.l(ctype_c.o)
    0x180362ec   0x180362ec   0x00000082   Code   RO        10885    .text               mf_p.l(fepilogue.o)
    0x1803636e   0x1803636e   0x00000002   PAD
    0x18036370   0x18036370   0x0000001c   Code   RO         9645    .text.SVC_Handler   svcall_asm.o
    0x1803638c   0x1803638c   0x00000010   Code   RO        10187    .text.adv_actv_start_param  libfw.o
    0x1803639c   0x1803639c   0x00000004   Code   RO        10049    .text.anpc_prf_itf_get  libfw.o
    0x180363a0   0x180363a0   0x00000004   Code   RO        10050    .text.anps_prf_itf_get  libfw.o
    0x180363a4   0x180363a4   0x00000070   Code   RO        10246    .text.app_hid_send_keyboard_report  libfw.o
    0x18036414   0x18036414   0x0000009c   Code   RO        10083    .text.app_init      libfw.o
    0x180364b0   0x180364b0   0x00000304   Code   RO        10082    .text.app_msg_handler  libfw.o
    0x180367b4   0x180367b4   0x0000002c   Code   RO        10251    .text.bas_batt_lvl_update  libfw.o
    0x180367e0   0x180367e0   0x00000004   Code   RO        10040    .text.basc_prf_itf_get  libfw.o
    0x180367e4   0x180367e4   0x00000004   Code   RO        10064    .text.bcsc_prf_itf_get  libfw.o
    0x180367e8   0x180367e8   0x00000004   Code   RO        10063    .text.bcss_prf_itf_get  libfw.o
    0x180367ec   0x180367ec   0x00000010   Code   RO        10176    .text.bd_addr_cmp   libfw.o
    0x180367fc   0x180367fc   0x00000070   Code   RO         9998    .text.ble_init      libfw.o
    0x1803686c   0x1803686c   0x0000000c   Code   RO        10004    .text.ble_isr       libfw.o
    0x18036878   0x18036878   0x0000009c   Code   RO        10005    .text.ble_radio_reg_config  libfw.o
    0x18036914   0x18036914   0x00000130   Code   RO        10000    .text.ble_reg_restore  libfw.o
    0x18036a44   0x18036a44   0x00000080   Code   RO         9999    .text.ble_reg_store  libfw.o
    0x18036ac4   0x18036ac4   0x00000008   Code   RO        10003    .text.ble_sched     libfw.o
    0x18036acc   0x18036acc   0x00000078   Code   RO        10001    .text.ble_sleep     libfw.o
    0x18036b44   0x18036b44   0x000000bc   Code   RO        10172    .text.ble_storage_alloc_peer_id  libfw.o
    0x18036c00   0x18036c00   0x0000008c   Code   RO        10181    .text.ble_storage_bonding_info_search_req  libfw.o
    0x18036c8c   0x18036c8c   0x0000001c   Code   RO        10177    .text.ble_storage_gapm_addr_solved_ind_handler  libfw.o
    0x18036ca8   0x18036ca8   0x00000018   Code   RO        10180    .text.ble_storage_gapm_resolv_addr_cmp  libfw.o
    0x18036cc0   0x18036cc0   0x0000000c   Code   RO        10170    .text.ble_storage_max_num_init  libfw.o
    0x18036ccc   0x18036ccc   0x00000016   Code   RO        10178    .text.ble_storage_read_bonding_info  libfw.o
    0x18036ce2   0x18036ce2   0x00000016   Code   RO        10185    .text.ble_storage_read_peer_client_info  libfw.o
    0x18036cf8   0x18036cf8   0x00000016   Code   RO        10183    .text.ble_storage_read_peer_server_info  libfw.o
    0x18036d0e   0x18036d0e   0x00000010   Code   RO        10182    .text.ble_storage_write_bonding_info  libfw.o
    0x18036d1e   0x18036d1e   0x00000004   Code   RO        10029    .text.blpc_prf_itf_get  libfw.o
    0x18036d22   0x18036d22   0x00000004   Code   RO        10028    .text.blps_prf_itf_get  libfw.o
    0x18036d26   0x18036d26   0x0000000a   Code   RO        10092    .text.bond_cfm_csrk_fill  libfw.o
    0x18036d30   0x18036d30   0x0000002a   Code   RO        10091    .text.bond_cfm_irk_fill  libfw.o
    0x18036d5a   0x18036d5a   0x0000000a   Code   RO        10084    .text.bond_cfm_ltk_fill  libfw.o
    0x18036d64   0x18036d64   0x00000022   Code   RO        10093    .text.bond_cfm_pair_feat_fill  libfw.o
    0x18036d86   0x18036d86   0x0000000a   Code   RO        10087    .text.bond_cfm_tk_fill  libfw.o
    0x18036d90   0x18036d90   0x000000d0   Code   RO        10090    .text.bond_search_callback  libfw.o
    0x18036e60   0x18036e60   0x0000000a   Code   RO        10015    .text.builtin_dynamic_msg_handler  libfw.o
    0x18036e6a   0x18036e6a   0x0000000c   Code   RO        10014    .text.builtin_func_invoke_handler  libfw.o
    0x18036e76   0x18036e76   0x00000002   PAD
    0x18036e78   0x18036e78   0x0000001c   Code   RO        10016    .text.builtin_task_init  libfw.o
    0x18036e94   0x18036e94   0x00000018   Code   RO        10009    .text.builtin_timer_create  libfw.o
    0x18036eac   0x18036eac   0x0000000c   Code   RO        10008    .text.builtin_timer_env_register  libfw.o
    0x18036eb8   0x18036eb8   0x00000020   Code   RO        10007    .text.builtin_timer_handler  libfw.o
    0x18036ed8   0x18036ed8   0x00000034   Code   RO        10012    .text.builtin_timer_start  libfw.o
    0x18036f0c   0x18036f0c   0x00000004   Code   RO        10070    .text.cgmc_prf_itf_get  libfw.o
    0x18036f10   0x18036f10   0x00000004   Code   RO        10069    .text.cgms_prf_itf_get  libfw.o
    0x18036f14   0x18036f14   0x00000004   Code   RO        10053    .text.cppc_prf_itf_get  libfw.o
    0x18036f18   0x18036f18   0x00000004   Code   RO        10054    .text.cpps_prf_itf_get  libfw.o
    0x18036f1c   0x18036f1c   0x00000004   Code   RO        10047    .text.cscpc_prf_itf_get  libfw.o
    0x18036f20   0x18036f20   0x00000004   Code   RO        10048    .text.cscps_prf_itf_get  libfw.o
    0x18036f24   0x18036f24   0x0000000c   Code   RO        10222    .text.dev_manager_gapm_activity_created_ind_handler  libfw.o
    0x18036f30   0x18036f30   0x00000044   Code   RO        10214    .text.dev_manager_gapm_activity_stopped_ind_handler  libfw.o
    0x18036f74   0x18036f74   0x0000004c   Code   RO        10228    .text.dev_manager_gapm_create_activity_cmp  libfw.o
    0x18036fc0   0x18036fc0   0x00000020   Code   RO        10227    .text.dev_manager_gapm_delete_activity_cmp  libfw.o
    0x18036fe0   0x18036fe0   0x00000030   Code   RO        10223    .text.dev_manager_gapm_ext_adv_report_ind_handler  libfw.o
    0x18037010   0x18037010   0x0000006c   Code   RO        10229    .text.dev_manager_gapm_profile_added_ind_handler  libfw.o
    0x1803707c   0x1803707c   0x00000028   Code   RO        10198    .text.dev_manager_gapm_reset_cmp  libfw.o
    0x180370a4   0x180370a4   0x00000020   Code   RO        10224    .text.dev_manager_gapm_scan_request_ind_handler  libfw.o
    0x180370c4   0x180370c4   0x00000074   Code   RO        10216    .text.dev_manager_gapm_set_adv_data_cmp  libfw.o
    0x18037138   0x18037138   0x00000028   Code   RO        10199    .text.dev_manager_gapm_set_dev_config_cmp  libfw.o
    0x18037160   0x18037160   0x00000028   Code   RO        10221    .text.dev_manager_gapm_set_scan_rsp_data_cmp  libfw.o
    0x18037188   0x18037188   0x00000064   Code   RO        10225    .text.dev_manager_gapm_start_activity_cmp  libfw.o
    0x180371ec   0x180371ec   0x00000002   Code   RO        10226    .text.dev_manager_gapm_stop_activity_cmp  libfw.o
    0x180371ee   0x180371ee   0x00000002   PAD
    0x180371f0   0x180371f0   0x0000001c   Code   RO        10202    .text.dev_manager_gattm_add_svc_rsp_handler  libfw.o
    0x1803720c   0x1803720c   0x00000020   Code   RO        10195    .text.dev_manager_init  libfw.o
    0x1803722c   0x1803722c   0x000000c0   Code   RO        10197    .text.dev_manager_stack_init  libfw.o
    0x180372ec   0x180372ec   0x00000004   Code   RO        10027    .text.disc_prf_itf_get  libfw.o
    0x180372f0   0x180372f0   0x00000004   Code   RO        10060    .text.envc_prf_itf_get  libfw.o
    0x180372f4   0x180372f4   0x00000004   Code   RO        10059    .text.envs_prf_itf_get  libfw.o
    0x180372f8   0x180372f8   0x00000004   Code   RO        10034    .text.findl_prf_itf_get  libfw.o
    0x180372fc   0x180372fc   0x00000004   Code   RO        10035    .text.findt_prf_itf_get  libfw.o
    0x18037300   0x18037300   0x00000028   Code   RO        10017    .text.func_post     libfw.o
    0x18037328   0x18037328   0x00000168   Code   RO        10110    .text.gap_manager_gapc_bond_ind_handler  libfw.o
    0x18037490   0x18037490   0x0000017c   Code   RO        10126    .text.gap_manager_gapc_bond_req_ind_handler  libfw.o
    0x1803760c   0x1803760c   0x00000044   Code   RO        10099    .text.gap_manager_gapc_cmp_evt_handler  libfw.o
    0x18037650   0x18037650   0x00000034   Code   RO        10100    .text.gap_manager_gapc_conn_req_ind_handler  libfw.o
    0x18037684   0x18037684   0x00000018   Code   RO        10101    .text.gap_manager_gapc_disconnect_ind_handler  libfw.o
    0x1803769c   0x1803769c   0x00000018   Code   RO        10112    .text.gap_manager_gapc_encrypt_ind_handler  libfw.o
    0x180376b4   0x180376b4   0x00000090   Code   RO        10111    .text.gap_manager_gapc_encrypt_req_ind_handler  libfw.o
    0x18037744   0x18037744   0x000000c8   Code   RO        10120    .text.gap_manager_gapc_get_dev_info_req_ind_handler  libfw.o
    0x1803780c   0x1803780c   0x00000018   Code   RO        10121    .text.gap_manager_gapc_get_rssi_ind_handler  libfw.o
    0x18037824   0x18037824   0x00000020   Code   RO        10102    .text.gap_manager_gapc_le_phy_ind_handler  libfw.o
    0x18037844   0x18037844   0x00000040   Code   RO        10118    .text.gap_manager_gapc_param_update_req_ind_handler  libfw.o
    0x18037884   0x18037884   0x00000014   Code   RO        10119    .text.gap_manager_gapc_param_updated_ind_handler  libfw.o
    0x18037898   0x18037898   0x00000018   Code   RO        10113    .text.gap_manager_gapc_security_ind_handler  libfw.o
    0x180378b0   0x180378b0   0x00000016   Code   RO        10123    .text.gap_manager_get_peer_addr  libfw.o
    0x180378c6   0x180378c6   0x00000002   PAD
    0x180378c8   0x180378c8   0x00000034   Code   RO        10125    .text.gap_manager_slave_pair_response_send  libfw.o
    0x180378fc   0x180378fc   0x00000018   Code   RO        10105    .text.gap_manager_tk_set  libfw.o
    0x18037914   0x18037914   0x00000034   Code   RO        10089    .text.gapc_bond_cfm_send  libfw.o
    0x18037948   0x18037948   0x00000060   Code   RO        10193    .text.gapm_activity_start_cmd_send  libfw.o
    0x180379a8   0x180379a8   0x00000014   Code   RO        10194    .text.gapm_adv_activity_start_cmd_send  libfw.o
    0x180379bc   0x180379bc   0x00000024   Code   RO        10151    .text.gatt_manager_gattc_att_info_req_ind_handler  libfw.o
    0x180379e0   0x180379e0   0x00000090   Code   RO        10138    .text.gatt_manager_gattc_cmp_evt_handler  libfw.o
    0x18037a70   0x18037a70   0x00000030   Code   RO        10168    .text.gatt_manager_gattc_disc_char_desc_ind_handler  libfw.o
    0x18037aa0   0x18037aa0   0x00000038   Code   RO        10167    .text.gatt_manager_gattc_disc_char_ind_handler  libfw.o
    0x18037ad8   0x18037ad8   0x00000034   Code   RO        10166    .text.gatt_manager_gattc_disc_svc_incl_ind_handler  libfw.o
    0x18037b0c   0x18037b0c   0x00000034   Code   RO        10165    .text.gatt_manager_gattc_disc_svc_ind_handler  libfw.o
    0x18037b40   0x18037b40   0x00000040   Code   RO        10143    .text.gatt_manager_gattc_event_ind_handler  libfw.o
    0x18037b80   0x18037b80   0x00000040   Code   RO        10142    .text.gatt_manager_gattc_event_req_ind_handler  libfw.o
    0x18037bc0   0x18037bc0   0x0000001c   Code   RO        10139    .text.gatt_manager_gattc_mtu_exchanged_ind_handler  libfw.o
    0x18037bdc   0x18037bdc   0x00000028   Code   RO        10169    .text.gatt_manager_gattc_read_ind_handler  libfw.o
    0x18037c04   0x18037c04   0x00000014   Code   RO        10149    .text.gatt_manager_gattc_read_req_ind_handler  libfw.o
    0x18037c18   0x18037c18   0x00000014   Code   RO        10150    .text.gatt_manager_gattc_write_req_ind_handler  libfw.o
    0x18037c2c   0x18037c2c   0x00000034   Code   RO        10137    .text.gatt_svc_list_walk_through.isra.0  libfw.o
    0x18037c60   0x18037c60   0x00000012   Code   RO        10132    .text.gattc_manager_uuidlen_internal_to_user  libfw.o
    0x18037c72   0x18037c72   0x00000004   Code   RO        10043    .text.glpc_prf_itf_get  libfw.o
    0x18037c76   0x18037c76   0x00000004   Code   RO        10044    .text.glps_prf_itf_get  libfw.o
    0x18037c7a   0x18037c7a   0x00000004   Code   RO        10041    .text.hogpbh_prf_itf_get  libfw.o
    0x18037c7e   0x18037c7e   0x00000004   Code   RO        10042    .text.hogprh_prf_itf_get  libfw.o
    0x18037c82   0x18037c82   0x00000004   Code   RO        10033    .text.hrpc_prf_itf_get  libfw.o
    0x18037c86   0x18037c86   0x00000004   Code   RO        10032    .text.hrps_prf_itf_get  libfw.o
    0x18037c8a   0x18037c8a   0x00000004   Code   RO        10025    .text.htpc_prf_itf_get  libfw.o
    0x18037c8e   0x18037c8e   0x00000004   Code   RO        10024    .text.htpt_prf_itf_get  libfw.o
    0x18037c92   0x18037c92   0x00000002   PAD
    0x18037c94   0x18037c94   0x00000090   Code   RO        10006    .text.ip_rf_init    libfw.o
    0x18037d24   0x18037d24   0x00000004   Code   RO        10058    .text.ipsc_prf_itf_get  libfw.o
    0x18037d28   0x18037d28   0x00000004   Code   RO        10057    .text.ipss_prf_itf_get  libfw.o
    0x18037d2c   0x18037d2c   0x00000004   Code   RO        10055    .text.lanc_prf_itf_get  libfw.o
    0x18037d30   0x18037d30   0x00000004   Code   RO        10056    .text.lans_prf_itf_get  libfw.o
    0x18037d34   0x18037d34   0x00000016   Code   RO        10002    .text.mac_sleep_check  libfw.o
    0x18037d4a   0x18037d4a   0x00000002   PAD
    0x18037d4c   0x18037d4c   0x00000044   Code   RO        10020    .text.nvds_del      libfw.o
    0x18037d90   0x18037d90   0x000000c4   Code   RO        10019    .text.nvds_get      libfw.o
    0x18037e54   0x18037e54   0x00000020   Code   RO        10018    .text.nvds_init     libfw.o
    0x18037e74   0x18037e74   0x00000050   Code   RO        10021    .text.nvds_put      libfw.o
    0x18037ec4   0x18037ec4   0x00000008   Code   RO        10023    .text.nvds_write_through  libfw.o
    0x18037ecc   0x18037ecc   0x0000002c   Code   RO        10086    .text.pair_done_evt  libfw.o
    0x18037ef8   0x18037ef8   0x00000004   Code   RO        10051    .text.paspc_prf_itf_get  libfw.o
    0x18037efc   0x18037efc   0x00000004   Code   RO        10052    .text.pasps_prf_itf_get  libfw.o
    0x18037f00   0x18037f00   0x00000022   Code   RO        10106    .text.passkey_set   libfw.o
    0x18037f22   0x18037f22   0x00000004   Code   RO        10068    .text.plxc_prf_itf_get  libfw.o
    0x18037f26   0x18037f26   0x00000004   Code   RO        10067    .text.plxs_prf_itf_get  libfw.o
    0x18037f2a   0x18037f2a   0x00000002   PAD
    0x18037f2c   0x18037f2c   0x00000010   Code   RO        10080    .text.prf_fn_init   libfw.o
    0x18037f3c   0x18037f3c   0x000001c4   Code   RO        10073    .text.prf_itf_get   libfw.o
    0x18038100   0x18038100   0x00000002   Code   RO        10081    .text.prf_ls_sig_mesh_handler  libfw.o
    0x18038102   0x18038102   0x00000004   Code   RO        10036    .text.proxm_prf_itf_get  libfw.o
    0x18038106   0x18038106   0x00000004   Code   RO        10037    .text.proxr_prf_itf_get  libfw.o
    0x1803810a   0x1803810a   0x00000002   PAD
    0x1803810c   0x1803810c   0x00000098   Code   RO        10179    .text.rpa_resolve_start  libfw.o
    0x180381a4   0x180381a4   0x00000004   Code   RO        10045    .text.rscpc_prf_itf_get  libfw.o
    0x180381a8   0x180381a8   0x00000004   Code   RO        10046    .text.rscps_prf_itf_get  libfw.o
    0x180381ac   0x180381ac   0x00000004   Code   RO        10038    .text.scppc_prf_itf_get  libfw.o
    0x180381b0   0x180381b0   0x00000004   Code   RO        10039    .text.scpps_prf_itf_get  libfw.o
    0x180381b4   0x180381b4   0x0000000a   Code   RO         9630    .text.stack_assert_asm  stack_asm.o
    0x180381be   0x180381be   0x00000002   PAD
    0x180381c0   0x180381c0   0x000001cc   Code   RO         9997    .text.statck_buffer_init  libfw.o
    0x1803838c   0x1803838c   0x0000001c   Code   RO        10131    .text.svc_read_req_callback  libfw.o
    0x180383a8   0x180383a8   0x00000058   Code   RO        10133    .text.svc_write_req_callback  libfw.o
    0x18038400   0x18038400   0x00000004   Code   RO        10031    .text.tipc_prf_itf_get  libfw.o
    0x18038404   0x18038404   0x00000004   Code   RO        10030    .text.tips_prf_itf_get  libfw.o
    0x18038408   0x18038408   0x00000004   Code   RO        10072    .text.udsc_prf_itf_get  libfw.o
    0x1803840c   0x1803840c   0x00000004   Code   RO        10071    .text.udss_prf_itf_get  libfw.o
    0x18038410   0x18038410   0x00000004   Code   RO        10066    .text.wptc_prf_itf_get  libfw.o
    0x18038414   0x18038414   0x00000004   Code   RO        10065    .text.wpts_prf_itf_get  libfw.o
    0x18038418   0x18038418   0x00000004   Code   RO        10062    .text.wscc_prf_itf_get  libfw.o
    0x1803841c   0x1803841c   0x00000004   Code   RO        10061    .text.wscs_prf_itf_get  libfw.o
    0x18038420   0x18038420   0x0000000c   Ven    RO        10896    Veneer$$Code        anon$$obj.o
    0x1803842c   0x1803842c   0x0000000c   Ven    RO        10897    Veneer$$Code        anon$$obj.o
    0x18038438   0x18038438   0x0000000c   Ven    RO        10898    Veneer$$Code        anon$$obj.o
    0x18038444   0x18038444   0x0000000c   Ven    RO        10899    Veneer$$Code        anon$$obj.o
    0x18038450   0x18038450   0x0000000c   Ven    RO        10900    Veneer$$Code        anon$$obj.o
    0x1803845c   0x1803845c   0x0000000c   Ven    RO        10901    Veneer$$Code        anon$$obj.o
    0x18038468   0x18038468   0x0000000c   Ven    RO        10902    Veneer$$Code        anon$$obj.o
    0x18038474   0x18038474   0x0000000c   Ven    RO        10903    Veneer$$Code        anon$$obj.o
    0x18038480   0x18038480   0x0000000c   Ven    RO        10904    Veneer$$Code        anon$$obj.o
    0x1803848c   0x1803848c   0x0000000c   Ven    RO        10905    Veneer$$Code        anon$$obj.o
    0x18038498   0x18038498   0x0000000c   Ven    RO        10906    Veneer$$Code        anon$$obj.o
    0x180384a4   0x180384a4   0x0000000c   Ven    RO        10907    Veneer$$Code        anon$$obj.o
    0x180384b0   0x180384b0   0x0000000c   Ven    RO        10908    Veneer$$Code        anon$$obj.o
    0x180384bc   0x180384bc   0x0000000c   Ven    RO        10909    Veneer$$Code        anon$$obj.o
    0x180384c8   0x180384c8   0x0000000c   Ven    RO        10910    Veneer$$Code        anon$$obj.o
    0x180384d4   0x180384d4   0x0000005c   Code   RO         1041    i.ADC_ConversionStop_Disable  ls_hal_adc.o
    0x18038530   0x18038530   0x00000070   Code   RO         1042    i.ADC_Enable        ls_hal_adc.o
    0x180385a0   0x180385a0   0x00000010   Code   RO         5734    i.ADC_Handler       ls_msp_adc.o
    0x180385b0   0x180385b0   0x00000010   Code   RO         6699    i.ADTIM1_Handler    ls_msp_timer.o
    0x180385c0   0x180385c0   0x0000001a   Code   RO         9029    i.BLE_WKUP_Handler  sleep.o
    0x180385da   0x180385da   0x00000002   PAD
    0x180385dc   0x180385dc   0x00000024   Code   RO         9030    i.BLE_WKUP_IRQ_DISABLE  sleep.o
    0x18038600   0x18038600   0x00000078   Code   RO         8201    i.BPF_CAL           modem_rf_le501x.o
    0x18038678   0x18038678   0x00000010   Code   RO         6700    i.BSTIM1_Handler    ls_msp_timer.o
    0x18038688   0x18038688   0x00000184   Code   RO          346    i.Bsp_Adc_Capture_Handler  bsp_adc.o
    0x1803880c   0x1803880c   0x000000b0   Code   RO          347    i.Bsp_Adc_Init      bsp_adc.o
    0x180388bc   0x180388bc   0x00000010   Code   RO          426    i.Bsp_BlueTooth_Init  bsp_bluetooth.o
    0x180388cc   0x180388cc   0x00000008   Code   RO          777    i.Bsp_Dog_FeedDog   bsp_dog.o
    0x180388d4   0x180388d4   0x0000000c   Code   RO          778    i.Bsp_Dog_Init      bsp_dog.o
    0x180388e0   0x180388e0   0x0000003c   Code   RO          472    i.Bsp_Encoder_Control  bsp_encoder.o
    0x1803891c   0x1803891c   0x00000028   Code   RO          473    i.Bsp_Encoder_GetEncoderCount  bsp_encoder.o
    0x18038944   0x18038944   0x00000074   Code   RO          474    i.Bsp_Encoder_Init  bsp_encoder.o
    0x180389b8   0x180389b8   0x00000020   Code   RO          475    i.Bsp_Encoder_Negative_Hanlder  bsp_encoder.o
    0x180389d8   0x180389d8   0x00000020   Code   RO          476    i.Bsp_Encoder_Postive_Hanlder  bsp_encoder.o
    0x180389f8   0x180389f8   0x00000018   Code   RO          807    i.Bsp_Hid_DeviceSendData  bsp_hid.o
    0x18038a10   0x18038a10   0x0000006c   Code   RO          808    i.Bsp_Hid_VolumeBtn_Control_Photo  bsp_hid.o
    0x18038a7c   0x18038a7c   0x0000019c   Code   RO          518    i.Bsp_KeyTimer_CallBack  bsp_key.o
    0x18038c18   0x18038c18   0x00000168   Code   RO          519    i.Bsp_Key_IOExti_Handler  bsp_key.o
    0x18038d80   0x18038d80   0x00000062   Code   RO          520    i.Bsp_Key_Init      bsp_key.o
    0x18038de2   0x18038de2   0x00000002   PAD
    0x18038de4   0x18038de4   0x00000034   Code   RO          598    i.Bsp_Led_All_Close  bsp_led.o
    0x18038e18   0x18038e18   0x000000cc   Code   RO          599    i.Bsp_Led_BlinkConrol_Handler  bsp_led.o
    0x18038ee4   0x18038ee4   0x00000088   Code   RO          600    i.Bsp_Led_Console_Mode_Display  bsp_led.o
    0x18038f6c   0x18038f6c   0x00000034   Code   RO          601    i.Bsp_Led_EnterMotorCalibration_StatusUpdate_Handler  bsp_led.o
    0x18038fa0   0x18038fa0   0x0000003c   Code   RO          602    i.Bsp_Led_Init      bsp_led.o
    0x18038fdc   0x18038fdc   0x000000bc   Code   RO          603    i.Bsp_Led_StatusUpdate_Handler  bsp_led.o
    0x18039098   0x18039098   0x0000001c   Code   RO          908    i.Bsp_NewProtocol_CRC_Calculate  bsp_newprotocol.o
    0x180390b4   0x180390b4   0x0000007c   Code   RO          909    i.Bsp_NewProtocol_ClearParsedPackage  bsp_newprotocol.o
    0x18039130   0x18039130   0x00000150   Code   RO          910    i.Bsp_NewProtocol_GetPackageInfo  bsp_newprotocol.o
    0x18039280   0x18039280   0x0000000c   Code   RO          911    i.Bsp_NewProtocol_ParsedSuccess_Handler  bsp_newprotocol.o
    0x1803928c   0x1803928c   0x00000112   Code   RO          912    i.Bsp_NewProtocol_RxDataParse_Handler  bsp_newprotocol.o
    0x1803939e   0x1803939e   0x00000002   PAD
    0x180393a0   0x180393a0   0x00000128   Code   RO          913    i.Bsp_NewProtocol_SyntheticData_Handler  bsp_newprotocol.o
    0x180394c8   0x180394c8   0x00000058   Code   RO          959    i.Bsp_OldProtocol_AiGestureData_Handler  bsp_oldprotocol.o
    0x18039520   0x18039520   0x0000001c   Code   RO          960    i.Bsp_OldProtocol_CRC_Calculate  bsp_oldprotocol.o
    0x1803953c   0x1803953c   0x000000f8   Code   RO          961    i.Bsp_OldProtocol_ChangeModeData_Handler  bsp_oldprotocol.o
    0x18039634   0x18039634   0x0000007c   Code   RO          962    i.Bsp_OldProtocol_ClearParsedPackage  bsp_oldprotocol.o
    0x180396b0   0x180396b0   0x00000134   Code   RO          963    i.Bsp_OldProtocol_GetPackageInfo  bsp_oldprotocol.o
    0x180397e4   0x180397e4   0x00000018   Code   RO          964    i.Bsp_OldProtocol_ParsedSuccess_Handler  bsp_oldprotocol.o
    0x180397fc   0x180397fc   0x000000d4   Code   RO          965    i.Bsp_OldProtocol_RxDataParse_Handler  bsp_oldprotocol.o
    0x180398d0   0x180398d0   0x000000b4   Code   RO          966    i.Bsp_OldProtocol_SendPackage  bsp_oldprotocol.o
    0x18039984   0x18039984   0x000002ac   Code   RO          967    i.Bsp_OldProtocol_SyntheticData_Handler  bsp_oldprotocol.o
    0x18039c30   0x18039c30   0x000002cc   Code   RO          727    i.Bsp_Power_BatteryUpdate_Handler  bsp_power.o
    0x18039efc   0x18039efc   0x00000090   Code   RO          728    i.Bsp_Power_Electric_Check_Handler  bsp_power.o
    0x18039f8c   0x18039f8c   0x00000044   Code   RO          729    i.Bsp_Power_IOExti_Close_AdcSampling  bsp_power.o
    0x18039fd0   0x18039fd0   0x0000002c   Code   RO          730    i.Bsp_Power_Init    bsp_power.o
    0x18039ffc   0x18039ffc   0x00000140   Code   RO          731    i.Bsp_Power_StartingUp_Handler  bsp_power.o
    0x1803a13c   0x1803a13c   0x00000058   Code   RO          732    i.Bsp_Power_shutdown_Handler  bsp_power.o
    0x1803a194   0x1803a194   0x0000004c   Code   RO          837    i.Bsp_SysTimer_CallBack  bsp_systimer.o
    0x1803a1e0   0x1803a1e0   0x00000024   Code   RO          838    i.Bsp_SysTimer_Init  bsp_systimer.o
    0x1803a204   0x1803a204   0x0000013c   Code   RO          662    i.Bsp_Uart_Init     bsp_uart.o
    0x1803a340   0x1803a340   0x0000001e   Code   RO          663    i.Bsp_Uart_RecData_AddPosition  bsp_uart.o
    0x1803a35e   0x1803a35e   0x00000002   PAD
    0x1803a360   0x1803a360   0x00000178   Code   RO          664    i.Bsp_Uart_RecData_Handler  bsp_uart.o
    0x1803a4d8   0x1803a4d8   0x00000038   Code   RO          665    i.Bsp_Uart_SendFinish_Handler  bsp_uart.o
    0x1803a510   0x1803a510   0x00000058   Code   RO          666    i.Bsp_Uart_SerialPort1_SendData  bsp_uart.o
    0x1803a568   0x1803a568   0x0000005c   Code   RO          667    i.Bsp_Uart_SerialPort2_SendData  bsp_uart.o
    0x1803a5c4   0x1803a5c4   0x0000005c   Code   RO          668    i.Bsp_Uart_SerialPort3_SendData  bsp_uart.o
    0x1803a620   0x1803a620   0x00000024   Code   RO          521    i.Bsp_key_Timer_Init  bsp_key.o
    0x1803a644   0x1803a644   0x00000064   Code   RO         7159    i.EXTI_Handler      ls_soc_gpio.o
    0x1803a6a8   0x1803a6a8   0x00000070   Code   RO         7160    i.GPIO_GetPort      ls_soc_gpio.o
    0x1803a718   0x1803a718   0x00000010   Code   RO         6707    i.GPTIMA1_Handler   ls_msp_timer.o
    0x1803a728   0x1803a728   0x00000010   Code   RO         6708    i.GPTIMB1_Handler   ls_msp_timer.o
    0x1803a738   0x1803a738   0x00000010   Code   RO         6709    i.GPTIMC1_Handler   ls_msp_timer.o
    0x1803a748   0x1803a748   0x000000b8   Code   RO         8509    i.GPTIM_IRQ_Handler_For_LSI_Counting  platform.o
    0x1803a800   0x1803a800   0x000003b8   Code   RO         1043    i.HAL_ADCEx_InjectedConfigChannel  ls_hal_adc.o
    0x1803abb8   0x1803abb8   0x00000014   Code   RO          308    i.HAL_ADCEx_InjectedConvCpltCallback  callback.o
    0x1803abcc   0x1803abcc   0x00000098   Code   RO         1045    i.HAL_ADCEx_InjectedGetValue  ls_hal_adc.o
    0x1803ac64   0x1803ac64   0x000000b4   Code   RO         1048    i.HAL_ADCEx_InjectedStart_IT  ls_hal_adc.o
    0x1803ad18   0x1803ad18   0x00000002   Code   RO         1053    i.HAL_ADC_ConvCpltCallback  ls_hal_adc.o
    0x1803ad1a   0x1803ad1a   0x00000002   PAD
    0x1803ad1c   0x1803ad1c   0x00000148   Code   RO         1059    i.HAL_ADC_IRQHandler  ls_hal_adc.o
    0x1803ae64   0x1803ae64   0x000003b8   Code   RO         1060    i.HAL_ADC_Init      ls_hal_adc.o
    0x1803b21c   0x1803b21c   0x00000002   Code   RO         1061    i.HAL_ADC_LevelOutOfWindowCallback  ls_hal_adc.o
    0x1803b21e   0x1803b21e   0x0000000c   Code   RO         5738    i.HAL_ADC_MSP_Busy_Set  ls_msp_adc.o
    0x1803b22a   0x1803b22a   0x00000002   PAD
    0x1803b22c   0x1803b22c   0x00000014   Code   RO         5741    i.HAL_ADC_MSP_Init  ls_msp_adc.o
    0x1803b240   0x1803b240   0x0000001c   Code   RO         2665    i.HAL_IWDG_Init     ls_hal_iwdg.o
    0x1803b25c   0x1803b25c   0x0000001c   Code   RO         6218    i.HAL_IWDG_MSP_Init  ls_msp_iwdg.o
    0x1803b278   0x1803b278   0x0000003c   Code   RO         2666    i.HAL_IWDG_Refresh  ls_hal_iwdg.o
    0x1803b2b4   0x1803b2b4   0x0000000a   Code   RO         5986    i.HAL_LSECC_Busy_Set  ls_msp_ecc.o
    0x1803b2be   0x1803b2be   0x0000000c   Code   RO         1629    i.HAL_LSECC_DeInit  ls_hal_ecc.o
    0x1803b2ca   0x1803b2ca   0x0000000a   Code   RO         5987    i.HAL_LSECC_Idle_Set  ls_msp_ecc.o
    0x1803b2d4   0x1803b2d4   0x0000000c   Code   RO         1630    i.HAL_LSECC_Init    ls_hal_ecc.o
    0x1803b2e0   0x1803b2e0   0x0000001c   Code   RO         5988    i.HAL_LSECC_MSP_DeInit  ls_msp_ecc.o
    0x1803b2fc   0x1803b2fc   0x00000024   Code   RO         5990    i.HAL_LSECC_MSP_INT_DISABLE  ls_msp_ecc.o
    0x1803b320   0x1803b320   0x00000024   Code   RO         5991    i.HAL_LSECC_MSP_INT_ENABLE  ls_msp_ecc.o
    0x1803b344   0x1803b344   0x0000002c   Code   RO         5992    i.HAL_LSECC_MSP_Init  ls_msp_ecc.o
    0x1803b370   0x1803b370   0x00000034   Code   RO         1631    i.HAL_LSECC_PointMult  ls_hal_ecc.o
    0x1803b3a4   0x1803b3a4   0x00000002   Code   RO         1632    i.HAL_LSECC_PointMult_Complete_Callback  ls_hal_ecc.o
    0x1803b3a6   0x1803b3a6   0x00000002   PAD
    0x1803b3a8   0x1803b3a8   0x00000038   Code   RO         2808    i.HAL_PIS_Config    ls_hal_pis.o
    0x1803b3e0   0x1803b3e0   0x0000000a   Code   RO         2810    i.HAL_PIS_Init      ls_hal_pis.o
    0x1803b3ea   0x1803b3ea   0x00000002   PAD
    0x1803b3ec   0x1803b3ec   0x00000020   Code   RO         6300    i.HAL_PIS_MSP_Init  ls_msp_pis.o
    0x1803b40c   0x1803b40c   0x00000002   Code   RO         3686    i.HAL_TIMEx_BreakCallback  ls_hal_timer.o
    0x1803b40e   0x1803b40e   0x00000002   Code   RO         3687    i.HAL_TIMEx_CommutCallback  ls_hal_timer.o
    0x1803b410   0x1803b410   0x000004dc   Code   RO         3707    i.HAL_TIM_Encoder_Init  ls_hal_timer.o
    0x1803b8ec   0x1803b8ec   0x000000d0   Code   RO         3708    i.HAL_TIM_Encoder_Start  ls_hal_timer.o
    0x1803b9bc   0x1803b9bc   0x00000002   Code   RO         3715    i.HAL_TIM_IC_CaptureCallback  ls_hal_timer.o
    0x1803b9be   0x1803b9be   0x000001fe   Code   RO         3722    i.HAL_TIM_IRQHandler  ls_hal_timer.o
    0x1803bbbc   0x1803bbbc   0x0000000e   Code   RO         6710    i.HAL_TIM_MSP_Busy_Set  ls_msp_timer.o
    0x1803bbca   0x1803bbca   0x00000002   PAD
    0x1803bbcc   0x1803bbcc   0x00000088   Code   RO         6713    i.HAL_TIM_MSP_Init  ls_msp_timer.o
    0x1803bc54   0x1803bc54   0x00000002   Code   RO         3725    i.HAL_TIM_OC_DelayElapsedCallback  ls_hal_timer.o
    0x1803bc56   0x1803bc56   0x00000002   Code   RO         3732    i.HAL_TIM_PWM_PulseFinishedCallback  ls_hal_timer.o
    0x1803bc58   0x1803bc58   0x00000002   Code   RO         3738    i.HAL_TIM_PeriodElapsedCallback  ls_hal_timer.o
    0x1803bc5a   0x1803bc5a   0x00000002   Code   RO         3742    i.HAL_TIM_TriggerCallback  ls_hal_timer.o
    0x1803bc5c   0x1803bc5c   0x0000000e   Code   RO         4134    i.HAL_TRNG_DeInit   ls_hal_trng.o
    0x1803bc6a   0x1803bc6a   0x00000002   PAD
    0x1803bc6c   0x1803bc6c   0x0000003c   Code   RO         4135    i.HAL_TRNG_GenerateRandomNumber  ls_hal_trng.o
    0x1803bca8   0x1803bca8   0x0000001c   Code   RO         4137    i.HAL_TRNG_IRQHandler  ls_hal_trng.o
    0x1803bcc4   0x1803bcc4   0x00000018   Code   RO         4138    i.HAL_TRNG_Init     ls_hal_trng.o
    0x1803bcdc   0x1803bcdc   0x0000000a   Code   RO         6884    i.HAL_TRNG_MSP_Busy_Set  ls_msp_trng.o
    0x1803bce6   0x1803bce6   0x00000002   PAD
    0x1803bce8   0x1803bce8   0x0000003c   Code   RO         6885    i.HAL_TRNG_MSP_DeInit  ls_msp_trng.o
    0x1803bd24   0x1803bd24   0x0000000a   Code   RO         6886    i.HAL_TRNG_MSP_Idle_Set  ls_msp_trng.o
    0x1803bd2e   0x1803bd2e   0x00000002   PAD
    0x1803bd30   0x1803bd30   0x00000064   Code   RO         6887    i.HAL_TRNG_MSP_Init  ls_msp_trng.o
    0x1803bd94   0x1803bd94   0x00000002   Code   RO         4139    i.HAL_TRNG_ReadyDataCallback  ls_hal_trng.o
    0x1803bd96   0x1803bd96   0x00000002   PAD
    0x1803bd98   0x1803bd98   0x00000010   Code   RO         6930    i.HAL_UART1_Handler  ls_msp_uart.o
    0x1803bda8   0x1803bda8   0x00000010   Code   RO         6931    i.HAL_UART2_Handler  ls_msp_uart.o
    0x1803bdb8   0x1803bdb8   0x00000010   Code   RO         6932    i.HAL_UART3_Handler  ls_msp_uart.o
    0x1803bdc8   0x1803bdc8   0x00000002   Code   RO         4187    i.HAL_UART_BaudRateDetectCpltCallback  ls_hal_uart.o
    0x1803bdca   0x1803bdca   0x00000002   Code   RO         4316    i.HAL_UART_DMA_TxCpltCallback  ls_hal_uart_dma.o
    0x1803bdcc   0x1803bdcc   0x00000028   Code   RO         4189    i.HAL_UART_Init     ls_hal_uart.o
    0x1803bdf4   0x1803bdf4   0x0000000e   Code   RO         6933    i.HAL_UART_MSP_Busy_Set  ls_msp_uart.o
    0x1803be02   0x1803be02   0x00000002   PAD
    0x1803be04   0x1803be04   0x00000050   Code   RO         6936    i.HAL_UART_MSP_Init  ls_msp_uart.o
    0x1803be54   0x1803be54   0x0000005e   Code   RO         4191    i.HAL_UART_Receive_IT  ls_hal_uart.o
    0x1803beb2   0x1803beb2   0x00000002   PAD
    0x1803beb4   0x1803beb4   0x00000014   Code   RO          309    i.HAL_UART_RxCpltCallback  callback.o
    0x1803bec8   0x1803bec8   0x00000098   Code   RO         4194    i.HAL_UART_Transmit_IT  ls_hal_uart.o
    0x1803bf60   0x1803bf60   0x00000014   Code   RO          310    i.HAL_UART_TxCpltCallback  callback.o
    0x1803bf74   0x1803bf74   0x000000a0   Code   RO         4196    i.HAL_UARTx_IRQHandler  ls_hal_uart.o
    0x1803c014   0x1803c014   0x00000070   Code   RO          282    i.Hardware_Init     system_init.o
    0x1803c084   0x1803c084   0x0000000c   Code   RO         4197    i.LL_UART_SetRXTL   ls_hal_uart.o
    0x1803c090   0x1803c090   0x000000b8   Code   RO         9031    i.LPWKUP_Handler    sleep.o
    0x1803c148   0x1803c148   0x00000030   Code   RO         1634    i.LSECC_IRQHandler  ls_hal_ecc.o
    0x1803c178   0x1803c178   0x0000001a   Code   RO          257    i.Public_Delay_Ms   public.o
    0x1803c192   0x1803c192   0x00000008   Code   RO         9735    i.SEGGER_RTT_Init   segger_rtt.o
    0x1803c19a   0x1803c19a   0x00000002   PAD
    0x1803c19c   0x1803c19c   0x00000064   Code   RO         9737    i.SEGGER_RTT_PutCharSkip  segger_rtt.o
    0x1803c200   0x1803c200   0x00000024   Code   RO         9651    i.SVC_Handler_C     svcall.o
    0x1803c224   0x1803c224   0x0000000c   Code   RO          348    i.Shutdown_Rocker_Check_Handler  bsp_adc.o
    0x1803c230   0x1803c230   0x0000004c   Code   RO          349    i.Startup_Shutdown_Rocker_Check_Handler  bsp_adc.o
    0x1803c27c   0x1803c27c   0x00000002   Code   RO         8510    i.SystemInit        platform.o
    0x1803c27e   0x1803c27e   0x00000002   PAD
    0x1803c280   0x1803c280   0x00000098   Code   RO         3744    i.TIM_Base_SetConfig  ls_hal_timer.o
    0x1803c318   0x1803c318   0x000000d4   Code   RO         3745    i.TIM_CCxChannelCmd  ls_hal_timer.o
    0x1803c3ec   0x1803c3ec   0x0000003c   Code   RO         4198    i.UART_AutoBaudRate_Detect_End  ls_hal_uart.o
    0x1803c428   0x1803c428   0x0000001c   Code   RO         4200    i.UART_BaudRate_Detect_IT  ls_hal_uart.o
    0x1803c444   0x1803c444   0x00000070   Code   RO         4201    i.UART_Receive_IT   ls_hal_uart.o
    0x1803c4b4   0x1803c4b4   0x00000070   Code   RO         4202    i.UART_SetConfig    ls_hal_uart.o
    0x1803c524   0x1803c524   0x00000062   Code   RO         4203    i.UART_Transmit_IT  ls_hal_uart.o
    0x1803c586   0x1803c586   0x00000012   Code   RO         4321    i.UART_Transmit_IT_DMA  ls_hal_uart_dma.o
    0x1803c598   0x1803c598   0x00000070   Code   RO         9757    i._DoInit           segger_rtt.o
    0x1803c608   0x1803c608   0x00000020   Code   RO        10749    i.__0printf         mc_p.l(printfa.o)
    0x1803c628   0x1803c628   0x00000028   Code   RO        10751    i.__0sprintf        mc_p.l(printfa.o)
    0x1803c650   0x1803c650   0x00000014   Code   RO        10753    i.__0vprintf        mc_p.l(printfa.o)
    0x1803c664   0x1803c664   0x0000002e   Code   RO        10860    i.__ARM_clz         mf_p.l(depilogue.o)
    0x1803c692   0x1803c692   0x00000030   Code   RO         8944    i.__ARM_common_ll_mulss  platform.o
    0x1803c6c2   0x1803c6c2   0x0000001c   Code   RO          448    i.__ARM_common_switch8  bsp_bluetooth.o
    0x1803c6de   0x1803c6de   0x00000002   PAD
    0x1803c6e0   0x1803c6e0   0x00000018   Code   RO         6714    i.__NVIC_ClearPendingIRQ  ls_msp_timer.o
    0x1803c6f8   0x1803c6f8   0x00000018   Code   RO         6948    i.__NVIC_ClearPendingIRQ  ls_msp_uart.o
    0x1803c710   0x1803c710   0x00000018   Code   RO         8511    i.__NVIC_ClearPendingIRQ  platform.o
    0x1803c728   0x1803c728   0x00000020   Code   RO         6716    i.__NVIC_EnableIRQ  ls_msp_timer.o
    0x1803c748   0x1803c748   0x00000020   Code   RO         6950    i.__NVIC_EnableIRQ  ls_msp_uart.o
    0x1803c768   0x1803c768   0x00000020   Code   RO         8512    i.__NVIC_EnableIRQ  platform.o
    0x1803c788   0x1803c788   0x00000078   Code   RO         8513    i.__NVIC_SetPriority  platform.o
    0x1803c800   0x1803c800   0x000000c2   Code   RO         4494    i.__div64_32        common.o
    0x1803c8c2   0x1803c8c2   0x00000006   Code   RO         2248    i.__get_PRIMASK     ls_hal_flash_svcall.o
    0x1803c8c8   0x1803c8c8   0x0000000e   Code   RO        10889    i.__scatterload_copy  mc_p.l(handlers.o)
    0x1803c8d6   0x1803c8d6   0x00000002   Code   RO        10890    i.__scatterload_null  mc_p.l(handlers.o)
    0x1803c8d8   0x1803c8d8   0x0000000e   Code   RO        10891    i.__scatterload_zeroinit  mc_p.l(handlers.o)
    0x1803c8e6   0x1803c8e6   0x00000002   Code   RO         3760    i._arduino_timerISR  ls_hal_timer.o
    0x1803c8e8   0x1803c8e8   0x00000174   Code   RO        10756    i._fp_digits        mc_p.l(printfa.o)
    0x1803ca5c   0x1803ca5c   0x0000000e   Code   RO        10851    i._is_digit         mc_p.l(scanf_fp.o)
    0x1803ca6a   0x1803ca6a   0x00000002   PAD
    0x1803ca6c   0x1803ca6c   0x000006f0   Code   RO        10757    i._printf_core      mc_p.l(printfa.o)
    0x1803d15c   0x1803d15c   0x00000020   Code   RO        10758    i._printf_post_padding  mc_p.l(printfa.o)
    0x1803d17c   0x1803d17c   0x0000002c   Code   RO        10759    i._printf_pre_padding  mc_p.l(printfa.o)
    0x1803d1a8   0x1803d1a8   0x0000000a   Code   RO        10761    i._sputc            mc_p.l(printfa.o)
    0x1803d1b2   0x1803d1b2   0x00000002   PAD
    0x1803d1b4   0x1803d1b4   0x0000000c   Code   RO         9486    i.adc12b_status_set  sys_stat.o
    0x1803d1c0   0x1803d1c0   0x00000008   Code   RO         5743    i.adc_channel_tempsensor_enable  ls_msp_adc.o
    0x1803d1c8   0x1803d1c8   0x0000001c   Code   RO         5745    i.adc_channel_vbat_enable  ls_msp_adc.o
    0x1803d1e4   0x1803d1e4   0x00000028   Code   RO         1069    i.adc_isenable_poll  ls_hal_adc.o
    0x1803d20c   0x1803d20c   0x00000090   Code   RO         5747    i.adc_msp_init      ls_msp_adc.o
    0x1803d29c   0x1803d29c   0x00000064   Code   RO         6718    i.adtim_msp_init    ls_msp_timer.o
    0x1803d300   0x1803d300   0x0000000c   Code   RO         9487    i.adtimer1_status_set  sys_stat.o
    0x1803d30c   0x1803d30c   0x0000001e   Code   RO         5152    i.all_section_empty  tinyfs.o
    0x1803d32a   0x1803d32a   0x00000002   PAD
    0x1803d32c   0x1803d32c   0x00000048   Code   RO         8518    i.analog_init       platform.o
    0x1803d374   0x1803d374   0x0000000c   Code   RO         9488    i.app_event_status_busy  sys_stat.o
    0x1803d380   0x1803d380   0x0000000a   Code   RO         8521    i.arm_cm_set_int_isr  platform.o
    0x1803d38a   0x1803d38a   0x00000002   Code   RO         8522    i.bb_mem_clr        platform.o
    0x1803d38c   0x1803d38c   0x0000001c   Code   RO         9032    i.ble_hclk_set      sleep.o
    0x1803d3a8   0x1803d3a8   0x00000010   Code   RO         8523    i.ble_irq_clr       platform.o
    0x1803d3b8   0x1803d3b8   0x0000000c   Code   RO         8524    i.ble_irq_clr_and_enable  platform.o
    0x1803d3c4   0x1803d3c4   0x00000010   Code   RO         8525    i.ble_irq_enable    platform.o
    0x1803d3d4   0x1803d3d4   0x00000014   Code   RO         8527    i.ble_loop          platform.o
    0x1803d3e8   0x1803d3e8   0x000000c8   Code   RO         9033    i.ble_radio_en_sync  sleep.o
    0x1803d4b0   0x1803d4b0   0x00000008   Code   RO         8529    i.ble_stack_isr     platform.o
    0x1803d4b8   0x1803d4b8   0x0000000c   Code   RO         9035    i.ble_wkup_status_get  sleep.o
    0x1803d4c4   0x1803d4c4   0x0000000c   Code   RO         9036    i.ble_wkup_status_set  sleep.o
    0x1803d4d0   0x1803d4d0   0x00000064   Code   RO         6720    i.bstim_msp_init    ls_msp_timer.o
    0x1803d534   0x1803d534   0x0000000c   Code   RO         9490    i.bstimer1_status_set  sys_stat.o
    0x1803d540   0x1803d540   0x00000040   Code   RO         5714    i.calc_acc_init     calc_acc.o
    0x1803d580   0x1803d580   0x00000040   Code   RO         1023    i.calc_div          calc_div.o
    0x1803d5c0   0x1803d5c0   0x00000014   Code   RO         1635    i.calc_done_wait    ls_hal_ecc.o
    0x1803d5d4   0x1803d5d4   0x0000007c   Code   RO         1636    i.calc_fsm_run      ls_hal_ecc.o
    0x1803d650   0x1803d650   0x00000070   Code   RO         1637    i.calc_init         ls_hal_ecc.o
    0x1803d6c0   0x1803d6c0   0x00000010   Code   RO         9037    i.check_and_sleep   sleep.o
    0x1803d6d0   0x1803d6d0   0x00000014   Code   RO         9038    i.clr_ble_wkup_req  sleep.o
    0x1803d6e4   0x1803d6e4   0x00000012   Code   RO         8533    i.config_word_get   platform.o
    0x1803d6f6   0x1803d6f6   0x00000020   Code   RO         1638    i.copy_from_eccram  ls_hal_ecc.o
    0x1803d716   0x1803d716   0x00000002   PAD
    0x1803d718   0x1803d718   0x0000001c   Code   RO         8534    i.cpu_sleep_recover_init  platform.o
    0x1803d734   0x1803d734   0x00000024   Code   RO         4657    i.crc16_lookup      crc16.o
    0x1803d758   0x1803d758   0x0000001c   Code   RO         4658    i.crc16ccitt        crc16.o
    0x1803d774   0x1803d774   0x0000001c   Code   RO         5153    i.data_write_through  tinyfs.o
    0x1803d790   0x1803d790   0x00000010   Code   RO         1639    i.dblu              ls_hal_ecc.o
    0x1803d7a0   0x1803d7a0   0x00000002   Code   RO         9039    i.dcdc_off          sleep.o
    0x1803d7a2   0x1803d7a2   0x00000002   PAD
    0x1803d7a4   0x1803d7a4   0x00000044   Code   RO         9040    i.deep_sleep        sleep.o
    0x1803d7e8   0x1803d7e8   0x00000094   Code   RO          427    i.dev_manager_callback  bsp_bluetooth.o
    0x1803d87c   0x1803d87c   0x000000e8   Code   RO         5154    i.dir_add_parse     tinyfs.o
    0x1803d964   0x1803d964   0x00000048   Code   RO         5155    i.dir_add_write     tinyfs.o
    0x1803d9ac   0x1803d9ac   0x00000024   Code   RO         5156    i.dir_compare       tinyfs.o
    0x1803d9d0   0x1803d9d0   0x00000084   Code   RO         5157    i.dir_remove_parse  tinyfs.o
    0x1803da54   0x1803da54   0x00000034   Code   RO         5158    i.dir_remove_write  tinyfs.o
    0x1803da88   0x1803da88   0x00000030   Code   RO         5159    i.dir_tree_build    tinyfs.o
    0x1803dab8   0x1803dab8   0x000000b0   Code   RO         5160    i.dir_tree_link     tinyfs.o
    0x1803db68   0x1803db68   0x00000010   Code   RO         1805    i.do_hal_flash_chip_erase  ls_hal_flash.o
    0x1803db78   0x1803db78   0x00000028   Code   RO         1806    i.do_hal_flash_erase  ls_hal_flash.o
    0x1803dba0   0x1803dba0   0x00000024   Code   RO         1807    i.do_hal_flash_erase_security_area  ls_hal_flash.o
    0x1803dbc4   0x1803dbc4   0x00000090   Code   RO         2068    i.do_hal_flash_program  ls_hal_flash_qspi.o
    0x1803dc54   0x1803dc54   0x00000084   Code   RO         2069    i.do_hal_flash_program_security_area  ls_hal_flash_qspi.o
    0x1803dcd8   0x1803dcd8   0x00000014   Code   RO         1808    i.do_hal_flash_read  ls_hal_flash.o
    0x1803dcec   0x1803dcec   0x00000014   Code   RO         1809    i.do_hal_flash_read_reg  ls_hal_flash.o
    0x1803dd00   0x1803dd00   0x0000008c   Code   RO         2070    i.do_hal_flash_read_security_area  ls_hal_flash_qspi.o
    0x1803dd8c   0x1803dd8c   0x00000028   Code   RO         5161    i.do_tinyfs_del_record  tinyfs.o
    0x1803ddb4   0x1803ddb4   0x00000048   Code   RO         5162    i.do_tinyfs_read    tinyfs.o
    0x1803ddfc   0x1803ddfc   0x000000ac   Code   RO         5164    i.do_tinyfs_write   tinyfs.o
    0x1803dea8   0x1803dea8   0x00000004   Code   RO         9253    i.dummy             stack_var.o
    0x1803deac   0x1803deac   0x00000038   Code   RO         8535    i.ecc_calc_start    platform.o
    0x1803dee4   0x1803dee4   0x0000000c   Code   RO         9493    i.ecc_status_set    sys_stat.o
    0x1803def0   0x1803def0   0x00000050   Code   RO         9041    i.exti_int_pending  sleep.o
    0x1803df40   0x1803df40   0x00000028   Code   RO         7161    i.exti_io_handler   ls_soc_gpio.o
    0x1803df68   0x1803df68   0x00000066   Code   RO         5165    i.find_head_tail_section  tinyfs.o
    0x1803dfce   0x1803dfce   0x0000000a   Code   RO         8536    i.flash_data_storage_base_offset  platform.o
    0x1803dfd8   0x1803dfd8   0x00000012   Code   RO         4680    i.fputc             log.o
    0x1803dfea   0x1803dfea   0x00000002   PAD
    0x1803dfec   0x1803dfec   0x00000054   Code   RO        10777    i.free              mc_p.l(malloc.o)
    0x1803e040   0x1803e040   0x00000074   Code   RO         5166    i.garbage_collect_try  tinyfs.o
    0x1803e0b4   0x1803e0b4   0x0000001c   Code   RO         5167    i.gc_section_find   tinyfs.o
    0x1803e0d0   0x1803e0d0   0x00000052   Code   RO         4900    i.general_fifo_get  fifo.o
    0x1803e122   0x1803e122   0x00000052   Code   RO         4901    i.general_fifo_put  fifo.o
    0x1803e174   0x1803e174   0x00000034   Code   RO         5168    i.get_child_dir_by_name  tinyfs.o
    0x1803e1a8   0x1803e1a8   0x00000004   Code   RO         9042    i.get_deep_sleep_enable  sleep.o
    0x1803e1ac   0x1803e1ac   0x00000064   Code   RO         5169    i.get_first_valid_section  tinyfs.o
    0x1803e210   0x1803e210   0x00000034   Code   RO         8539    i.get_flash_process  platform.o
    0x1803e244   0x1803e244   0x00000012   Code   RO         5170    i.get_next_section  tinyfs.o
    0x1803e256   0x1803e256   0x00000034   Code   RO         5171    i.get_next_valid_section  tinyfs.o
    0x1803e28a   0x1803e28a   0x00000010   Code   RO         5174    i.get_prev_section  tinyfs.o
    0x1803e29a   0x1803e29a   0x00000002   PAD
    0x1803e29c   0x1803e29c   0x0000004c   Code   RO         5175    i.get_record_by_name  tinyfs.o
    0x1803e2e8   0x1803e2e8   0x00000014   Code   RO         8543    i.get_trng_value    platform.o
    0x1803e2fc   0x1803e2fc   0x000000f6   Code   RO         7162    i.gpio_af_init      ls_soc_gpio.o
    0x1803e3f2   0x1803e3f2   0x0000004a   Code   RO         7164    i.gpio_ana_init     ls_soc_gpio.o
    0x1803e43c   0x1803e43c   0x00000060   Code   RO         6723    i.gptima_msp_init   ls_msp_timer.o
    0x1803e49c   0x1803e49c   0x00000064   Code   RO         6725    i.gptimb_msp_init   ls_msp_timer.o
    0x1803e500   0x1803e500   0x00000068   Code   RO         6727    i.gptimc_msp_init   ls_msp_timer.o
    0x1803e568   0x1803e568   0x0000000c   Code   RO         9494    i.gptimera1_status_set  sys_stat.o
    0x1803e574   0x1803e574   0x0000000c   Code   RO         9495    i.gptimerb1_status_set  sys_stat.o
    0x1803e580   0x1803e580   0x0000000c   Code   RO         9496    i.gptimerc1_status_set  sys_stat.o
    0x1803e58c   0x1803e58c   0x0000001c   Code   RO         1640    i.h_in              ls_hal_ecc.o
    0x1803e5a8   0x1803e5a8   0x00000024   Code   RO         2250    i.hal_flash_erase_operation  ls_hal_flash_svcall.o
    0x1803e5cc   0x1803e5cc   0x00000030   Code   RO         2252    i.hal_flash_program_operation  ls_hal_flash_svcall.o
    0x1803e5fc   0x1803e5fc   0x0000007c   Code   RO         2072    i.hal_flash_quad_io_read  ls_hal_flash_qspi.o
    0x1803e678   0x1803e678   0x00000016   Code   RO         1820    i.hal_flash_quad_page_program  ls_hal_flash.o
    0x1803e68e   0x1803e68e   0x0000007e   Code   RO         2073    i.hal_flash_read_24bit_addr_8bit_dummy  ls_hal_flash_qspi.o
    0x1803e70c   0x1803e70c   0x0000001e   Code   RO         2254    i.hal_flash_read_operation  ls_hal_flash_svcall.o
    0x1803e72a   0x1803e72a   0x00000018   Code   RO         1822    i.hal_flash_read_security_area  ls_hal_flash.o
    0x1803e742   0x1803e742   0x00000030   Code   RO         2256    i.hal_flash_read_security_area_operation  ls_hal_flash_svcall.o
    0x1803e772   0x1803e772   0x00000016   Code   RO         1823    i.hal_flash_read_sfdp  ls_hal_flash.o
    0x1803e788   0x1803e788   0x0000000e   Code   RO         1824    i.hal_flash_sector_erase  ls_hal_flash.o
    0x1803e796   0x1803e796   0x0000002a   Code   RO         8545    i.idiv_acc          platform.o
    0x1803e7c0   0x1803e7c0   0x00000024   Code   RO         5178    i.if_dir_exist      tinyfs.o
    0x1803e7e4   0x1803e7e4   0x000000a8   Code   RO         5179    i.insert_check      tinyfs.o
    0x1803e88c   0x1803e88c   0x00000050   Code   RO         1641    i.inversion         ls_hal_ecc.o
    0x1803e8dc   0x1803e8dc   0x00000054   Code   RO         1642    i.inversion_calc    ls_hal_ecc.o
    0x1803e930   0x1803e930   0x00000030   Code   RO         7175    i.io_cfg_input      ls_soc_gpio.o
    0x1803e960   0x1803e960   0x00000020   Code   RO         7177    i.io_cfg_output     ls_soc_gpio.o
    0x1803e980   0x1803e980   0x0000001e   Code   RO         7179    i.io_clr_pin        ls_soc_gpio.o
    0x1803e99e   0x1803e99e   0x00000002   PAD
    0x1803e9a0   0x1803e9a0   0x00000024   Code   RO          311    i.io_exti_callback  callback.o
    0x1803e9c4   0x1803e9c4   0x00000264   Code   RO         7183    i.io_exti_config    ls_soc_gpio.o
    0x1803ec28   0x1803ec28   0x00000070   Code   RO         7185    i.io_init           ls_soc_gpio.o
    0x1803ec98   0x1803ec98   0x0000002e   Code   RO         7187    i.io_pull_write     ls_soc_gpio.o
    0x1803ecc6   0x1803ecc6   0x00000020   Code   RO         7188    i.io_read_pin       ls_soc_gpio.o
    0x1803ece6   0x1803ece6   0x0000001c   Code   RO         7189    i.io_set_pin        ls_soc_gpio.o
    0x1803ed02   0x1803ed02   0x0000003e   Code   RO         7190    i.io_toggle_pin     ls_soc_gpio.o
    0x1803ed40   0x1803ed40   0x00000084   Code   RO         7191    i.io_wkup_en_clr_set  ls_soc_gpio.o
    0x1803edc4   0x1803edc4   0x0000001a   Code   RO         7192    i.io_write_pin      ls_soc_gpio.o
    0x1803edde   0x1803edde   0x0000000c   Code   RO         8546    i.irq_init          platform.o
    0x1803edea   0x1803edea   0x00000002   PAD
    0x1803edec   0x1803edec   0x00000078   Code   RO         8547    i.irq_priority      platform.o
    0x1803ee64   0x1803ee64   0x00000018   Code   RO         8548    i.irq_reinit        platform.o
    0x1803ee7c   0x1803ee7c   0x00000030   Code   RO         4965    i.linked_buf_alloc  linked_buffer.o
    0x1803eeac   0x1803eeac   0x0000005e   Code   RO         4967    i.linked_buf_contain_element  linked_buffer.o
    0x1803ef0a   0x1803ef0a   0x0000000c   Code   RO         4970    i.linked_buf_get_elem_by_idx  linked_buffer.o
    0x1803ef16   0x1803ef16   0x00000002   PAD
    0x1803ef18   0x1803ef18   0x00000088   Code   RO         4971    i.linked_buf_get_elem_idx  linked_buffer.o
    0x1803efa0   0x1803efa0   0x00000058   Code   RO         4972    i.linked_buf_get_ref_cnt_by_idx  linked_buffer.o
    0x1803eff8   0x1803eff8   0x00000034   Code   RO         4973    i.linked_buf_hdl_sanity_check  linked_buffer.o
    0x1803f02c   0x1803f02c   0x00000048   Code   RO         4974    i.linked_buf_init   linked_buffer.o
    0x1803f074   0x1803f074   0x000000d4   Code   RO         4976    i.linked_buf_release  linked_buffer.o
    0x1803f148   0x1803f148   0x0000006c   Code   RO         4681    i.log_hex_output    log.o
    0x1803f1b4   0x1803f1b4   0x00000030   Code   RO         4682    i.log_output        log.o
    0x1803f1e4   0x1803f1e4   0x00000038   Code   RO         8550    i.lpcycles_to_hus   platform.o
    0x1803f21c   0x1803f21c   0x0000004c   Code   RO         4740    i.ls_assert         ls_dbg.o
    0x1803f268   0x1803f268   0x00000024   Code   RO         4683    i.ls_log_init       log.o
    0x1803f28c   0x1803f28c   0x00000002   Code   RO         8551    i.lse_init          platform.o
    0x1803f28e   0x1803f28e   0x00000002   PAD
    0x1803f290   0x1803f290   0x00000070   Code   RO         8552    i.lsi_calib         platform.o
    0x1803f300   0x1803f300   0x0000000a   Code   RO         8553    i.lsi_counting_timer_callback  platform.o
    0x1803f30a   0x1803f30a   0x00000002   PAD
    0x1803f30c   0x1803f30c   0x00000018   Code   RO         8554    i.lsi_counting_timer_create  platform.o
    0x1803f324   0x1803f324   0x0000001c   Code   RO         8555    i.lsi_counting_timer_start  platform.o
    0x1803f340   0x1803f340   0x00000084   Code   RO         8556    i.lsi_freq_update_and_hs_to_lpcycles  platform.o
    0x1803f3c4   0x1803f3c4   0x0000001c   Code   RO         8558    i.lvd33_disable     platform.o
    0x1803f3e0   0x1803f3e0   0x0000001c   Code   RO         8559    i.lvd33_enable      platform.o
    0x1803f3fc   0x1803f3fc   0x00000010   Code   RO         8560    i.lvd33_irq_enable  platform.o
    0x1803f40c   0x1803f40c   0x00000054   Code   RO         8561    i.mac_init          platform.o
    0x1803f460   0x1803f460   0x00000014   Code   RO            4    i.main              main.o
    0x1803f474   0x1803f474   0x00000040   Code   RO         9260    i.main_task_app_init  stack_var.o
    0x1803f4b4   0x1803f4b4   0x0000006c   Code   RO        10778    i.malloc            mc_p.l(malloc.o)
    0x1803f520   0x1803f520   0x00000012   Code   RO         4496    i.memcpy32          common.o
    0x1803f532   0x1803f532   0x00000002   PAD
    0x1803f534   0x1803f534   0x00000018   Code   RO         8202    i.modem_reg_init    modem_rf_le501x.o
    0x1803f54c   0x1803f54c   0x0000003c   Code   RO         8203    i.modem_rf_init     modem_rf_le501x.o
    0x1803f588   0x1803f588   0x00000010   Code   RO         8204    i.modem_rf_reinit   modem_rf_le501x.o
    0x1803f598   0x1803f598   0x00000094   Code   RO         8563    i.module_init       platform.o
    0x1803f62c   0x1803f62c   0x00000040   Code   RO         1643    i.mont2rslt         ls_hal_ecc.o
    0x1803f66c   0x1803f66c   0x00000020   Code   RO         1644    i.mont_in           ls_hal_ecc.o
    0x1803f68c   0x1803f68c   0x00000020   Code   RO         1645    i.mont_in_data      ls_hal_ecc.o
    0x1803f6ac   0x1803f6ac   0x00000020   Code   RO         1646    i.mont_out          ls_hal_ecc.o
    0x1803f6cc   0x1803f6cc   0x00000010   Code   RO         5180    i.node_alloc        tinyfs.o
    0x1803f6dc   0x1803f6dc   0x0000008c   Code   RO         5181    i.node_copy         tinyfs.o
    0x1803f768   0x1803f768   0x000000c0   Code   RO         5182    i.node_crc_check    tinyfs.o
    0x1803f828   0x1803f828   0x00000058   Code   RO         5183    i.node_data_read    tinyfs.o
    0x1803f880   0x1803f880   0x00000058   Code   RO         5184    i.node_del          tinyfs.o
    0x1803f8d8   0x1803f8d8   0x00000014   Code   RO         5186    i.node_free         tinyfs.o
    0x1803f8ec   0x1803f8ec   0x00000020   Code   RO         5187    i.node_idx          tinyfs.o
    0x1803f90c   0x1803f90c   0x00000024   Code   RO         5188    i.node_list_copy    tinyfs.o
    0x1803f930   0x1803f930   0x0000000a   Code   RO         5189    i.node_list_init    tinyfs.o
    0x1803f93a   0x1803f93a   0x00000002   PAD
    0x1803f93c   0x1803f93c   0x0000003c   Code   RO         5190    i.node_list_search  tinyfs.o
    0x1803f978   0x1803f978   0x0000002e   Code   RO         5191    i.node_metadata_read  tinyfs.o
    0x1803f9a6   0x1803f9a6   0x00000038   Code   RO         5192    i.node_parent_fix   tinyfs.o
    0x1803f9de   0x1803f9de   0x00000002   PAD
    0x1803f9e0   0x1803f9e0   0x00000020   Code   RO         5193    i.node_ptr          tinyfs.o
    0x1803fa00   0x1803fa00   0x00000040   Code   RO         5194    i.node_search       tinyfs.o
    0x1803fa40   0x1803fa40   0x00000044   Code   RO         5195    i.node_sibling_fix  tinyfs.o
    0x1803fa84   0x1803fa84   0x00000014   Code   RO         5196    i.node_total_length  tinyfs.o
    0x1803fa98   0x1803fa98   0x000001b8   Code   RO         5197    i.node_write        tinyfs.o
    0x1803fc50   0x1803fc50   0x000000f8   Code   RO         5198    i.nodes_info_load   tinyfs.o
    0x1803fd48   0x1803fd48   0x0000008c   Code   RO         5199    i.nvm_page_empty    tinyfs.o
    0x1803fdd4   0x1803fdd4   0x00000074   Code   RO         5200    i.nvm_read_node     tinyfs.o
    0x1803fe48   0x1803fe48   0x00000074   Code   RO         1647    i.orig2mont         ls_hal_ecc.o
    0x1803febc   0x1803febc   0x00000018   Code   RO         1648    i.p_in              ls_hal_ecc.o
    0x1803fed4   0x1803fed4   0x00000028   Code   RO         9500    i.peri_status_busy  sys_stat.o
    0x1803fefc   0x1803fefc   0x0000000a   Code   RO         7202    i.pinmux_adc12b_in4_init  ls_soc_gpio.o
    0x1803ff06   0x1803ff06   0x0000000a   Code   RO         7204    i.pinmux_adc12b_in5_init  ls_soc_gpio.o
    0x1803ff10   0x1803ff10   0x0000000c   Code   RO         7229    i.pinmux_ana_func1_init  ls_soc_gpio.o
    0x1803ff1c   0x1803ff1c   0x00000028   Code   RO         7231    i.pinmux_gptima1_ch1_init  ls_soc_gpio.o
    0x1803ff44   0x1803ff44   0x00000028   Code   RO         7233    i.pinmux_gptima1_ch2_init  ls_soc_gpio.o
    0x1803ff6c   0x1803ff6c   0x00000038   Code   RO         7312    i.pinmux_uart1_init  ls_soc_gpio.o
    0x1803ffa4   0x1803ffa4   0x00000038   Code   RO         7314    i.pinmux_uart2_init  ls_soc_gpio.o
    0x1803ffdc   0x1803ffdc   0x00000038   Code   RO         7316    i.pinmux_uart3_init  ls_soc_gpio.o
    0x18040014   0x18040014   0x00000030   Code   RO         8564    i.platform_reset    platform.o
    0x18040044   0x18040044   0x0000000c   Code   RO         8565    i.plf_get_reset_error  platform.o
    0x18040050   0x18040050   0x00000054   Code   RO         8205    i.pll_cal_testreg_deinit  modem_rf_le501x.o
    0x180400a4   0x180400a4   0x00000060   Code   RO         8206    i.pll_cal_testreg_init  modem_rf_le501x.o
    0x18040104   0x18040104   0x00000070   Code   RO         5201    i.print_indent      tinyfs.o
    0x18040174   0x18040174   0x00000008   Code   RO        10489    i.putc              mc_p.l(putc.o)
    0x1804017c   0x1804017c   0x00000030   Code   RO         4499    i.rand_gen_by_word  common.o
    0x180401ac   0x180401ac   0x0000005c   Code   RO         8566    i.rco_freq_counting_init  platform.o
    0x18040208   0x18040208   0x000000e4   Code   RO         8567    i.rco_freq_counting_start  platform.o
    0x180402ec   0x180402ec   0x000000dc   Code   RO         5202    i.record_add_parse  tinyfs.o
    0x180403c8   0x180403c8   0x00000048   Code   RO         5203    i.record_add_write  tinyfs.o
    0x18040410   0x18040410   0x00000034   Code   RO         5204    i.record_compare    tinyfs.o
    0x18040444   0x18040444   0x00000074   Code   RO         5205    i.record_data_copy  tinyfs.o
    0x180404b8   0x180404b8   0x0000003c   Code   RO         5206    i.record_data_write  tinyfs.o
    0x180404f4   0x180404f4   0x00000090   Code   RO         5207    i.record_remove_parse  tinyfs.o
    0x18040584   0x18040584   0x0000003c   Code   RO         5208    i.record_remove_write  tinyfs.o
    0x180405c0   0x180405c0   0x00000054   Code   RO         5209    i.record_write      tinyfs.o
    0x18040614   0x18040614   0x00000024   Code   RO         1649    i.result2buffer     ls_hal_ecc.o
    0x18040638   0x18040638   0x00000002   Code   RO         8207    i.rf_force_agc_enable  modem_rf_le501x.o
    0x1804063a   0x1804063a   0x00000002   PAD
    0x1804063c   0x1804063c   0x000000c0   Code   RO         8208    i.rf_reg_config     modem_rf_le501x.o
    0x180406fc   0x180406fc   0x00000194   Code   RO         8209    i.rf_reg_init       modem_rf_le501x.o
    0x18040890   0x18040890   0x00000040   Code   RO         8210    i.rf_reg_retention  modem_rf_le501x.o
    0x180408d0   0x180408d0   0x00000002   Code   RO         8211    i.rf_reset          modem_rf_le501x.o
    0x180408d2   0x180408d2   0x00000002   PAD
    0x180408d4   0x180408d4   0x0000003c   Code   RO         8212    i.rf_rssi_convert   modem_rf_le501x.o
    0x18040910   0x18040910   0x00000006   Code   RO         8214    i.rf_txpwr_cs_get   modem_rf_le501x.o
    0x18040916   0x18040916   0x00000002   PAD
    0x18040918   0x18040918   0x0000000c   Code   RO         8215    i.rf_txpwr_dbm_get  modem_rf_le501x.o
    0x18040924   0x18040924   0x0000001c   Code   RO         5210    i.root_dir_init     tinyfs.o
    0x18040940   0x18040940   0x00000002   Code   RO         2942    i.rtc_wkup_callback  ls_hal_rtc.o
    0x18040942   0x18040942   0x00000004   Code   RO         8216    i.rx_txpwr_max_get  modem_rf_le501x.o
    0x18040946   0x18040946   0x00000004   Code   RO         8217    i.rx_txpwr_min_get  modem_rf_le501x.o
    0x1804094a   0x1804094a   0x00000002   PAD
    0x1804094c   0x1804094c   0x00000018   Code   RO         5211    i.section_copy      tinyfs.o
    0x18040964   0x18040964   0x00000028   Code   RO         5212    i.section_garbage_collection  tinyfs.o
    0x1804098c   0x1804098c   0x0000003c   Code   RO         5213    i.section_head_read  tinyfs.o
    0x180409c8   0x180409c8   0x0000005c   Code   RO         5214    i.section_head_read_all  tinyfs.o
    0x18040a24   0x18040a24   0x00000038   Code   RO         5215    i.section_head_write  tinyfs.o
    0x18040a5c   0x18040a5c   0x00000034   Code   RO         5216    i.section_offset_calc  tinyfs.o
    0x18040a90   0x18040a90   0x00000034   Code   RO         5217    i.sibling_sort      tinyfs.o
    0x18040ac4   0x18040ac4   0x00000036   Code   RO         9047    i.sleep_process     sleep.o
    0x18040afa   0x18040afa   0x00000002   PAD
    0x18040afc   0x18040afc   0x00000040   Code   RO         5218    i.sorted_list_insert  tinyfs.o
    0x18040b3c   0x18040b3c   0x0000005c   Code   RO         4741    i.stack_assert_c    ls_dbg.o
    0x18040b98   0x18040b98   0x0000002c   Code   RO         8569    i.stack_data_bss_init  platform.o
    0x18040bc4   0x18040bc4   0x000000fc   Code   RO         9263    i.stack_var_ptr_init  stack_var.o
    0x18040cc0   0x18040cc0   0x00000012   Code   RO         4903    i.sw_fifo_empty     fifo.o
    0x18040cd2   0x18040cd2   0x00000020   Code   RO         4905    i.sw_fifo_full      fifo.o
    0x18040cf2   0x18040cf2   0x00000010   Code   RO         4906    i.sw_fifo_init      fifo.o
    0x18040d02   0x18040d02   0x00000014   Code   RO         8571    i.sys_init_app      platform.o
    0x18040d16   0x18040d16   0x00000002   PAD
    0x18040d18   0x18040d18   0x00000024   Code   RO         9690    i.systick_start     systick.o
    0x18040d3c   0x18040d3c   0x00000018   Code   RO         9691    i.systick_stop      systick.o
    0x18040d54   0x18040d54   0x00000038   Code   RO         8219    i.tempsensor_ldo_init  modem_rf_le501x.o
    0x18040d8c   0x18040d8c   0x0000001e   Code   RO         7326    i.timer_ch_io_cfg   ls_soc_gpio.o
    0x18040daa   0x18040daa   0x00000016   Code   RO         7327    i.timer_ch_io_output_cfg  ls_soc_gpio.o
    0x18040dc0   0x18040dc0   0x0000009c   Code   RO         6728    i.timer_status_set  ls_msp_timer.o
    0x18040e5c   0x18040e5c   0x0000005c   Code   RO         5220    i.tinyfs_del_record  tinyfs.o
    0x18040eb8   0x18040eb8   0x000000f8   Code   RO         5228    i.tinyfs_init       tinyfs.o
    0x18040fb0   0x18040fb0   0x00000088   Code   RO         5229    i.tinyfs_list_del   tinyfs.o
    0x18041038   0x18041038   0x00000028   Code   RO         5230    i.tinyfs_list_init  tinyfs.o
    0x18041060   0x18041060   0x00000044   Code   RO         5231    i.tinyfs_list_push  tinyfs.o
    0x180410a4   0x180410a4   0x00000108   Code   RO         5232    i.tinyfs_mkdir      tinyfs.o
    0x180411ac   0x180411ac   0x00000002   Code   RO         5233    i.tinyfs_mutex_create  tinyfs.o
    0x180411ae   0x180411ae   0x00000002   Code   RO         5234    i.tinyfs_mutex_lock  tinyfs.o
    0x180411b0   0x180411b0   0x00000002   Code   RO         5235    i.tinyfs_mutex_unlock  tinyfs.o
    0x180411b2   0x180411b2   0x00000002   PAD
    0x180411b4   0x180411b4   0x0000007c   Code   RO         5688    i.tinyfs_nvm_program  tinyfs_write_cache.o
    0x18041230   0x18041230   0x00000078   Code   RO         5689    i.tinyfs_nvm_read_with_cache  tinyfs_write_cache.o
    0x180412a8   0x180412a8   0x0000004c   Code   RO         5690    i.tinyfs_nvm_write_through  tinyfs_write_cache.o
    0x180412f4   0x180412f4   0x0000006c   Code   RO         5236    i.tinyfs_print_dir_tree  tinyfs.o
    0x18041360   0x18041360   0x00000064   Code   RO         5237    i.tinyfs_read       tinyfs.o
    0x180413c4   0x180413c4   0x00000034   Code   RO         5240    i.tinyfs_section_erase  tinyfs.o
    0x180413f8   0x180413f8   0x00000098   Code   RO         5241    i.tinyfs_write      tinyfs.o
    0x18041490   0x18041490   0x00000050   Code   RO         5242    i.tinyfs_write_through  tinyfs.o
    0x180414e0   0x180414e0   0x00000110   Code   RO         5243    i.traverse_tree     tinyfs.o
    0x180415f0   0x180415f0   0x0000000c   Code   RO         9503    i.trng_status_set   sys_stat.o
    0x180415fc   0x180415fc   0x0000016c   Code   RO         8220    i.tx_pwr_config     modem_rf_le501x.o
    0x18041768   0x18041768   0x00000068   Code   RO         6953    i.uart1_msp_init    ls_msp_uart.o
    0x180417d0   0x180417d0   0x0000000c   Code   RO         9504    i.uart1_status_set  sys_stat.o
    0x180417dc   0x180417dc   0x00000068   Code   RO         6955    i.uart2_msp_init    ls_msp_uart.o
    0x18041844   0x18041844   0x0000000c   Code   RO         9505    i.uart2_status_set  sys_stat.o
    0x18041850   0x18041850   0x00000068   Code   RO         6957    i.uart3_msp_init    ls_msp_uart.o
    0x180418b8   0x180418b8   0x0000000c   Code   RO         9506    i.uart3_status_set  sys_stat.o
    0x180418c4   0x180418c4   0x0000001a   Code   RO         7329    i.uart_io_cfg       ls_soc_gpio.o
    0x180418de   0x180418de   0x00000002   Code   RO         4684    i.uart_log_pause    log.o
    0x180418e0   0x180418e0   0x00000002   Code   RO         4685    i.uart_log_resume   log.o
    0x180418e2   0x180418e2   0x00000002   PAD
    0x180418e4   0x180418e4   0x00000060   Code   RO         6958    i.uart_status_set   ls_msp_uart.o
    0x18041944   0x18041944   0x0000001c   Code   RO         8575    i.us_to_lpcycles    platform.o
    0x18041960   0x18041960   0x00000020   Code   RO          522    i.vCenterSlide_Handle_StirKey  bsp_key.o
    0x18041980   0x18041980   0x00000020   Code   RO          523    i.vDownSlide_Handle_StirKey  bsp_key.o
    0x180419a0   0x180419a0   0x0000003c   Code   RO          524    i.vMotorCalibrationMode_Press_PhotoKey  bsp_key.o
    0x180419dc   0x180419dc   0x0000017c   Code   RO          525    i.vPress_Handle_HomeKey  bsp_key.o
    0x18041b58   0x18041b58   0x000000c0   Code   RO          526    i.vPress_Handle_PhotoKey  bsp_key.o
    0x18041c18   0x18041c18   0x0000006c   Code   RO          527    i.vPress_Handle_PowerKey  bsp_key.o
    0x18041c84   0x18041c84   0x00000094   Code   RO          528    i.vRestore_Handle_LongPress_HomeKey  bsp_key.o
    0x18041d18   0x18041d18   0x00000050   Code   RO          350    i.vRocker_CenterSlide_Handler  bsp_adc.o
    0x18041d68   0x18041d68   0x00000054   Code   RO          351    i.vRocker_Down_Handler  bsp_adc.o
    0x18041dbc   0x18041dbc   0x00000054   Code   RO          352    i.vRocker_Left_Handler  bsp_adc.o
    0x18041e10   0x18041e10   0x00000054   Code   RO          353    i.vRocker_Right_Handler  bsp_adc.o
    0x18041e64   0x18041e64   0x00000054   Code   RO          354    i.vRocker_Up_Handler  bsp_adc.o
    0x18041eb8   0x18041eb8   0x0000004c   Code   RO          839    i.vSysTimerEvent_AdcEnabledCheck_Handler  bsp_systimer.o
    0x18041f04   0x18041f04   0x00000058   Code   RO          840    i.vSysTimerEvent_CheckElectric_Handler  bsp_systimer.o
    0x18041f5c   0x18041f5c   0x0000007c   Code   RO          841    i.vSysTimerEvent_DM_Done_Handler  bsp_systimer.o
    0x18041fd8   0x18041fd8   0x000000a4   Code   RO          842    i.vSysTimerEvent_LowPowerMode_Handler  bsp_systimer.o
    0x1804207c   0x1804207c   0x00000040   Code   RO          843    i.vSysTimerEvent_LowPowerShutdown_Handler  bsp_systimer.o
    0x180420bc   0x180420bc   0x00000050   Code   RO          844    i.vSysTimerEvent_SendCheckPtzStatusPackage_Handler  bsp_systimer.o
    0x1804210c   0x1804210c   0x00000090   Code   RO          845    i.vSysTimerEvent_SerialPort_SendData_Handler  bsp_systimer.o
    0x1804219c   0x1804219c   0x000000e0   Code   RO          846    i.vSysTimerEvent_ShutdownStep_Handler  bsp_systimer.o
    0x1804227c   0x1804227c   0x00000020   Code   RO          529    i.vUpSlide_Handle_StirKey  bsp_key.o
    0x1804229c   0x1804229c   0x00000020   Code   RO         5244    i.valid_data_in_section  tinyfs.o
    0x180422bc   0x180422bc   0x00000018   Code   RO         8576    i.var_init          platform.o
    0x180422d4   0x180422d4   0x00000014   Code   RO         9048    i.wkup_ble          sleep.o
    0x180422e8   0x180422e8   0x00000018   Code   RO         1650    i.zacau_calc        ls_hal_ecc.o
    0x18042300   0x18042300   0x000000ac   Code   RO         1651    i.zacau_loop        ls_hal_ecc.o
    0x180423ac   0x180423ac   0x00000020   Code   RO         1652    i.zaddc_calc        ls_hal_ecc.o
    0x180423cc   0x180423cc   0x00000050   Code   RO         1653    i.zaddu             ls_hal_ecc.o
    0x1804241c   0x1804241c   0x0000001c   Code   RO         1654    i.zaddu_calc        ls_hal_ecc.o
    0x18042438   0x18042438   0x0000012c   Data   RO         1656    .constdata          ls_hal_ecc.o
    0x18042564   0x18042564   0x00000200   Data   RO         4659    .constdata          crc16.o
    0x18042764   0x18042764   0x00000011   Data   RO         4686    .constdata          log.o
    0x18042775   0x18042775   0x00000003   PAD
    0x18042778   0x18042778   0x00000014   Data   RO         5246    .constdata          tinyfs.o
    0x1804278c   0x1804278c   0x0000000c   Data   RO         5676    .constdata          tinyfs_nvm.o
    0x18042798   0x18042798   0x00000008   Data   RO         8221    .constdata          modem_rf_le501x.o
    0x180427a0   0x180427a0   0x00000002   Data   RO         9049    .constdata          sleep.o
    0x180427a2   0x180427a2   0x00000002   PAD
    0x180427a4   0x180427a4   0x00000020   Data   RO         9652    .constdata          svcall.o
    0x180427c4   0x180427c4   0x00000040   Data   RO        10883    .constdata          mc_p.l(ctype_c.o)
    0x18042804   0x18042804   0x000000d6   Data   RO          670    .conststring        bsp_uart.o
    0x180428da   0x180428da   0x00000002   PAD
    0x180428dc   0x180428dc   0x00000086   Data   RO         1070    .conststring        ls_hal_adc.o
    0x18042962   0x18042962   0x00000003   Data   RO        10384    .rodata.CSWTCH.24   libfw.o
    0x18042965   0x18042965   0x00000004   Data   RO        10395    .rodata.CSWTCH.46   libfw.o
    0x18042969   0x18042969   0x00000003   Data   RO        10396    .rodata.CSWTCH.58   libfw.o
    0x1804296c   0x1804296c   0x00000004   Data   RO        10397    .rodata.CSWTCH.62   libfw.o
    0x18042970   0x18042970   0x0000000c   Data   RO        10376    .rodata.TASK_DESC_APP  libfw.o
    0x1804297c   0x1804297c   0x0000000c   Data   RO        10372    .rodata.TASK_DESC_BUILTIN  libfw.o
    0x18042988   0x18042988   0x0000002a   Data   RO        10375    .rodata.app_msg_handler.str1.1  libfw.o
    0x180429b2   0x180429b2   0x00000002   PAD
    0x180429b4   0x180429b4   0x00000008   Data   RO        10377    .rodata.app_msg_handler_tab  libfw.o
    0x180429bc   0x180429bc   0x00000035   Data   RO        10388    .rodata.ble_storage_alloc_peer_id.str1.1  libfw.o
    0x180429f1   0x180429f1   0x00000003   PAD
    0x180429f4   0x180429f4   0x00000010   Data   RO        10373    .rodata.builtin_msg_handler_tab  libfw.o
    0x18042a04   0x18042a04   0x00000002   Data   RO        10393    .rodata.dev_manager_gapm_activity_stopped_ind_handler.str1.1  libfw.o
    0x18042a06   0x18042a06   0x0000001b   Data   RO        10392    .rodata.dev_manager_gapm_reset_cmp.str1.1  libfw.o
    0x18042a21   0x18042a21   0x0000002b   Data   RO        10391    .rodata.dev_manager_stack_init.str1.1  libfw.o
    0x18042a4c   0x18042a4c   0x00000078   Data   RO        10381    .rodata.gap_manager_gapc_bond_ind_handler.str1.1  libfw.o
    0x18042ac4   0x18042ac4   0x00000018   Data   RO        10383    .rodata.gap_manager_gapc_bond_req_ind_handler.str1.1  libfw.o
    0x18042adc   0x18042adc   0x00000001   Data   RO        10378    .rodata.gap_manager_gapc_cmp_evt_handler.cst1  libfw.o
    0x18042add   0x18042add   0x0000000e   Data   RO        10382    .rodata.gap_manager_gapc_get_dev_info_req_ind_handler.str1.1  libfw.o
    0x18042aeb   0x18042aeb   0x00000019   Data   RO        10379    .rodata.gap_manager_master_encrypt.str1.1  libfw.o
    0x18042b04   0x18042b04   0x00000020   Data   RO        10390    .rodata.gapm_activity_start_cmd_send.str1.1  libfw.o
    0x18042b24   0x18042b24   0x0000001e   Data   RO        10386    .rodata.gatt_manager_gattc_event_ind_handler.str1.1  libfw.o
    0x18042b42   0x18042b42   0x0000003a   Data   RO        10385    .rodata.gatt_manager_gattc_event_req_ind_handler.str1.1  libfw.o
    0x18042b7c   0x18042b7c   0x0000001d   Data   RO        10374    .rodata.nvds_get.str1.1  libfw.o
    0x18042b99   0x18042b99   0x00000003   PAD
    0x18042b9c   0x18042b9c   0x00000040   Data   RO        10887    Region$$Table       anon$$obj.o


==============================================================================

Image component sizes


      Code (inc. data)   RO Data    RW Data    ZI Data      Debug   Object Name

      1068        126          0         28         68       5639   bsp_adc.o
       192         66          0          8          0       1864   bsp_bluetooth.o
        20          0          0          8          0       1262   bsp_dog.o
       280         28          0         12         36       2896   bsp_encoder.o
       132         10          0         12          0       2050   bsp_hid.o
      1890        132          0         40          0       7798   bsp_key.o
       692         28          0         40          0       3914   bsp_led.o
      1070         30          0          4         16       5739   bsp_newprotocol.o
      1896         70          0          8         12       8407   bsp_oldprotocol.o
      1380        110          0         24          0       4456   bsp_power.o
      1076        150          0          8         26       5880   bsp_systimer.o
      1050        192        214        460       9312       5836   bsp_uart.o
        64          6          0          0          0        716   calc_acc.o
        64          4          0          0          0        611   calc_div.o
        96         28          0          0          0       2204   callback.o
       260          6          0          0          0       2263   common.o
        24          0          0          0          0       2286   cpu.o
        64          6        512          0          0       1744   crc16.o
         8          0          0          0          0        388   delay_asm.o
       230          0          0          0          0       4208   fifo.o
      8314       1530        562          0        274          0   libfw.o
       714        248          0          0          0       7850   linked_buffer.o
       214         30         17          0          0       4133   log.o
       176         92          0          0          0       1669   ls_dbg.o
      2812        796        134          0          0       8844   ls_hal_adc.o
      1294        192        300         14         96      13177   ls_hal_ecc.o
       534         60          0         12          0      14924   ls_hal_flash.o
      1152         16          0          0          0      15712   ls_hal_flash_qspi.o
       168          0          0          0          0       6118   ls_hal_flash_svcall.o
        88         10          0          0          0       1447   ls_hal_iwdg.o
        66          4          0          0          0       3044   ls_hal_pis.o
      1158         70          0          0          0       8551   ls_hal_qspi.o
         2          0          0          0          0        408   ls_hal_rtc.o
         0          0          0          0          0        879   ls_hal_spi_i2s.o
      2342        844          0          0          0      15507   ls_hal_timer.o
       128         16          0          0          0       2785   ls_hal_trng.o
       870         66          0          0          0      16530   ls_hal_uart.o
        20          0          0          0          0       1473   ls_hal_uart_dma.o
       228         30          0          4          0      12626   ls_msp_adc.o
         0          0          0          0          0       7752   ls_msp_crypt.o
       164         28          0          0          0       3189   ls_msp_ecc.o
        28          4          0          0          0        540   ls_msp_iwdg.o
        32          6          0          0          0        535   ls_msp_pis.o
        80         10          0          0          0       2133   ls_msp_qspi.o
       942        110          0          0         20       9794   ls_msp_timer.o
       180         28          0          0          0       2370   ls_msp_trng.o
       606         70          0          0         12       7228   ls_msp_uart.o
      2090        172          0         52          0      37521   ls_soc_gpio.o
        20          4          0          0          0      88905   main.o
      1570        240          8          7          0      12587   modem_rf_le501x.o
      2362        370          0         48         44      35649   platform.o
        26          0          0          4          0        993   public.o
       220         44          0          0       1208       5549   segger_rtt.o
      1412        232          2          7          0      35476   sleep.o
        42          0          0          0          0        436   sleep_asm.o
        10          0          0          0          0        396   stack_asm.o
       320        150          0        108      19880       5534   stack_var.o
        20         10        192          0       6144        760   startup.o
        36          4         32          0          0       1175   svcall.o
        28          6          0          0          0        388   svcall_asm.o
       184         78          0          1         18       6937   sys_stat.o
       112         36          0          4         23       3952   system_init.o
       146         32          0          4          0       2732   systick.o
      6804       1194         20          4        360      51403   tinyfs.o
         0          0         12          0          0        691   tinyfs_nvm.o
       320         22          0          0        264       2649   tinyfs_write_cache.o

    ----------------------------------------------------------------------
     49888       7910       2084        928      37848     533112   Object Totals
       192         64         64          0          8          0   (incl. Generated)
       106          0         15          7         27          0   (incl. Padding)

    ----------------------------------------------------------------------

      Code (inc. data)   RO Data    RW Data    ZI Data      Debug   Library Member Name

        30          0          0          0          0         60   _chval.o
       828         14          0          0          0         84   _scanf.o
       330          0          0          0          0         84   _scanf_int.o
       330          0          0          0          0         84   _scanf_longlong.o
       232          0          0          0          0         84   _scanf_str.o
        68          0          0          0          0         76   _sgetc.o
        36          4         64          0          0         60   ctype_c.o
         0          0          0          0          0          0   entry.o
         0          0          0          0          0          0   entry10a.o
         0          0          0          0          0          0   entry11a.o
         4          0          0          0          0          0   entry12b.o
         8          4          0          0          0          0   entry2.o
         4          0          0          0          0          0   entry5.o
         0          0          0          0          0          0   entry7b.o
         0          0          0          0          0          0   entry8b.o
         8          4          0          0          0          0   entry9a.o
        30          0          0          0          0          0   handlers.o
        36          8          0          0          0         68   init.o
        14          0          0          0          0         68   isspace_c.o
         0          0          0          0          0          0   iusefp.o
       122          0          0          0          0         84   llmul.o
        32          0          0          0          0         68   llshl.o
        38          0          0          0          0         68   llsshr.o
        34          0          0          0          0         68   llushr.o
       192         20          0          0          0        144   malloc.o
        36          0          0          0          0         60   memcpya.o
        36          0          0          0          0        100   memseta.o
         0          0          0          8          0          0   mvars.o
      2326        110          0          0          0        624   printfa.o
         8          0          0          0          0         68   putc.o
        36         12          0          4          0        120   rand.o
        44          8          0          0          0         84   scanf_char.o
       898         12          0          0          0        184   scanf_fp.o
        60         10          0          0          0         84   sscanf.o
         0          0          0          4          0          0   stdout.o
        18          0          0          0          0         60   strcpy.o
        96          0          0          0          0         84   uldiv.o
        40          2          0          0          0         68   cdrcmple.o
        56          0          0          0          0         68   d2f.o
       360          6          0          0          0        140   dadd.o
       240          6          0          0          0         84   ddiv.o
       236          0          0          0          0        216   depilogue.o
        60         10          0          0          0         68   dfixui.o
        64         10          0          0          0         68   dfixul.o
        28          4          0          0          0         68   dfltui.o
        28          6          0          0          0         68   dfltul.o
       208          6          0          0          0         88   dmul.o
       130          0          0          0          0        144   fepilogue.o

    ----------------------------------------------------------------------
      7400        256         64         16          0       3648   Library Totals
        16          0          0          0          0          0   (incl. Padding)

    ----------------------------------------------------------------------

      Code (inc. data)   RO Data    RW Data    ZI Data      Debug   Library Name

      5934        206         64         16          0       2568   mc_p.l
      1450         50          0          0          0       1080   mf_p.l

    ----------------------------------------------------------------------
      7400        256         64         16          0       3648   Library Totals

    ----------------------------------------------------------------------

==============================================================================


      Code (inc. data)   RO Data    RW Data    ZI Data      Debug   

     57288       8166       2148        944      37848     511828   Grand Totals
     57288       8166       2148        944      37848     511828   ELF Image Totals
     57288       8166       2148        944          0          0   ROM Totals

==============================================================================

    Total RO  Size (Code + RO Data)                59436 (  58.04kB)
    Total RW  Size (RW Data + ZI Data)             38792 (  37.88kB)
    Total ROM Size (Code + RO Data + RW Data)      60380 (  58.96kB)

==============================================================================

