Component: ARM Compiler 5.06 update 7 (build 960) Tool: armlink [4d3601]

==============================================================================

Section Cross References

    main.o(i.main) refers to platform.o(i.sys_init_app) for sys_init_app
    main.o(i.main) refers to segger_rtt.o(i.SEGGER_RTT_Init) for SEGGER_RTT_Init
    main.o(i.main) refers to bsp_led.o(.data) for Bsp_Led
    bsp_led.o(i.Bsp_Led_BlinkConrol_Handler) refers to ls_soc_gpio.o(i.io_write_pin) for io_write_pin
    bsp_led.o(i.Bsp_Led_BlinkConrol_Handler) refers to bsp_led.o(.data) for Bsp_Led
    bsp_led.o(i.Bsp_Led_BlinkConrol_Handler) refers to bsp_timer.o(.bss) for Bsp_SysTimerCount
    bsp_led.o(i.Bsp_Led_Init) refers to ls_soc_gpio.o(i.io_cfg_output) for io_cfg_output
    bsp_led.o(i.Bsp_Led_Init) refers to ls_soc_gpio.o(i.io_write_pin) for io_write_pin
    bsp_led.o(.data) refers to bsp_led.o(i.Bsp_Led_Init) for Bsp_Led_Init
    bsp_led.o(.data) refers to bsp_led.o(i.Bsp_Led_BlinkConrol_Handler) for Bsp_Led_BlinkConrol_Handler
    bsp_timer.o(i.Bsp_SysTimer) refers to libfw.o(.text.builtin_timer_create) for builtin_timer_create
    bsp_timer.o(i.Bsp_SysTimer) refers to libfw.o(.text.builtin_timer_start) for builtin_timer_start
    bsp_timer.o(i.Bsp_SysTimer) refers to bsp_timer.o(i.Bsp_SysTimer_CallBack) for Bsp_SysTimer_CallBack
    bsp_timer.o(i.Bsp_SysTimer) refers to bsp_timer.o(.data) for sys_timer_inst
    bsp_timer.o(i.Bsp_SysTimer_CallBack) refers to libfw.o(.text.builtin_timer_start) for builtin_timer_start
    bsp_timer.o(i.Bsp_SysTimer_CallBack) refers to bsp_timer.o(.data) for sys_timer_inst
    bsp_timer.o(.data) refers to bsp_timer.o(i.Bsp_SysTimer) for Bsp_SysTimer
    ls_hal_adc.o(i.ADC_ConversionStop_Disable) refers to systick.o(.xip_banned.systick_get_value) for systick_get_value
    ls_hal_adc.o(i.ADC_ConversionStop_Disable) refers to systick.o(.xip_banned.systick_poll_timeout) for systick_poll_timeout
    ls_hal_adc.o(i.ADC_ConversionStop_Disable) refers to ls_hal_adc.o(i.adc_isenable_poll) for adc_isenable_poll
    ls_hal_adc.o(i.ADC_Enable) refers to systick.o(.xip_banned.systick_get_value) for systick_get_value
    ls_hal_adc.o(i.ADC_Enable) refers to systick.o(.xip_banned.systick_poll_timeout) for systick_poll_timeout
    ls_hal_adc.o(i.ADC_Enable) refers to ls_hal_adc.o(i.adc_isenable_poll) for adc_isenable_poll
    ls_hal_adc.o(i.HAL_ADCEx_InjectedConfigChannel) refers to ls_dbg.o(i.ls_assert) for ls_assert
    ls_hal_adc.o(i.HAL_ADCEx_InjectedConfigChannel) refers to ls_msp_adc.o(i.adc_channel_vbat_enable) for adc_channel_vbat_enable
    ls_hal_adc.o(i.HAL_ADCEx_InjectedConfigChannel) refers to ls_msp_adc.o(i.adc_channel_tempsensor_enable) for adc_channel_tempsensor_enable
    ls_hal_adc.o(i.HAL_ADCEx_InjectedConfigChannel) refers to ls_hal_adc.o(.conststring) for .conststring
    ls_hal_adc.o(i.HAL_ADCEx_InjectedGetValue) refers to ls_dbg.o(i.ls_assert) for ls_assert
    ls_hal_adc.o(i.HAL_ADCEx_InjectedPollForConversion) refers to systick.o(.xip_banned.systick_get_value) for systick_get_value
    ls_hal_adc.o(i.HAL_ADCEx_InjectedPollForConversion) refers to systick.o(.xip_banned.systick_poll_timeout) for systick_poll_timeout
    ls_hal_adc.o(i.HAL_ADCEx_InjectedPollForConversion) refers to ls_hal_adc.o(i.adc_flag_poll) for adc_flag_poll
    ls_hal_adc.o(i.HAL_ADCEx_InjectedStart) refers to ls_hal_adc.o(i.ADC_Enable) for ADC_Enable
    ls_hal_adc.o(i.HAL_ADCEx_InjectedStart_IT) refers to ls_hal_adc.o(i.ADC_Enable) for ADC_Enable
    ls_hal_adc.o(i.HAL_ADCEx_InjectedStop) refers to ls_hal_adc.o(i.ADC_ConversionStop_Disable) for ADC_ConversionStop_Disable
    ls_hal_adc.o(i.HAL_ADCEx_InjectedStop_IT) refers to ls_hal_adc.o(i.ADC_ConversionStop_Disable) for ADC_ConversionStop_Disable
    ls_hal_adc.o(i.HAL_ADC_AnalogWDGConfig) refers to ls_dbg.o(i.ls_assert) for ls_assert
    ls_hal_adc.o(i.HAL_ADC_ConfigChannel) refers to ls_dbg.o(i.ls_assert) for ls_assert
    ls_hal_adc.o(i.HAL_ADC_ConfigChannel) refers to ls_msp_adc.o(i.adc_channel_vbat_enable) for adc_channel_vbat_enable
    ls_hal_adc.o(i.HAL_ADC_ConfigChannel) refers to ls_msp_adc.o(i.adc_channel_tempsensor_enable) for adc_channel_tempsensor_enable
    ls_hal_adc.o(i.HAL_ADC_DeInit) refers to ls_hal_adc.o(i.ADC_ConversionStop_Disable) for ADC_ConversionStop_Disable
    ls_hal_adc.o(i.HAL_ADC_DeInit) refers to ls_msp_adc.o(i.HAL_ADC_MSP_DeInit) for HAL_ADC_MSP_DeInit
    ls_hal_adc.o(i.HAL_ADC_DeInit) refers to ls_msp_adc.o(i.HAL_ADC_MSP_Idle_Set) for HAL_ADC_MSP_Idle_Set
    ls_hal_adc.o(i.HAL_ADC_IRQHandler) refers to ls_hal_adc.o(i.HAL_ADC_ConvCpltCallback) for HAL_ADC_ConvCpltCallback
    ls_hal_adc.o(i.HAL_ADC_IRQHandler) refers to ls_hal_adc.o(i.HAL_ADCEx_InjectedConvCpltCallback) for HAL_ADCEx_InjectedConvCpltCallback
    ls_hal_adc.o(i.HAL_ADC_IRQHandler) refers to ls_hal_adc.o(i.HAL_ADC_LevelOutOfWindowCallback) for HAL_ADC_LevelOutOfWindowCallback
    ls_hal_adc.o(i.HAL_ADC_Init) refers to ls_dbg.o(i.ls_assert) for ls_assert
[...]
    udsc_prf_itf_get                         0x180378d5   Thumb Code     4  libfw.o(.text.udsc_prf_itf_get)
    udss_prf_itf_get                         0x180378d9   Thumb Code     4  libfw.o(.text.udss_prf_itf_get)
    wptc_prf_itf_get                         0x180378dd   Thumb Code     4  libfw.o(.text.wptc_prf_itf_get)
    wpts_prf_itf_get                         0x180378e1   Thumb Code     4  libfw.o(.text.wpts_prf_itf_get)
    wscc_prf_itf_get                         0x180378e5   Thumb Code     4  libfw.o(.text.wscc_prf_itf_get)
    wscs_prf_itf_get                         0x180378e9   Thumb Code     4  libfw.o(.text.wscs_prf_itf_get)
    Long Thumb to Thumb Veneer to dcdc_on    0x180378f9   Thumb Code    12  anon$$obj.o(Veneer$$Code)
    Long Thumb to Thumb Veneer to clk_check  0x18037905   Thumb Code    12  anon$$obj.o(Veneer$$Code)
    Long Thumb to Thumb Veneer to clk_switch 0x18037911   Thumb Code    12  anon$$obj.o(Veneer$$Code)
    Long Thumb to Thumb Veneer to flash_writing_critical 0x1803791d   Thumb Code    12  anon$$obj.o(Veneer$$Code)
    Long Thumb to Thumb Veneer to flash_reading_critical 0x18037929   Thumb Code    12  anon$$obj.o(Veneer$$Code)
    Long Thumb to Thumb Veneer to enter_critical 0x18037935   Thumb Code    12  anon$$obj.o(Veneer$$Code)
    Long Thumb to Thumb Veneer to exit_critical 0x18037941   Thumb Code    12  anon$$obj.o(Veneer$$Code)
    Long Thumb to Thumb Veneer to disable_global_irq 0x1803794d   Thumb Code    12  anon$$obj.o(Veneer$$Code)
    Long Thumb to Thumb Veneer to switch_to_xo16m 0x18037959   Thumb Code    12  anon$$obj.o(Veneer$$Code)
    Long Thumb to Thumb Veneer to arm_cm_delay_asm 0x18037965   Thumb Code    12  anon$$obj.o(Veneer$$Code)
    Long Thumb to Thumb Veneer to hal_flash_drv_var_init 0x18037971   Thumb Code    12  anon$$obj.o(Veneer$$Code)
    EXTI_Handler                             0x18037afd   Thumb Code    94  ls_soc_gpio.o(i.EXTI_Handler)
    GPIO_GetPort                             0x18037b61   Thumb Code    54  ls_soc_gpio.o(i.GPIO_GetPort)
    HAL_LSECC_Busy_Set                       0x18037c89   Thumb Code    10  ls_msp_ecc.o(i.HAL_LSECC_Busy_Set)
    HAL_LSECC_DeInit                         0x18037c93   Thumb Code    12  ls_hal_ecc.o(i.HAL_LSECC_DeInit)
    HAL_LSECC_Idle_Set                       0x18037c9f   Thumb Code    10  ls_msp_ecc.o(i.HAL_LSECC_Idle_Set)
    HAL_LSECC_Init                           0x18037ca9   Thumb Code    12  ls_hal_ecc.o(i.HAL_LSECC_Init)
    HAL_LSECC_MSP_DeInit                     0x18037cb5   Thumb Code    22  ls_msp_ecc.o(i.HAL_LSECC_MSP_DeInit)
    HAL_LSECC_MSP_INT_DISABLE                0x18037cd1   Thumb Code    30  ls_msp_ecc.o(i.HAL_LSECC_MSP_INT_DISABLE)
    HAL_LSECC_MSP_INT_ENABLE                 0x18037cf5   Thumb Code    30  ls_msp_ecc.o(i.HAL_LSECC_MSP_INT_ENABLE)
    HAL_LSECC_MSP_Init                       0x18037d19   Thumb Code    34  ls_msp_ecc.o(i.HAL_LSECC_MSP_Init)
    HAL_LSECC_PointMult                      0x18037d45   Thumb Code    46  ls_hal_ecc.o(i.HAL_LSECC_PointMult)
    HAL_LSECC_PointMult_Complete_Callback    0x18037d79   Thumb Code     2  ls_hal_ecc.o(i.HAL_LSECC_PointMult_Complete_Callback)
    HAL_PIS_Config                           0x18037d7d   Thumb Code    52  ls_hal_pis.o(i.HAL_PIS_Config)
    HAL_PIS_Init                             0x18037db5   Thumb Code    10  ls_hal_pis.o(i.HAL_PIS_Init)
    HAL_PIS_MSP_Init                         0x18037dc1   Thumb Code    26  ls_msp_pis.o(i.HAL_PIS_MSP_Init)
    HAL_TRNG_DeInit                          0x18037de1   Thumb Code    14  ls_hal_trng.o(i.HAL_TRNG_DeInit)
    HAL_TRNG_GenerateRandomNumber            0x18037df1   Thumb Code    52  ls_hal_trng.o(i.HAL_TRNG_GenerateRandomNumber)
    HAL_TRNG_IRQHandler                      0x18037e2d   Thumb Code    24  ls_hal_trng.o(i.HAL_TRNG_IRQHandler)
    HAL_TRNG_Init                            0x18037e49   Thumb Code    20  ls_hal_trng.o(i.HAL_TRNG_Init)
    HAL_TRNG_MSP_Busy_Set                    0x18037e61   Thumb Code    10  ls_msp_trng.o(i.HAL_TRNG_MSP_Busy_Set)
    HAL_TRNG_MSP_DeInit                      0x18037e6d   Thumb Code    50  ls_msp_trng.o(i.HAL_TRNG_MSP_DeInit)
    HAL_TRNG_MSP_Idle_Set                    0x18037ea9   Thumb Code    10  ls_msp_trng.o(i.HAL_TRNG_MSP_Idle_Set)
    HAL_TRNG_MSP_Init                        0x18037eb5   Thumb Code    82  ls_msp_trng.o(i.HAL_TRNG_MSP_Init)
    HAL_TRNG_ReadyDataCallback               0x18037f19   Thumb Code     2  ls_hal_trng.o(i.HAL_TRNG_ReadyDataCallback)
    LPWKUP_Handler                           0x18037f1d   Thumb Code   176  sleep.o(i.LPWKUP_Handler)
    LSECC_IRQHandler                         0x18037fd5   Thumb Code    40  ls_hal_ecc.o(i.LSECC_IRQHandler)
    SEGGER_RTT_Init                          0x18038005   Thumb Code     8  segger_rtt.o(i.SEGGER_RTT_Init)
    SEGGER_RTT_PutCharSkip                   0x1803800d   Thumb Code    94  segger_rtt.o(i.SEGGER_RTT_PutCharSkip)
    SVC_Handler_C                            0x18038071   Thumb Code    32  svcall.o(i.SVC_Handler_C)
    SystemInit                               0x18038095   Thumb Code     2  platform.o(i.SystemInit)
    __0printf                                0x18038109   Thumb Code    24  printfa.o(i.__0printf)
    __1printf                                0x18038109   Thumb Code     0  printfa.o(i.__0printf)
    __2printf                                0x18038109   Thumb Code     0  printfa.o(i.__0printf)
    __c89printf                              0x18038109   Thumb Code     0  printfa.o(i.__0printf)
    printf                                   0x18038109   Thumb Code     0  printfa.o(i.__0printf)
    __0sprintf                               0x18038129   Thumb Code    36  printfa.o(i.__0sprintf)
    __1sprintf                               0x18038129   Thumb Code     0  printfa.o(i.__0sprintf)
    __2sprintf                               0x18038129   Thumb Code     0  printfa.o(i.__0sprintf)
    __c89sprintf                             0x18038129   Thumb Code     0  printfa.o(i.__0sprintf)
    sprintf                                  0x18038129   Thumb Code     0  printfa.o(i.__0sprintf)
    __0vprintf                               0x18038151   Thumb Code    12  printfa.o(i.__0vprintf)
    __1vprintf                               0x18038151   Thumb Code     0  printfa.o(i.__0vprintf)
    __2vprintf                               0x18038151   Thumb Code     0  printfa.o(i.__0vprintf)
    __c89vprintf                             0x18038151   Thumb Code     0  printfa.o(i.__0vprintf)
    vprintf                                  0x18038151   Thumb Code     0  printfa.o(i.__0vprintf)
    __ARM_clz                                0x18038165   Thumb Code    46  depilogue.o(i.__ARM_clz)
    __ARM_common_ll_mulss                    0x18038193   Thumb Code    48  platform.o(i.__ARM_common_ll_mulss)
    __ARM_common_switch8                     0x180381c3   Thumb Code    28  ls_hal_ecc.o(i.__ARM_common_switch8)
    __div64_32                               0x18038291   Thumb Code   194  common.o(i.__div64_32)
    __scatterload_copy                       0x18038359   Thumb Code    14  handlers.o(i.__scatterload_copy)
    __scatterload_null                       0x18038367   Thumb Code     2  handlers.o(i.__scatterload_null)
    __scatterload_zeroinit                   0x18038369   Thumb Code    14  handlers.o(i.__scatterload_zeroinit)
    _is_digit                                0x180384ed   Thumb Code    14  scanf_fp.o(i._is_digit)
    arm_cm_set_int_isr                       0x18038ca9   Thumb Code    10  platform.o(i.arm_cm_set_int_isr)
    ble_irq_clr_and_enable                   0x18038cc5   Thumb Code    12  platform.o(i.ble_irq_clr_and_enable)
    calc_acc_init                            0x18038ce1   Thumb Code    58  calc_acc.o(i.calc_acc_init)
    calc_div                                 0x18038d21   Thumb Code    60  calc_div.o(i.calc_div)
    config_word_get                          0x18038e61   Thumb Code    18  platform.o(i.config_word_get)
    cpu_sleep_recover_init                   0x18038e95   Thumb Code    18  platform.o(i.cpu_sleep_recover_init)
    crc16_lookup                             0x18038eb1   Thumb Code    36  crc16.o(i.crc16_lookup)
    crc16ccitt                               0x18038ed5   Thumb Code    22  crc16.o(i.crc16ccitt)
    do_hal_flash_chip_erase                  0x180391d5   Thumb Code    12  ls_hal_flash.o(i.do_hal_flash_chip_erase)
    do_hal_flash_erase                       0x180391e5   Thumb Code    36  ls_hal_flash.o(i.do_hal_flash_erase)
    do_hal_flash_erase_security_area         0x1803920d   Thumb Code    32  ls_hal_flash.o(i.do_hal_flash_erase_security_area)
    do_hal_flash_program                     0x18039231   Thumb Code   138  ls_hal_flash_qspi.o(i.do_hal_flash_program)
    do_hal_flash_program_security_area       0x180392c1   Thumb Code   126  ls_hal_flash_qspi.o(i.do_hal_flash_program_security_area)
    do_hal_flash_read                        0x18039345   Thumb Code    14  ls_hal_flash.o(i.do_hal_flash_read)
    do_hal_flash_read_reg                    0x18039359   Thumb Code    14  ls_hal_flash.o(i.do_hal_flash_read_reg)
    do_hal_flash_read_security_area          0x1803936d   Thumb Code   136  ls_hal_flash_qspi.o(i.do_hal_flash_read_security_area)
    ecc_calc_start                           0x180394f1   Thumb Code    52  platform.o(i.ecc_calc_start)
    ecc_status_set                           0x18039529   Thumb Code     6  sys_stat.o(i.ecc_status_set)
    fputc                                    0x1803961d   Thumb Code    18  log.o(i.fputc)
    free                                     0x18039631   Thumb Code    80  malloc.o(i.free)
    general_fifo_get                         0x18039715   Thumb Code    82  fifo.o(i.general_fifo_get)
    general_fifo_put                         0x18039767   Thumb Code    82  fifo.o(i.general_fifo_put)
    get_deep_sleep_enable                    0x180397b9   Thumb Code     4  sleep.o(i.get_deep_sleep_enable)
    get_flash_process                        0x18039821   Thumb Code    42  platform.o(i.get_flash_process)
    get_trng_value                           0x180398f9   Thumb Code    20  platform.o(i.get_trng_value)
    gptimerb1_status_set                     0x1803990d   Thumb Code     6  sys_stat.o(i.gptimerb1_status_set)
    hal_flash_erase_operation                0x18039935   Thumb Code    36  ls_hal_flash_svcall.o(i.hal_flash_erase_operation)
    hal_flash_program_operation              0x18039959   Thumb Code    48  ls_hal_flash_svcall.o(i.hal_flash_program_operation)
    hal_flash_quad_io_read                   0x18039989   Thumb Code   124  ls_hal_flash_qspi.o(i.hal_flash_quad_io_read)
    hal_flash_quad_page_program              0x18039a05   Thumb Code    22  ls_hal_flash.o(i.hal_flash_quad_page_program)
    hal_flash_read_24bit_addr_8bit_dummy     0x18039a1b   Thumb Code   126  ls_hal_flash_qspi.o(i.hal_flash_read_24bit_addr_8bit_dummy)
    hal_flash_read_operation                 0x18039a99   Thumb Code    30  ls_hal_flash_svcall.o(i.hal_flash_read_operation)
    hal_flash_read_security_area             0x18039ab7   Thumb Code    24  ls_hal_flash.o(i.hal_flash_read_security_area)
    hal_flash_read_security_area_operation   0x18039acf   Thumb Code    48  ls_hal_flash_svcall.o(i.hal_flash_read_security_area_operation)
    hal_flash_read_sfdp                      0x18039aff   Thumb Code    22  ls_hal_flash.o(i.hal_flash_read_sfdp)
    hal_flash_sector_erase                   0x18039b15   Thumb Code    14  ls_hal_flash.o(i.hal_flash_sector_erase)
    idiv_acc                                 0x18039b23   Thumb Code    42  platform.o(i.idiv_acc)
    io_cfg_output                            0x18039cbd   Thumb Code    32  ls_soc_gpio.o(i.io_cfg_output)
    io_clr_pin                               0x18039cdd   Thumb Code    30  ls_soc_gpio.o(i.io_clr_pin)
    io_exti_callback                         0x18039cfb   Thumb Code     2  ls_soc_gpio.o(i.io_exti_callback)
    io_init                                  0x18039cfd   Thumb Code    94  ls_soc_gpio.o(i.io_init)
    io_set_pin                               0x18039d6d   Thumb Code    28  ls_soc_gpio.o(i.io_set_pin)
    io_wkup_en_clr_set                       0x18039d89   Thumb Code   126  ls_soc_gpio.o(i.io_wkup_en_clr_set)
    io_write_pin                             0x18039e0d   Thumb Code    26  ls_soc_gpio.o(i.io_write_pin)
    irq_reinit                               0x18039ead   Thumb Code    20  platform.o(i.irq_reinit)
    linked_buf_alloc                         0x18039ec5   Thumb Code    48  linked_buffer.o(i.linked_buf_alloc)
    linked_buf_contain_element               0x18039ef5   Thumb Code    94  linked_buffer.o(i.linked_buf_contain_element)
    linked_buf_get_elem_by_idx               0x18039f53   Thumb Code    12  linked_buffer.o(i.linked_buf_get_elem_by_idx)
    linked_buf_get_elem_idx                  0x18039f61   Thumb Code    48  linked_buffer.o(i.linked_buf_get_elem_idx)
    linked_buf_get_ref_cnt_by_idx            0x18039fe9   Thumb Code    30  linked_buffer.o(i.linked_buf_get_ref_cnt_by_idx)
    linked_buf_init                          0x1803a075   Thumb Code    72  linked_buffer.o(i.linked_buf_init)
    linked_buf_release                       0x1803a0bd   Thumb Code   110  linked_buffer.o(i.linked_buf_release)
    log_hex_output                           0x1803a191   Thumb Code   100  log.o(i.log_hex_output)
    log_output                               0x1803a1fd   Thumb Code    42  log.o(i.log_output)
    lpcycles_to_hus                          0x1803a22d   Thumb Code    46  platform.o(i.lpcycles_to_hus)
    ls_assert                                0x1803a265   Thumb Code    32  ls_dbg.o(i.ls_assert)
    ls_log_init                              0x1803a2b1   Thumb Code    20  log.o(i.ls_log_init)
    lse_init                                 0x1803a2d5   Thumb Code     2  platform.o(i.lse_init)
    lsi_counting_timer_create                0x1803a355   Thumb Code    14  platform.o(i.lsi_counting_timer_create)
    lsi_freq_update_and_hs_to_lpcycles       0x1803a389   Thumb Code    72  platform.o(i.lsi_freq_update_and_hs_to_lpcycles)
    main                                     0x1803a471   Thumb Code    20  main.o(i.main)
    main_task_app_init                       0x1803a489   Thumb Code    32  stack_var.o(i.main_task_app_init)
    malloc                                   0x1803a4c9   Thumb Code    92  malloc.o(i.malloc)
    memcpy32                                 0x1803a535   Thumb Code    18  common.o(i.memcpy32)
    modem_rf_init                            0x1803a561   Thumb Code    50  modem_rf_le501x.o(i.modem_rf_init)
    modem_rf_reinit                          0x1803a59d   Thumb Code    16  modem_rf_le501x.o(i.modem_rf_reinit)
    node_search                              0x1803a9bd   Thumb Code    60  tinyfs.o(i.node_search)
    platform_reset                           0x1803ae91   Thumb Code    36  platform.o(i.platform_reset)
    print_indent                             0x1803af75   Thumb Code    92  tinyfs.o(i.print_indent)
    putc                                     0x1803afe5   Thumb Code     8  putc.o(i.putc)
    rand_gen_by_word                         0x1803afed   Thumb Code    42  common.o(i.rand_gen_by_word)
    rco_freq_counting_init                   0x1803b01d   Thumb Code    82  platform.o(i.rco_freq_counting_init)
    rco_freq_counting_start                  0x1803b079   Thumb Code   210  platform.o(i.rco_freq_counting_start)
    rf_reg_config                            0x1803b46d   Thumb Code   184  modem_rf_le501x.o(i.rf_reg_config)
    rtc_wkup_callback                        0x1803b71d   Thumb Code     2  ls_hal_rtc.o(i.rtc_wkup_callback)
    stack_assert_c                           0x1803b8d9   Thumb Code    44  ls_dbg.o(i.stack_assert_c)
    stack_var_ptr_init                       0x1803b961   Thumb Code   134  stack_var.o(i.stack_var_ptr_init)
    sw_fifo_empty                            0x1803ba5d   Thumb Code    18  fifo.o(i.sw_fifo_empty)
    sw_fifo_full                             0x1803ba6f   Thumb Code    32  fifo.o(i.sw_fifo_full)
    sys_init_app                             0x1803ba8f   Thumb Code    20  platform.o(i.sys_init_app)
    systick_start                            0x1803baa5   Thumb Code    22  systick.o(i.systick_start)
    tinyfs_init                              0x1803bac9   Thumb Code   176  tinyfs.o(i.tinyfs_init)
    tinyfs_nvm_program                       0x1803bcbd   Thumb Code   120  tinyfs_write_cache.o(i.tinyfs_nvm_program)
    tinyfs_nvm_read_with_cache               0x1803bd39   Thumb Code   112  tinyfs_write_cache.o(i.tinyfs_nvm_read_with_cache)
    tinyfs_nvm_write_through                 0x1803bdb1   Thumb Code    66  tinyfs_write_cache.o(i.tinyfs_nvm_write_through)
    tinyfs_print_dir_tree                    0x1803bdfd   Thumb Code    38  tinyfs.o(i.tinyfs_print_dir_tree)
    tinyfs_read                              0x1803be69   Thumb Code    68  tinyfs.o(i.tinyfs_read)
    tinyfs_write                             0x1803bf01   Thumb Code   104  tinyfs.o(i.tinyfs_write)
    tinyfs_write_through                     0x1803bf99   Thumb Code    74  tinyfs.o(i.tinyfs_write_through)
    traverse_tree                            0x1803bfe9   Thumb Code   246  tinyfs.o(i.traverse_tree)
    trng_status_set                          0x1803c0f9   Thumb Code     6  sys_stat.o(i.trng_status_set)
    us_to_lpcycles                           0x1803c271   Thumb Code    20  platform.o(i.us_to_lpcycles)
    secp256r1_param                          0x1803c414   Data         100  ls_hal_ecc.o(.constdata)
    secp256k1_param                          0x1803c478   Data         100  ls_hal_ecc.o(.constdata)
    sm2_param                                0x1803c4dc   Data         100  ls_hal_ecc.o(.constdata)
    hex_num_tab                              0x1803c740   Data          17  log.o(.constdata)
    nvm_program                              0x1803c768   Data           4  tinyfs_nvm.o(.constdata)
    nvm_read                                 0x1803c76c   Data           4  tinyfs_nvm.o(.constdata)
    nvm_sector_ease                          0x1803c770   Data           4  tinyfs_nvm.o(.constdata)
    svcall_table                             0x1803c774   Data          32  svcall.o(.constdata)
    __ctype_categories                       0x1803c794   Data          64  ctype_c.o(.constdata)
    TASK_DESC_APP                            0x1803c7e4   Data          12  libfw.o(.rodata.TASK_DESC_APP)
    app_msg_handler_tab                      0x1803c81c   Data           8  libfw.o(.rodata.app_msg_handler_tab)
    Region$$Table$$Base                      0x1803c9c4   Number         0  anon$$obj.o(Region$$Table)
    Region$$Table$$Limit                     0x1803ca04   Number         0  anon$$obj.o(Region$$Table)



==============================================================================

Memory Map of the image

  Image Entry point : 0x18034bfd

  Load Region LR_FLASH (Base: 0x18034000, Size: 0x00008c00, Max: 0x00080000, ABSOLUTE)

    Execution Region VECTOR_CODE (Exec base: 0x00000000, Load base: 0x18034000, Size: 0x000000c0, Max: 0xffffffff, ABSOLUTE)

    Exec Addr    Load Addr    Size         Type   Attr      Idx    E Section Name        Object

    0x00000000   0x18034000   0x000000c0   Data   RO         9031    RESET               startup.o


    Execution Region RAM_DATA_CODE (Exec base: 0x0000074c, Load base: 0x180340c0, Size: 0x00000b3c, Max: 0xffffffff, ABSOLUTE)

    Exec Addr    Load Addr    Size         Type   Attr      Idx    E Section Name        Object

    0x0000074c   0x180340c0   0x00000004   Code   RO         9033    .xip_banned         startup.o
    0x00000750   0x180340c4   0x0000002c   Code   RO         7892    .xip_banned.LVD33_Handler  platform.o
    0x0000077c   0x180340f0   0x00000010   Code   RO         9082    .xip_banned.SysTick_Handler  systick.o
    0x0000078c   0x18034100   0x00000028   Code   RO         8408    .xip_banned.__NVIC_GetPendingIRQ  sleep.o
    0x000007b4   0x18034128   0x0000007c   Code   RO         8409    .xip_banned.after_wfi  sleep.o
    0x00000830   0x180341a4   0x00000008   Code   RO         9017    .xip_banned.arm_cm_delay_asm  delay_asm.o
    0x00000838   0x180341ac   0x0000003c   Code   RO         8410    .xip_banned.before_wfi  sleep.o
    0x00000874   0x180341e8   0x0000001c   Code   RO         8411    .xip_banned.ble_hclk_clr  sleep.o
    0x00000890   0x18034204   0x00000024   Code   RO         7893    .xip_banned.clk_check  platform.o
    0x000008b4   0x18034228   0x0000000a   Code   RO         7894    .xip_banned.clk_switch  platform.o
    0x000008be   0x18034232   0x00000002   Code   RO         8413    .xip_banned.dcdc_on  sleep.o
    0x000008c0   0x18034234   0x00000004   Code   RO         7817    .xip_banned.disable_global_irq  cpu.o
    0x000008c4   0x18034238   0x0000000c   Code   RO         1405    .xip_banned.do_hal_flash_chip_erase_func  ls_hal_flash_qspi.o
    0x000008d0   0x18034244   0x00000012   Code   RO         1406    .xip_banned.do_hal_flash_erase_func  ls_hal_flash_qspi.o
    0x000008e2   0x18034256   0x00000010   Code   RO         1407    .xip_banned.do_hal_flash_erase_security_area_func  ls_hal_flash_qspi.o
    0x000008f2   0x18034266   0x0000000c   Code   RO         1408    .xip_banned.do_hal_flash_prog_func  ls_hal_flash_qspi.o
    0x000008fe   0x18034272   0x0000000c   Code   RO         1409    .xip_banned.do_hal_flash_program_security_area_func  ls_hal_flash_qspi.o
    0x0000090a   0x1803427e   0x0000000c   Code   RO         1410    .xip_banned.do_hal_flash_read_func  ls_hal_flash_qspi.o
    0x00000916   0x1803428a   0x00000012   Code   RO         1411    .xip_banned.do_hal_flash_read_reg_func  ls_hal_flash_qspi.o
    0x00000928   0x1803429c   0x0000000c   Code   RO         1412    .xip_banned.do_hal_flash_read_security_area_func  ls_hal_flash_qspi.o
    0x00000934   0x180342a8   0x0000000c   Code   RO         7818    .xip_banned.enter_critical  cpu.o
    0x00000940   0x180342b4   0x00000008   Code   RO         7819    .xip_banned.exit_critical  cpu.o
    0x00000948   0x180342bc   0x00000014   Code   RO         1149    .xip_banned.flash_reading_critical  ls_hal_flash.o
    0x0000095c   0x180342d0   0x000000c8   Code   RO         1150    .xip_banned.flash_writing_critical  ls_hal_flash.o
    0x00000a24   0x18034398   0x00000014   Code   RO         1151    .xip_banned.hal_flash_drv_var_init  ls_hal_flash.o
    0x00000a38   0x180343ac   0x00000010   Code   RO         1418    .xip_banned.hal_flash_read_status_register_0  ls_hal_flash_qspi.o
    0x00000a48   0x180343bc   0x0000000a   Code   RO         1422    .xip_banned.hal_flash_write_enable  ls_hal_flash_qspi.o
    0x00000a52   0x180343c6   0x00000012   Code   RO         1154    .xip_banned.hal_flash_write_in_process  ls_hal_flash.o
    0x00000a64   0x180343d8   0x0000000e   Code   RO         1155    .xip_banned.hal_flash_write_status_check  ls_hal_flash.o
    0x00000a72   0x180343e6   0x00000002   PAD
    0x00000a74   0x180343e8   0x0000000c   Code   RO         1158    .xip_banned.hal_flash_writing_status_set  ls_hal_flash.o
    0x00000a80   0x180343f4   0x00000068   Code   RO         1424    .xip_banned.hal_flash_xip_start  ls_hal_flash_qspi.o
    0x00000ae8   0x1803445c   0x0000000c   Code   RO         1159    .xip_banned.hal_flash_xip_status_get  ls_hal_flash.o
    0x00000af4   0x18034468   0x0000000c   Code   RO         1160    .xip_banned.hal_flash_xip_status_set  ls_hal_flash.o
    0x00000b00   0x18034474   0x0000002a   Code   RO         1425    .xip_banned.hal_flash_xip_stop  ls_hal_flash_qspi.o
    0x00000b2a   0x1803449e   0x00000002   PAD
    0x00000b2c   0x180344a0   0x00000044   Code   RO         8416    .xip_banned.iwdg_check  sleep.o
    0x00000b70   0x180344e4   0x00000008   Code   RO         4128    .xip_banned.ls_ram_assert  ls_dbg.o
    0x00000b78   0x180344ec   0x0000004c   Code   RO         2218    .xip_banned.lsqspi_direct_read_config  ls_hal_qspi.o
    0x00000bc4   0x18034538   0x00000014   Code   RO         2220    .xip_banned.lsqspi_operation_wait  ls_hal_qspi.o
    0x00000bd8   0x1803454c   0x00000018   Code   RO         2221    .xip_banned.lsqspi_stig_read_data  ls_hal_qspi.o
    0x00000bf0   0x18034564   0x00000062   Code   RO         2222    .xip_banned.lsqspi_stig_read_register  ls_hal_qspi.o
    0x00000c52   0x180345c6   0x00000002   PAD
    0x00000c54   0x180345c8   0x00000020   Code   RO         2223    .xip_banned.lsqspi_stig_send_command  ls_hal_qspi.o
    0x00000c74   0x180345e8   0x00000018   Code   RO         2224    .xip_banned.lsqspi_stig_write_data  ls_hal_qspi.o
    0x00000c8c   0x18034600   0x00000062   Code   RO         2225    .xip_banned.lsqspi_stig_write_register  ls_hal_qspi.o
    0x00000cee   0x18034662   0x0000001a   Code   RO         2226    .xip_banned.memcpy_ram  ls_hal_qspi.o
    0x00000d08   0x1803467c   0x0000001c   Code   RO         8417    .xip_banned.normal_sleep_set  sleep.o
    0x00000d24   0x18034698   0x0000008a   Code   RO         1426    .xip_banned.quad_io_read_dummy  ls_hal_flash_qspi.o
    0x00000dae   0x18034722   0x00000002   PAD
    0x00000db0   0x18034724   0x00000024   Code   RO         8420    .xip_banned.restore_psp  sleep.o
    0x00000dd4   0x18034748   0x00000008   Code   RO         8421    .xip_banned.sleep_mode_set  sleep.o
    0x00000ddc   0x18034750   0x0000002a   Code   RO         9021    .xip_banned.sleep_recover_asm  sleep_asm.o
    0x00000e06   0x1803477a   0x00000002   PAD
    0x00000e08   0x1803477c   0x00000074   Code   RO         2227    .xip_banned.stig_rd_wr  ls_hal_qspi.o
    0x00000e7c   0x180347f0   0x00000070   Code   RO         2228    .xip_banned.stig_read_continue  ls_hal_qspi.o
    0x00000eec   0x18034860   0x000000b8   Code   RO         2229    .xip_banned.stig_read_start  ls_hal_qspi.o
    0x00000fa4   0x18034918   0x00000068   Code   RO         2230    .xip_banned.stig_write_continue  ls_hal_qspi.o
    0x0000100c   0x18034980   0x000000b8   Code   RO         2231    .xip_banned.stig_write_start  ls_hal_qspi.o
    0x000010c4   0x18034a38   0x00000028   Code   RO         8422    .xip_banned.store_psp_return_msp_and_addr  sleep.o
    0x000010ec   0x18034a60   0x00000020   Code   RO         7895    .xip_banned.switch_to_pll  platform.o
    0x0000110c   0x18034a80   0x0000001c   Code   RO         7897    .xip_banned.switch_to_xo16m  platform.o
    0x00001128   0x18034a9c   0x0000000c   Code   RO         9083    .xip_banned.systick_get_value  systick.o
    0x00001134   0x18034aa8   0x0000003a   Code   RO         9084    .xip_banned.systick_poll_timeout  systick.o
    0x0000116e   0x18034ae2   0x00000002   PAD
    0x00001170   0x18034ae4   0x00000024   Code   RO         8423    .xip_banned.wait_dpll_lock  sleep.o
    0x00001194   0x18034b08   0x00000014   Data   RW          259    .data               bsp_led.o
    0x000011a8   0x18034b1c   0x0000000e   Data   RW         1011    .data               ls_hal_ecc.o
    0x000011b6   0x18034b2a   0x00000002   PAD
    0x000011b8   0x18034b2c   0x0000000c   Data   RW         1185    .data               ls_hal_flash.o
    0x000011c4   0x18034b38   0x00000004   Data   RW         4636    .data               tinyfs.o
    0x000011c8   0x18034b3c   0x00000007   Data   RW         7611    .data               modem_rf_le501x.o
    0x000011cf   0x18034b43   0x00000001   PAD
    0x000011d0   0x18034b44   0x00000030   Data   RW         7968    .data               platform.o
    0x00001200   0x18034b74   0x00000007   Data   RW         8445    .data               sleep.o
    0x00001207   0x18034b7b   0x00000001   PAD
    0x00001208   0x18034b7c   0x0000006c   Data   RW         8665    .data               stack_var.o
    0x00001274   0x18034be8   0x00000004   Data   RW         9087    .data               systick.o
    0x00001278   0x18034bec   0x00000004   Data   RW         9886    .data               mc_p.l(stdout.o)
    0x0000127c   0x18034bf0   0x00000004   Data   RW         9892    .data               mc_p.l(rand.o)
    0x00001280   0x18034bf4   0x00000004   Data   RW        10228    .data               mc_p.l(mvars.o)
    0x00001284   0x18034bf8   0x00000004   Data   RW        10229    .data               mc_p.l(mvars.o)


    Execution Region BSS (Exec base: 0x00001288, Load base: 0x1803ca04, Size: 0x00005690, Max: 0xffffffff, ABSOLUTE)

    Exec Addr    Load Addr    Size         Type   Attr      Idx    E Section Name        Object

    0x00001288        -       0x0000001a   Zero   RW          303    .bss                bsp_timer.o
    0x000012a2   0x1803ca04   0x00000002   PAD
    0x000012a4        -       0x00000060   Zero   RW         1009    .bss                ls_hal_ecc.o
    0x00001304        -       0x00000168   Zero   RW         4634    .bss                tinyfs.o
    0x0000146c        -       0x00000108   Zero   RW         5080    .bss                tinyfs_write_cache.o
    0x00001574        -       0x00000044   Zero   RW         7967    .bss                platform.o
    0x000015b8        -       0x00004da8   Zero   RW         8664    .bss                stack_var.o
    0x00006360        -       0x00000012   Zero   RW         8902    .bss                sys_stat.o
    0x00006372   0x1803ca04   0x00000002   PAD
    0x00006374        -       0x000004b8   Zero   RW         9157    .bss                segger_rtt.o
    0x0000682c        -       0x00000004   Zero   RW         9828    .bss.ancc_prf_itf_fn  libfw.o
    0x00006830        -       0x00000001   Zero   RW         9835    .bss.app_state      libfw.o
    0x00006831   0x1803ca04   0x00000003   PAD
    0x00006834        -       0x00000004   Zero   RW         9829    .bss.bass_prf_itf_fn  libfw.o
    0x00006838        -       0x00000004   Zero   RW         9825    .bss.builtin_timer_env  libfw.o
    0x0000683c        -       0x00000001   Zero   RW         9849    .bss.created_actv_idx  libfw.o
    0x0000683d   0x1803ca04   0x00000003   PAD
    0x00006840        -       0x00000010   Zero   RW         9850    .bss.current_adv    libfw.o
    0x00006850        -       0x00000001   Zero   RW         9851    .bss.deleted_actv_idx  libfw.o
    0x00006851   0x1803ca04   0x00000003   PAD
    0x00006854        -       0x00000004   Zero   RW         9852    .bss.dev_evt_cb     libfw.o
    0x00006858        -       0x0000000c   Zero   RW         9853    .bss.dev_manager_act_ctrl  libfw.o
    0x00006864        -       0x00000004   Zero   RW         9830    .bss.diss_prf_itf_fn  libfw.o
    0x00006868        -       0x00000004   Zero   RW         9831    .bss.fotas_prf_itf_fn  libfw.o
    0x0000686c        -       0x00000064   Zero   RW         9836    .bss.gap_manager    libfw.o
    0x000068d0        -       0x00000004   Zero   RW         9838    .bss.gatt_evt_cb    libfw.o
    0x000068d4        -       0x00000008   Zero   RW         9839    .bss.gatt_svc_env_list  libfw.o
    0x000068dc        -       0x00000004   Zero   RW         9832    .bss.hogpd_prf_itf_fn  libfw.o
    0x000068e0        -       0x00000004   Zero   RW         9833    .bss.ls_mesh_prf_itf_fn  libfw.o
    0x000068e4        -       0x00000004   Zero   RW         9834    .bss.mal_prf_itf_fn  libfw.o
    0x000068e8        -       0x00000004   Zero   RW         9827    .bss.nvds_dir       libfw.o
    0x000068ec        -       0x00000001   Zero   RW         9843    .bss.peer_storage_max  libfw.o
    0x000068ed   0x1803ca04   0x00000003   PAD
    0x000068f0        -       0x00000004   Zero   RW         9867    .bss.prf_ancc_handler_fn  libfw.o
    0x000068f4        -       0x00000004   Zero   RW         9862    .bss.prf_bass_handler_fn  libfw.o
    0x000068f8        -       0x00000004   Zero   RW         9855    .bss.prf_diss_handler_fn  libfw.o
    0x000068fc        -       0x00000004   Zero   RW         9857    .bss.prf_fotas_handler_fn  libfw.o
    0x00006900        -       0x00000004   Zero   RW         9861    .bss.prf_hogpd_handler_fn  libfw.o
    0x00006904        -       0x00000004   Zero   RW         9865    .bss.prf_ls_mesh_handler_fn  libfw.o
    0x00006908        -       0x00000006   Zero   RW         9844    .bss.rpa_resolv_addr  libfw.o
    0x0000690e   0x1803ca04   0x00000002   PAD
    0x00006910        -       0x00000004   Zero   RW         9845    .bss.rpa_resolv_cb  libfw.o
    0x00006914        -       0x00000001   Zero   RW         9846    .bss.rpa_resolv_cnt  libfw.o
    0x00006915   0x1803ca04   0x00000001   PAD
    0x00006916        -       0x00000002   Zero   RW         9847    .bss.valid_peer_id  libfw.o


    Execution Region HEAP (Exec base: 0x00006918, Load base: 0x1803ca04, Size: 0x00000800, Max: 0xffffffff, ABSOLUTE, UNINIT)

    Exec Addr    Load Addr    Size         Type   Attr      Idx    E Section Name        Object

    0x00006918        -       0x00000800   Zero   RW         9030    HEAP                startup.o


    Execution Region RESET_RETAIN_DATA (Exec base: 0x00007118, Load base: 0x1803ca04, Size: 0x00000008, Max: 0x00000008, ABSOLUTE, UNINIT)

    Exec Addr    Load Addr    Size         Type   Attr      Idx    E Section Name        Object

    0x00007118        -       0x00000008   Zero   RW            1    RESET_RETAIN_DATA.bss  anon$$obj.o


    Execution Region RW_IRAM6 (Exec base: 0x0000a000, Load base: 0x1803cc00, Size: 0x00000000, Max: 0x00002000, ABSOLUTE, UNINIT)

    **** No section assigned to this execution region ****


    Execution Region STACK (Exec base: 0x0000a000, Load base: 0x1803cc00, Size: 0x00001000, Max: 0xffffffff, ABSOLUTE, UNINIT)

    Exec Addr    Load Addr    Size         Type   Attr      Idx    E Section Name        Object

    0x0000a000        -       0x00001000   Zero   RW         9029    STACK               startup.o


    Execution Region FLASH_CODE (Exec base: 0x18034bfc, Load base: 0x18034bfc, Size: 0x00007e08, Max: 0xffffffff, ABSOLUTE)

    Exec Addr    Load Addr    Size         Type   Attr      Idx    E Section Name        Object

    0x18034bfc   0x18034bfc   0x00000000   Code   RO         9883  * .ARM.Collect$$$$00000000  mc_p.l(entry.o)
    0x18034bfc   0x18034bfc   0x00000004   Code   RO        10202    .ARM.Collect$$$$00000001  mc_p.l(entry2.o)
    0x18034c00   0x18034c00   0x00000004   Code   RO        10205    .ARM.Collect$$$$00000004  mc_p.l(entry5.o)
    0x18034c04   0x18034c04   0x00000000   Code   RO        10207    .ARM.Collect$$$$00000008  mc_p.l(entry7b.o)
    0x18034c04   0x18034c04   0x00000000   Code   RO        10209    .ARM.Collect$$$$0000000A  mc_p.l(entry8b.o)
    0x18034c04   0x18034c04   0x00000008   Code   RO        10210    .ARM.Collect$$$$0000000B  mc_p.l(entry9a.o)
    0x18034c0c   0x18034c0c   0x00000004   Code   RO        10217    .ARM.Collect$$$$0000000E  mc_p.l(entry12b.o)
    0x18034c10   0x18034c10   0x00000000   Code   RO        10212    .ARM.Collect$$$$0000000F  mc_p.l(entry10a.o)
    0x18034c10   0x18034c10   0x00000000   Code   RO        10214    .ARM.Collect$$$$00000011  mc_p.l(entry11a.o)
    0x18034c10   0x18034c10   0x00000004   Code   RO        10203    .ARM.Collect$$$$00002712  mc_p.l(entry2.o)
    0x18034c14   0x18034c14   0x00000010   Code   RO         9032    .text               startup.o
    0x18034c24   0x18034c24   0x00000060   Code   RO         9887    .text               mc_p.l(uldiv.o)
    0x18034c84   0x18034c84   0x0000007a   Code   RO         9889    .text               mc_p.l(llmul.o)
    0x18034cfe   0x18034cfe   0x00000002   PAD
    0x18034d00   0x18034d00   0x00000024   Code   RO         9891    .text               mc_p.l(rand.o)
    0x18034d24   0x18034d24   0x00000024   Code   RO         9901    .text               mc_p.l(memcpya.o)
    0x18034d48   0x18034d48   0x00000024   Code   RO         9903    .text               mc_p.l(memseta.o)
    0x18034d6c   0x18034d6c   0x00000012   Code   RO         9907    .text               mc_p.l(strcpy.o)
    0x18034d7e   0x18034d7e   0x00000002   PAD
    0x18034d80   0x18034d80   0x0000003c   Code   RO        10200    .text               mc_p.l(sscanf.o)
    0x18034dbc   0x18034dbc   0x00000020   Code   RO        10218    .text               mc_p.l(llshl.o)
    0x18034ddc   0x18034ddc   0x00000022   Code   RO        10220    .text               mc_p.l(llushr.o)
    0x18034dfe   0x18034dfe   0x0000014a   Code   RO        10230    .text               mc_p.l(_scanf_longlong.o)
    0x18034f48   0x18034f48   0x0000014a   Code   RO        10232    .text               mc_p.l(_scanf_int.o)
    0x18035092   0x18035092   0x000000e8   Code   RO        10234    .text               mc_p.l(_scanf_str.o)
    0x1803517a   0x1803517a   0x00000002   PAD
    0x1803517c   0x1803517c   0x00000374   Code   RO        10236    .text               mc_p.l(scanf_fp.o)
    0x180354f0   0x180354f0   0x0000002c   Code   RO        10240    .text               mc_p.l(scanf_char.o)
    0x1803551c   0x1803551c   0x00000044   Code   RO        10242    .text               mc_p.l(_sgetc.o)
    0x18035560   0x18035560   0x00000000   Code   RO        10244    .text               mc_p.l(iusefp.o)
    0x18035560   0x18035560   0x00000168   Code   RO        10245    .text               mf_p.l(dadd.o)
    0x180356c8   0x180356c8   0x000000d0   Code   RO        10247    .text               mf_p.l(dmul.o)
    0x18035798   0x18035798   0x000000f0   Code   RO        10249    .text               mf_p.l(ddiv.o)
    0x18035888   0x18035888   0x00000040   Code   RO        10251    .text               mf_p.l(dfixul.o)
    0x180358c8   0x180358c8   0x00000028   Code   RO        10253    .text               mf_p.l(cdrcmple.o)
    0x180358f0   0x180358f0   0x00000024   Code   RO        10255    .text               mc_p.l(init.o)
    0x18035914   0x18035914   0x00000026   Code   RO        10257    .text               mc_p.l(llsshr.o)
    0x1803593a   0x1803593a   0x0000000e   Code   RO        10259    .text               mc_p.l(isspace_c.o)
    0x18035948   0x18035948   0x0000001e   Code   RO        10261    .text               mc_p.l(_chval.o)
    0x18035966   0x18035966   0x00000002   PAD
    0x18035968   0x18035968   0x0000033c   Code   RO        10263    .text               mc_p.l(_scanf.o)
    0x18035ca4   0x18035ca4   0x000000be   Code   RO        10265    .text               mf_p.l(depilogue.o)
    0x18035d62   0x18035d62   0x00000002   PAD
    0x18035d64   0x18035d64   0x0000001c   Code   RO        10269    .text               mf_p.l(dfltul.o)
    0x18035d80   0x18035d80   0x00000038   Code   RO        10271    .text               mf_p.l(d2f.o)
    0x18035db8   0x18035db8   0x00000024   Code   RO        10273    .text               mc_p.l(ctype_c.o)
    0x18035ddc   0x18035ddc   0x00000082   Code   RO        10276    .text               mf_p.l(fepilogue.o)
    0x18035e5e   0x18035e5e   0x00000002   PAD
    0x18035e60   0x18035e60   0x0000001c   Code   RO         9040    .text.SVC_Handler   svcall_asm.o
    0x18035e7c   0x18035e7c   0x00000010   Code   RO         9582    .text.adv_actv_start_param  libfw.o
    0x18035e8c   0x18035e8c   0x00000004   Code   RO         9444    .text.anpc_prf_itf_get  libfw.o
    0x18035e90   0x18035e90   0x00000004   Code   RO         9445    .text.anps_prf_itf_get  libfw.o
    0x18035e94   0x18035e94   0x0000009c   Code   RO         9478    .text.app_init      libfw.o
    0x18035f30   0x18035f30   0x00000304   Code   RO         9477    .text.app_msg_handler  libfw.o
    0x18036234   0x18036234   0x00000004   Code   RO         9435    .text.basc_prf_itf_get  libfw.o
    0x18036238   0x18036238   0x00000004   Code   RO         9459    .text.bcsc_prf_itf_get  libfw.o
    0x1803623c   0x1803623c   0x00000004   Code   RO         9458    .text.bcss_prf_itf_get  libfw.o
    0x18036240   0x18036240   0x00000010   Code   RO         9571    .text.bd_addr_cmp   libfw.o
    0x18036250   0x18036250   0x000000bc   Code   RO         9567    .text.ble_storage_alloc_peer_id  libfw.o
    0x1803630c   0x1803630c   0x0000008c   Code   RO         9576    .text.ble_storage_bonding_info_search_req  libfw.o
    0x18036398   0x18036398   0x0000001c   Code   RO         9572    .text.ble_storage_gapm_addr_solved_ind_handler  libfw.o
    0x180363b4   0x180363b4   0x00000018   Code   RO         9575    .text.ble_storage_gapm_resolv_addr_cmp  libfw.o
    0x180363cc   0x180363cc   0x0000000c   Code   RO         9565    .text.ble_storage_max_num_init  libfw.o
    0x180363d8   0x180363d8   0x00000016   Code   RO         9573    .text.ble_storage_read_bonding_info  libfw.o
    0x180363ee   0x180363ee   0x00000016   Code   RO         9580    .text.ble_storage_read_peer_client_info  libfw.o
    0x18036404   0x18036404   0x00000016   Code   RO         9578    .text.ble_storage_read_peer_server_info  libfw.o
    0x1803641a   0x1803641a   0x00000010   Code   RO         9577    .text.ble_storage_write_bonding_info  libfw.o
    0x1803642a   0x1803642a   0x00000004   Code   RO         9424    .text.blpc_prf_itf_get  libfw.o
    0x1803642e   0x1803642e   0x00000004   Code   RO         9423    .text.blps_prf_itf_get  libfw.o
    0x18036432   0x18036432   0x0000000a   Code   RO         9487    .text.bond_cfm_csrk_fill  libfw.o
    0x1803643c   0x1803643c   0x0000002a   Code   RO         9486    .text.bond_cfm_irk_fill  libfw.o
    0x18036466   0x18036466   0x0000000a   Code   RO         9479    .text.bond_cfm_ltk_fill  libfw.o
    0x18036470   0x18036470   0x00000022   Code   RO         9488    .text.bond_cfm_pair_feat_fill  libfw.o
    0x18036492   0x18036492   0x0000000a   Code   RO         9482    .text.bond_cfm_tk_fill  libfw.o
    0x1803649c   0x1803649c   0x000000d0   Code   RO         9485    .text.bond_search_callback  libfw.o
    0x1803656c   0x1803656c   0x00000018   Code   RO         9404    .text.builtin_timer_create  libfw.o
    0x18036584   0x18036584   0x0000000c   Code   RO         9403    .text.builtin_timer_env_register  libfw.o
    0x18036590   0x18036590   0x00000034   Code   RO         9407    .text.builtin_timer_start  libfw.o
    0x180365c4   0x180365c4   0x00000004   Code   RO         9465    .text.cgmc_prf_itf_get  libfw.o
    0x180365c8   0x180365c8   0x00000004   Code   RO         9464    .text.cgms_prf_itf_get  libfw.o
    0x180365cc   0x180365cc   0x00000004   Code   RO         9448    .text.cppc_prf_itf_get  libfw.o
    0x180365d0   0x180365d0   0x00000004   Code   RO         9449    .text.cpps_prf_itf_get  libfw.o
    0x180365d4   0x180365d4   0x00000004   Code   RO         9442    .text.cscpc_prf_itf_get  libfw.o
    0x180365d8   0x180365d8   0x00000004   Code   RO         9443    .text.cscps_prf_itf_get  libfw.o
    0x180365dc   0x180365dc   0x0000000c   Code   RO         9617    .text.dev_manager_gapm_activity_created_ind_handler  libfw.o
    0x180365e8   0x180365e8   0x00000044   Code   RO         9609    .text.dev_manager_gapm_activity_stopped_ind_handler  libfw.o
    0x1803662c   0x1803662c   0x0000004c   Code   RO         9623    .text.dev_manager_gapm_create_activity_cmp  libfw.o
    0x18036678   0x18036678   0x00000020   Code   RO         9622    .text.dev_manager_gapm_delete_activity_cmp  libfw.o
    0x18036698   0x18036698   0x00000030   Code   RO         9618    .text.dev_manager_gapm_ext_adv_report_ind_handler  libfw.o
    0x180366c8   0x180366c8   0x0000006c   Code   RO         9624    .text.dev_manager_gapm_profile_added_ind_handler  libfw.o
    0x18036734   0x18036734   0x00000028   Code   RO         9593    .text.dev_manager_gapm_reset_cmp  libfw.o
    0x1803675c   0x1803675c   0x00000020   Code   RO         9619    .text.dev_manager_gapm_scan_request_ind_handler  libfw.o
    0x1803677c   0x1803677c   0x00000074   Code   RO         9611    .text.dev_manager_gapm_set_adv_data_cmp  libfw.o
    0x180367f0   0x180367f0   0x00000028   Code   RO         9594    .text.dev_manager_gapm_set_dev_config_cmp  libfw.o
    0x18036818   0x18036818   0x00000028   Code   RO         9616    .text.dev_manager_gapm_set_scan_rsp_data_cmp  libfw.o
    0x18036840   0x18036840   0x00000064   Code   RO         9620    .text.dev_manager_gapm_start_activity_cmp  libfw.o
    0x180368a4   0x180368a4   0x00000002   Code   RO         9621    .text.dev_manager_gapm_stop_activity_cmp  libfw.o
    0x180368a6   0x180368a6   0x00000002   PAD
    0x180368a8   0x180368a8   0x0000001c   Code   RO         9597    .text.dev_manager_gattm_add_svc_rsp_handler  libfw.o
    0x180368c4   0x180368c4   0x00000004   Code   RO         9422    .text.disc_prf_itf_get  libfw.o
    0x180368c8   0x180368c8   0x00000004   Code   RO         9455    .text.envc_prf_itf_get  libfw.o
    0x180368cc   0x180368cc   0x00000004   Code   RO         9454    .text.envs_prf_itf_get  libfw.o
    0x180368d0   0x180368d0   0x00000004   Code   RO         9429    .text.findl_prf_itf_get  libfw.o
    0x180368d4   0x180368d4   0x00000004   Code   RO         9430    .text.findt_prf_itf_get  libfw.o
    0x180368d8   0x180368d8   0x00000028   Code   RO         9412    .text.func_post     libfw.o
    0x18036900   0x18036900   0x00000168   Code   RO         9505    .text.gap_manager_gapc_bond_ind_handler  libfw.o
    0x18036a68   0x18036a68   0x0000017c   Code   RO         9521    .text.gap_manager_gapc_bond_req_ind_handler  libfw.o
    0x18036be4   0x18036be4   0x00000044   Code   RO         9494    .text.gap_manager_gapc_cmp_evt_handler  libfw.o
    0x18036c28   0x18036c28   0x00000034   Code   RO         9495    .text.gap_manager_gapc_conn_req_ind_handler  libfw.o
    0x18036c5c   0x18036c5c   0x00000018   Code   RO         9496    .text.gap_manager_gapc_disconnect_ind_handler  libfw.o
    0x18036c74   0x18036c74   0x00000018   Code   RO         9507    .text.gap_manager_gapc_encrypt_ind_handler  libfw.o
    0x18036c8c   0x18036c8c   0x00000090   Code   RO         9506    .text.gap_manager_gapc_encrypt_req_ind_handler  libfw.o
    0x18036d1c   0x18036d1c   0x000000c8   Code   RO         9515    .text.gap_manager_gapc_get_dev_info_req_ind_handler  libfw.o
    0x18036de4   0x18036de4   0x00000018   Code   RO         9516    .text.gap_manager_gapc_get_rssi_ind_handler  libfw.o
    0x18036dfc   0x18036dfc   0x00000020   Code   RO         9497    .text.gap_manager_gapc_le_phy_ind_handler  libfw.o
    0x18036e1c   0x18036e1c   0x00000040   Code   RO         9513    .text.gap_manager_gapc_param_update_req_ind_handler  libfw.o
    0x18036e5c   0x18036e5c   0x00000014   Code   RO         9514    .text.gap_manager_gapc_param_updated_ind_handler  libfw.o
    0x18036e70   0x18036e70   0x00000018   Code   RO         9508    .text.gap_manager_gapc_security_ind_handler  libfw.o
    0x18036e88   0x18036e88   0x00000016   Code   RO         9518    .text.gap_manager_get_peer_addr  libfw.o
    0x18036e9e   0x18036e9e   0x00000002   PAD
    0x18036ea0   0x18036ea0   0x00000034   Code   RO         9520    .text.gap_manager_slave_pair_response_send  libfw.o
    0x18036ed4   0x18036ed4   0x00000018   Code   RO         9500    .text.gap_manager_tk_set  libfw.o
    0x18036eec   0x18036eec   0x00000034   Code   RO         9484    .text.gapc_bond_cfm_send  libfw.o
    0x18036f20   0x18036f20   0x00000060   Code   RO         9588    .text.gapm_activity_start_cmd_send  libfw.o
    0x18036f80   0x18036f80   0x00000014   Code   RO         9589    .text.gapm_adv_activity_start_cmd_send  libfw.o
    0x18036f94   0x18036f94   0x00000024   Code   RO         9546    .text.gatt_manager_gattc_att_info_req_ind_handler  libfw.o
    0x18036fb8   0x18036fb8   0x00000090   Code   RO         9533    .text.gatt_manager_gattc_cmp_evt_handler  libfw.o
    0x18037048   0x18037048   0x00000030   Code   RO         9563    .text.gatt_manager_gattc_disc_char_desc_ind_handler  libfw.o
    0x18037078   0x18037078   0x00000038   Code   RO         9562    .text.gatt_manager_gattc_disc_char_ind_handler  libfw.o
    0x180370b0   0x180370b0   0x00000034   Code   RO         9561    .text.gatt_manager_gattc_disc_svc_incl_ind_handler  libfw.o
    0x180370e4   0x180370e4   0x00000034   Code   RO         9560    .text.gatt_manager_gattc_disc_svc_ind_handler  libfw.o
    0x18037118   0x18037118   0x00000040   Code   RO         9538    .text.gatt_manager_gattc_event_ind_handler  libfw.o
    0x18037158   0x18037158   0x00000040   Code   RO         9537    .text.gatt_manager_gattc_event_req_ind_handler  libfw.o
    0x18037198   0x18037198   0x0000001c   Code   RO         9534    .text.gatt_manager_gattc_mtu_exchanged_ind_handler  libfw.o
    0x180371b4   0x180371b4   0x00000028   Code   RO         9564    .text.gatt_manager_gattc_read_ind_handler  libfw.o
    0x180371dc   0x180371dc   0x00000014   Code   RO         9544    .text.gatt_manager_gattc_read_req_ind_handler  libfw.o
    0x180371f0   0x180371f0   0x00000014   Code   RO         9545    .text.gatt_manager_gattc_write_req_ind_handler  libfw.o
    0x18037204   0x18037204   0x00000034   Code   RO         9532    .text.gatt_svc_list_walk_through.isra.0  libfw.o
    0x18037238   0x18037238   0x00000012   Code   RO         9527    .text.gattc_manager_uuidlen_internal_to_user  libfw.o
    0x1803724a   0x1803724a   0x00000004   Code   RO         9438    .text.glpc_prf_itf_get  libfw.o
    0x1803724e   0x1803724e   0x00000004   Code   RO         9439    .text.glps_prf_itf_get  libfw.o
    0x18037252   0x18037252   0x00000004   Code   RO         9436    .text.hogpbh_prf_itf_get  libfw.o
    0x18037256   0x18037256   0x00000004   Code   RO         9437    .text.hogprh_prf_itf_get  libfw.o
    0x1803725a   0x1803725a   0x00000004   Code   RO         9428    .text.hrpc_prf_itf_get  libfw.o
    0x1803725e   0x1803725e   0x00000004   Code   RO         9427    .text.hrps_prf_itf_get  libfw.o
    0x18037262   0x18037262   0x00000004   Code   RO         9420    .text.htpc_prf_itf_get  libfw.o
    0x18037266   0x18037266   0x00000004   Code   RO         9419    .text.htpt_prf_itf_get  libfw.o
    0x1803726a   0x1803726a   0x00000004   Code   RO         9453    .text.ipsc_prf_itf_get  libfw.o
    0x1803726e   0x1803726e   0x00000004   Code   RO         9452    .text.ipss_prf_itf_get  libfw.o
    0x18037272   0x18037272   0x00000004   Code   RO         9450    .text.lanc_prf_itf_get  libfw.o
    0x18037276   0x18037276   0x00000004   Code   RO         9451    .text.lans_prf_itf_get  libfw.o
    0x1803727a   0x1803727a   0x00000002   PAD
    0x1803727c   0x1803727c   0x000000c4   Code   RO         9414    .text.nvds_get      libfw.o
    0x18037340   0x18037340   0x00000050   Code   RO         9416    .text.nvds_put      libfw.o
    0x18037390   0x18037390   0x00000008   Code   RO         9418    .text.nvds_write_through  libfw.o
    0x18037398   0x18037398   0x0000002c   Code   RO         9481    .text.pair_done_evt  libfw.o
    0x180373c4   0x180373c4   0x00000004   Code   RO         9446    .text.paspc_prf_itf_get  libfw.o
    0x180373c8   0x180373c8   0x00000004   Code   RO         9447    .text.pasps_prf_itf_get  libfw.o
    0x180373cc   0x180373cc   0x00000022   Code   RO         9501    .text.passkey_set   libfw.o
    0x180373ee   0x180373ee   0x00000004   Code   RO         9463    .text.plxc_prf_itf_get  libfw.o
    0x180373f2   0x180373f2   0x00000004   Code   RO         9462    .text.plxs_prf_itf_get  libfw.o
    0x180373f6   0x180373f6   0x00000002   PAD
    0x180373f8   0x180373f8   0x00000010   Code   RO         9475    .text.prf_fn_init   libfw.o
    0x18037408   0x18037408   0x000001c4   Code   RO         9468    .text.prf_itf_get   libfw.o
    0x180375cc   0x180375cc   0x00000002   Code   RO         9476    .text.prf_ls_sig_mesh_handler  libfw.o
    0x180375ce   0x180375ce   0x00000004   Code   RO         9431    .text.proxm_prf_itf_get  libfw.o
    0x180375d2   0x180375d2   0x00000004   Code   RO         9432    .text.proxr_prf_itf_get  libfw.o
    0x180375d6   0x180375d6   0x00000002   PAD
    0x180375d8   0x180375d8   0x00000098   Code   RO         9574    .text.rpa_resolve_start  libfw.o
    0x18037670   0x18037670   0x00000004   Code   RO         9440    .text.rscpc_prf_itf_get  libfw.o
    0x18037674   0x18037674   0x00000004   Code   RO         9441    .text.rscps_prf_itf_get  libfw.o
    0x18037678   0x18037678   0x00000004   Code   RO         9433    .text.scppc_prf_itf_get  libfw.o
    0x1803767c   0x1803767c   0x00000004   Code   RO         9434    .text.scpps_prf_itf_get  libfw.o
    0x18037680   0x18037680   0x0000000a   Code   RO         9025    .text.stack_assert_asm  stack_asm.o
    0x1803768a   0x1803768a   0x00000002   PAD
    0x1803768c   0x1803768c   0x000001cc   Code   RO         9392    .text.statck_buffer_init  libfw.o
    0x18037858   0x18037858   0x0000001c   Code   RO         9526    .text.svc_read_req_callback  libfw.o
    0x18037874   0x18037874   0x00000058   Code   RO         9528    .text.svc_write_req_callback  libfw.o
    0x180378cc   0x180378cc   0x00000004   Code   RO         9426    .text.tipc_prf_itf_get  libfw.o
    0x180378d0   0x180378d0   0x00000004   Code   RO         9425    .text.tips_prf_itf_get  libfw.o
    0x180378d4   0x180378d4   0x00000004   Code   RO         9467    .text.udsc_prf_itf_get  libfw.o
    0x180378d8   0x180378d8   0x00000004   Code   RO         9466    .text.udss_prf_itf_get  libfw.o
    0x180378dc   0x180378dc   0x00000004   Code   RO         9461    .text.wptc_prf_itf_get  libfw.o
    0x180378e0   0x180378e0   0x00000004   Code   RO         9460    .text.wpts_prf_itf_get  libfw.o
    0x180378e4   0x180378e4   0x00000004   Code   RO         9457    .text.wscc_prf_itf_get  libfw.o
    0x180378e8   0x180378e8   0x00000004   Code   RO         9456    .text.wscs_prf_itf_get  libfw.o
    0x180378ec   0x180378ec   0x0000000c   Ven    RO        10286    Veneer$$Code        anon$$obj.o
    0x180378f8   0x180378f8   0x0000000c   Ven    RO        10287    Veneer$$Code        anon$$obj.o
    0x18037904   0x18037904   0x0000000c   Ven    RO        10288    Veneer$$Code        anon$$obj.o
    0x18037910   0x18037910   0x0000000c   Ven    RO        10289    Veneer$$Code        anon$$obj.o
    0x1803791c   0x1803791c   0x0000000c   Ven    RO        10290    Veneer$$Code        anon$$obj.o
    0x18037928   0x18037928   0x0000000c   Ven    RO        10291    Veneer$$Code        anon$$obj.o
    0x18037934   0x18037934   0x0000000c   Ven    RO        10292    Veneer$$Code        anon$$obj.o
    0x18037940   0x18037940   0x0000000c   Ven    RO        10293    Veneer$$Code        anon$$obj.o
    0x1803794c   0x1803794c   0x0000000c   Ven    RO        10294    Veneer$$Code        anon$$obj.o
    0x18037958   0x18037958   0x0000000c   Ven    RO        10295    Veneer$$Code        anon$$obj.o
    0x18037964   0x18037964   0x0000000c   Ven    RO        10296    Veneer$$Code        anon$$obj.o
    0x18037970   0x18037970   0x0000000c   Ven    RO        10297    Veneer$$Code        anon$$obj.o
    0x1803797c   0x1803797c   0x00000078   Code   RO         7590    i.BPF_CAL           modem_rf_le501x.o
    0x180379f4   0x180379f4   0x000000cc   Code   RO          257    i.Bsp_Led_BlinkConrol_Handler  bsp_led.o
    0x18037ac0   0x18037ac0   0x0000003c   Code   RO          258    i.Bsp_Led_Init      bsp_led.o
    0x18037afc   0x18037afc   0x00000064   Code   RO         6548    i.EXTI_Handler      ls_soc_gpio.o
    0x18037b60   0x18037b60   0x00000070   Code   RO         6549    i.GPIO_GetPort      ls_soc_gpio.o
    0x18037bd0   0x18037bd0   0x000000b8   Code   RO         7899    i.GPTIM_IRQ_Handler_For_LSI_Counting  platform.o
    0x18037c88   0x18037c88   0x0000000a   Code   RO         5375    i.HAL_LSECC_Busy_Set  ls_msp_ecc.o
    0x18037c92   0x18037c92   0x0000000c   Code   RO          983    i.HAL_LSECC_DeInit  ls_hal_ecc.o
    0x18037c9e   0x18037c9e   0x0000000a   Code   RO         5376    i.HAL_LSECC_Idle_Set  ls_msp_ecc.o
    0x18037ca8   0x18037ca8   0x0000000c   Code   RO          984    i.HAL_LSECC_Init    ls_hal_ecc.o
    0x18037cb4   0x18037cb4   0x0000001c   Code   RO         5377    i.HAL_LSECC_MSP_DeInit  ls_msp_ecc.o
    0x18037cd0   0x18037cd0   0x00000024   Code   RO         5379    i.HAL_LSECC_MSP_INT_DISABLE  ls_msp_ecc.o
    0x18037cf4   0x18037cf4   0x00000024   Code   RO         5380    i.HAL_LSECC_MSP_INT_ENABLE  ls_msp_ecc.o
    0x18037d18   0x18037d18   0x0000002c   Code   RO         5381    i.HAL_LSECC_MSP_Init  ls_msp_ecc.o
    0x18037d44   0x18037d44   0x00000034   Code   RO          985    i.HAL_LSECC_PointMult  ls_hal_ecc.o
    0x18037d78   0x18037d78   0x00000002   Code   RO          986    i.HAL_LSECC_PointMult_Complete_Callback  ls_hal_ecc.o
    0x18037d7a   0x18037d7a   0x00000002   PAD
    0x18037d7c   0x18037d7c   0x00000038   Code   RO         2176    i.HAL_PIS_Config    ls_hal_pis.o
    0x18037db4   0x18037db4   0x0000000a   Code   RO         2178    i.HAL_PIS_Init      ls_hal_pis.o
    0x18037dbe   0x18037dbe   0x00000002   PAD
    0x18037dc0   0x18037dc0   0x00000020   Code   RO         5689    i.HAL_PIS_MSP_Init  ls_msp_pis.o
    0x18037de0   0x18037de0   0x0000000e   Code   RO         3511    i.HAL_TRNG_DeInit   ls_hal_trng.o
    0x18037dee   0x18037dee   0x00000002   PAD
    0x18037df0   0x18037df0   0x0000003c   Code   RO         3512    i.HAL_TRNG_GenerateRandomNumber  ls_hal_trng.o
    0x18037e2c   0x18037e2c   0x0000001c   Code   RO         3514    i.HAL_TRNG_IRQHandler  ls_hal_trng.o
    0x18037e48   0x18037e48   0x00000018   Code   RO         3515    i.HAL_TRNG_Init     ls_hal_trng.o
    0x18037e60   0x18037e60   0x0000000a   Code   RO         6273    i.HAL_TRNG_MSP_Busy_Set  ls_msp_trng.o
    0x18037e6a   0x18037e6a   0x00000002   PAD
    0x18037e6c   0x18037e6c   0x0000003c   Code   RO         6274    i.HAL_TRNG_MSP_DeInit  ls_msp_trng.o
    0x18037ea8   0x18037ea8   0x0000000a   Code   RO         6275    i.HAL_TRNG_MSP_Idle_Set  ls_msp_trng.o
    0x18037eb2   0x18037eb2   0x00000002   PAD
    0x18037eb4   0x18037eb4   0x00000064   Code   RO         6276    i.HAL_TRNG_MSP_Init  ls_msp_trng.o
    0x18037f18   0x18037f18   0x00000002   Code   RO         3516    i.HAL_TRNG_ReadyDataCallback  ls_hal_trng.o
    0x18037f1a   0x18037f1a   0x00000002   PAD
    0x18037f1c   0x18037f1c   0x000000b8   Code   RO         8426    i.LPWKUP_Handler    sleep.o
    0x18037fd4   0x18037fd4   0x00000030   Code   RO          988    i.LSECC_IRQHandler  ls_hal_ecc.o
    0x18038004   0x18038004   0x00000008   Code   RO         9130    i.SEGGER_RTT_Init   segger_rtt.o
    0x1803800c   0x1803800c   0x00000064   Code   RO         9132    i.SEGGER_RTT_PutCharSkip  segger_rtt.o
    0x18038070   0x18038070   0x00000024   Code   RO         9046    i.SVC_Handler_C     svcall.o
    0x18038094   0x18038094   0x00000002   Code   RO         7900    i.SystemInit        platform.o
    0x18038096   0x18038096   0x00000002   PAD
    0x18038098   0x18038098   0x00000070   Code   RO         9152    i._DoInit           segger_rtt.o
    0x18038108   0x18038108   0x00000020   Code   RO        10144    i.__0printf         mc_p.l(printfa.o)
    0x18038128   0x18038128   0x00000028   Code   RO        10146    i.__0sprintf        mc_p.l(printfa.o)
    0x18038150   0x18038150   0x00000014   Code   RO        10148    i.__0vprintf        mc_p.l(printfa.o)
    0x18038164   0x18038164   0x0000002e   Code   RO        10267    i.__ARM_clz         mf_p.l(depilogue.o)
    0x18038192   0x18038192   0x00000030   Code   RO         8339    i.__ARM_common_ll_mulss  platform.o
    0x180381c2   0x180381c2   0x0000001c   Code   RO         1127    i.__ARM_common_switch8  ls_hal_ecc.o
    0x180381de   0x180381de   0x00000002   PAD
    0x180381e0   0x180381e0   0x00000018   Code   RO         7901    i.__NVIC_ClearPendingIRQ  platform.o
    0x180381f8   0x180381f8   0x00000020   Code   RO         7902    i.__NVIC_EnableIRQ  platform.o
    0x18038218   0x18038218   0x00000078   Code   RO         7903    i.__NVIC_SetPriority  platform.o
    0x18038290   0x18038290   0x000000c2   Code   RO         3877    i.__div64_32        common.o
    0x18038352   0x18038352   0x00000006   Code   RO         1607    i.__get_PRIMASK     ls_hal_flash_svcall.o
    0x18038358   0x18038358   0x0000000e   Code   RO        10280    i.__scatterload_copy  mc_p.l(handlers.o)
    0x18038366   0x18038366   0x00000002   Code   RO        10281    i.__scatterload_null  mc_p.l(handlers.o)
    0x18038368   0x18038368   0x0000000e   Code   RO        10282    i.__scatterload_zeroinit  mc_p.l(handlers.o)
    0x18038376   0x18038376   0x00000002   PAD
    0x18038378   0x18038378   0x00000174   Code   RO        10151    i._fp_digits        mc_p.l(printfa.o)
    0x180384ec   0x180384ec   0x0000000e   Code   RO        10238    i._is_digit         mc_p.l(scanf_fp.o)
    0x180384fa   0x180384fa   0x00000002   PAD
    0x180384fc   0x180384fc   0x000006f0   Code   RO        10152    i._printf_core      mc_p.l(printfa.o)
    0x18038bec   0x18038bec   0x00000020   Code   RO        10153    i._printf_post_padding  mc_p.l(printfa.o)
    0x18038c0c   0x18038c0c   0x0000002c   Code   RO        10154    i._printf_pre_padding  mc_p.l(printfa.o)
    0x18038c38   0x18038c38   0x0000000a   Code   RO        10156    i._sputc            mc_p.l(printfa.o)
    0x18038c42   0x18038c42   0x0000001e   Code   RO         4541    i.all_section_empty  tinyfs.o
    0x18038c60   0x18038c60   0x00000048   Code   RO         7908    i.analog_init       platform.o
    0x18038ca8   0x18038ca8   0x0000000a   Code   RO         7911    i.arm_cm_set_int_isr  platform.o
    0x18038cb2   0x18038cb2   0x00000002   Code   RO         7912    i.bb_mem_clr        platform.o
    0x18038cb4   0x18038cb4   0x00000010   Code   RO         7913    i.ble_irq_clr       platform.o
    0x18038cc4   0x18038cc4   0x0000000c   Code   RO         7914    i.ble_irq_clr_and_enable  platform.o
    0x18038cd0   0x18038cd0   0x00000010   Code   RO         7915    i.ble_irq_enable    platform.o
    0x18038ce0   0x18038ce0   0x00000040   Code   RO         5103    i.calc_acc_init     calc_acc.o
    0x18038d20   0x18038d20   0x00000040   Code   RO          344    i.calc_div          calc_div.o
    0x18038d60   0x18038d60   0x00000014   Code   RO          989    i.calc_done_wait    ls_hal_ecc.o
    0x18038d74   0x18038d74   0x0000007c   Code   RO          990    i.calc_fsm_run      ls_hal_ecc.o
    0x18038df0   0x18038df0   0x00000070   Code   RO          991    i.calc_init         ls_hal_ecc.o
    0x18038e60   0x18038e60   0x00000012   Code   RO         7923    i.config_word_get   platform.o
    0x18038e72   0x18038e72   0x00000020   Code   RO          992    i.copy_from_eccram  ls_hal_ecc.o
    0x18038e92   0x18038e92   0x00000002   PAD
    0x18038e94   0x18038e94   0x0000001c   Code   RO         7924    i.cpu_sleep_recover_init  platform.o
    0x18038eb0   0x18038eb0   0x00000024   Code   RO         4040    i.crc16_lookup      crc16.o
    0x18038ed4   0x18038ed4   0x0000001c   Code   RO         4041    i.crc16ccitt        crc16.o
    0x18038ef0   0x18038ef0   0x0000001c   Code   RO         4542    i.data_write_through  tinyfs.o
    0x18038f0c   0x18038f0c   0x00000010   Code   RO          993    i.dblu              ls_hal_ecc.o
    0x18038f1c   0x18038f1c   0x000000e8   Code   RO         4543    i.dir_add_parse     tinyfs.o
    0x18039004   0x18039004   0x00000048   Code   RO         4544    i.dir_add_write     tinyfs.o
    0x1803904c   0x1803904c   0x00000024   Code   RO         4545    i.dir_compare       tinyfs.o
    0x18039070   0x18039070   0x00000084   Code   RO         4546    i.dir_remove_parse  tinyfs.o
    0x180390f4   0x180390f4   0x00000030   Code   RO         4548    i.dir_tree_build    tinyfs.o
    0x18039124   0x18039124   0x000000b0   Code   RO         4549    i.dir_tree_link     tinyfs.o
    0x180391d4   0x180391d4   0x00000010   Code   RO         1161    i.do_hal_flash_chip_erase  ls_hal_flash.o
    0x180391e4   0x180391e4   0x00000028   Code   RO         1162    i.do_hal_flash_erase  ls_hal_flash.o
    0x1803920c   0x1803920c   0x00000024   Code   RO         1163    i.do_hal_flash_erase_security_area  ls_hal_flash.o
    0x18039230   0x18039230   0x00000090   Code   RO         1427    i.do_hal_flash_program  ls_hal_flash_qspi.o
    0x180392c0   0x180392c0   0x00000084   Code   RO         1428    i.do_hal_flash_program_security_area  ls_hal_flash_qspi.o
    0x18039344   0x18039344   0x00000014   Code   RO         1164    i.do_hal_flash_read  ls_hal_flash.o
    0x18039358   0x18039358   0x00000014   Code   RO         1165    i.do_hal_flash_read_reg  ls_hal_flash.o
    0x1803936c   0x1803936c   0x0000008c   Code   RO         1429    i.do_hal_flash_read_security_area  ls_hal_flash_qspi.o
    0x180393f8   0x180393f8   0x00000048   Code   RO         4551    i.do_tinyfs_read    tinyfs.o
    0x18039440   0x18039440   0x000000ac   Code   RO         4553    i.do_tinyfs_write   tinyfs.o
    0x180394ec   0x180394ec   0x00000004   Code   RO         8648    i.dummy             stack_var.o
    0x180394f0   0x180394f0   0x00000038   Code   RO         7925    i.ecc_calc_start    platform.o
    0x18039528   0x18039528   0x0000000c   Code   RO         8888    i.ecc_status_set    sys_stat.o
    0x18039534   0x18039534   0x00000050   Code   RO         8436    i.exti_int_pending  sleep.o
    0x18039584   0x18039584   0x00000028   Code   RO         6550    i.exti_io_handler   ls_soc_gpio.o
    0x180395ac   0x180395ac   0x00000066   Code   RO         4554    i.find_head_tail_section  tinyfs.o
    0x18039612   0x18039612   0x0000000a   Code   RO         7926    i.flash_data_storage_base_offset  platform.o
    0x1803961c   0x1803961c   0x00000012   Code   RO         4063    i.fputc             log.o
    0x1803962e   0x1803962e   0x00000002   PAD
    0x18039630   0x18039630   0x00000054   Code   RO        10172    i.free              mc_p.l(malloc.o)
    0x18039684   0x18039684   0x00000074   Code   RO         4555    i.garbage_collect_try  tinyfs.o
    0x180396f8   0x180396f8   0x0000001c   Code   RO         4556    i.gc_section_find   tinyfs.o
    0x18039714   0x18039714   0x00000052   Code   RO         4289    i.general_fifo_get  fifo.o
    0x18039766   0x18039766   0x00000052   Code   RO         4290    i.general_fifo_put  fifo.o
    0x180397b8   0x180397b8   0x00000004   Code   RO         8437    i.get_deep_sleep_enable  sleep.o
    0x180397bc   0x180397bc   0x00000064   Code   RO         4558    i.get_first_valid_section  tinyfs.o
    0x18039820   0x18039820   0x00000034   Code   RO         7929    i.get_flash_process  platform.o
    0x18039854   0x18039854   0x00000012   Code   RO         4559    i.get_next_section  tinyfs.o
    0x18039866   0x18039866   0x00000034   Code   RO         4560    i.get_next_valid_section  tinyfs.o
    0x1803989a   0x1803989a   0x00000010   Code   RO         4563    i.get_prev_section  tinyfs.o
    0x180398aa   0x180398aa   0x00000002   PAD
    0x180398ac   0x180398ac   0x0000004c   Code   RO         4564    i.get_record_by_name  tinyfs.o
    0x180398f8   0x180398f8   0x00000014   Code   RO         7933    i.get_trng_value    platform.o
    0x1803990c   0x1803990c   0x0000000c   Code   RO         8890    i.gptimerb1_status_set  sys_stat.o
    0x18039918   0x18039918   0x0000001c   Code   RO          994    i.h_in              ls_hal_ecc.o
    0x18039934   0x18039934   0x00000024   Code   RO         1609    i.hal_flash_erase_operation  ls_hal_flash_svcall.o
    0x18039958   0x18039958   0x00000030   Code   RO         1611    i.hal_flash_program_operation  ls_hal_flash_svcall.o
    0x18039988   0x18039988   0x0000007c   Code   RO         1431    i.hal_flash_quad_io_read  ls_hal_flash_qspi.o
    0x18039a04   0x18039a04   0x00000016   Code   RO         1176    i.hal_flash_quad_page_program  ls_hal_flash.o
    0x18039a1a   0x18039a1a   0x0000007e   Code   RO         1432    i.hal_flash_read_24bit_addr_8bit_dummy  ls_hal_flash_qspi.o
    0x18039a98   0x18039a98   0x0000001e   Code   RO         1613    i.hal_flash_read_operation  ls_hal_flash_svcall.o
    0x18039ab6   0x18039ab6   0x00000018   Code   RO         1178    i.hal_flash_read_security_area  ls_hal_flash.o
    0x18039ace   0x18039ace   0x00000030   Code   RO         1615    i.hal_flash_read_security_area_operation  ls_hal_flash_svcall.o
    0x18039afe   0x18039afe   0x00000016   Code   RO         1179    i.hal_flash_read_sfdp  ls_hal_flash.o
    0x18039b14   0x18039b14   0x0000000e   Code   RO         1180    i.hal_flash_sector_erase  ls_hal_flash.o
    0x18039b22   0x18039b22   0x0000002a   Code   RO         7935    i.idiv_acc          platform.o
    0x18039b4c   0x18039b4c   0x00000024   Code   RO         4567    i.if_dir_exist      tinyfs.o
    0x18039b70   0x18039b70   0x000000a8   Code   RO         4568    i.insert_check      tinyfs.o
    0x18039c18   0x18039c18   0x00000050   Code   RO          995    i.inversion         ls_hal_ecc.o
    0x18039c68   0x18039c68   0x00000054   Code   RO          996    i.inversion_calc    ls_hal_ecc.o
    0x18039cbc   0x18039cbc   0x00000020   Code   RO         6566    i.io_cfg_output     ls_soc_gpio.o
    0x18039cdc   0x18039cdc   0x0000001e   Code   RO         6568    i.io_clr_pin        ls_soc_gpio.o
    0x18039cfa   0x18039cfa   0x00000002   Code   RO         6571    i.io_exti_callback  ls_soc_gpio.o
    0x18039cfc   0x18039cfc   0x00000070   Code   RO         6574    i.io_init           ls_soc_gpio.o
    0x18039d6c   0x18039d6c   0x0000001c   Code   RO         6578    i.io_set_pin        ls_soc_gpio.o
    0x18039d88   0x18039d88   0x00000084   Code   RO         6580    i.io_wkup_en_clr_set  ls_soc_gpio.o
    0x18039e0c   0x18039e0c   0x0000001a   Code   RO         6581    i.io_write_pin      ls_soc_gpio.o
    0x18039e26   0x18039e26   0x0000000c   Code   RO         7936    i.irq_init          platform.o
    0x18039e32   0x18039e32   0x00000002   PAD
    0x18039e34   0x18039e34   0x00000078   Code   RO         7937    i.irq_priority      platform.o
    0x18039eac   0x18039eac   0x00000018   Code   RO         7938    i.irq_reinit        platform.o
    0x18039ec4   0x18039ec4   0x00000030   Code   RO         4354    i.linked_buf_alloc  linked_buffer.o
    0x18039ef4   0x18039ef4   0x0000005e   Code   RO         4356    i.linked_buf_contain_element  linked_buffer.o
    0x18039f52   0x18039f52   0x0000000c   Code   RO         4359    i.linked_buf_get_elem_by_idx  linked_buffer.o
    0x18039f5e   0x18039f5e   0x00000002   PAD
    0x18039f60   0x18039f60   0x00000088   Code   RO         4360    i.linked_buf_get_elem_idx  linked_buffer.o
    0x18039fe8   0x18039fe8   0x00000058   Code   RO         4361    i.linked_buf_get_ref_cnt_by_idx  linked_buffer.o
    0x1803a040   0x1803a040   0x00000034   Code   RO         4362    i.linked_buf_hdl_sanity_check  linked_buffer.o
    0x1803a074   0x1803a074   0x00000048   Code   RO         4363    i.linked_buf_init   linked_buffer.o
    0x1803a0bc   0x1803a0bc   0x000000d4   Code   RO         4365    i.linked_buf_release  linked_buffer.o
    0x1803a190   0x1803a190   0x0000006c   Code   RO         4064    i.log_hex_output    log.o
    0x1803a1fc   0x1803a1fc   0x00000030   Code   RO         4065    i.log_output        log.o
    0x1803a22c   0x1803a22c   0x00000038   Code   RO         7940    i.lpcycles_to_hus   platform.o
    0x1803a264   0x1803a264   0x0000004c   Code   RO         4129    i.ls_assert         ls_dbg.o
    0x1803a2b0   0x1803a2b0   0x00000024   Code   RO         4066    i.ls_log_init       log.o
    0x1803a2d4   0x1803a2d4   0x00000002   Code   RO         7941    i.lse_init          platform.o
    0x1803a2d6   0x1803a2d6   0x00000002   PAD
    0x1803a2d8   0x1803a2d8   0x00000070   Code   RO         7942    i.lsi_calib         platform.o
    0x1803a348   0x1803a348   0x0000000a   Code   RO         7943    i.lsi_counting_timer_callback  platform.o
    0x1803a352   0x1803a352   0x00000002   PAD
    0x1803a354   0x1803a354   0x00000018   Code   RO         7944    i.lsi_counting_timer_create  platform.o
    0x1803a36c   0x1803a36c   0x0000001c   Code   RO         7945    i.lsi_counting_timer_start  platform.o
    0x1803a388   0x1803a388   0x00000084   Code   RO         7946    i.lsi_freq_update_and_hs_to_lpcycles  platform.o
    0x1803a40c   0x1803a40c   0x00000010   Code   RO         7950    i.lvd33_irq_enable  platform.o
    0x1803a41c   0x1803a41c   0x00000054   Code   RO         7951    i.mac_init          platform.o
    0x1803a470   0x1803a470   0x00000018   Code   RO            4    i.main              main.o
    0x1803a488   0x1803a488   0x00000040   Code   RO         8655    i.main_task_app_init  stack_var.o
    0x1803a4c8   0x1803a4c8   0x0000006c   Code   RO        10173    i.malloc            mc_p.l(malloc.o)
    0x1803a534   0x1803a534   0x00000012   Code   RO         3879    i.memcpy32          common.o
    0x1803a546   0x1803a546   0x00000002   PAD
    0x1803a548   0x1803a548   0x00000018   Code   RO         7591    i.modem_reg_init    modem_rf_le501x.o
    0x1803a560   0x1803a560   0x0000003c   Code   RO         7592    i.modem_rf_init     modem_rf_le501x.o
    0x1803a59c   0x1803a59c   0x00000010   Code   RO         7593    i.modem_rf_reinit   modem_rf_le501x.o
    0x1803a5ac   0x1803a5ac   0x00000094   Code   RO         7953    i.module_init       platform.o
    0x1803a640   0x1803a640   0x00000040   Code   RO          997    i.mont2rslt         ls_hal_ecc.o
    0x1803a680   0x1803a680   0x00000020   Code   RO          998    i.mont_in           ls_hal_ecc.o
    0x1803a6a0   0x1803a6a0   0x00000020   Code   RO          999    i.mont_in_data      ls_hal_ecc.o
    0x1803a6c0   0x1803a6c0   0x00000020   Code   RO         1000    i.mont_out          ls_hal_ecc.o
    0x1803a6e0   0x1803a6e0   0x00000010   Code   RO         4569    i.node_alloc        tinyfs.o
    0x1803a6f0   0x1803a6f0   0x0000008c   Code   RO         4570    i.node_copy         tinyfs.o
    0x1803a77c   0x1803a77c   0x000000c0   Code   RO         4571    i.node_crc_check    tinyfs.o
    0x1803a83c   0x1803a83c   0x00000058   Code   RO         4572    i.node_data_read    tinyfs.o
    0x1803a894   0x1803a894   0x00000014   Code   RO         4575    i.node_free         tinyfs.o
    0x1803a8a8   0x1803a8a8   0x00000020   Code   RO         4576    i.node_idx          tinyfs.o
    0x1803a8c8   0x1803a8c8   0x00000024   Code   RO         4577    i.node_list_copy    tinyfs.o
    0x1803a8ec   0x1803a8ec   0x0000000a   Code   RO         4578    i.node_list_init    tinyfs.o
    0x1803a8f6   0x1803a8f6   0x00000002   PAD
    0x1803a8f8   0x1803a8f8   0x0000003c   Code   RO         4579    i.node_list_search  tinyfs.o
    0x1803a934   0x1803a934   0x0000002e   Code   RO         4580    i.node_metadata_read  tinyfs.o
    0x1803a962   0x1803a962   0x00000038   Code   RO         4581    i.node_parent_fix   tinyfs.o
    0x1803a99a   0x1803a99a   0x00000002   PAD
    0x1803a99c   0x1803a99c   0x00000020   Code   RO         4582    i.node_ptr          tinyfs.o
    0x1803a9bc   0x1803a9bc   0x00000040   Code   RO         4583    i.node_search       tinyfs.o
    0x1803a9fc   0x1803a9fc   0x00000044   Code   RO         4584    i.node_sibling_fix  tinyfs.o
    0x1803aa40   0x1803aa40   0x00000014   Code   RO         4585    i.node_total_length  tinyfs.o
    0x1803aa54   0x1803aa54   0x000001b8   Code   RO         4586    i.node_write        tinyfs.o
    0x1803ac0c   0x1803ac0c   0x000000f8   Code   RO         4587    i.nodes_info_load   tinyfs.o
    0x1803ad04   0x1803ad04   0x0000008c   Code   RO         4588    i.nvm_page_empty    tinyfs.o
    0x1803ad90   0x1803ad90   0x00000074   Code   RO         4589    i.nvm_read_node     tinyfs.o
    0x1803ae04   0x1803ae04   0x00000074   Code   RO         1001    i.orig2mont         ls_hal_ecc.o
    0x1803ae78   0x1803ae78   0x00000018   Code   RO         1002    i.p_in              ls_hal_ecc.o
    0x1803ae90   0x1803ae90   0x00000030   Code   RO         7954    i.platform_reset    platform.o
    0x1803aec0   0x1803aec0   0x00000054   Code   RO         7594    i.pll_cal_testreg_deinit  modem_rf_le501x.o
    0x1803af14   0x1803af14   0x00000060   Code   RO         7595    i.pll_cal_testreg_init  modem_rf_le501x.o
    0x1803af74   0x1803af74   0x00000070   Code   RO         4590    i.print_indent      tinyfs.o
    0x1803afe4   0x1803afe4   0x00000008   Code   RO         9884    i.putc              mc_p.l(putc.o)
    0x1803afec   0x1803afec   0x00000030   Code   RO         3882    i.rand_gen_by_word  common.o
    0x1803b01c   0x1803b01c   0x0000005c   Code   RO         7956    i.rco_freq_counting_init  platform.o
    0x1803b078   0x1803b078   0x000000e4   Code   RO         7957    i.rco_freq_counting_start  platform.o
    0x1803b15c   0x1803b15c   0x000000dc   Code   RO         4591    i.record_add_parse  tinyfs.o
    0x1803b238   0x1803b238   0x00000048   Code   RO         4592    i.record_add_write  tinyfs.o
    0x1803b280   0x1803b280   0x00000034   Code   RO         4593    i.record_compare    tinyfs.o
    0x1803b2b4   0x1803b2b4   0x00000074   Code   RO         4594    i.record_data_copy  tinyfs.o
    0x1803b328   0x1803b328   0x0000003c   Code   RO         4595    i.record_data_write  tinyfs.o
    0x1803b364   0x1803b364   0x00000090   Code   RO         4596    i.record_remove_parse  tinyfs.o
    0x1803b3f4   0x1803b3f4   0x00000054   Code   RO         4598    i.record_write      tinyfs.o
    0x1803b448   0x1803b448   0x00000024   Code   RO         1003    i.result2buffer     ls_hal_ecc.o
    0x1803b46c   0x1803b46c   0x000000c0   Code   RO         7597    i.rf_reg_config     modem_rf_le501x.o
    0x1803b52c   0x1803b52c   0x00000194   Code   RO         7598    i.rf_reg_init       modem_rf_le501x.o
    0x1803b6c0   0x1803b6c0   0x00000040   Code   RO         7599    i.rf_reg_retention  modem_rf_le501x.o
    0x1803b700   0x1803b700   0x0000001c   Code   RO         4599    i.root_dir_init     tinyfs.o
    0x1803b71c   0x1803b71c   0x00000002   Code   RO         2310    i.rtc_wkup_callback  ls_hal_rtc.o
    0x1803b71e   0x1803b71e   0x00000002   PAD
    0x1803b720   0x1803b720   0x00000018   Code   RO         4600    i.section_copy      tinyfs.o
    0x1803b738   0x1803b738   0x00000028   Code   RO         4601    i.section_garbage_collection  tinyfs.o
    0x1803b760   0x1803b760   0x0000003c   Code   RO         4602    i.section_head_read  tinyfs.o
    0x1803b79c   0x1803b79c   0x0000005c   Code   RO         4603    i.section_head_read_all  tinyfs.o
    0x1803b7f8   0x1803b7f8   0x00000038   Code   RO         4604    i.section_head_write  tinyfs.o
    0x1803b830   0x1803b830   0x00000034   Code   RO         4605    i.section_offset_calc  tinyfs.o
    0x1803b864   0x1803b864   0x00000034   Code   RO         4606    i.sibling_sort      tinyfs.o
    0x1803b898   0x1803b898   0x00000040   Code   RO         4607    i.sorted_list_insert  tinyfs.o
    0x1803b8d8   0x1803b8d8   0x0000005c   Code   RO         4130    i.stack_assert_c    ls_dbg.o
    0x1803b934   0x1803b934   0x0000002c   Code   RO         7959    i.stack_data_bss_init  platform.o
    0x1803b960   0x1803b960   0x000000fc   Code   RO         8658    i.stack_var_ptr_init  stack_var.o
    0x1803ba5c   0x1803ba5c   0x00000012   Code   RO         4292    i.sw_fifo_empty     fifo.o
    0x1803ba6e   0x1803ba6e   0x00000020   Code   RO         4294    i.sw_fifo_full      fifo.o
    0x1803ba8e   0x1803ba8e   0x00000014   Code   RO         7961    i.sys_init_app      platform.o
    0x1803baa2   0x1803baa2   0x00000002   PAD
    0x1803baa4   0x1803baa4   0x00000024   Code   RO         9085    i.systick_start     systick.o
    0x1803bac8   0x1803bac8   0x000000f8   Code   RO         4617    i.tinyfs_init       tinyfs.o
    0x1803bbc0   0x1803bbc0   0x00000088   Code   RO         4618    i.tinyfs_list_del   tinyfs.o
    0x1803bc48   0x1803bc48   0x00000028   Code   RO         4619    i.tinyfs_list_init  tinyfs.o
    0x1803bc70   0x1803bc70   0x00000044   Code   RO         4620    i.tinyfs_list_push  tinyfs.o
    0x1803bcb4   0x1803bcb4   0x00000002   Code   RO         4622    i.tinyfs_mutex_create  tinyfs.o
    0x1803bcb6   0x1803bcb6   0x00000002   Code   RO         4623    i.tinyfs_mutex_lock  tinyfs.o
    0x1803bcb8   0x1803bcb8   0x00000002   Code   RO         4624    i.tinyfs_mutex_unlock  tinyfs.o
    0x1803bcba   0x1803bcba   0x00000002   PAD
    0x1803bcbc   0x1803bcbc   0x0000007c   Code   RO         5077    i.tinyfs_nvm_program  tinyfs_write_cache.o
    0x1803bd38   0x1803bd38   0x00000078   Code   RO         5078    i.tinyfs_nvm_read_with_cache  tinyfs_write_cache.o
    0x1803bdb0   0x1803bdb0   0x0000004c   Code   RO         5079    i.tinyfs_nvm_write_through  tinyfs_write_cache.o
    0x1803bdfc   0x1803bdfc   0x0000006c   Code   RO         4625    i.tinyfs_print_dir_tree  tinyfs.o
    0x1803be68   0x1803be68   0x00000064   Code   RO         4626    i.tinyfs_read       tinyfs.o
    0x1803becc   0x1803becc   0x00000034   Code   RO         4629    i.tinyfs_section_erase  tinyfs.o
    0x1803bf00   0x1803bf00   0x00000098   Code   RO         4630    i.tinyfs_write      tinyfs.o
    0x1803bf98   0x1803bf98   0x00000050   Code   RO         4631    i.tinyfs_write_through  tinyfs.o
    0x1803bfe8   0x1803bfe8   0x00000110   Code   RO         4632    i.traverse_tree     tinyfs.o
    0x1803c0f8   0x1803c0f8   0x0000000c   Code   RO         8898    i.trng_status_set   sys_stat.o
    0x1803c104   0x1803c104   0x0000016c   Code   RO         7609    i.tx_pwr_config     modem_rf_le501x.o
    0x1803c270   0x1803c270   0x0000001c   Code   RO         7965    i.us_to_lpcycles    platform.o
    0x1803c28c   0x1803c28c   0x00000020   Code   RO         4633    i.valid_data_in_section  tinyfs.o
    0x1803c2ac   0x1803c2ac   0x00000018   Code   RO         7966    i.var_init          platform.o
    0x1803c2c4   0x1803c2c4   0x00000018   Code   RO         1004    i.zacau_calc        ls_hal_ecc.o
    0x1803c2dc   0x1803c2dc   0x000000ac   Code   RO         1005    i.zacau_loop        ls_hal_ecc.o
    0x1803c388   0x1803c388   0x00000020   Code   RO         1006    i.zaddc_calc        ls_hal_ecc.o
    0x1803c3a8   0x1803c3a8   0x00000050   Code   RO         1007    i.zaddu             ls_hal_ecc.o
    0x1803c3f8   0x1803c3f8   0x0000001c   Code   RO         1008    i.zaddu_calc        ls_hal_ecc.o
    0x1803c414   0x1803c414   0x0000012c   Data   RO         1010    .constdata          ls_hal_ecc.o
    0x1803c540   0x1803c540   0x00000200   Data   RO         4042    .constdata          crc16.o
    0x1803c740   0x1803c740   0x00000011   Data   RO         4069    .constdata          log.o
    0x1803c751   0x1803c751   0x00000003   PAD
    0x1803c754   0x1803c754   0x00000014   Data   RO         4635    .constdata          tinyfs.o
    0x1803c768   0x1803c768   0x0000000c   Data   RO         5065    .constdata          tinyfs_nvm.o
    0x1803c774   0x1803c774   0x00000020   Data   RO         9047    .constdata          svcall.o
    0x1803c794   0x1803c794   0x00000040   Data   RO        10274    .constdata          mc_p.l(ctype_c.o)
    0x1803c7d4   0x1803c7d4   0x00000003   Data   RO         9779    .rodata.CSWTCH.24   libfw.o
    0x1803c7d7   0x1803c7d7   0x00000004   Data   RO         9790    .rodata.CSWTCH.46   libfw.o
    0x1803c7db   0x1803c7db   0x00000003   Data   RO         9791    .rodata.CSWTCH.58   libfw.o
    0x1803c7de   0x1803c7de   0x00000004   Data   RO         9792    .rodata.CSWTCH.62   libfw.o
    0x1803c7e2   0x1803c7e2   0x00000002   PAD
    0x1803c7e4   0x1803c7e4   0x0000000c   Data   RO         9771    .rodata.TASK_DESC_APP  libfw.o
    0x1803c7f0   0x1803c7f0   0x0000002a   Data   RO         9770    .rodata.app_msg_handler.str1.1  libfw.o
    0x1803c81a   0x1803c81a   0x00000002   PAD
    0x1803c81c   0x1803c81c   0x00000008   Data   RO         9772    .rodata.app_msg_handler_tab  libfw.o
    0x1803c824   0x1803c824   0x00000035   Data   RO         9783    .rodata.ble_storage_alloc_peer_id.str1.1  libfw.o
    0x1803c859   0x1803c859   0x00000002   Data   RO         9788    .rodata.dev_manager_gapm_activity_stopped_ind_handler.str1.1  libfw.o
    0x1803c85b   0x1803c85b   0x0000001b   Data   RO         9787    .rodata.dev_manager_gapm_reset_cmp.str1.1  libfw.o
    0x1803c876   0x1803c876   0x00000078   Data   RO         9776    .rodata.gap_manager_gapc_bond_ind_handler.str1.1  libfw.o
    0x1803c8ee   0x1803c8ee   0x00000018   Data   RO         9778    .rodata.gap_manager_gapc_bond_req_ind_handler.str1.1  libfw.o
    0x1803c906   0x1803c906   0x00000001   Data   RO         9773    .rodata.gap_manager_gapc_cmp_evt_handler.cst1  libfw.o
    0x1803c907   0x1803c907   0x0000000e   Data   RO         9777    .rodata.gap_manager_gapc_get_dev_info_req_ind_handler.str1.1  libfw.o
    0x1803c915   0x1803c915   0x00000019   Data   RO         9774    .rodata.gap_manager_master_encrypt.str1.1  libfw.o
    0x1803c92e   0x1803c92e   0x00000020   Data   RO         9785    .rodata.gapm_activity_start_cmd_send.str1.1  libfw.o
    0x1803c94e   0x1803c94e   0x0000001e   Data   RO         9781    .rodata.gatt_manager_gattc_event_ind_handler.str1.1  libfw.o
    0x1803c96c   0x1803c96c   0x0000003a   Data   RO         9780    .rodata.gatt_manager_gattc_event_req_ind_handler.str1.1  libfw.o
    0x1803c9a6   0x1803c9a6   0x0000001d   Data   RO         9769    .rodata.nvds_get.str1.1  libfw.o
    0x1803c9c3   0x1803c9c3   0x00000001   PAD
    0x1803c9c4   0x1803c9c4   0x00000040   Data   RO        10278    Region$$Table       anon$$obj.o


==============================================================================

Image component sizes


      Code (inc. data)   RO Data    RW Data    ZI Data      Debug   Object Name

       264         10          0         20          0       2042   bsp_led.o
         0          0          0          0         26       1190   bsp_timer.o
        64          6          0          0          0        716   calc_acc.o
        64          4          0          0          0        611   calc_div.o
       260          6          0          0          0       2263   common.o
        24          0          0          0          0       2286   cpu.o
        64          6        512          0          0       1744   crc16.o
         8          0          0          0          0        388   delay_asm.o
       214          0          0          0          0       3629   fifo.o
      6746       1106        491          0        221          0   libfw.o
       714        248          0          0          0       7850   linked_buffer.o
       210         30         17          0          0       3362   log.o
       176         92          0          0          0       1669   ls_dbg.o
         0          0          0          0          0       2188   ls_hal_adc.o
      1322        192        300         14         96      13253   ls_hal_ecc.o
       522         54          0         12          0      14467   ls_hal_flash.o
      1088         16          0          0          0      12826   ls_hal_flash_qspi.o
       168          0          0          0          0       6118   ls_hal_flash_svcall.o
        66          4          0          0          0       3044   ls_hal_pis.o
      1098         64          0          0          0       8113   ls_hal_qspi.o
         2          0          0          0          0        408   ls_hal_rtc.o
         0          0          0          0          0        879   ls_hal_spi_i2s.o
       128         16          0          0          0       2785   ls_hal_trng.o
         0          0          0          0          0       8212   ls_msp_adc.o
         0          0          0          0          0       7752   ls_msp_crypt.o
       164         28          0          0          0       3189   ls_msp_ecc.o
        32          6          0          0          0        535   ls_msp_pis.o
       180         28          0          0          0       2370   ls_msp_trng.o
       614         92          0          0          0      25129   ls_soc_gpio.o
        24          4          0          0          0       9071   main.o
      1424        226          0          7          0       8323   modem_rf_le501x.o
      2166        354          0         48         68      32679   platform.o
       220         44          0          0       1208       5549   segger_rtt.o
       738         80          0          7          0      20944   sleep.o
        42          0          0          0          0        436   sleep_asm.o
        10          0          0          0          0        396   stack_asm.o
       320        150          0        108      19880       5534   stack_var.o
        20         10        192          0       6144        760   startup.o
        36          4         32          0          0       1175   svcall.o
        28          6          0          0          0        388   svcall_asm.o
        36         18          0          0         18       2243   sys_stat.o
       122         24          0          4          0       2337   systick.o
      6156       1090         20          4        360      46912   tinyfs.o
         0          0         12          0          0        691   tinyfs_nvm.o
       320         22          0          0        264       2649   tinyfs_write_cache.o

    ----------------------------------------------------------------------
     26064       4088       1648        228      28312     279105   Object Totals
       144         48         64          0          8          0   (incl. Generated)
        66          0          8          4         19          0   (incl. Padding)

    ----------------------------------------------------------------------

      Code (inc. data)   RO Data    RW Data    ZI Data      Debug   Library Member Name

        30          0          0          0          0         60   _chval.o
       828         14          0          0          0         84   _scanf.o
       330          0          0          0          0         84   _scanf_int.o
       330          0          0          0          0         84   _scanf_longlong.o
       232          0          0          0          0         84   _scanf_str.o
        68          0          0          0          0         76   _sgetc.o
        36          4         64          0          0         60   ctype_c.o
         0          0          0          0          0          0   entry.o
         0          0          0          0          0          0   entry10a.o
         0          0          0          0          0          0   entry11a.o
         4          0          0          0          0          0   entry12b.o
         8          4          0          0          0          0   entry2.o
         4          0          0          0          0          0   entry5.o
         0          0          0          0          0          0   entry7b.o
         0          0          0          0          0          0   entry8b.o
         8          4          0          0          0          0   entry9a.o
        30          0          0          0          0          0   handlers.o
        36          8          0          0          0         68   init.o
        14          0          0          0          0         68   isspace_c.o
         0          0          0          0          0          0   iusefp.o
       122          0          0          0          0         84   llmul.o
        32          0          0          0          0         68   llshl.o
        38          0          0          0          0         68   llsshr.o
        34          0          0          0          0         68   llushr.o
       192         20          0          0          0        144   malloc.o
        36          0          0          0          0         60   memcpya.o
        36          0          0          0          0        100   memseta.o
         0          0          0          8          0          0   mvars.o
      2326        110          0          0          0        624   printfa.o
         8          0          0          0          0         68   putc.o
        36         12          0          4          0        120   rand.o
        44          8          0          0          0         84   scanf_char.o
       898         12          0          0          0        184   scanf_fp.o
        60         10          0          0          0         84   sscanf.o
         0          0          0          4          0          0   stdout.o
        18          0          0          0          0         60   strcpy.o
        96          0          0          0          0         84   uldiv.o
        40          2          0          0          0         68   cdrcmple.o
        56          0          0          0          0         68   d2f.o
       360          6          0          0          0        140   dadd.o
       240          6          0          0          0         84   ddiv.o
       236          0          0          0          0        216   depilogue.o
        64         10          0          0          0         68   dfixul.o
        28          6          0          0          0         68   dfltul.o
       208          6          0          0          0         88   dmul.o
       130          0          0          0          0        144   fepilogue.o

    ----------------------------------------------------------------------
      7312        242         64         16          0       3512   Library Totals
        16          0          0          0          0          0   (incl. Padding)

    ----------------------------------------------------------------------

      Code (inc. data)   RO Data    RW Data    ZI Data      Debug   Library Name

      5934        206         64         16          0       2568   mc_p.l
      1362         36          0          0          0        944   mf_p.l

    ----------------------------------------------------------------------
      7312        242         64         16          0       3512   Library Totals

    ----------------------------------------------------------------------

==============================================================================


      Code (inc. data)   RO Data    RW Data    ZI Data      Debug   

     33376       4330       1712        244      28312     267893   Grand Totals
     33376       4330       1712        244      28312     267893   ELF Image Totals
     33376       4330       1712        244          0          0   ROM Totals

==============================================================================

    Total RO  Size (Code + RO Data)                35088 (  34.27kB)
    Total RW  Size (RW Data + ZI Data)             28556 (  27.89kB)
    Total ROM Size (Code + RO Data + RW Data)      35332 (  34.50kB)

==============================================================================

